=== [Causal Discovery] Fold 4 (4/5) ===
Step: load extraction data
Loading extraction data from: outputs/experiments/electrical_circuit_sample_50_shallow_mlp_align_observable_state/4/alignment_results.csv
Step: prepare ground-truth data
Running sample_50__baseline_50
Saved metadata to outputs/experiments/electrical_circuit_sample_50_shallow_mlp_align_observable_state/4/metadata.json
CI(0, 1 | ()) p=0.3147 -> indep=True
CI(0, 2 | ()) p=0.7826 -> indep=True
CI(1, 2 | ()) p=0.3996 -> indep=True
CI(0, 3 | ()) p=0 -> indep=False
CI(1, 3 | ()) p=3.1e-07 -> indep=False
CI(2, 3 | ()) p=0.6233 -> indep=True
CI(0, 4 | ()) p=0 -> indep=False
CI(1, 4 | ()) p=2.29e-07 -> indep=False
CI(2, 4 | ()) p=0.6388 -> indep=True
CI(3, 4 | ()) p=0 -> indep=False
CI(0, 5 | ()) p=6.217e-15 -> indep=False
CI(1, 5 | ()) p=1.016e-06 -> indep=False
CI(2, 5 | ()) p=0.01809 -> indep=True
CI(3, 5 | ()) p=0 -> indep=False
CI(4, 5 | ()) p=0 -> indep=False
CI(0, 3 | (1,)) p=1.264e-06 -> indep=False
CI(1, 3 | (0,)) p=2.49e-05 -> indep=False
CI(0, 4 | (1,)) p=1.051e-06 -> indep=False
CI(0, 4 | (3,)) p=0.007115 -> indep=False
CI(1, 4 | (0,)) p=2.635e-05 -> indep=False
CI(1, 4 | (3,)) p=0.0286 -> indep=True
CI(3, 4 | (0,)) p=0.0007498 -> indep=False
CI(0, 5 | (1,)) p=1.678e-06 -> indep=False
CI(0, 5 | (3,)) p=0.2075 -> indep=True
CI(1, 5 | (3,)) p=0.268 -> indep=True
CI(3, 5 | (4,)) p=0.1104 -> indep=True
Saved adjacency matrix to outputs/experiments/electrical_circuit_sample_50_shallow_mlp_align_observable_state/4/learned_graph_adj.npy
CI(0, 1 | ()) p=0.05709 -> indep=True
CI(0, 2 | ()) p=0.4888 -> indep=True
CI(1, 2 | ()) p=0.3368 -> indep=True
CI(0, 3 | ()) p=2.22e-16 -> indep=False
CI(1, 3 | ()) p=1.283e-05 -> indep=False
CI(2, 3 | ()) p=0.4063 -> indep=True
CI(0, 4 | ()) p=1.632e-12 -> indep=False
CI(1, 4 | ()) p=2.919e-05 -> indep=False
CI(2, 4 | ()) p=0.2066 -> indep=True
CI(3, 4 | ()) p=0 -> indep=False
CI(0, 5 | ()) p=1.581e-11 -> indep=False
CI(1, 5 | ()) p=1.097e-05 -> indep=False
CI(2, 5 | ()) p=0.01127 -> indep=True
CI(3, 5 | ()) p=0 -> indep=False
CI(4, 5 | ()) p=0 -> indep=False
CI(0, 3 | (1,)) p=1.319e-08 -> indep=False
CI(1, 3 | (0,)) p=5.421e-05 -> indep=False
CI(0, 4 | (1,)) p=9.157e-08 -> indep=False
CI(0, 4 | (3,)) p=0.2835 -> indep=True
CI(1, 4 | (3,)) p=0.7532 -> indep=True
CI(0, 5 | (1,)) p=4.536e-07 -> indep=False
CI(0, 5 | (3,)) p=0.2848 -> indep=True
CI(1, 5 | (3,)) p=0.6093 -> indep=True
CI(3, 5 | (4,)) p=0.2671 -> indep=True
Saved metrics to outputs/experiments/electrical_circuit_sample_50_shallow_mlp_align_observable_state/4/performance_metrics.json
Saved baseline metrics to outputs/experiments/electrical_circuit_sample_50_shallow_mlp_align_observable_state/4/baseline_performance_metrics.json
Saved PAG-vs-PAG metrics to outputs/experiments/electrical_circuit_sample_50_shallow_mlp_align_observable_state/4/pag_vs_pag_metrics.json
Found 4 differences:
  1. Wrong orientation: 0 --- 3 (DAG: directed_ij, PAG: bidirected)
  2. Extra: 0 --- 4 (PAG: bidirected)
  3. Missing: 2 --- 5 (DAG: directed_ij)
  4. Wrong orientation: 4 --- 5 (DAG: directed_ij, PAG: bidirected)
Found 1 partial orientation differences:
  1. Partial orientation: 1 --- 3 (DAG: directed_ij, PAG: partial_ij)
Saved edge comparison details to outputs/experiments/electrical_circuit_sample_50_shallow_mlp_align_observable_state/4/edge_comparison.txt
Found 1 differences:
  1. Missing: 2 --- 5 (DAG: directed_ij)
Found 2 partial orientation differences:
  1. Partial orientation: 0 --- 3 (DAG: directed_ij, PAG: partial_ij)
  2. Partial orientation: 1 --- 3 (DAG: directed_ij, PAG: partial_ij)
Saved baseline edge comparison details to outputs/experiments/electrical_circuit_sample_50_shallow_mlp_align_observable_state/4/edge_comparison_baseline.txt
Found 2 differences:
  1. Extra: 0 --- 4 (PAG: bidirected)
  2. Wrong orientation: 4 --- 5 (Reference PAG: directed_ij, PAG: bidirected)
Found 1 partial orientation differences:
  1. Partial orientation: 0 --- 3 (Reference PAG: partial_ij, PAG: bidirected)
Saved PAG-vs-PAG edge comparison details to outputs/experiments/electrical_circuit_sample_50_shallow_mlp_align_observable_state/4/edge_comparison_pag_vs_pag.txt
Saved figure to outputs/experiments/electrical_circuit_sample_50_shallow_mlp_align_observable_state/4/pag_vs_dag.png
Saved baseline figure to outputs/experiments/electrical_circuit_sample_50_shallow_mlp_align_observable_state/4/baseline_pag_vs_dag.png
Saved combined DAG comparison to outputs/experiments/electrical_circuit_sample_50_shallow_mlp_align_observable_state/4/pags_vs_dag.png
Saved PAG-vs-PAG figure to outputs/experiments/electrical_circuit_sample_50_shallow_mlp_align_observable_state/4/pag_vs_pag.png
Saved adjacency matrix to outputs/experiments/electrical_circuit_sample_50_shallow_mlp_align_observable_state/4/learned_graph_adj.npy
Saved baseline adjacency matrix to outputs/experiments/electrical_circuit_sample_50_shallow_mlp_align_observable_state/4/baseline_graph_adj.npy
