=== [Causal Discovery] Fold 4 (4/5) ===
Step: load extraction data
Loading extraction data from: outputs/experiments/layered_sparse_linear_sem_nodes_10_shallow_mlp_align_observable_state/4/alignment_results.csv
Step: prepare ground-truth data
Running sample_150__baseline_150
Saved metadata to outputs/experiments/layered_sparse_linear_sem_nodes_10_shallow_mlp_align_observable_state/4/metadata.json
Test:  CI( 0 , 1 | () ) = 0.34930512571895544
Test:  CI( 0 , 2 | () ) = 0.06398414499168803
Test:  CI( 1 , 2 | () ) = 0.9597041934583259
Test:  CI( 0 , 3 | () ) = 0.9093393847963518
Test:  CI( 1 , 3 | () ) = 0.9886415936357962
Test:  CI( 2 , 3 | () ) = 0.7801250904027301
Test:  CI( 0 , 4 | () ) = 0.0
Test:  CI( 1 , 4 | () ) = 0.0002111318670638962
Test:  CI( 2 , 4 | () ) = 0.07980728864199382
Test:  CI( 3 , 4 | () ) = 0.5966768898524668
Test:  CI( 0 , 5 | () ) = 3.4636737922255634e-12
Test:  CI( 1 , 5 | () ) = 4.440892098500626e-16
Test:  CI( 2 , 5 | () ) = 0.14383541359926832
Test:  CI( 3 , 5 | () ) = 0.809159944245375
Test:  CI( 4 , 5 | () ) = 0.0
Test:  CI( 0 , 6 | () ) = 7.714973682126924e-08
Test:  CI( 1 , 6 | () ) = 3.007105675578714e-11
Test:  CI( 2 , 6 | () ) = 0.005152179049660477
Test:  CI( 3 , 6 | () ) = 2.7065851411212094e-06
Test:  CI( 4 , 6 | () ) = 0.0
Test:  CI( 5 , 6 | () ) = 0.0
Test:  CI( 0 , 7 | () ) = 0.0
Test:  CI( 1 , 7 | () ) = 0.052770653995942274
Test:  CI( 2 , 7 | () ) = 0.05799680012798114
Test:  CI( 3 , 7 | () ) = 0.796799033011037
Test:  CI( 4 , 7 | () ) = 0.0
Test:  CI( 5 , 7 | () ) = 0.0
Test:  CI( 6 , 7 | () ) = 2.220446049250313e-16
Test:  CI( 0 , 8 | () ) = 2.211564265053312e-12
Test:  CI( 1 , 8 | () ) = 5.264011448957717e-12
Test:  CI( 2 , 8 | () ) = 2.592712711191325e-10
Test:  CI( 3 , 8 | () ) = 0.753323866650428
Test:  CI( 4 , 8 | () ) = 0.0
Test:  CI( 5 , 8 | () ) = 0.0
Test:  CI( 6 , 8 | () ) = 0.0
Test:  CI( 7 , 8 | () ) = 0.0
Test:  CI( 0 , 9 | () ) = 9.820502906432438e-06
Test:  CI( 1 , 9 | () ) = 6.701726551483489e-08
Test:  CI( 2 , 9 | () ) = 0.017155800072685023
Test:  CI( 3 , 9 | () ) = 0.0
Test:  CI( 4 , 9 | () ) = 6.000533403494046e-12
Test:  CI( 5 , 9 | () ) = 0.0
Test:  CI( 6 , 9 | () ) = 0.0
Test:  CI( 7 , 9 | () ) = 1.3100076579064535e-10
Test:  CI( 8 , 9 | () ) = 1.1302070390684094e-13
Test:  CI( 0 , 4 | (1,) ) = 0.0
Test:  CI( 1 , 4 | (0,) ) = 1.4144241333724494e-13
Test:  CI( 0 , 5 | (1,) ) = 0.0
Test:  CI( 0 , 5 | (4,) ) = 0.0004407605225376088
Test:  CI( 1 , 5 | (0,) ) = 0.0
Test:  CI( 1 , 5 | (4,) ) = 0.0
Test:  CI( 4 , 5 | (0,) ) = 0.0
Test:  CI( 4 , 5 | (1,) ) = 0.0
Test:  CI( 0 , 6 | (1,) ) = 1.5487611193520934e-12
Test:  CI( 0 , 6 | (2,) ) = 8.555187669401221e-10
Test:  CI( 0 , 6 | (3,) ) = 7.999316098405984e-09
Test:  CI( 0 , 6 | (4,) ) = 0.11970238589453519
Test:  CI( 1 , 6 | (2,) ) = 8.825828956560144e-12
Test:  CI( 1 , 6 | (3,) ) = 4.4564352208453784e-13
Test:  CI( 1 , 6 | (4,) ) = 5.641418332480441e-08
Test:  CI( 1 , 6 | (5,) ) = 0.7085608481504622
Test:  CI( 2 , 6 | (3,) ) = 0.001770928768179303
Test:  CI( 2 , 6 | (4,) ) = 9.185720539761633e-08
Test:  CI( 2 , 6 | (5,) ) = 4.440892098500626e-16
Test:  CI( 3 , 6 | (2,) ) = 1.0002306194412114e-06
Test:  CI( 3 , 6 | (4,) ) = 7.142508806623482e-12
Test:  CI( 3 , 6 | (5,) ) = 0.0
Test:  CI( 4 , 6 | (2,) ) = 0.0
Test:  CI( 4 , 6 | (3,) ) = 0.0
Test:  CI( 4 , 6 | (5,) ) = 0.0767550918085087
Test:  CI( 5 , 6 | (2,) ) = 0.0
Test:  CI( 5 , 6 | (3,) ) = 0.0
Test:  CI( 0 , 7 | (4,) ) = 0.0
Test:  CI( 0 , 7 | (5,) ) = 0.0
Test:  CI( 0 , 7 | (6,) ) = 0.0
Test:  CI( 4 , 7 | (0,) ) = 0.0
Test:  CI( 4 , 7 | (5,) ) = 0.0
Test:  CI( 4 , 7 | (6,) ) = 0.0
Test:  CI( 5 , 7 | (0,) ) = 0.0
Test:  CI( 5 , 7 | (4,) ) = 0.00913008225855072
Test:  CI( 5 , 7 | (6,) ) = 6.661338147750939e-16
Test:  CI( 6 , 7 | (0,) ) = 1.4876988529977098e-14
Test:  CI( 6 , 7 | (4,) ) = 0.3409204414620728
Test:  CI( 0 , 8 | (1,) ) = 0.0
Test:  CI( 0 , 8 | (2,) ) = 4.258149388647325e-12
Test:  CI( 0 , 8 | (4,) ) = 0.030899005514533284
Test:  CI( 1 , 8 | (2,) ) = 4.440892098500626e-16
Test:  CI( 1 , 8 | (4,) ) = 4.0801872991380606e-10
Test:  CI( 1 , 8 | (5,) ) = 0.2508711441629088
Test:  CI( 2 , 8 | (4,) ) = 2.220446049250313e-16
Test:  CI( 2 , 8 | (5,) ) = 0.0
Test:  CI( 2 , 8 | (6,) ) = 0.0
Test:  CI( 2 , 8 | (7,) ) = 2.7267077484793845e-13
Test:  CI( 4 , 8 | (2,) ) = 0.0
Test:  CI( 4 , 8 | (5,) ) = 0.23910032683754245
Test:  CI( 5 , 8 | (2,) ) = 0.0
Test:  CI( 5 , 8 | (6,) ) = 0.0
Test:  CI( 5 , 8 | (7,) ) = 0.0
Test:  CI( 6 , 8 | (2,) ) = 0.0
Test:  CI( 6 , 8 | (5,) ) = 1.0880185641326534e-14
Test:  CI( 6 , 8 | (7,) ) = 3.980763050304148e-07
Test:  CI( 7 , 8 | (2,) ) = 0.0
Test:  CI( 7 , 8 | (5,) ) = 0.144908804586805
Test:  CI( 0 , 9 | (1,) ) = 5.7226413385791375e-08
Test:  CI( 0 , 9 | (3,) ) = 1.1234913666058333e-08
Test:  CI( 0 , 9 | (4,) ) = 0.3887611319039408
Test:  CI( 1 , 9 | (3,) ) = 5.373479439185758e-13
Test:  CI( 1 , 9 | (4,) ) = 4.78326267696616e-05
Test:  CI( 1 , 9 | (5,) ) = 0.8456456788374482
Test:  CI( 3 , 9 | (4,) ) = 0.0
Test:  CI( 3 , 9 | (5,) ) = 0.0
Test:  CI( 3 , 9 | (6,) ) = 0.0
Test:  CI( 3 , 9 | (7,) ) = 0.0
Test:  CI( 3 , 9 | (8,) ) = 0.0
Test:  CI( 4 , 9 | (3,) ) = 0.0
Test:  CI( 4 , 9 | (5,) ) = 0.07255120896028555
Test:  CI( 5 , 9 | (8,) ) = 0.0
Test:  CI( 5 , 9 | (3,) ) = 0.0
Test:  CI( 5 , 9 | (6,) ) = 8.459899447643693e-14
Test:  CI( 5 , 9 | (7,) ) = 1.7763568394002505e-15
Test:  CI( 6 , 9 | (8,) ) = 0.0
Test:  CI( 6 , 9 | (3,) ) = 0.0
Test:  CI( 6 , 9 | (5,) ) = 0.0
Test:  CI( 6 , 9 | (7,) ) = 0.0
Test:  CI( 7 , 9 | (8,) ) = 0.062465103116626786
Test:  CI( 8 , 9 | (3,) ) = 0.0
Test:  CI( 8 , 9 | (5,) ) = 1.5969189191000766e-06
Test:  CI( 8 , 9 | (6,) ) = 4.8852752029260316e-05
Test:  CI( 0 , 5 | (1, 4) ) = 0.6984097699026612
Test:  CI( 1 , 5 | (0, 4) ) = 4.440892098500626e-16
Test:  CI( 4 , 5 | (0, 1) ) = 0.0
Test:  CI( 5 , 6 | (2, 3) ) = 0.0
Test:  CI( 5 , 7 | (0, 4) ) = 2.8547568309278404e-08
Test:  CI( 5 , 7 | (1, 4) ) = 0.17224510473401988
Saved adjacency matrix to outputs/experiments/layered_sparse_linear_sem_nodes_10_shallow_mlp_align_observable_state/4/learned_graph_adj.npy
Test:  CI( 0 , 1 | () ) = 0.6147143437317251
Test:  CI( 0 , 2 | () ) = 0.9362742826176254
Test:  CI( 1 , 2 | () ) = 0.24380831030801575
Test:  CI( 0 , 3 | () ) = 0.04994105864330245
Test:  CI( 1 , 3 | () ) = 0.1599838263382971
Test:  CI( 2 , 3 | () ) = 0.549918623765763
Test:  CI( 0 , 4 | () ) = 0.0
Test:  CI( 1 , 4 | () ) = 0.0006777624356872902
Test:  CI( 2 , 4 | () ) = 0.8350273165861963
Test:  CI( 3 , 4 | () ) = 0.21662110392498723
Test:  CI( 0 , 5 | () ) = 1.4432899320127035e-14
Test:  CI( 1 , 5 | () ) = 2.4424906541753444e-14
Test:  CI( 2 , 5 | () ) = 0.9945180984068354
Test:  CI( 3 , 5 | () ) = 0.36833223125494197
Test:  CI( 4 , 5 | () ) = 0.0
Test:  CI( 0 , 6 | () ) = 2.4664285502851158e-08
Test:  CI( 1 , 6 | () ) = 4.440892098500626e-16
Test:  CI( 2 , 6 | () ) = 0.0003199225127368255
Test:  CI( 3 , 6 | () ) = 0.0008074752810451891
Test:  CI( 4 , 6 | () ) = 0.0
Test:  CI( 5 , 6 | () ) = 0.0
Test:  CI( 0 , 7 | () ) = 0.0
Test:  CI( 1 , 7 | () ) = 0.07839398785244822
Test:  CI( 2 , 7 | () ) = 0.9653304151717106
Test:  CI( 3 , 7 | () ) = 0.21463773336120306
Test:  CI( 4 , 7 | () ) = 0.0
Test:  CI( 5 , 7 | () ) = 0.0
Test:  CI( 6 , 7 | () ) = 8.881784197001252e-16
Test:  CI( 0 , 8 | () ) = 5.428879568114553e-11
Test:  CI( 1 , 8 | () ) = 3.730349362740526e-12
Test:  CI( 2 , 8 | () ) = 0.0005813540169630205
Test:  CI( 3 , 8 | () ) = 0.42053071131149045
Test:  CI( 4 , 8 | () ) = 0.0
Test:  CI( 5 , 8 | () ) = 0.0
Test:  CI( 6 , 8 | () ) = 0.0
Test:  CI( 7 , 8 | () ) = 0.0
Test:  CI( 0 , 9 | () ) = 0.0007188717801112077
Test:  CI( 1 , 9 | () ) = 6.772893357265275e-11
Test:  CI( 2 , 9 | () ) = 0.00797855161146388
Test:  CI( 3 , 9 | () ) = 2.4424906541753444e-15
Test:  CI( 4 , 9 | () ) = 3.138311832628915e-11
Test:  CI( 5 , 9 | () ) = 0.0
Test:  CI( 6 , 9 | () ) = 0.0
Test:  CI( 7 , 9 | () ) = 2.447773088665173e-07
Test:  CI( 8 , 9 | () ) = 3.2702507368753686e-11
Test:  CI( 0 , 4 | (1,) ) = 0.0
Test:  CI( 1 , 4 | (0,) ) = 1.1373102459799611e-10
Test:  CI( 0 , 5 | (1,) ) = 0.0
Test:  CI( 0 , 5 | (4,) ) = 0.00011479774769496132
Test:  CI( 1 , 5 | (0,) ) = 0.0
Test:  CI( 1 , 5 | (4,) ) = 0.0
Test:  CI( 4 , 5 | (0,) ) = 0.0
Test:  CI( 4 , 5 | (1,) ) = 0.0
Test:  CI( 0 , 6 | (1,) ) = 1.6653345369377348e-14
Test:  CI( 0 , 6 | (2,) ) = 6.154798004587292e-09
Test:  CI( 0 , 6 | (3,) ) = 4.0608849616319276e-11
Test:  CI( 0 , 6 | (4,) ) = 0.00015212557033783547
Test:  CI( 0 , 6 | (5,) ) = 0.22614548464157513
Test:  CI( 1 , 6 | (2,) ) = 4.440892098500626e-16
Test:  CI( 1 , 6 | (3,) ) = 1.1102230246251565e-15
Test:  CI( 1 , 6 | (4,) ) = 6.661338147750939e-16
Test:  CI( 1 , 6 | (5,) ) = 0.0012489884444517596
Test:  CI( 2 , 6 | (1,) ) = 0.00034159254649734905
Test:  CI( 2 , 6 | (3,) ) = 8.786382534498038e-05
Test:  CI( 2 , 6 | (4,) ) = 3.5130102138403174e-07
Test:  CI( 2 , 6 | (5,) ) = 2.8266278206956486e-13
Test:  CI( 3 , 6 | (1,) ) = 0.001951295744919035
Test:  CI( 3 , 6 | (2,) ) = 0.0002193832605723589
Test:  CI( 3 , 6 | (4,) ) = 4.4515946484580127e-11
Test:  CI( 3 , 6 | (5,) ) = 0.0
Test:  CI( 4 , 6 | (1,) ) = 0.0
Test:  CI( 4 , 6 | (2,) ) = 0.0
Test:  CI( 4 , 6 | (3,) ) = 0.0
Test:  CI( 4 , 6 | (5,) ) = 0.927185553076145
Test:  CI( 5 , 6 | (1,) ) = 0.0
Test:  CI( 5 , 6 | (2,) ) = 0.0
Test:  CI( 5 , 6 | (3,) ) = 0.0
Test:  CI( 0 , 7 | (4,) ) = 1.5543122344752192e-15
Test:  CI( 0 , 7 | (5,) ) = 0.0
Test:  CI( 0 , 7 | (6,) ) = 0.0
Test:  CI( 4 , 7 | (0,) ) = 0.0
Test:  CI( 4 , 7 | (5,) ) = 0.0
Test:  CI( 4 , 7 | (6,) ) = 0.0
Test:  CI( 5 , 7 | (0,) ) = 2.204902926905561e-13
Test:  CI( 5 , 7 | (4,) ) = 0.12389788671227775
Test:  CI( 6 , 7 | (0,) ) = 2.7818656267442066e-09
Test:  CI( 6 , 7 | (4,) ) = 0.06761131397964171
Test:  CI( 0 , 8 | (1,) ) = 0.0
Test:  CI( 0 , 8 | (2,) ) = 5.5144777633131525e-12
Test:  CI( 0 , 8 | (4,) ) = 0.0001481516648089709
Test:  CI( 0 , 8 | (5,) ) = 0.3554983156252276
Test:  CI( 1 , 8 | (2,) ) = 6.217248937900877e-15
Test:  CI( 1 , 8 | (4,) ) = 1.2410295013864925e-11
Test:  CI( 1 , 8 | (5,) ) = 0.9057288822059029
Test:  CI( 2 , 8 | (4,) ) = 8.85075124301693e-10
Test:  CI( 2 , 8 | (5,) ) = 0.0
Test:  CI( 2 , 8 | (6,) ) = 0.0
Test:  CI( 2 , 8 | (7,) ) = 4.337027782019831e-06
Test:  CI( 4 , 8 | (2,) ) = 0.0
Test:  CI( 4 , 8 | (5,) ) = 0.9893264694941835
Test:  CI( 5 , 8 | (2,) ) = 0.0
Test:  CI( 5 , 8 | (6,) ) = 0.0
Test:  CI( 5 , 8 | (7,) ) = 0.0
Test:  CI( 6 , 8 | (2,) ) = 0.0
Test:  CI( 6 , 8 | (5,) ) = 4.615768294025102e-06
Test:  CI( 6 , 8 | (7,) ) = 1.1972645097557688e-12
Test:  CI( 7 , 8 | (2,) ) = 0.0
Test:  CI( 7 , 8 | (5,) ) = 0.9428736019274111
Test:  CI( 0 , 9 | (1,) ) = 2.3987868565056303e-05
Test:  CI( 0 , 9 | (2,) ) = 0.0005876704854623771
Test:  CI( 0 , 9 | (3,) ) = 4.6110866236404036e-09
Test:  CI( 0 , 9 | (4,) ) = 0.008269385180616595
Test:  CI( 0 , 9 | (5,) ) = 0.20120197231737214
Test:  CI( 1 , 9 | (2,) ) = 1.649191894159685e-10
Test:  CI( 1 , 9 | (3,) ) = 2.3210322552813523e-12
Test:  CI( 1 , 9 | (4,) ) = 3.7682513776005067e-08
Test:  CI( 1 , 9 | (5,) ) = 0.004335545892118153
Test:  CI( 1 , 9 | (6,) ) = 0.8513384358566665
Test:  CI( 2 , 9 | (3,) ) = 0.00020539624156090674
Test:  CI( 2 , 9 | (4,) ) = 0.003278224987454781
Test:  CI( 2 , 9 | (5,) ) = 0.0007574047902556558
Test:  CI( 2 , 9 | (6,) ) = 0.4801579357459014
Test:  CI( 3 , 9 | (4,) ) = 0.0
Test:  CI( 3 , 9 | (5,) ) = 0.0
Test:  CI( 3 , 9 | (6,) ) = 0.0
Test:  CI( 3 , 9 | (7,) ) = 0.0
Test:  CI( 3 , 9 | (8,) ) = 0.0
Test:  CI( 4 , 9 | (3,) ) = 0.0
Test:  CI( 4 , 9 | (5,) ) = 0.5952341014228777
Test:  CI( 5 , 9 | (8,) ) = 8.271743512366925e-09
Test:  CI( 5 , 9 | (3,) ) = 0.0
Test:  CI( 5 , 9 | (6,) ) = 7.614903729802336e-07
Test:  CI( 5 , 9 | (7,) ) = 2.948152832971118e-11
Test:  CI( 6 , 9 | (8,) ) = 0.0
Test:  CI( 6 , 9 | (3,) ) = 0.0
Test:  CI( 6 , 9 | (5,) ) = 0.0
Test:  CI( 6 , 9 | (7,) ) = 0.0
Test:  CI( 7 , 9 | (8,) ) = 0.1646135114193168
Test:  CI( 8 , 9 | (3,) ) = 0.0
Test:  CI( 8 , 9 | (5,) ) = 0.01160179813522344
Test:  CI( 1 , 6 | (2, 3) ) = 1.3322676295501878e-15
Test:  CI( 1 , 6 | (2, 5) ) = 0.0035764536574076633
Test:  CI( 1 , 6 | (3, 5) ) = 0.023227033318637735
Test:  CI( 2 , 6 | (3, 5) ) = 0.0
Test:  CI( 3 , 6 | (2, 5) ) = 0.0
Test:  CI( 5 , 6 | (2, 3) ) = 0.0
Test:  CI( 6 , 8 | (2, 5) ) = 0.6016860317760719
Test:  CI( 6 , 9 | (3, 5) ) = 0.0
Test:  CI( 6 , 9 | (4, 5) ) = 0.0
Saved metrics to outputs/experiments/layered_sparse_linear_sem_nodes_10_shallow_mlp_align_observable_state/4/performance_metrics.json
Saved baseline metrics to outputs/experiments/layered_sparse_linear_sem_nodes_10_shallow_mlp_align_observable_state/4/baseline_performance_metrics.json
Saved PAG-vs-PAG metrics to outputs/experiments/layered_sparse_linear_sem_nodes_10_shallow_mlp_align_observable_state/4/pag_vs_pag_metrics.json
Found 5 differences:
  1. Wrong orientation: 4 --- 7 (DAG: directed_ij, PAG: bidirected)
  2. Extra: 5 --- 9 (PAG: directed_ij)
  3. Extra: 6 --- 8 (PAG: bidirected)
  4. Wrong orientation: 6 --- 9 (DAG: directed_ij, PAG: bidirected)
  5. Extra: 8 --- 9 (PAG: bidirected)
Found 7 partial orientation differences:
  1. Partial orientation: 0 --- 4 (DAG: directed_ij, PAG: partial_ij)
  2. Partial orientation: 0 --- 7 (DAG: directed_ij, PAG: partial_ij)
  3. Partial orientation: 1 --- 4 (DAG: directed_ij, PAG: partial_ij)
  4. Partial orientation: 2 --- 6 (DAG: directed_ij, PAG: partial_ij)
  5. Partial orientation: 2 --- 8 (DAG: directed_ij, PAG: partial_ij)
  6. Partial orientation: 3 --- 6 (DAG: directed_ij, PAG: partial_ij)
  7. Partial orientation: 3 --- 9 (DAG: directed_ij, PAG: partial_ij)
Saved edge comparison details to outputs/experiments/layered_sparse_linear_sem_nodes_10_shallow_mlp_align_observable_state/4/edge_comparison.txt
Found 9 differences:
  1. Wrong orientation: 0 --- 4 (DAG: directed_ij, PAG: bidirected)
  2. Extra: 0 --- 5 (PAG: bidirected)
  3. Wrong orientation: 0 --- 7 (DAG: directed_ij, PAG: bidirected)
  4. Wrong orientation: 1 --- 4 (DAG: directed_ij, PAG: bidirected)
  5. Wrong orientation: 1 --- 5 (DAG: directed_ij, PAG: bidirected)
  6. Wrong orientation: 3 --- 6 (DAG: directed_ij, PAG: bidirected)
  7. Wrong orientation: 3 --- 9 (DAG: directed_ij, PAG: bidirected)
  8. Wrong orientation: 4 --- 7 (DAG: directed_ij, PAG: bidirected)
  9. Extra: 5 --- 9 (PAG: bidirected)
Found 2 partial orientation differences:
  1. Partial orientation: 2 --- 6 (DAG: directed_ij, PAG: partial_ij)
  2. Partial orientation: 2 --- 8 (DAG: directed_ij, PAG: partial_ij)
Saved baseline edge comparison details to outputs/experiments/layered_sparse_linear_sem_nodes_10_shallow_mlp_align_observable_state/4/edge_comparison_baseline.txt
Found 6 differences:
  1. Missing: 0 --- 5 (Reference PAG: bidirected)
  2. Wrong orientation: 1 --- 5 (Reference PAG: bidirected, PAG: directed_ij)
  3. Wrong orientation: 5 --- 9 (Reference PAG: bidirected, PAG: directed_ij)
  4. Extra: 6 --- 8 (PAG: bidirected)
  5. Wrong orientation: 6 --- 9 (Reference PAG: directed_ij, PAG: bidirected)
  6. Extra: 8 --- 9 (PAG: bidirected)
Found 5 partial orientation differences:
  1. Partial orientation: 0 --- 4 (Reference PAG: bidirected, PAG: partial_ij)
  2. Partial orientation: 0 --- 7 (Reference PAG: bidirected, PAG: partial_ij)
  3. Partial orientation: 1 --- 4 (Reference PAG: bidirected, PAG: partial_ij)
  4. Partial orientation: 3 --- 6 (Reference PAG: bidirected, PAG: partial_ij)
  5. Partial orientation: 3 --- 9 (Reference PAG: bidirected, PAG: partial_ij)
Saved PAG-vs-PAG edge comparison details to outputs/experiments/layered_sparse_linear_sem_nodes_10_shallow_mlp_align_observable_state/4/edge_comparison_pag_vs_pag.txt
Saved figure to outputs/experiments/layered_sparse_linear_sem_nodes_10_shallow_mlp_align_observable_state/4/pag_vs_dag.png
Saved baseline figure to outputs/experiments/layered_sparse_linear_sem_nodes_10_shallow_mlp_align_observable_state/4/baseline_pag_vs_dag.png
Saved combined DAG comparison to outputs/experiments/layered_sparse_linear_sem_nodes_10_shallow_mlp_align_observable_state/4/pags_vs_dag.png
Saved PAG-vs-PAG figure to outputs/experiments/layered_sparse_linear_sem_nodes_10_shallow_mlp_align_observable_state/4/pag_vs_pag.png
Saved adjacency matrix to outputs/experiments/layered_sparse_linear_sem_nodes_10_shallow_mlp_align_observable_state/4/learned_graph_adj.npy
Saved baseline adjacency matrix to outputs/experiments/layered_sparse_linear_sem_nodes_10_shallow_mlp_align_observable_state/4/baseline_graph_adj.npy
