=== [Causal Discovery] Fold 3 (3/5) ===
Step: load extraction data
Loading extraction data from: outputs/experiments/layered_sparse_linear_sem_shallow_mlp_align/3/alignment_results.csv
Step: prepare ground-truth data
Running sample_150__baseline_150
Saved metadata to outputs/experiments/layered_sparse_linear_sem_shallow_mlp_align/3/metadata.json
Test:  CI( 0 , 1 | () ) = 0.021523681059970157
Test:  CI( 0 , 2 | () ) = 0.0
Test:  CI( 1 , 2 | () ) = 0.10550214713539097
Test:  CI( 0 , 3 | () ) = 0.00011857184591379522
Test:  CI( 1 , 3 | () ) = 9.081285057277455e-09
Test:  CI( 2 , 3 | () ) = 0.0
Test:  CI( 0 , 4 | () ) = 0.0
Test:  CI( 1 , 4 | () ) = 1.4865224284843492e-06
Test:  CI( 2 , 4 | () ) = 0.0
Test:  CI( 3 , 4 | () ) = 1.2139622640461312e-11
Test:  CI( 0 , 5 | () ) = 3.3446756475541406e-10
Test:  CI( 1 , 5 | () ) = 0.0
Test:  CI( 2 , 5 | () ) = 0.0
Test:  CI( 3 , 5 | () ) = 0.0
Test:  CI( 4 , 5 | () ) = 5.92817817057778e-09
Test:  CI( 0 , 3 | (1,) ) = 9.37343958007375e-09
Test:  CI( 0 , 3 | (2,) ) = 0.0
Test:  CI( 1 , 3 | (0,) ) = 6.257216966787382e-13
Test:  CI( 1 , 3 | (2,) ) = 4.440892098500626e-15
Test:  CI( 2 , 3 | (0,) ) = 0.0
Test:  CI( 2 , 3 | (1,) ) = 0.0
Test:  CI( 0 , 4 | (1,) ) = 0.0
Test:  CI( 0 , 4 | (2,) ) = 4.7700954297624776e-11
Test:  CI( 0 , 4 | (3,) ) = 0.0
Test:  CI( 1 , 4 | (0,) ) = 1.7139930763576672e-07
Test:  CI( 1 , 4 | (2,) ) = 0.0
Test:  CI( 1 , 4 | (3,) ) = 0.0
Test:  CI( 2 , 4 | (0,) ) = 2.220446049250313e-16
Test:  CI( 2 , 4 | (1,) ) = 0.0
Test:  CI( 2 , 4 | (3,) ) = 0.0
Test:  CI( 3 , 4 | (0,) ) = 3.2823299633832903e-10
Test:  CI( 3 , 4 | (1,) ) = 0.0
Test:  CI( 3 , 4 | (2,) ) = 0.0
Test:  CI( 0 , 5 | (1,) ) = 0.0
Test:  CI( 0 , 5 | (2,) ) = 3.8480330033507926e-13
Test:  CI( 0 , 5 | (3,) ) = 6.479135006287606e-09
Test:  CI( 0 , 5 | (4,) ) = 0.009624507717258757
Test:  CI( 1 , 5 | (0,) ) = 0.0
Test:  CI( 1 , 5 | (2,) ) = 0.0
Test:  CI( 1 , 5 | (3,) ) = 0.0
Test:  CI( 1 , 5 | (4,) ) = 0.0
Test:  CI( 2 , 5 | (0,) ) = 0.0
Test:  CI( 2 , 5 | (1,) ) = 0.0
Test:  CI( 2 , 5 | (3,) ) = 3.5754024185763456e-09
Test:  CI( 2 , 5 | (4,) ) = 0.0
Test:  CI( 3 , 5 | (0,) ) = 0.0
Test:  CI( 3 , 5 | (1,) ) = 0.0
Test:  CI( 3 , 5 | (2,) ) = 0.0
Test:  CI( 3 , 5 | (4,) ) = 0.0
Test:  CI( 4 , 5 | (0,) ) = 0.21917949339965803
Test:  CI( 0 , 3 | (1, 2) ) = 0.0
Test:  CI( 1 , 3 | (0, 2) ) = 3.1911404769768836e-06
Test:  CI( 2 , 3 | (0, 1) ) = 0.0
Test:  CI( 3 , 4 | (0, 1) ) = 0.0
Test:  CI( 3 , 4 | (0, 2) ) = 2.6104609140986668e-08
Test:  CI( 3 , 4 | (1, 2) ) = 0.0012588735969774056
Test:  CI( 3 , 5 | (0, 1) ) = 0.0
Test:  CI( 3 , 5 | (0, 2) ) = 2.1421177893055088e-05
Test:  CI( 3 , 5 | (1, 2) ) = 8.657416209811863e-05
Test:  CI( 3 , 4 | (0, 1, 2) ) = 0.0004421645852465961
Test:  CI( 3 , 5 | (0, 1, 2) ) = 0.1212770636320959
Saved adjacency matrix to outputs/experiments/layered_sparse_linear_sem_shallow_mlp_align/3/learned_graph_adj.npy
Test:  CI( 0 , 1 | () ) = 0.495258944896114
Test:  CI( 0 , 2 | () ) = 0.0
Test:  CI( 1 , 2 | () ) = 2.3615010460886765e-05
Test:  CI( 0 , 3 | () ) = 2.0502860031967884e-06
Test:  CI( 1 , 3 | () ) = 1.3228449944335807e-06
Test:  CI( 2 , 3 | () ) = 0.0
Test:  CI( 0 , 4 | () ) = 0.0
Test:  CI( 1 , 4 | () ) = 0.5179407134246599
Test:  CI( 2 , 4 | () ) = 0.0
Test:  CI( 3 , 4 | () ) = 7.169820293029261e-13
Test:  CI( 0 , 5 | () ) = 0.0
Test:  CI( 1 , 5 | () ) = 0.0
Test:  CI( 2 , 5 | () ) = 0.0
Test:  CI( 3 , 5 | () ) = 0.0
Test:  CI( 4 , 5 | () ) = 1.9984014443252818e-15
Test:  CI( 0 , 2 | (1,) ) = 0.0
Test:  CI( 1 , 2 | (0,) ) = 1.0775891290393247e-10
Test:  CI( 0 , 3 | (1,) ) = 1.2996399392228852e-06
Test:  CI( 0 , 3 | (2,) ) = 3.0059108535596124e-09
Test:  CI( 1 , 3 | (0,) ) = 8.407182876535302e-07
Test:  CI( 1 , 3 | (2,) ) = 0.008640908119448065
Test:  CI( 2 , 3 | (0,) ) = 0.0
Test:  CI( 2 , 3 | (1,) ) = 0.0
Test:  CI( 0 , 4 | (2,) ) = 0.04302747398886808
Test:  CI( 2 , 4 | (3,) ) = 0.0
Test:  CI( 3 , 4 | (2,) ) = 0.29191944153181515
Test:  CI( 0 , 5 | (1,) ) = 0.0
Test:  CI( 0 , 5 | (2,) ) = 0.00792105138361432
Test:  CI( 0 , 5 | (3,) ) = 5.864198016070077e-13
Test:  CI( 0 , 5 | (4,) ) = 3.2784887831205367e-06
Test:  CI( 1 , 5 | (0,) ) = 0.0
Test:  CI( 1 , 5 | (2,) ) = 0.0
Test:  CI( 1 , 5 | (3,) ) = 2.540190280342358e-13
Test:  CI( 1 , 5 | (4,) ) = 0.0
Test:  CI( 2 , 5 | (0,) ) = 0.0
Test:  CI( 2 , 5 | (1,) ) = 0.0
Test:  CI( 2 , 5 | (3,) ) = 0.0
Test:  CI( 2 , 5 | (4,) ) = 0.0
Test:  CI( 3 , 5 | (0,) ) = 2.220446049250313e-15
Test:  CI( 3 , 5 | (1,) ) = 3.774758283725532e-15
Test:  CI( 3 , 5 | (2,) ) = 0.09834547116780756
Test:  CI( 4 , 5 | (0,) ) = 0.002346051874917876
Test:  CI( 4 , 5 | (1,) ) = 0.0
Test:  CI( 4 , 5 | (2,) ) = 2.3607637029687822e-06
Test:  CI( 0 , 5 | (2, 4) ) = 0.04005188582834651
Test:  CI( 1 , 5 | (2, 4) ) = 0.0
Saved metrics to outputs/experiments/layered_sparse_linear_sem_shallow_mlp_align/3/performance_metrics.json
Saved baseline metrics to outputs/experiments/layered_sparse_linear_sem_shallow_mlp_align/3/baseline_performance_metrics.json
Saved PAG-vs-PAG metrics to outputs/experiments/layered_sparse_linear_sem_shallow_mlp_align/3/pag_vs_pag_metrics.json
Found 9 differences:
  1. Extra: 0 --- 4 (PAG: partial_ij)
  2. Extra: 0 --- 5 (PAG: partial_ij)
  3. Missing: 1 --- 2 (DAG: directed_ij)
  4. Extra: 1 --- 3 (PAG: directed_ij)
  5. Wrong orientation: 1 --- 4 (DAG: directed_ij, PAG: bidirected)
  6. Wrong orientation: 1 --- 5 (DAG: directed_ij, PAG: bidirected)
  7. Wrong orientation: 2 --- 4 (DAG: directed_ij, PAG: bidirected)
  8. Wrong orientation: 2 --- 5 (DAG: directed_ij, PAG: bidirected)
  9. Extra: 3 --- 4 (PAG: bidirected)
Found 1 partial orientation differences:
  1. Partial orientation: 0 --- 2 (DAG: directed_ij, PAG: partial_ij)
Saved edge comparison details to outputs/experiments/layered_sparse_linear_sem_shallow_mlp_align/3/edge_comparison.txt
Found 8 differences:
  1. Wrong orientation: 0 --- 2 (DAG: directed_ij, PAG: bidirected)
  2. Wrong orientation: 0 --- 3 (DAG: directed_ij, PAG: bidirected)
  3. Wrong orientation: 1 --- 2 (DAG: directed_ij, PAG: bidirected)
  4. Extra: 1 --- 3 (PAG: bidirected)
  5. Missing: 1 --- 4 (DAG: directed_ij)
  6. Wrong orientation: 1 --- 5 (DAG: directed_ij, PAG: bidirected)
  7. Wrong orientation: 2 --- 4 (DAG: directed_ij, PAG: bidirected)
  8. Extra: 4 --- 5 (PAG: directed_ij)
Saved baseline edge comparison details to outputs/experiments/layered_sparse_linear_sem_shallow_mlp_align/3/edge_comparison_baseline.txt
Found 9 differences:
  1. Wrong orientation: 0 --- 3 (Reference PAG: bidirected, PAG: directed_ij)
  2. Extra: 0 --- 4 (PAG: partial_ij)
  3. Extra: 0 --- 5 (PAG: partial_ij)
  4. Missing: 1 --- 2 (Reference PAG: bidirected)
  5. Wrong orientation: 1 --- 3 (Reference PAG: bidirected, PAG: directed_ij)
  6. Extra: 1 --- 4 (PAG: bidirected)
  7. Wrong orientation: 2 --- 5 (Reference PAG: directed_ij, PAG: bidirected)
  8. Extra: 3 --- 4 (PAG: bidirected)
  9. Missing: 4 --- 5 (Reference PAG: directed_ij)
Found 1 partial orientation differences:
  1. Partial orientation: 0 --- 2 (Reference PAG: bidirected, PAG: partial_ij)
Saved PAG-vs-PAG edge comparison details to outputs/experiments/layered_sparse_linear_sem_shallow_mlp_align/3/edge_comparison_pag_vs_pag.txt
Saved figure to outputs/experiments/layered_sparse_linear_sem_shallow_mlp_align/3/pag_vs_dag.png
Saved baseline figure to outputs/experiments/layered_sparse_linear_sem_shallow_mlp_align/3/baseline_pag_vs_dag.png
Saved combined DAG comparison to outputs/experiments/layered_sparse_linear_sem_shallow_mlp_align/3/pags_vs_dag.png
Saved PAG-vs-PAG figure to outputs/experiments/layered_sparse_linear_sem_shallow_mlp_align/3/pag_vs_pag.png
Saved adjacency matrix to outputs/experiments/layered_sparse_linear_sem_shallow_mlp_align/3/learned_graph_adj.npy
Saved baseline adjacency matrix to outputs/experiments/layered_sparse_linear_sem_shallow_mlp_align/3/baseline_graph_adj.npy
