=== [Train] Fold 3 (3/5) ===
Step: set random seed (4)
Step: build datasets
Key: (176, 6, 3, 3, 2, 10, 10000, 0.5, 2.0, 0.8, 0.1, 0.1, 1000, 3) - Generating new DAG and data...
Seed: 176, Fold: 3
Step: initialize model
Step: training setup (model=BottleneckMLP, profile=deep, control_mode=epochs, epochs=60, target_updates=None)
Step: training
TrnLoss=0.955 ValLoss=0.904 ValR2=0.149
TrnLoss=0.698 ValLoss=0.563 ValR2=0.470
TrnLoss=0.443 ValLoss=0.416 ValR2=0.609
TrnLoss=0.367 ValLoss=0.383 ValR2=0.639
TrnLoss=0.352 ValLoss=0.375 ValR2=0.647
TrnLoss=0.347 ValLoss=0.371 ValR2=0.651
TrnLoss=0.344 ValLoss=0.369 ValR2=0.653
TrnLoss=0.343 ValLoss=0.368 ValR2=0.653
TrnLoss=0.343 ValLoss=0.368 ValR2=0.654
TrnLoss=0.343 ValLoss=0.368 ValR2=0.654
TrnLoss=0.342 ValLoss=0.367 ValR2=0.654
TrnLoss=0.342 ValLoss=0.368 ValR2=0.654
TrnLoss=0.342 ValLoss=0.367 ValR2=0.655
TrnLoss=0.342 ValLoss=0.368 ValR2=0.654
TrnLoss=0.343 ValLoss=0.367 ValR2=0.655
TrnLoss=0.342 ValLoss=0.367 ValR2=0.654
TrnLoss=0.343 ValLoss=0.367 ValR2=0.654
TrnLoss=0.343 ValLoss=0.367 ValR2=0.655
TrnLoss=0.342 ValLoss=0.367 ValR2=0.654
TrnLoss=0.342 ValLoss=0.367 ValR2=0.655
TrnLoss=0.343 ValLoss=0.368 ValR2=0.654
TrnLoss=0.343 ValLoss=0.367 ValR2=0.655
Early stopping at epoch 22: no validation improvement for 8 epochs (best epoch=13, best val loss=0.367)
 35%|####5        | 21/60 [00:21<00:39,  1.01s/ep]
Step: evaluate test split
