=== [Train] Fold 2 (2/5) ===
Step: set random seed (3)
Step: build datasets
Step: initialize model
Step: training setup (model=ShallowMLP, profile=shallow, control_mode=epochs, epochs=40, target_updates=None)
Step: training
TrnLoss=0.985 ValLoss=0.900 ValR2=0.089
TrnLoss=0.853 ValLoss=0.782 ValR2=0.208
TrnLoss=0.719 ValLoss=0.666 ValR2=0.326
TrnLoss=0.620 ValLoss=0.605 ValR2=0.388
TrnLoss=0.588 ValLoss=0.589 ValR2=0.404
TrnLoss=0.577 ValLoss=0.582 ValR2=0.411
TrnLoss=0.571 ValLoss=0.577 ValR2=0.416
TrnLoss=0.571 ValLoss=0.574 ValR2=0.419
TrnLoss=0.572 ValLoss=0.573 ValR2=0.420
TrnLoss=0.568 ValLoss=0.571 ValR2=0.422
TrnLoss=0.569 ValLoss=0.571 ValR2=0.422
TrnLoss=0.568 ValLoss=0.571 ValR2=0.422
TrnLoss=0.569 ValLoss=0.571 ValR2=0.423
TrnLoss=0.569 ValLoss=0.571 ValR2=0.422
TrnLoss=0.569 ValLoss=0.571 ValR2=0.422
TrnLoss=0.568 ValLoss=0.570 ValR2=0.423
TrnLoss=0.567 ValLoss=0.570 ValR2=0.424
TrnLoss=0.569 ValLoss=0.570 ValR2=0.423
TrnLoss=0.567 ValLoss=0.569 ValR2=0.424
TrnLoss=0.567 ValLoss=0.570 ValR2=0.423
TrnLoss=0.568 ValLoss=0.570 ValR2=0.423
TrnLoss=0.566 ValLoss=0.569 ValR2=0.424
TrnLoss=0.566 ValLoss=0.569 ValR2=0.424
TrnLoss=0.567 ValLoss=0.569 ValR2=0.424
TrnLoss=0.566 ValLoss=0.569 ValR2=0.424
TrnLoss=0.568 ValLoss=0.569 ValR2=0.424
TrnLoss=0.567 ValLoss=0.569 ValR2=0.424
TrnLoss=0.567 ValLoss=0.569 ValR2=0.424
TrnLoss=0.566 ValLoss=0.569 ValR2=0.424
TrnLoss=0.566 ValLoss=0.569 ValR2=0.424
TrnLoss=0.566 ValLoss=0.569 ValR2=0.424
TrnLoss=0.566 ValLoss=0.569 ValR2=0.424
TrnLoss=0.566 ValLoss=0.569 ValR2=0.424
TrnLoss=0.565 ValLoss=0.569 ValR2=0.424
Early stopping at epoch 34: no validation improvement for 6 epochs (best epoch=28, best val loss=0.569)
 82%|##########7  | 33/40 [00:19<00:04,  1.69ep/s]
Step: evaluate test split
