=== [Train] Fold 1 (1/5) ===
Step: set random seed (2)
Step: build datasets
Step: initialize model
Step: training setup (model=ShallowMLP, profile=shallow, control_mode=epochs, epochs=40, target_updates=None)
Step: training
TrnLoss=0.947 ValLoss=0.913 ValR2=0.095
TrnLoss=0.878 ValLoss=0.847 ValR2=0.160
TrnLoss=0.821 ValLoss=0.795 ValR2=0.211
TrnLoss=0.781 ValLoss=0.766 ValR2=0.240
TrnLoss=0.757 ValLoss=0.751 ValR2=0.255
TrnLoss=0.745 ValLoss=0.743 ValR2=0.263
TrnLoss=0.738 ValLoss=0.737 ValR2=0.269
TrnLoss=0.734 ValLoss=0.735 ValR2=0.271
TrnLoss=0.731 ValLoss=0.733 ValR2=0.273
TrnLoss=0.730 ValLoss=0.731 ValR2=0.275
TrnLoss=0.729 ValLoss=0.731 ValR2=0.275
TrnLoss=0.727 ValLoss=0.730 ValR2=0.276
TrnLoss=0.726 ValLoss=0.729 ValR2=0.277
TrnLoss=0.726 ValLoss=0.728 ValR2=0.278
TrnLoss=0.725 ValLoss=0.728 ValR2=0.278
TrnLoss=0.725 ValLoss=0.728 ValR2=0.278
TrnLoss=0.723 ValLoss=0.727 ValR2=0.279
TrnLoss=0.723 ValLoss=0.727 ValR2=0.279
TrnLoss=0.724 ValLoss=0.727 ValR2=0.279
TrnLoss=0.722 ValLoss=0.727 ValR2=0.279
TrnLoss=0.723 ValLoss=0.726 ValR2=0.280
TrnLoss=0.722 ValLoss=0.726 ValR2=0.280
TrnLoss=0.721 ValLoss=0.726 ValR2=0.280
TrnLoss=0.721 ValLoss=0.726 ValR2=0.280
TrnLoss=0.720 ValLoss=0.726 ValR2=0.280
TrnLoss=0.722 ValLoss=0.726 ValR2=0.280
TrnLoss=0.719 ValLoss=0.725 ValR2=0.281
TrnLoss=0.720 ValLoss=0.726 ValR2=0.280
TrnLoss=0.719 ValLoss=0.726 ValR2=0.280
TrnLoss=0.719 ValLoss=0.726 ValR2=0.280
TrnLoss=0.720 ValLoss=0.725 ValR2=0.281
TrnLoss=0.719 ValLoss=0.725 ValR2=0.281
TrnLoss=0.719 ValLoss=0.726 ValR2=0.280
Early stopping at epoch 33: no validation improvement for 6 epochs (best epoch=27, best val loss=0.725)
 80%|##########4  | 32/40 [00:19<00:04,  1.63ep/s]
Step: evaluate test split
