=== [Causal Discovery] Fold 2 (2/5) ===
Step: load extraction data
Loading extraction data from: outputs/experiments/linear_sem_input_gradients_deep_mlp_align_observable_state/2/alignment_results.csv
Step: prepare ground-truth data
Running sample_150__baseline_150
Saved metadata to outputs/experiments/linear_sem_input_gradients_deep_mlp_align_observable_state/2/metadata.json
Test:  CI( 0 , 1 | () ) = 5.943786680617791e-07
Test:  CI( 0 , 2 | () ) = 0.0
Test:  CI( 1 , 2 | () ) = 0.6990271150080622
Test:  CI( 0 , 3 | () ) = 0.0
Test:  CI( 1 , 3 | () ) = 2.5690151006507733e-07
Test:  CI( 2 , 3 | () ) = 0.0
Test:  CI( 0 , 4 | () ) = 0.0
Test:  CI( 1 , 4 | () ) = 0.6866407933439698
Test:  CI( 2 , 4 | () ) = 0.0
Test:  CI( 3 , 4 | () ) = 0.0
Test:  CI( 0 , 5 | () ) = 0.0
Test:  CI( 1 , 5 | () ) = 0.0
Test:  CI( 2 , 5 | () ) = 2.1679280592934447e-09
Test:  CI( 3 , 5 | () ) = 0.0
Test:  CI( 4 , 5 | () ) = 5.966116489730666e-12
Test:  CI( 0 , 3 | (1,) ) = 0.0
Test:  CI( 0 , 3 | (2,) ) = 0.0
Test:  CI( 1 , 3 | (0,) ) = 0.00030584062254068733
Test:  CI( 1 , 3 | (2,) ) = 0.0
Test:  CI( 2 , 3 | (0,) ) = 0.005596545562300825
Test:  CI( 2 , 3 | (1,) ) = 0.0
Test:  CI( 0 , 4 | (2,) ) = 0.0
Test:  CI( 0 , 4 | (3,) ) = 5.46432925574436e-08
Test:  CI( 2 , 4 | (0,) ) = 0.0
Test:  CI( 2 , 4 | (3,) ) = 0.0
Test:  CI( 3 , 4 | (0,) ) = 3.790074931231402e-05
Test:  CI( 3 , 4 | (2,) ) = 0.0
Test:  CI( 0 , 5 | (1,) ) = 0.0
Test:  CI( 0 , 5 | (2,) ) = 0.0
Test:  CI( 0 , 5 | (3,) ) = 0.001159509300038053
Test:  CI( 0 , 5 | (4,) ) = 0.0
Test:  CI( 1 , 5 | (0,) ) = 0.0
Test:  CI( 1 , 5 | (2,) ) = 0.0
Test:  CI( 1 , 5 | (3,) ) = 0.0
Test:  CI( 1 , 5 | (4,) ) = 0.0
Test:  CI( 2 , 5 | (0,) ) = 0.0
Test:  CI( 2 , 5 | (1,) ) = 0.0
Test:  CI( 2 , 5 | (3,) ) = 0.0
Test:  CI( 2 , 5 | (4,) ) = 0.0
Test:  CI( 3 , 5 | (0,) ) = 8.856424874958968e-05
Test:  CI( 3 , 5 | (1,) ) = 0.0
Test:  CI( 3 , 5 | (2,) ) = 0.0
Test:  CI( 3 , 5 | (4,) ) = 0.0
Test:  CI( 4 , 5 | (0,) ) = 0.0
Test:  CI( 4 , 5 | (1,) ) = 0.0
Test:  CI( 4 , 5 | (2,) ) = 0.0
Test:  CI( 4 , 5 | (3,) ) = 0.0
Test:  CI( 0 , 3 | (1, 2) ) = 0
Test:  CI( 1 , 3 | (0, 2) ) = 0
Test:  CI( 2 , 3 | (0, 1) ) = 0
Test:  CI( 3 , 4 | (0, 2) ) = 0.0
Test:  CI( 3 , 4 | (0, 1) ) = 0.0
Test:  CI( 0 , 5 | (1, 2) ) = 0
Test:  CI( 0 , 5 | (1, 3) ) = 0
Test:  CI( 0 , 5 | (1, 4) ) = 0.0
Test:  CI( 0 , 5 | (2, 3) ) = 0
Test:  CI( 0 , 5 | (2, 4) ) = 0
Test:  CI( 0 , 5 | (3, 4) ) = 0.0
Test:  CI( 1 , 5 | (0, 2) ) = 0
Test:  CI( 1 , 5 | (0, 3) ) = 0.0
Test:  CI( 1 , 5 | (0, 4) ) = 0.0
Test:  CI( 1 , 5 | (2, 3) ) = 0.0
Test:  CI( 1 , 5 | (2, 4) ) = 0
Test:  CI( 1 , 5 | (3, 4) ) = 0
Test:  CI( 2 , 5 | (0, 1) ) = 0
Test:  CI( 2 , 5 | (0, 3) ) = 0
Test:  CI( 2 , 5 | (0, 4) ) = 0.0
Test:  CI( 2 , 5 | (1, 3) ) = 0
Test:  CI( 2 , 5 | (1, 4) ) = 0
Test:  CI( 2 , 5 | (3, 4) ) = 0
Test:  CI( 3 , 5 | (0, 1) ) = 0
Test:  CI( 3 , 5 | (0, 2) ) = 0
Test:  CI( 3 , 5 | (0, 4) ) = 0.0
Test:  CI( 3 , 5 | (1, 2) ) = 0
Test:  CI( 3 , 5 | (1, 4) ) = 0
Test:  CI( 3 , 5 | (2, 4) ) = 0
Test:  CI( 4 , 5 | (0, 1) ) = 0.0
Test:  CI( 4 , 5 | (0, 2) ) = 0.0
Test:  CI( 4 , 5 | (0, 3) ) = 0.0
Test:  CI( 4 , 5 | (1, 2) ) = 0
Test:  CI( 4 , 5 | (1, 3) ) = 0
Test:  CI( 4 , 5 | (2, 3) ) = 0
Test:  CI( 3 , 4 | (0, 1, 2) ) = 5.885279175110725e-08
Test:  CI( 0 , 5 | (1, 2, 3) ) = 2.6230980434416296e-06
Test:  CI( 0 , 5 | (1, 2, 4) ) = 0.0005587591912348255
Test:  CI( 0 , 5 | (1, 3, 4) ) = 0.0927649884593964
Test:  CI( 1 , 5 | (0, 2, 3) ) = 0.0
Test:  CI( 1 , 5 | (0, 2, 4) ) = 0
Test:  CI( 1 , 5 | (0, 3, 4) ) = 0
Test:  CI( 1 , 5 | (2, 3, 4) ) = 0
Test:  CI( 2 , 5 | (0, 1, 3) ) = 4.241777626035059e-06
Test:  CI( 2 , 5 | (0, 1, 4) ) = 0
Test:  CI( 2 , 5 | (0, 3, 4) ) = 0
Test:  CI( 2 , 5 | (1, 3, 4) ) = 0.03556515200361687
Test:  CI( 3 , 5 | (0, 1, 2) ) = 0.28903073750337405
Saved adjacency matrix to outputs/experiments/linear_sem_input_gradients_deep_mlp_align_observable_state/2/learned_graph_adj.npy
Test:  CI( 0 , 1 | () ) = 1.2261303083960229e-12
Test:  CI( 0 , 2 | () ) = 0.3460200755034273
Test:  CI( 1 , 2 | () ) = 0.9782381479073041
Test:  CI( 0 , 3 | () ) = 0.0
Test:  CI( 1 , 3 | () ) = 9.802187950214147e-10
Test:  CI( 2 , 3 | () ) = 0.20182948031662407
Test:  CI( 0 , 4 | () ) = 0.8508821104662925
Test:  CI( 1 , 4 | () ) = 0.39407655006914877
Test:  CI( 2 , 4 | () ) = 0.0
Test:  CI( 3 , 4 | () ) = 0.0008270142521740187
Test:  CI( 0 , 5 | () ) = 0.0
Test:  CI( 1 , 5 | () ) = 0.0
Test:  CI( 2 , 5 | () ) = 0.6134509458946216
Test:  CI( 3 , 5 | () ) = 0.0
Test:  CI( 4 , 5 | () ) = 0.021049751975289466
Test:  CI( 0 , 3 | (1,) ) = 0.0
Test:  CI( 1 , 3 | (0,) ) = 0.8322374504152816
Test:  CI( 2 , 4 | (3,) ) = 0.0
Test:  CI( 3 , 4 | (2,) ) = 0.001144248098677858
Test:  CI( 0 , 5 | (1,) ) = 0.0
Test:  CI( 0 , 5 | (3,) ) = 0.0378241679921858
Test:  CI( 1 , 5 | (3,) ) = 0.0
Test:  CI( 3 , 5 | (1,) ) = 0.0
Saved metrics to outputs/experiments/linear_sem_input_gradients_deep_mlp_align_observable_state/2/performance_metrics.json
Saved baseline metrics to outputs/experiments/linear_sem_input_gradients_deep_mlp_align_observable_state/2/baseline_performance_metrics.json
Saved PAG-vs-PAG metrics to outputs/experiments/linear_sem_input_gradients_deep_mlp_align_observable_state/2/pag_vs_pag_metrics.json
Found 8 differences:
  1. Wrong orientation: 0 --- 1 (DAG: directed_ij, PAG: bidirected)
  2. Extra: 0 --- 2 (PAG: bidirected)
  3. Wrong orientation: 0 --- 4 (DAG: directed_ij, PAG: bidirected)
  4. Extra: 1 --- 3 (PAG: partial_ij)
  5. Extra: 2 --- 3 (PAG: partial_ij)
  6. Wrong orientation: 3 --- 4 (DAG: directed_ij, PAG: bidirected)
  7. Missing: 3 --- 5 (DAG: directed_ij)
  8. Extra: 4 --- 5 (PAG: bidirected)
Found 2 partial orientation differences:
  1. Partial orientation: 0 --- 3 (DAG: directed_ij, PAG: partial_ij)
  2. Partial orientation: 2 --- 4 (DAG: directed_ij, PAG: partial_ij)
Saved edge comparison details to outputs/experiments/linear_sem_input_gradients_deep_mlp_align_observable_state/2/edge_comparison.txt
Found 4 differences:
  1. Missing: 0 --- 4 (DAG: directed_ij)
  2. Wrong orientation: 1 --- 5 (DAG: directed_ij, PAG: bidirected)
  3. Wrong orientation: 3 --- 4 (DAG: directed_ij, PAG: bidirected)
  4. Wrong orientation: 3 --- 5 (DAG: directed_ij, PAG: bidirected)
Found 3 partial orientation differences:
  1. Partial orientation: 0 --- 1 (DAG: directed_ij, PAG: partial_ij)
  2. Partial orientation: 0 --- 3 (DAG: directed_ij, PAG: partial_ij)
  3. Partial orientation: 2 --- 4 (DAG: directed_ij, PAG: partial_ij)
Saved baseline edge comparison details to outputs/experiments/linear_sem_input_gradients_deep_mlp_align_observable_state/2/edge_comparison_baseline.txt
Found 7 differences:
  1. Extra: 0 --- 2 (PAG: bidirected)
  2. Extra: 0 --- 4 (PAG: bidirected)
  3. Extra: 1 --- 3 (PAG: partial_ij)
  4. Wrong orientation: 1 --- 5 (Reference PAG: bidirected, PAG: directed_ij)
  5. Extra: 2 --- 3 (PAG: partial_ij)
  6. Missing: 3 --- 5 (Reference PAG: bidirected)
  7. Extra: 4 --- 5 (PAG: bidirected)
Found 1 partial orientation differences:
  1. Partial orientation: 0 --- 1 (Reference PAG: partial_ij, PAG: bidirected)
Saved PAG-vs-PAG edge comparison details to outputs/experiments/linear_sem_input_gradients_deep_mlp_align_observable_state/2/edge_comparison_pag_vs_pag.txt
Saved figure to outputs/experiments/linear_sem_input_gradients_deep_mlp_align_observable_state/2/pag_vs_dag.png
Saved baseline figure to outputs/experiments/linear_sem_input_gradients_deep_mlp_align_observable_state/2/baseline_pag_vs_dag.png
Saved combined DAG comparison to outputs/experiments/linear_sem_input_gradients_deep_mlp_align_observable_state/2/pags_vs_dag.png
Saved PAG-vs-PAG figure to outputs/experiments/linear_sem_input_gradients_deep_mlp_align_observable_state/2/pag_vs_pag.png
Saved adjacency matrix to outputs/experiments/linear_sem_input_gradients_deep_mlp_align_observable_state/2/learned_graph_adj.npy
Saved baseline adjacency matrix to outputs/experiments/linear_sem_input_gradients_deep_mlp_align_observable_state/2/baseline_graph_adj.npy
