=== [Causal Discovery] Fold 2 (2/5) ===
Step: load extraction data
Loading extraction data from: outputs/experiments/fork_collider_linear_sem_shallow_mlp_align/2/alignment_results.csv
Step: prepare ground-truth data
Running sample_150__baseline_150
Saved metadata to outputs/experiments/fork_collider_linear_sem_shallow_mlp_align/2/metadata.json
Test:  CI( 0 , 1 | () ) = 0.975424162017519
Test:  CI( 0 , 2 | () ) = 0.0
Test:  CI( 1 , 2 | () ) = 0.00010947106609604518
Test:  CI( 0 , 3 | () ) = 0.0
Test:  CI( 1 , 3 | () ) = 0.0003397247933629721
Test:  CI( 2 , 3 | () ) = 0.0
Test:  CI( 0 , 4 | () ) = 4.729550084903167e-14
Test:  CI( 1 , 4 | () ) = 0.148667090464373
Test:  CI( 2 , 4 | () ) = 0.0
Test:  CI( 3 , 4 | () ) = 0.0
Test:  CI( 0 , 5 | () ) = 9.991516503049525e-10
Test:  CI( 1 , 5 | () ) = 0.14975997233482974
Test:  CI( 2 , 5 | () ) = 0.0
Test:  CI( 3 , 5 | () ) = 3.375077994860476e-14
Test:  CI( 4 , 5 | () ) = 0.0
Test:  CI( 0 , 2 | (1,) ) = 0.0
Test:  CI( 1 , 2 | (0,) ) = 2.9598545836506673e-13
Test:  CI( 0 , 3 | (1,) ) = 0.0
Test:  CI( 0 , 3 | (2,) ) = 0.11281102510621066
Test:  CI( 1 , 3 | (2,) ) = 0.2218606746993057
Test:  CI( 0 , 4 | (2,) ) = 0.5181907989026739
Test:  CI( 2 , 4 | (3,) ) = 0.0
Test:  CI( 3 , 4 | (2,) ) = 0.0
Test:  CI( 0 , 5 | (2,) ) = 0.07804555787195455
Test:  CI( 2 , 5 | (3,) ) = 0.0
Test:  CI( 2 , 5 | (4,) ) = 0.23274151856796
Test:  CI( 3 , 5 | (4,) ) = 0.4558075791580789
Test:  CI( 3 , 4 | (0, 2) ) = 0.0
Test:  CI( 3 , 4 | (1, 2) ) = 0.0
Test:  CI( 3 , 4 | (0, 1, 2) ) = 0.0
Saved adjacency matrix to outputs/experiments/fork_collider_linear_sem_shallow_mlp_align/2/learned_graph_adj.npy
Test:  CI( 0 , 1 | () ) = 0.05028446014393961
Test:  CI( 0 , 2 | () ) = 0.0
Test:  CI( 1 , 2 | () ) = 3.981624985271992e-08
Test:  CI( 0 , 3 | () ) = 0.0
Test:  CI( 1 , 3 | () ) = 1.1448764840826797e-05
Test:  CI( 2 , 3 | () ) = 0.0
Test:  CI( 0 , 4 | () ) = 0.021232286124369004
Test:  CI( 1 , 4 | () ) = 0.04289266401044034
Test:  CI( 2 , 4 | () ) = 0.0001900360856099681
Test:  CI( 3 , 4 | () ) = 0.21281080185071266
Test:  CI( 0 , 5 | () ) = 0.11893677457543084
Test:  CI( 1 , 5 | () ) = 0.09541279150750448
Test:  CI( 2 , 5 | () ) = 0.004111066314314016
Test:  CI( 3 , 5 | () ) = 0.12171382410020493
Test:  CI( 4 , 5 | () ) = 0.0
Test:  CI( 0 , 2 | (1,) ) = 0.0
Test:  CI( 1 , 2 | (0,) ) = 4.0284442448523805e-11
Test:  CI( 0 , 3 | (1,) ) = 0.0
Test:  CI( 0 , 3 | (2,) ) = 0.15875950384128323
Test:  CI( 1 , 3 | (2,) ) = 0.8770139393632999
Test:  CI( 2 , 5 | (4,) ) = 0.6817048878248386
Saved metrics to outputs/experiments/fork_collider_linear_sem_shallow_mlp_align/2/performance_metrics.json
Saved baseline metrics to outputs/experiments/fork_collider_linear_sem_shallow_mlp_align/2/baseline_performance_metrics.json
Saved PAG-vs-PAG metrics to outputs/experiments/fork_collider_linear_sem_shallow_mlp_align/2/pag_vs_pag_metrics.json
Found 2 differences:
  1. Wrong orientation: 2 --- 4 (DAG: directed_ij, PAG: bidirected)
  2. Wrong orientation: 3 --- 4 (DAG: directed_ij, PAG: bidirected)
Found 2 partial orientation differences:
  1. Partial orientation: 0 --- 2 (DAG: directed_ij, PAG: partial_ij)
  2. Partial orientation: 1 --- 2 (DAG: directed_ij, PAG: partial_ij)
Saved edge comparison details to outputs/experiments/fork_collider_linear_sem_shallow_mlp_align/2/edge_comparison.txt
Found 3 differences:
  1. Wrong orientation: 2 --- 3 (DAG: directed_ij, PAG: bidirected)
  2. Wrong orientation: 2 --- 4 (DAG: directed_ij, PAG: bidirected)
  3. Missing: 3 --- 4 (DAG: directed_ij)
Found 2 partial orientation differences:
  1. Partial orientation: 0 --- 2 (DAG: directed_ij, PAG: partial_ij)
  2. Partial orientation: 1 --- 2 (DAG: directed_ij, PAG: partial_ij)
Saved baseline edge comparison details to outputs/experiments/fork_collider_linear_sem_shallow_mlp_align/2/edge_comparison_baseline.txt
Found 2 differences:
  1. Wrong orientation: 2 --- 3 (Reference PAG: bidirected, PAG: directed_ij)
  2. Extra: 3 --- 4 (PAG: bidirected)
Saved PAG-vs-PAG edge comparison details to outputs/experiments/fork_collider_linear_sem_shallow_mlp_align/2/edge_comparison_pag_vs_pag.txt
Saved figure to outputs/experiments/fork_collider_linear_sem_shallow_mlp_align/2/pag_vs_dag.png
Saved baseline figure to outputs/experiments/fork_collider_linear_sem_shallow_mlp_align/2/baseline_pag_vs_dag.png
Saved combined DAG comparison to outputs/experiments/fork_collider_linear_sem_shallow_mlp_align/2/pags_vs_dag.png
Saved PAG-vs-PAG figure to outputs/experiments/fork_collider_linear_sem_shallow_mlp_align/2/pag_vs_pag.png
Saved adjacency matrix to outputs/experiments/fork_collider_linear_sem_shallow_mlp_align/2/learned_graph_adj.npy
Saved baseline adjacency matrix to outputs/experiments/fork_collider_linear_sem_shallow_mlp_align/2/baseline_graph_adj.npy
