=== [Causal Discovery] Fold 5 (5/5) ===
Step: load extraction data
Loading extraction data from: outputs/experiments/layered_sparse_nonlinear_sem_nodes_8_tabular_mlp_align/5/alignment_results.csv
Step: prepare ground-truth data
Running sample_150__baseline_150
Saved metadata to outputs/experiments/layered_sparse_nonlinear_sem_nodes_8_tabular_mlp_align/5/metadata.json
CI(0, 1 | ()) p=0.8047 -> indep=True
CI(0, 2 | ()) p=0.2029 -> indep=True
CI(1, 2 | ()) p=0.6335 -> indep=True
CI(0, 3 | ()) p=7.813e-11 -> indep=False
CI(1, 3 | ()) p=0.02238 -> indep=True
CI(2, 3 | ()) p=0.6768 -> indep=True
CI(0, 4 | ()) p=0.1149 -> indep=True
CI(1, 4 | ()) p=0.00347 -> indep=False
CI(2, 4 | ()) p=0.444 -> indep=True
CI(3, 4 | ()) p=1.9e-06 -> indep=False
CI(0, 5 | ()) p=0.01122 -> indep=True
CI(1, 5 | ()) p=0.056 -> indep=True
CI(2, 5 | ()) p=0.00936 -> indep=False
CI(3, 5 | ()) p=0.04217 -> indep=True
CI(4, 5 | ()) p=1.751e-05 -> indep=False
CI(0, 6 | ()) p=0.005257 -> indep=False
CI(1, 6 | ()) p=0.0524 -> indep=True
CI(2, 6 | ()) p=0.007425 -> indep=False
CI(3, 6 | ()) p=0.02821 -> indep=True
CI(4, 6 | ()) p=6.321e-06 -> indep=False
CI(5, 6 | ()) p=0 -> indep=False
CI(0, 7 | ()) p=0.004757 -> indep=False
CI(1, 7 | ()) p=0.04431 -> indep=True
CI(2, 7 | ()) p=0.004307 -> indep=False
CI(3, 7 | ()) p=0.04695 -> indep=True
CI(4, 7 | ()) p=5.175e-05 -> indep=False
CI(5, 7 | ()) p=0 -> indep=False
CI(6, 7 | ()) p=0 -> indep=False
CI(1, 4 | (3,)) p=0.07023 -> indep=True
CI(2, 5 | (4,)) p=0.1077 -> indep=True
CI(0, 6 | (2,)) p=0.04436 -> indep=True
CI(2, 6 | (4,)) p=0.07641 -> indep=True
CI(4, 6 | (5,)) p=0.185 -> indep=True
CI(0, 7 | (2,)) p=0.045 -> indep=True
CI(2, 7 | (4,)) p=0.05624 -> indep=True
CI(4, 7 | (5,)) p=0.04511 -> indep=True
CI(5, 7 | (6,)) p=0.1709 -> indep=True
Saved adjacency matrix to outputs/experiments/layered_sparse_nonlinear_sem_nodes_8_tabular_mlp_align/5/learned_graph_adj.npy
CI(0, 1 | ()) p=0.7219 -> indep=True
CI(0, 2 | ()) p=0.1796 -> indep=True
CI(1, 2 | ()) p=0.7757 -> indep=True
CI(0, 3 | ()) p=0.0002378 -> indep=False
CI(1, 3 | ()) p=0.06354 -> indep=True
CI(2, 3 | ()) p=0.1408 -> indep=True
CI(0, 4 | ()) p=0.07206 -> indep=True
CI(1, 4 | ()) p=5.519e-05 -> indep=False
CI(2, 4 | ()) p=0.2322 -> indep=True
CI(3, 4 | ()) p=1.207e-07 -> indep=False
CI(0, 5 | ()) p=4.027e-05 -> indep=False
CI(1, 5 | ()) p=0.1189 -> indep=True
CI(2, 5 | ()) p=0.5603 -> indep=True
CI(3, 5 | ()) p=0.003987 -> indep=False
CI(4, 5 | ()) p=0.06279 -> indep=True
CI(0, 6 | ()) p=0.6833 -> indep=True
CI(1, 6 | ()) p=1.665e-15 -> indep=False
CI(2, 6 | ()) p=0.1396 -> indep=True
CI(3, 6 | ()) p=0.07205 -> indep=True
CI(4, 6 | ()) p=0.0001303 -> indep=False
CI(5, 6 | ()) p=0.1286 -> indep=True
CI(0, 7 | ()) p=0.7089 -> indep=True
CI(1, 7 | ()) p=0.7438 -> indep=True
CI(2, 7 | ()) p=0.0002601 -> indep=False
CI(3, 7 | ()) p=0.743 -> indep=True
CI(4, 7 | ()) p=0.009723 -> indep=False
CI(5, 7 | ()) p=0.7576 -> indep=True
CI(6, 7 | ()) p=0.7618 -> indep=True
CI(1, 4 | (3,)) p=0.0003399 -> indep=False
CI(3, 4 | (1,)) p=3.9e-07 -> indep=False
CI(0, 5 | (3,)) p=0.00256 -> indep=False
CI(3, 5 | (0,)) p=0.01096 -> indep=True
CI(1, 6 | (4,)) p=2.014e-10 -> indep=False
CI(4, 6 | (1,)) p=0.0793 -> indep=True
CI(2, 7 | (4,)) p=4.658e-07 -> indep=False
CI(4, 7 | (2,)) p=0.002099 -> indep=False
Saved metrics to outputs/experiments/layered_sparse_nonlinear_sem_nodes_8_tabular_mlp_align/5/performance_metrics.json
Saved baseline metrics to outputs/experiments/layered_sparse_nonlinear_sem_nodes_8_tabular_mlp_align/5/baseline_performance_metrics.json
Saved PAG-vs-PAG metrics to outputs/experiments/layered_sparse_nonlinear_sem_nodes_8_tabular_mlp_align/5/pag_vs_pag_metrics.json
Found 12 differences:
  1. Missing: 0 --- 5 (DAG: directed_ij)
  2. Missing: 1 --- 3 (DAG: directed_ij)
  3. Missing: 1 --- 4 (DAG: directed_ij)
  4. Missing: 1 --- 6 (DAG: directed_ij)
  5. Missing: 2 --- 7 (DAG: directed_ij)
  6. Wrong orientation: 3 --- 4 (DAG: directed_ij, PAG: bidirected)
  7. Missing: 3 --- 5 (DAG: directed_ij)
  8. Extra: 4 --- 5 (PAG: bidirected)
  9. Missing: 4 --- 6 (DAG: directed_ij)
  10. Missing: 4 --- 7 (DAG: directed_ij)
  11. Extra: 5 --- 6 (PAG: directed_ij)
  12. Extra: 6 --- 7 (PAG: directed_ij)
Found 1 partial orientation differences:
  1. Partial orientation: 0 --- 3 (DAG: directed_ij, PAG: partial_ij)
Saved edge comparison details to outputs/experiments/layered_sparse_nonlinear_sem_nodes_8_tabular_mlp_align/5/edge_comparison.txt
Found 5 differences:
  1. Missing: 1 --- 3 (DAG: directed_ij)
  2. Wrong orientation: 3 --- 4 (DAG: directed_ij, PAG: bidirected)
  3. Missing: 3 --- 5 (DAG: directed_ij)
  4. Missing: 4 --- 6 (DAG: directed_ij)
  5. Wrong orientation: 4 --- 7 (DAG: directed_ij, PAG: bidirected)
Found 5 partial orientation differences:
  1. Partial orientation: 0 --- 3 (DAG: directed_ij, PAG: partial_ij)
  2. Partial orientation: 0 --- 5 (DAG: directed_ij, PAG: partial_ij)
  3. Partial orientation: 1 --- 4 (DAG: directed_ij, PAG: partial_ij)
  4. Partial orientation: 1 --- 6 (DAG: directed_ij, PAG: partial_ij)
  5. Partial orientation: 2 --- 7 (DAG: directed_ij, PAG: partial_ij)
Saved baseline edge comparison details to outputs/experiments/layered_sparse_nonlinear_sem_nodes_8_tabular_mlp_align/5/edge_comparison_baseline.txt
Found 8 differences:
  1. Missing: 0 --- 5 (Reference PAG: partial_ij)
  2. Missing: 1 --- 4 (Reference PAG: partial_ij)
  3. Missing: 1 --- 6 (Reference PAG: partial_ij)
  4. Missing: 2 --- 7 (Reference PAG: partial_ij)
  5. Extra: 4 --- 5 (PAG: bidirected)
  6. Missing: 4 --- 7 (Reference PAG: bidirected)
  7. Extra: 5 --- 6 (PAG: directed_ij)
  8. Extra: 6 --- 7 (PAG: directed_ij)
Saved PAG-vs-PAG edge comparison details to outputs/experiments/layered_sparse_nonlinear_sem_nodes_8_tabular_mlp_align/5/edge_comparison_pag_vs_pag.txt
Saved figure to outputs/experiments/layered_sparse_nonlinear_sem_nodes_8_tabular_mlp_align/5/pag_vs_dag.png
Saved baseline figure to outputs/experiments/layered_sparse_nonlinear_sem_nodes_8_tabular_mlp_align/5/baseline_pag_vs_dag.png
Saved combined DAG comparison to outputs/experiments/layered_sparse_nonlinear_sem_nodes_8_tabular_mlp_align/5/pags_vs_dag.png
Saved PAG-vs-PAG figure to outputs/experiments/layered_sparse_nonlinear_sem_nodes_8_tabular_mlp_align/5/pag_vs_pag.png
Saved adjacency matrix to outputs/experiments/layered_sparse_nonlinear_sem_nodes_8_tabular_mlp_align/5/learned_graph_adj.npy
Saved baseline adjacency matrix to outputs/experiments/layered_sparse_nonlinear_sem_nodes_8_tabular_mlp_align/5/baseline_graph_adj.npy
