=== [Causal Discovery] Fold 3 (3/5) ===
Step: load extraction data
Loading extraction data from: outputs/experiments/layered_sparse_linear_sem_tabular_mlp_align/3/alignment_results.csv
Step: prepare ground-truth data
Running sample_150__baseline_150
Saved metadata to outputs/experiments/layered_sparse_linear_sem_tabular_mlp_align/3/metadata.json
Test:  CI( 0 , 1 | () ) = 0.022246639624610598
Test:  CI( 0 , 2 | () ) = 0.0
Test:  CI( 1 , 2 | () ) = 0.0916523831073417
Test:  CI( 0 , 3 | () ) = 0.09234661660397991
Test:  CI( 1 , 3 | () ) = 0.006093865613119753
Test:  CI( 2 , 3 | () ) = 0.2196859953191277
Test:  CI( 0 , 4 | () ) = 0.0
Test:  CI( 1 , 4 | () ) = 2.940838029763526e-06
Test:  CI( 2 , 4 | () ) = 0.0
Test:  CI( 3 , 4 | () ) = 6.661338147750939e-16
Test:  CI( 0 , 5 | () ) = 0.04780616668556581
Test:  CI( 1 , 5 | () ) = 0.09169715832259806
Test:  CI( 2 , 5 | () ) = 0.12317380410469769
Test:  CI( 3 , 5 | () ) = 0.0
Test:  CI( 4 , 5 | () ) = 2.220446049250313e-16
Test:  CI( 0 , 4 | (1,) ) = 0.0
Test:  CI( 0 , 4 | (2,) ) = 2.787846871132871e-07
Test:  CI( 0 , 4 | (3,) ) = 0.0
Test:  CI( 1 , 4 | (0,) ) = 1.2442429459413873e-05
Test:  CI( 1 , 4 | (2,) ) = 0.0
Test:  CI( 1 , 4 | (3,) ) = 0.00018134430083893704
Test:  CI( 2 , 4 | (0,) ) = 5.5761625876060705e-05
Test:  CI( 2 , 4 | (1,) ) = 0.0
Test:  CI( 2 , 4 | (3,) ) = 0.0
Test:  CI( 3 , 4 | (0,) ) = 0.0
Test:  CI( 3 , 4 | (1,) ) = 4.9960036108132044e-14
Test:  CI( 3 , 4 | (2,) ) = 0.0
Test:  CI( 3 , 5 | (4,) ) = 0.0
Test:  CI( 4 , 5 | (3,) ) = 0.2084072098721388
Test:  CI( 0 , 4 | (2, 3) ) = 9.749445695206305e-11
Test:  CI( 1 , 4 | (0, 2) ) = 0.0
Test:  CI( 1 , 4 | (0, 3) ) = 0.00024018066018527406
Test:  CI( 1 , 4 | (2, 3) ) = 0.0
Test:  CI( 2 , 4 | (0, 3) ) = 3.983333662915811e-10
Test:  CI( 3 , 4 | (0, 2) ) = 0.0
Test:  CI( 1 , 4 | (0, 2, 3) ) = 0.0
Saved adjacency matrix to outputs/experiments/layered_sparse_linear_sem_tabular_mlp_align/3/learned_graph_adj.npy
Test:  CI( 0 , 1 | () ) = 0.495258944896114
Test:  CI( 0 , 2 | () ) = 0.0
Test:  CI( 1 , 2 | () ) = 2.3615010460886765e-05
Test:  CI( 0 , 3 | () ) = 2.0502860031967884e-06
Test:  CI( 1 , 3 | () ) = 1.3228449944335807e-06
Test:  CI( 2 , 3 | () ) = 0.0
Test:  CI( 0 , 4 | () ) = 0.0
Test:  CI( 1 , 4 | () ) = 0.5179407134246599
Test:  CI( 2 , 4 | () ) = 0.0
Test:  CI( 3 , 4 | () ) = 7.169820293029261e-13
Test:  CI( 0 , 5 | () ) = 0.0
Test:  CI( 1 , 5 | () ) = 0.0
Test:  CI( 2 , 5 | () ) = 0.0
Test:  CI( 3 , 5 | () ) = 0.0
Test:  CI( 4 , 5 | () ) = 1.9984014443252818e-15
Test:  CI( 0 , 2 | (1,) ) = 0.0
Test:  CI( 1 , 2 | (0,) ) = 1.0775891290393247e-10
Test:  CI( 0 , 3 | (1,) ) = 1.2996399392228852e-06
Test:  CI( 0 , 3 | (2,) ) = 3.0059108535596124e-09
Test:  CI( 1 , 3 | (0,) ) = 8.407182876535302e-07
Test:  CI( 1 , 3 | (2,) ) = 0.008640908119448065
Test:  CI( 2 , 3 | (0,) ) = 0.0
Test:  CI( 2 , 3 | (1,) ) = 0.0
Test:  CI( 0 , 4 | (2,) ) = 0.04302747398886808
Test:  CI( 2 , 4 | (3,) ) = 0.0
Test:  CI( 3 , 4 | (2,) ) = 0.29191944153181515
Test:  CI( 0 , 5 | (1,) ) = 0.0
Test:  CI( 0 , 5 | (2,) ) = 0.00792105138361432
Test:  CI( 0 , 5 | (3,) ) = 5.864198016070077e-13
Test:  CI( 0 , 5 | (4,) ) = 3.2784887831205367e-06
Test:  CI( 1 , 5 | (0,) ) = 0.0
Test:  CI( 1 , 5 | (2,) ) = 0.0
Test:  CI( 1 , 5 | (3,) ) = 2.540190280342358e-13
Test:  CI( 1 , 5 | (4,) ) = 0.0
Test:  CI( 2 , 5 | (0,) ) = 0.0
Test:  CI( 2 , 5 | (1,) ) = 0.0
Test:  CI( 2 , 5 | (3,) ) = 0.0
Test:  CI( 2 , 5 | (4,) ) = 0.0
Test:  CI( 3 , 5 | (0,) ) = 2.220446049250313e-15
Test:  CI( 3 , 5 | (1,) ) = 3.774758283725532e-15
Test:  CI( 3 , 5 | (2,) ) = 0.09834547116780756
Test:  CI( 4 , 5 | (0,) ) = 0.002346051874917876
Test:  CI( 4 , 5 | (1,) ) = 0.0
Test:  CI( 4 , 5 | (2,) ) = 2.3607637029687822e-06
Test:  CI( 0 , 5 | (2, 4) ) = 0.04005188582834651
Test:  CI( 1 , 5 | (2, 4) ) = 0.0
Saved metrics to outputs/experiments/layered_sparse_linear_sem_tabular_mlp_align/3/performance_metrics.json
Saved baseline metrics to outputs/experiments/layered_sparse_linear_sem_tabular_mlp_align/3/baseline_performance_metrics.json
Saved PAG-vs-PAG metrics to outputs/experiments/layered_sparse_linear_sem_tabular_mlp_align/3/pag_vs_pag_metrics.json
Found 10 differences:
  1. Missing: 0 --- 3 (DAG: directed_ij)
  2. Extra: 0 --- 4 (PAG: partial_ij)
  3. Missing: 1 --- 2 (DAG: directed_ij)
  4. Extra: 1 --- 3 (PAG: bidirected)
  5. Wrong orientation: 1 --- 4 (DAG: directed_ij, PAG: bidirected)
  6. Missing: 1 --- 5 (DAG: directed_ij)
  7. Missing: 2 --- 3 (DAG: directed_ij)
  8. Missing: 2 --- 5 (DAG: directed_ij)
  9. Extra: 3 --- 4 (PAG: directed_ij)
  10. Extra: 3 --- 5 (PAG: bidirected)
Found 2 partial orientation differences:
  1. Partial orientation: 0 --- 2 (DAG: directed_ij, PAG: partial_ij)
  2. Partial orientation: 2 --- 4 (DAG: directed_ij, PAG: partial_ij)
Saved edge comparison details to outputs/experiments/layered_sparse_linear_sem_tabular_mlp_align/3/edge_comparison.txt
Found 8 differences:
  1. Wrong orientation: 0 --- 2 (DAG: directed_ij, PAG: bidirected)
  2. Wrong orientation: 0 --- 3 (DAG: directed_ij, PAG: bidirected)
  3. Wrong orientation: 1 --- 2 (DAG: directed_ij, PAG: bidirected)
  4. Extra: 1 --- 3 (PAG: bidirected)
  5. Missing: 1 --- 4 (DAG: directed_ij)
  6. Wrong orientation: 1 --- 5 (DAG: directed_ij, PAG: bidirected)
  7. Wrong orientation: 2 --- 4 (DAG: directed_ij, PAG: bidirected)
  8. Extra: 4 --- 5 (PAG: directed_ij)
Saved baseline edge comparison details to outputs/experiments/layered_sparse_linear_sem_tabular_mlp_align/3/edge_comparison_baseline.txt
Found 10 differences:
  1. Missing: 0 --- 3 (Reference PAG: bidirected)
  2. Extra: 0 --- 4 (PAG: partial_ij)
  3. Missing: 1 --- 2 (Reference PAG: bidirected)
  4. Extra: 1 --- 4 (PAG: bidirected)
  5. Missing: 1 --- 5 (Reference PAG: bidirected)
  6. Missing: 2 --- 3 (Reference PAG: directed_ij)
  7. Missing: 2 --- 5 (Reference PAG: directed_ij)
  8. Extra: 3 --- 4 (PAG: directed_ij)
  9. Extra: 3 --- 5 (PAG: bidirected)
  10. Missing: 4 --- 5 (Reference PAG: directed_ij)
Found 2 partial orientation differences:
  1. Partial orientation: 0 --- 2 (Reference PAG: bidirected, PAG: partial_ij)
  2. Partial orientation: 2 --- 4 (Reference PAG: bidirected, PAG: partial_ij)
Saved PAG-vs-PAG edge comparison details to outputs/experiments/layered_sparse_linear_sem_tabular_mlp_align/3/edge_comparison_pag_vs_pag.txt
Saved figure to outputs/experiments/layered_sparse_linear_sem_tabular_mlp_align/3/pag_vs_dag.png
Saved baseline figure to outputs/experiments/layered_sparse_linear_sem_tabular_mlp_align/3/baseline_pag_vs_dag.png
Saved combined DAG comparison to outputs/experiments/layered_sparse_linear_sem_tabular_mlp_align/3/pags_vs_dag.png
Saved PAG-vs-PAG figure to outputs/experiments/layered_sparse_linear_sem_tabular_mlp_align/3/pag_vs_pag.png
Saved adjacency matrix to outputs/experiments/layered_sparse_linear_sem_tabular_mlp_align/3/learned_graph_adj.npy
Saved baseline adjacency matrix to outputs/experiments/layered_sparse_linear_sem_tabular_mlp_align/3/baseline_graph_adj.npy
