=== [Train] Fold 1 (1/5) ===
Step: set random seed (2)
Step: build datasets
Step: initialize model
Step: training setup (model=ShallowMLP, profile=shallow, control_mode=epochs, epochs=40, target_updates=None)
Step: training
TrnLoss=1.032 ValLoss=1.018 ValR2=-0.006
TrnLoss=0.989 ValLoss=0.987 ValR2=0.025
TrnLoss=0.965 ValLoss=0.973 ValR2=0.039
TrnLoss=0.956 ValLoss=0.968 ValR2=0.044
TrnLoss=0.953 ValLoss=0.966 ValR2=0.046
TrnLoss=0.952 ValLoss=0.965 ValR2=0.046
TrnLoss=0.954 ValLoss=0.964 ValR2=0.047
TrnLoss=0.950 ValLoss=0.965 ValR2=0.047
TrnLoss=0.953 ValLoss=0.963 ValR2=0.048
TrnLoss=0.952 ValLoss=0.964 ValR2=0.048
TrnLoss=0.951 ValLoss=0.963 ValR2=0.048
TrnLoss=0.950 ValLoss=0.963 ValR2=0.048
TrnLoss=0.950 ValLoss=0.964 ValR2=0.048
TrnLoss=0.952 ValLoss=0.963 ValR2=0.049
TrnLoss=0.950 ValLoss=0.963 ValR2=0.049
TrnLoss=0.953 ValLoss=0.963 ValR2=0.049
TrnLoss=0.950 ValLoss=0.963 ValR2=0.049
TrnLoss=0.948 ValLoss=0.963 ValR2=0.049
TrnLoss=0.950 ValLoss=0.962 ValR2=0.049
TrnLoss=0.948 ValLoss=0.962 ValR2=0.049
TrnLoss=0.948 ValLoss=0.962 ValR2=0.050
TrnLoss=0.948 ValLoss=0.962 ValR2=0.049
TrnLoss=0.949 ValLoss=0.961 ValR2=0.050
TrnLoss=0.949 ValLoss=0.962 ValR2=0.050
TrnLoss=0.949 ValLoss=0.962 ValR2=0.050
TrnLoss=0.950 ValLoss=0.962 ValR2=0.050
TrnLoss=0.948 ValLoss=0.962 ValR2=0.050
TrnLoss=0.947 ValLoss=0.962 ValR2=0.050
TrnLoss=0.948 ValLoss=0.962 ValR2=0.050
Early stopping at epoch 29: no validation improvement for 6 epochs (best epoch=23, best val loss=0.961)
 70%|#########1   | 28/40 [00:19<00:08,  1.43ep/s]
Step: evaluate test split
