=== [Causal Discovery] Fold 3 (3/5) ===
Step: load extraction data
Loading extraction data from: outputs/experiments/layered_sparse_linear_sem_nodes_10_tabular_mlp_align/3/alignment_results.csv
Step: prepare ground-truth data
Running sample_150__baseline_150
Saved metadata to outputs/experiments/layered_sparse_linear_sem_nodes_10_tabular_mlp_align/3/metadata.json
Test:  CI( 0 , 1 | () ) = 0.11956880580088702
Test:  CI( 0 , 2 | () ) = 0.9788946559686555
Test:  CI( 1 , 2 | () ) = 0.8928018551346832
Test:  CI( 0 , 3 | () ) = 0.3716638739087048
Test:  CI( 1 , 3 | () ) = 0.5119472121509419
Test:  CI( 2 , 3 | () ) = 0.19916268752560562
Test:  CI( 0 , 4 | () ) = 0.0
Test:  CI( 1 , 4 | () ) = 0.05866873576512632
Test:  CI( 2 , 4 | () ) = 0.6783927375324412
Test:  CI( 3 , 4 | () ) = 0.15802320220374466
Test:  CI( 0 , 5 | () ) = 5.269118474870993e-13
Test:  CI( 1 , 5 | () ) = 6.118572315472193e-11
Test:  CI( 2 , 5 | () ) = 0.48302055458389415
Test:  CI( 3 , 5 | () ) = 0.6394548326452256
Test:  CI( 4 , 5 | () ) = 0.0
Test:  CI( 0 , 6 | () ) = 7.823626795300243e-07
Test:  CI( 1 , 6 | () ) = 5.8828199644977985e-08
Test:  CI( 2 , 6 | () ) = 6.0333624181119205e-06
Test:  CI( 3 , 6 | () ) = 6.699962409228988e-05
Test:  CI( 4 , 6 | () ) = 0.0
Test:  CI( 5 , 6 | () ) = 0.0
Test:  CI( 0 , 7 | () ) = 0.013724953510655169
Test:  CI( 1 , 7 | () ) = 0.12150217413526798
Test:  CI( 2 , 7 | () ) = 0.20435715874973548
Test:  CI( 3 , 7 | () ) = 0.9379831883735945
Test:  CI( 4 , 7 | () ) = 0.016057562410022763
Test:  CI( 5 , 7 | () ) = 0.649512455380322
Test:  CI( 6 , 7 | () ) = 0.22725426945298466
Test:  CI( 0 , 8 | () ) = 0.7211701638381711
Test:  CI( 1 , 8 | () ) = 0.9223060362096482
Test:  CI( 2 , 8 | () ) = 0.0644472079463485
Test:  CI( 3 , 8 | () ) = 0.8703948266343922
Test:  CI( 4 , 8 | () ) = 0.19123493551317194
Test:  CI( 5 , 8 | () ) = 0.28136642866199213
Test:  CI( 6 , 8 | () ) = 0.060101537821007245
Test:  CI( 7 , 8 | () ) = 0.0
Test:  CI( 0 , 9 | () ) = 0.14598984505986579
Test:  CI( 1 , 9 | () ) = 0.00035864973252985877
Test:  CI( 2 , 9 | () ) = 0.845619621797399
Test:  CI( 3 , 9 | () ) = 0.0012131179662406844
Test:  CI( 4 , 9 | () ) = 0.015144667343910179
Test:  CI( 5 , 9 | () ) = 1.890479242350196e-05
Test:  CI( 6 , 9 | () ) = 9.258519757970873e-06
Test:  CI( 7 , 9 | () ) = 2.5512796986149056e-08
Test:  CI( 8 , 9 | () ) = 0.0
Test:  CI( 0 , 5 | (1,) ) = 0.0
Test:  CI( 0 , 5 | (4,) ) = 0.0004599635640705202
Test:  CI( 1 , 5 | (0,) ) = 0.0
Test:  CI( 1 , 5 | (4,) ) = 0.0
Test:  CI( 4 , 5 | (0,) ) = 0.0
Test:  CI( 4 , 5 | (1,) ) = 0.0
Test:  CI( 0 , 6 | (1,) ) = 1.0839351638480821e-10
Test:  CI( 0 , 6 | (2,) ) = 1.1435276969784525e-07
Test:  CI( 0 , 6 | (3,) ) = 2.0983093707016565e-08
Test:  CI( 0 , 6 | (4,) ) = 0.0024058683063530317
Test:  CI( 0 , 6 | (5,) ) = 0.10336622234815351
Test:  CI( 1 , 6 | (2,) ) = 7.443363259085345e-09
Test:  CI( 1 , 6 | (3,) ) = 1.654718584376269e-09
Test:  CI( 1 , 6 | (4,) ) = 3.880320953442151e-08
Test:  CI( 1 , 6 | (5,) ) = 0.8734846013265278
Test:  CI( 2 , 6 | (3,) ) = 1.5756761964969e-05
Test:  CI( 2 , 6 | (4,) ) = 9.641146769823195e-09
Test:  CI( 2 , 6 | (5,) ) = 6.8833827526759706e-15
Test:  CI( 3 , 6 | (2,) ) = 0.00017264325500709887
Test:  CI( 3 , 6 | (4,) ) = 2.3563373474644322e-12
Test:  CI( 3 , 6 | (5,) ) = 0.0
Test:  CI( 4 , 6 | (2,) ) = 0.0
Test:  CI( 4 , 6 | (3,) ) = 0.0
Test:  CI( 4 , 6 | (5,) ) = 0.14366000196089357
Test:  CI( 5 , 6 | (2,) ) = 0.0
Test:  CI( 5 , 6 | (3,) ) = 0.0
Test:  CI( 1 , 9 | (3,) ) = 9.929781644135716e-05
Test:  CI( 1 , 9 | (5,) ) = 0.07641131279410152
Test:  CI( 3 , 9 | (8,) ) = 4.919496836564008e-07
Test:  CI( 3 , 9 | (5,) ) = 0.00029009635148669055
Test:  CI( 3 , 9 | (6,) ) = 0.03998735763865269
Test:  CI( 5 , 9 | (8,) ) = 0.0
Test:  CI( 5 , 9 | (6,) ) = 0.2850286751486708
Test:  CI( 6 , 9 | (8,) ) = 0.0
Test:  CI( 6 , 9 | (7,) ) = 1.4770753065107556e-08
Test:  CI( 7 , 9 | (8,) ) = 0.37042877185040535
Test:  CI( 8 , 9 | (6,) ) = 0.0
Test:  CI( 0 , 5 | (1, 4) ) = 0.6563106147039388
Test:  CI( 1 , 5 | (0, 4) ) = 0.0
Test:  CI( 4 , 5 | (0, 1) ) = 0.0
Test:  CI( 2 , 6 | (3, 5) ) = 0.0
Test:  CI( 3 , 6 | (2, 5) ) = 0.0
Test:  CI( 5 , 6 | (2, 3) ) = 0.0
Saved adjacency matrix to outputs/experiments/layered_sparse_linear_sem_nodes_10_tabular_mlp_align/3/learned_graph_adj.npy
Test:  CI( 0 , 1 | () ) = 0.6342186990676686
Test:  CI( 0 , 2 | () ) = 0.22347145476221497
Test:  CI( 1 , 2 | () ) = 0.377042550042443
Test:  CI( 0 , 3 | () ) = 0.7353778424160464
Test:  CI( 1 , 3 | () ) = 0.1307635216711267
Test:  CI( 2 , 3 | () ) = 0.4365478519736947
Test:  CI( 0 , 4 | () ) = 0.0
Test:  CI( 1 , 4 | () ) = 6.869480306392894e-05
Test:  CI( 2 , 4 | () ) = 0.36429283997091844
Test:  CI( 3 , 4 | () ) = 0.9913959762640236
Test:  CI( 0 , 5 | () ) = 0.0
Test:  CI( 1 , 5 | () ) = 1.1102230246251565e-15
Test:  CI( 2 , 5 | () ) = 0.48925073376921624
Test:  CI( 3 , 5 | () ) = 0.3754017423353435
Test:  CI( 4 , 5 | () ) = 0.0
Test:  CI( 0 , 6 | () ) = 2.4424906541753444e-15
Test:  CI( 1 , 6 | () ) = 3.6279867998700865e-12
Test:  CI( 2 , 6 | () ) = 0.004894335872915656
Test:  CI( 3 , 6 | () ) = 0.008382652182347794
Test:  CI( 4 , 6 | () ) = 0.0
Test:  CI( 5 , 6 | () ) = 0.0
Test:  CI( 0 , 7 | () ) = 0.0
Test:  CI( 1 , 7 | () ) = 0.009719808913265515
Test:  CI( 2 , 7 | () ) = 0.08424458323729955
Test:  CI( 3 , 7 | () ) = 0.6198985876411669
Test:  CI( 4 , 7 | () ) = 0.0
Test:  CI( 5 , 7 | () ) = 0.0
Test:  CI( 6 , 7 | () ) = 0.0
Test:  CI( 0 , 8 | () ) = 1.3322676295501878e-15
Test:  CI( 1 , 8 | () ) = 1.2323475573339238e-13
Test:  CI( 2 , 8 | () ) = 0.0030147198877028547
Test:  CI( 3 , 8 | () ) = 0.10388236896910885
Test:  CI( 4 , 8 | () ) = 0.0
Test:  CI( 5 , 8 | () ) = 0.0
Test:  CI( 6 , 8 | () ) = 0.0
Test:  CI( 7 , 8 | () ) = 0.0
Test:  CI( 0 , 9 | () ) = 1.7933721174756556e-10
Test:  CI( 1 , 9 | () ) = 1.4725167487572577e-06
Test:  CI( 2 , 9 | () ) = 0.014804512305229167
Test:  CI( 3 , 9 | () ) = 1.8710493154827645e-09
Test:  CI( 4 , 9 | () ) = 0.0
Test:  CI( 5 , 9 | () ) = 0.0
Test:  CI( 6 , 9 | () ) = 0.0
Test:  CI( 7 , 9 | () ) = 1.656030867991376e-11
Test:  CI( 8 , 9 | () ) = 4.440892098500626e-16
Test:  CI( 0 , 4 | (1,) ) = 0.0
Test:  CI( 1 , 4 | (0,) ) = 2.8728153189661043e-10
Test:  CI( 0 , 5 | (1,) ) = 0.0
Test:  CI( 0 , 5 | (4,) ) = 0.00972451687459075
Test:  CI( 1 , 5 | (0,) ) = 0.0
Test:  CI( 1 , 5 | (4,) ) = 0.0
Test:  CI( 4 , 5 | (0,) ) = 0.0
Test:  CI( 4 , 5 | (1,) ) = 0.0
Test:  CI( 0 , 6 | (1,) ) = 0.0
Test:  CI( 0 , 6 | (2,) ) = 0.0
Test:  CI( 0 , 6 | (3,) ) = 8.881784197001252e-16
Test:  CI( 0 , 6 | (4,) ) = 0.1388587986256431
Test:  CI( 1 , 6 | (2,) ) = 5.2016169149737834e-12
Test:  CI( 1 , 6 | (3,) ) = 1.6653345369377348e-14
Test:  CI( 1 , 6 | (4,) ) = 3.5912333107290806e-09
Test:  CI( 1 , 6 | (5,) ) = 0.7493483165032684
Test:  CI( 2 , 6 | (3,) ) = 0.0069287540097799916
Test:  CI( 2 , 6 | (4,) ) = 4.374508089100004e-09
Test:  CI( 2 , 6 | (5,) ) = 2.4424906541753444e-15
Test:  CI( 3 , 6 | (2,) ) = 0.01186499983327316
Test:  CI( 4 , 6 | (2,) ) = 0.0
Test:  CI( 4 , 6 | (5,) ) = 0.37284014141838817
Test:  CI( 5 , 6 | (2,) ) = 0.0
Test:  CI( 0 , 7 | (1,) ) = 0.0
Test:  CI( 0 , 7 | (4,) ) = 2.1188828469576038e-11
Test:  CI( 0 , 7 | (5,) ) = 0.0
Test:  CI( 0 , 7 | (6,) ) = 0.0
Test:  CI( 1 , 7 | (0,) ) = 2.6596034345516273e-05
Test:  CI( 1 , 7 | (4,) ) = 0.06827277359317097
Test:  CI( 4 , 7 | (0,) ) = 0.0
Test:  CI( 4 , 7 | (5,) ) = 0.0
Test:  CI( 4 , 7 | (6,) ) = 0.0
Test:  CI( 5 , 7 | (0,) ) = 1.0418466089845424e-10
Test:  CI( 5 , 7 | (4,) ) = 0.2737232551010451
Test:  CI( 6 , 7 | (0,) ) = 1.0503228412117593e-05
Test:  CI( 6 , 7 | (4,) ) = 0.11556043174491881
Test:  CI( 0 , 8 | (1,) ) = 0.0
Test:  CI( 0 , 8 | (2,) ) = 3.1086244689504383e-15
Test:  CI( 0 , 8 | (4,) ) = 0.058679436974603316
Test:  CI( 1 , 8 | (2,) ) = 1.1102230246251565e-15
Test:  CI( 1 , 8 | (4,) ) = 1.4639400802707314e-11
Test:  CI( 1 , 8 | (5,) ) = 0.9472846395308805
Test:  CI( 2 , 8 | (4,) ) = 0.00022598807852736158
Test:  CI( 2 , 8 | (5,) ) = 3.885780586188048e-13
Test:  CI( 2 , 8 | (6,) ) = 0.0
Test:  CI( 2 , 8 | (7,) ) = 0.01503852159083352
Test:  CI( 4 , 8 | (5,) ) = 0.23011495244298552
Test:  CI( 5 , 8 | (6,) ) = 0.0
Test:  CI( 5 , 8 | (7,) ) = 0.0
Test:  CI( 6 , 8 | (5,) ) = 4.9184552652903335e-08
Test:  CI( 6 , 8 | (7,) ) = 3.9745984281580604e-14
Test:  CI( 7 , 8 | (5,) ) = 0.9434758700483146
Test:  CI( 0 , 9 | (1,) ) = 1.780842140419736e-11
Test:  CI( 0 , 9 | (3,) ) = 1.1783907183371412e-12
Test:  CI( 0 , 9 | (4,) ) = 0.39440082198396387
Test:  CI( 1 , 9 | (3,) ) = 7.095524168221345e-11
Test:  CI( 1 , 9 | (4,) ) = 0.0031781653801556953
Test:  CI( 1 , 9 | (5,) ) = 0.583570969547762
Test:  CI( 3 , 9 | (4,) ) = 0.0
Test:  CI( 3 , 9 | (5,) ) = 0.0
Test:  CI( 3 , 9 | (6,) ) = 8.881784197001252e-16
Test:  CI( 3 , 9 | (7,) ) = 3.774758283725532e-14
Test:  CI( 3 , 9 | (8,) ) = 0.0
Test:  CI( 4 , 9 | (3,) ) = 0.0
Test:  CI( 4 , 9 | (5,) ) = 0.17562971962542484
Test:  CI( 5 , 9 | (8,) ) = 2.4646951146678475e-12
Test:  CI( 5 , 9 | (3,) ) = 0.0
Test:  CI( 5 , 9 | (6,) ) = 7.450169267197992e-05
Test:  CI( 5 , 9 | (7,) ) = 3.1308289294429414e-14
Test:  CI( 6 , 9 | (8,) ) = 0.0
Test:  CI( 6 , 9 | (3,) ) = 0.0
Test:  CI( 6 , 9 | (5,) ) = 0.0
Test:  CI( 6 , 9 | (7,) ) = 0.0
Test:  CI( 7 , 9 | (8,) ) = 0.03731668983957137
Test:  CI( 8 , 9 | (3,) ) = 0.0
Test:  CI( 8 , 9 | (5,) ) = 0.0008469123446293025
Test:  CI( 8 , 9 | (6,) ) = 0.0043830172918888355
Test:  CI( 0 , 5 | (1, 4) ) = 0.5940947744730831
Test:  CI( 5 , 9 | (8, 3) ) = 3.9968028886505635e-15
Test:  CI( 6 , 9 | (8, 3) ) = 0.0
Test:  CI( 6 , 9 | (8, 3, 5) ) = 0.0
Saved metrics to outputs/experiments/layered_sparse_linear_sem_nodes_10_tabular_mlp_align/3/performance_metrics.json
Saved baseline metrics to outputs/experiments/layered_sparse_linear_sem_nodes_10_tabular_mlp_align/3/baseline_performance_metrics.json
Saved PAG-vs-PAG metrics to outputs/experiments/layered_sparse_linear_sem_nodes_10_tabular_mlp_align/3/pag_vs_pag_metrics.json
Found 9 differences:
  1. Missing: 0 --- 7 (DAG: directed_ij)
  2. Missing: 1 --- 4 (DAG: directed_ij)
  3. Missing: 2 --- 8 (DAG: directed_ij)
  4. Missing: 3 --- 9 (DAG: directed_ij)
  5. Missing: 4 --- 7 (DAG: directed_ij)
  6. Missing: 5 --- 8 (DAG: directed_ij)
  7. Wrong orientation: 6 --- 9 (DAG: directed_ij, PAG: bidirected)
  8. Extra: 7 --- 8 (PAG: partial_ij)
  9. Extra: 8 --- 9 (PAG: directed_ij)
Found 4 partial orientation differences:
  1. Partial orientation: 0 --- 4 (DAG: directed_ij, PAG: partial_ij)
  2. Partial orientation: 1 --- 5 (DAG: directed_ij, PAG: partial_ij)
  3. Partial orientation: 2 --- 6 (DAG: directed_ij, PAG: partial_ij)
  4. Partial orientation: 3 --- 6 (DAG: directed_ij, PAG: partial_ij)
Saved edge comparison details to outputs/experiments/layered_sparse_linear_sem_nodes_10_tabular_mlp_align/3/edge_comparison.txt
Found 8 differences:
  1. Wrong orientation: 0 --- 4 (DAG: directed_ij, PAG: bidirected)
  2. Wrong orientation: 0 --- 7 (DAG: directed_ij, PAG: bidirected)
  3. Missing: 2 --- 8 (DAG: directed_ij)
  4. Missing: 3 --- 6 (DAG: directed_ij)
  5. Extra: 5 --- 9 (PAG: directed_ij)
  6. Extra: 6 --- 8 (PAG: bidirected)
  7. Wrong orientation: 6 --- 9 (DAG: directed_ij, PAG: bidirected)
  8. Extra: 8 --- 9 (PAG: partial_ij)
Found 3 partial orientation differences:
  1. Partial orientation: 1 --- 4 (DAG: directed_ij, PAG: partial_ij)
  2. Partial orientation: 2 --- 6 (DAG: directed_ij, PAG: partial_ij)
  3. Partial orientation: 3 --- 9 (DAG: directed_ij, PAG: partial_ij)
Saved baseline edge comparison details to outputs/experiments/layered_sparse_linear_sem_nodes_10_tabular_mlp_align/3/edge_comparison_baseline.txt
Found 9 differences:
  1. Missing: 0 --- 7 (Reference PAG: bidirected)
  2. Missing: 1 --- 4 (Reference PAG: partial_ij)
  3. Extra: 3 --- 6 (PAG: partial_ij)
  4. Missing: 3 --- 9 (Reference PAG: partial_ij)
  5. Missing: 4 --- 7 (Reference PAG: directed_ij)
  6. Missing: 5 --- 8 (Reference PAG: directed_ij)
  7. Missing: 5 --- 9 (Reference PAG: directed_ij)
  8. Missing: 6 --- 8 (Reference PAG: bidirected)
  9. Extra: 7 --- 8 (PAG: partial_ij)
Found 3 partial orientation differences:
  1. Partial orientation: 0 --- 4 (Reference PAG: bidirected, PAG: partial_ij)
  2. Partial orientation: 1 --- 5 (Reference PAG: directed_ij, PAG: partial_ij)
  3. Partial orientation: 8 --- 9 (Reference PAG: partial_ij, PAG: directed_ij)
Saved PAG-vs-PAG edge comparison details to outputs/experiments/layered_sparse_linear_sem_nodes_10_tabular_mlp_align/3/edge_comparison_pag_vs_pag.txt
Saved figure to outputs/experiments/layered_sparse_linear_sem_nodes_10_tabular_mlp_align/3/pag_vs_dag.png
Saved baseline figure to outputs/experiments/layered_sparse_linear_sem_nodes_10_tabular_mlp_align/3/baseline_pag_vs_dag.png
Saved combined DAG comparison to outputs/experiments/layered_sparse_linear_sem_nodes_10_tabular_mlp_align/3/pags_vs_dag.png
Saved PAG-vs-PAG figure to outputs/experiments/layered_sparse_linear_sem_nodes_10_tabular_mlp_align/3/pag_vs_pag.png
Saved adjacency matrix to outputs/experiments/layered_sparse_linear_sem_nodes_10_tabular_mlp_align/3/learned_graph_adj.npy
Saved baseline adjacency matrix to outputs/experiments/layered_sparse_linear_sem_nodes_10_tabular_mlp_align/3/baseline_graph_adj.npy
