=== [Train] Fold 3 (3/5) ===
Step: set random seed (4)
Step: build datasets
Step: initialize model
Step: training setup (model=MLPModel, profile=deep, control_mode=epochs, epochs=60, target_updates=None)
Step: training
TrnLoss=0.360 ValLoss=0.285 ValR2=0.729
TrnLoss=0.176 ValLoss=0.145 ValR2=0.862
TrnLoss=0.164 ValLoss=0.138 ValR2=0.869
TrnLoss=0.159 ValLoss=0.136 ValR2=0.871
TrnLoss=0.159 ValLoss=0.136 ValR2=0.871
TrnLoss=0.155 ValLoss=0.134 ValR2=0.873
TrnLoss=0.155 ValLoss=0.135 ValR2=0.872
TrnLoss=0.153 ValLoss=0.134 ValR2=0.872
TrnLoss=0.153 ValLoss=0.135 ValR2=0.872
TrnLoss=0.152 ValLoss=0.134 ValR2=0.873
TrnLoss=0.151 ValLoss=0.134 ValR2=0.873
TrnLoss=0.151 ValLoss=0.135 ValR2=0.872
TrnLoss=0.151 ValLoss=0.134 ValR2=0.872
TrnLoss=0.150 ValLoss=0.135 ValR2=0.872
TrnLoss=0.148 ValLoss=0.135 ValR2=0.872
TrnLoss=0.150 ValLoss=0.134 ValR2=0.873
TrnLoss=0.149 ValLoss=0.134 ValR2=0.873
TrnLoss=0.149 ValLoss=0.134 ValR2=0.873
TrnLoss=0.150 ValLoss=0.134 ValR2=0.873
TrnLoss=0.148 ValLoss=0.135 ValR2=0.872
TrnLoss=0.149 ValLoss=0.134 ValR2=0.873
TrnLoss=0.148 ValLoss=0.134 ValR2=0.873
Early stopping at epoch 22: no validation improvement for 8 epochs (best epoch=10, best val loss=0.134)
 35%|####5        | 21/60 [00:19<00:36,  1.07ep/s]
Step: evaluate test split
