=== [Causal Discovery] Fold 3 (3/5) ===
Step: load extraction data
Loading extraction data from: outputs/experiments/linear_sem_shallow_mlp_align_kci_mismatch_observable_state/3/alignment_results.csv
Step: prepare ground-truth data
Key: (176, 6, 3, 3, 2, 10, 10000, 0.5, 2.0, 0.8, 0.1, 0.1, 1000, 3) - Generating new DAG and data...
Seed: 176, Fold: 3
Running sample_150__baseline_150
Saved metadata to outputs/experiments/linear_sem_shallow_mlp_align_kci_mismatch_observable_state/3/metadata.json
CI(0, 1 | ()) p=1.299e-14 -> indep=False
CI(0, 2 | ()) p=0.3602 -> indep=True
CI(1, 2 | ()) p=0.5168 -> indep=True
CI(0, 3 | ()) p=0 -> indep=False
CI(1, 3 | ()) p=5.218e-14 -> indep=False
CI(2, 3 | ()) p=0.3433 -> indep=True
CI(0, 4 | ()) p=0.0001181 -> indep=False
CI(1, 4 | ()) p=0.004997 -> indep=False
CI(2, 4 | ()) p=0 -> indep=False
CI(3, 4 | ()) p=9.971e-05 -> indep=False
CI(0, 5 | ()) p=0 -> indep=False
CI(1, 5 | ()) p=0 -> indep=False
CI(2, 5 | ()) p=0.5657 -> indep=True
CI(3, 5 | ()) p=0 -> indep=False
CI(4, 5 | ()) p=0.000556 -> indep=False
CI(0, 3 | (1,)) p=0 -> indep=False
CI(1, 3 | (0,)) p=0.007125 -> indep=False
CI(0, 4 | (1,)) p=0.00282 -> indep=False
CI(0, 4 | (2,)) p=0 -> indep=False
CI(0, 4 | (3,)) p=0.1091 -> indep=True
CI(1, 4 | (2,)) p=1.173e-10 -> indep=False
CI(1, 4 | (3,)) p=0.5659 -> indep=True
CI(2, 4 | (3,)) p=0 -> indep=False
CI(3, 4 | (2,)) p=0 -> indep=False
CI(0, 5 | (1,)) p=0 -> indep=False
CI(0, 5 | (3,)) p=0.008827 -> indep=False
CI(0, 5 | (4,)) p=0 -> indep=False
CI(1, 5 | (0,)) p=0 -> indep=False
CI(1, 5 | (3,)) p=0 -> indep=False
CI(1, 5 | (4,)) p=0 -> indep=False
CI(3, 5 | (0,)) p=0.1738 -> indep=True
CI(4, 5 | (0,)) p=0.9181 -> indep=True
Saved adjacency matrix to outputs/experiments/linear_sem_shallow_mlp_align_kci_mismatch_observable_state/3/learned_graph_adj.npy
CI(0, 1 | ()) p=5.662e-15 -> indep=False
CI(0, 2 | ()) p=0.8781 -> indep=True
CI(1, 2 | ()) p=0.3556 -> indep=True
CI(0, 3 | ()) p=0 -> indep=False
CI(1, 3 | ()) p=8.115e-11 -> indep=False
CI(2, 3 | ()) p=0.9455 -> indep=True
CI(0, 4 | ()) p=0.546 -> indep=True
CI(1, 4 | ()) p=0.6243 -> indep=True
CI(2, 4 | ()) p=0 -> indep=False
CI(3, 4 | ()) p=0.4498 -> indep=True
CI(0, 5 | ()) p=0 -> indep=False
CI(1, 5 | ()) p=0 -> indep=False
CI(2, 5 | ()) p=0.8724 -> indep=True
CI(3, 5 | ()) p=0 -> indep=False
CI(4, 5 | ()) p=0.4498 -> indep=True
CI(0, 3 | (1,)) p=0 -> indep=False
CI(1, 3 | (0,)) p=0.8604 -> indep=True
CI(0, 5 | (1,)) p=0 -> indep=False
CI(0, 5 | (3,)) p=0.04727 -> indep=True
CI(1, 5 | (3,)) p=6.619e-11 -> indep=False
CI(3, 5 | (1,)) p=0 -> indep=False
Saved metrics to outputs/experiments/linear_sem_shallow_mlp_align_kci_mismatch_observable_state/3/performance_metrics.json
Saved baseline metrics to outputs/experiments/linear_sem_shallow_mlp_align_kci_mismatch_observable_state/3/baseline_performance_metrics.json
Saved PAG-vs-PAG metrics to outputs/experiments/linear_sem_shallow_mlp_align_kci_mismatch_observable_state/3/pag_vs_pag_metrics.json
Found 5 differences:
  1. Missing: 0 --- 4 (DAG: directed_ij)
  2. Extra: 0 --- 5 (PAG: partial_ij)
  3. Extra: 1 --- 3 (PAG: bidirected)
  4. Wrong orientation: 1 --- 5 (DAG: directed_ij, PAG: bidirected)
  5. Missing: 3 --- 5 (DAG: directed_ij)
Found 3 partial orientation differences:
  1. Partial orientation: 0 --- 1 (DAG: directed_ij, PAG: partial_ij)
  2. Partial orientation: 0 --- 3 (DAG: directed_ij, PAG: partial_ij)
  3. Partial orientation: 2 --- 4 (DAG: directed_ij, PAG: partial_ij)
Saved edge comparison details to outputs/experiments/linear_sem_shallow_mlp_align_kci_mismatch_observable_state/3/edge_comparison.txt
Found 3 differences:
  1. Missing: 0 --- 4 (DAG: directed_ij)
  2. Wrong orientation: 1 --- 5 (DAG: directed_ij, PAG: bidirected)
  3. Missing: 3 --- 4 (DAG: directed_ij)
Found 3 partial orientation differences:
  1. Partial orientation: 0 --- 1 (DAG: directed_ij, PAG: partial_ij)
  2. Partial orientation: 0 --- 3 (DAG: directed_ij, PAG: partial_ij)
  3. Partial orientation: 2 --- 4 (DAG: directed_ij, PAG: partial_ij)
Saved baseline edge comparison details to outputs/experiments/linear_sem_shallow_mlp_align_kci_mismatch_observable_state/3/edge_comparison_baseline.txt
Found 4 differences:
  1. Extra: 0 --- 5 (PAG: partial_ij)
  2. Extra: 1 --- 3 (PAG: bidirected)
  3. Extra: 3 --- 4 (PAG: directed_ij)
  4. Missing: 3 --- 5 (Reference PAG: directed_ij)
Saved PAG-vs-PAG edge comparison details to outputs/experiments/linear_sem_shallow_mlp_align_kci_mismatch_observable_state/3/edge_comparison_pag_vs_pag.txt
Saved figure to outputs/experiments/linear_sem_shallow_mlp_align_kci_mismatch_observable_state/3/pag_vs_dag.png
Saved baseline figure to outputs/experiments/linear_sem_shallow_mlp_align_kci_mismatch_observable_state/3/baseline_pag_vs_dag.png
Saved combined DAG comparison to outputs/experiments/linear_sem_shallow_mlp_align_kci_mismatch_observable_state/3/pags_vs_dag.png
Saved PAG-vs-PAG figure to outputs/experiments/linear_sem_shallow_mlp_align_kci_mismatch_observable_state/3/pag_vs_pag.png
Saved adjacency matrix to outputs/experiments/linear_sem_shallow_mlp_align_kci_mismatch_observable_state/3/learned_graph_adj.npy
Saved baseline adjacency matrix to outputs/experiments/linear_sem_shallow_mlp_align_kci_mismatch_observable_state/3/baseline_graph_adj.npy
