=== [Train] Fold 5 (5/5) ===
Step: set random seed (6)
Step: build datasets
Step: initialize model
Step: training setup (model=ShallowMLP, profile=shallow, control_mode=epochs, epochs=40, target_updates=None)
Step: training
TrnLoss=0.957 ValLoss=0.802 ValR2=0.147
TrnLoss=0.745 ValLoss=0.576 ValR2=0.387
TrnLoss=0.468 ValLoss=0.304 ValR2=0.676
TrnLoss=0.237 ValLoss=0.200 ValR2=0.787
TrnLoss=0.172 ValLoss=0.157 ValR2=0.833
TrnLoss=0.139 ValLoss=0.132 ValR2=0.859
TrnLoss=0.118 ValLoss=0.116 ValR2=0.876
TrnLoss=0.106 ValLoss=0.106 ValR2=0.887
TrnLoss=0.098 ValLoss=0.098 ValR2=0.896
TrnLoss=0.092 ValLoss=0.093 ValR2=0.901
TrnLoss=0.088 ValLoss=0.089 ValR2=0.905
TrnLoss=0.086 ValLoss=0.087 ValR2=0.908
TrnLoss=0.084 ValLoss=0.085 ValR2=0.910
TrnLoss=0.082 ValLoss=0.083 ValR2=0.911
TrnLoss=0.080 ValLoss=0.082 ValR2=0.913
TrnLoss=0.079 ValLoss=0.081 ValR2=0.914
TrnLoss=0.078 ValLoss=0.080 ValR2=0.915
TrnLoss=0.077 ValLoss=0.079 ValR2=0.916
TrnLoss=0.077 ValLoss=0.078 ValR2=0.917
TrnLoss=0.076 ValLoss=0.078 ValR2=0.917
TrnLoss=0.075 ValLoss=0.077 ValR2=0.918
TrnLoss=0.075 ValLoss=0.076 ValR2=0.919
TrnLoss=0.074 ValLoss=0.076 ValR2=0.919
TrnLoss=0.073 ValLoss=0.075 ValR2=0.920
TrnLoss=0.073 ValLoss=0.075 ValR2=0.920
TrnLoss=0.072 ValLoss=0.074 ValR2=0.921
TrnLoss=0.072 ValLoss=0.074 ValR2=0.922
TrnLoss=0.071 ValLoss=0.073 ValR2=0.922
TrnLoss=0.071 ValLoss=0.073 ValR2=0.922
TrnLoss=0.070 ValLoss=0.072 ValR2=0.923
TrnLoss=0.070 ValLoss=0.072 ValR2=0.924
TrnLoss=0.070 ValLoss=0.071 ValR2=0.924
TrnLoss=0.069 ValLoss=0.071 ValR2=0.924
TrnLoss=0.069 ValLoss=0.071 ValR2=0.925
TrnLoss=0.069 ValLoss=0.071 ValR2=0.925
TrnLoss=0.068 ValLoss=0.070 ValR2=0.926
TrnLoss=0.068 ValLoss=0.070 ValR2=0.926
TrnLoss=0.068 ValLoss=0.069 ValR2=0.926
TrnLoss=0.067 ValLoss=0.069 ValR2=0.927
TrnLoss=0.067 ValLoss=0.069 ValR2=0.927
100%|#############| 40/40 [00:19<00:00,  2.02ep/s]
Step: evaluate test split
