[2026-04-24 01:53:36,626][dowhy.causal_model][INFO] - Model to find the causal effect of treatment ['X0'] on outcome ['X1']
[2026-04-24 01:53:36,627][dowhy.causal_identifier.auto_identifier][INFO] - Causal effect can be identified.
[2026-04-24 01:53:36,628][dowhy.causal_identifier.auto_identifier][INFO] - Instrumental variables for treatment and outcome:[]
[2026-04-24 01:53:36,628][dowhy.causal_identifier.auto_identifier][INFO] - Frontdoor variables for treatment and outcome:[]
[2026-04-24 01:53:36,628][dowhy.causal_model][INFO] - linear_regression
[2026-04-24 01:53:36,628][dowhy.causal_estimator][INFO] - INFO: Using Linear Regression Estimator
[2026-04-24 01:53:36,628][dowhy.causal_estimator][INFO] - b: X1~X0
[2026-04-24 01:53:36,636][dowhy.causal_model][INFO] - Model to find the causal effect of treatment ['X0'] on outcome ['X2']
[2026-04-24 01:53:36,636][dowhy.causal_identifier.auto_identifier][WARNING] - No directed path from treatment to outcome. Causal Effect is zero.
[2026-04-24 01:53:36,636][dowhy.causal_model][INFO] - linear_regression
[2026-04-24 01:53:36,636][dowhy.causal_estimator][INFO] - INFO: Using Linear Regression Estimator
[2026-04-24 01:53:36,636][dowhy.causal_estimator][WARNING] - No directed path from ['X0'] to ['X2'].
[2026-04-24 01:53:36,638][dowhy.causal_model][INFO] - Model to find the causal effect of treatment ['X0'] on outcome ['X3']
[2026-04-24 01:53:36,639][dowhy.causal_identifier.auto_identifier][INFO] - Causal effect can be identified.
[2026-04-24 01:53:36,639][dowhy.causal_identifier.auto_identifier][INFO] - Instrumental variables for treatment and outcome:[]
[2026-04-24 01:53:36,639][dowhy.causal_identifier.auto_identifier][INFO] - Frontdoor variables for treatment and outcome:[]
[2026-04-24 01:53:36,639][dowhy.causal_model][INFO] - linear_regression
[2026-04-24 01:53:36,639][dowhy.causal_estimator][INFO] - INFO: Using Linear Regression Estimator
[2026-04-24 01:53:36,639][dowhy.causal_estimator][INFO] - b: X3~X0
[2026-04-24 01:53:36,647][dowhy.causal_model][INFO] - Model to find the causal effect of treatment ['X0'] on outcome ['X4']
[2026-04-24 01:53:36,647][dowhy.causal_identifier.auto_identifier][INFO] - Causal effect can be identified.
[2026-04-24 01:53:36,648][dowhy.causal_identifier.auto_identifier][INFO] - Instrumental variables for treatment and outcome:[]
[2026-04-24 01:53:36,648][dowhy.causal_identifier.auto_identifier][INFO] - Frontdoor variables for treatment and outcome:[]
[2026-04-24 01:53:36,648][dowhy.causal_model][INFO] - linear_regression
[2026-04-24 01:53:36,648][dowhy.causal_estimator][INFO] - INFO: Using Linear Regression Estimator
[2026-04-24 01:53:36,649][dowhy.causal_estimator][INFO] - b: X4~X0+X0*X2
[2026-04-24 01:53:36,657][dowhy.causal_model][INFO] - Model to find the causal effect of treatment ['X0'] on outcome ['X5']
[2026-04-24 01:53:36,658][dowhy.causal_identifier.auto_identifier][INFO] - Causal effect can be identified.
[2026-04-24 01:53:36,658][dowhy.causal_identifier.auto_identifier][INFO] - Instrumental variables for treatment and outcome:[]
[2026-04-24 01:53:36,659][dowhy.causal_identifier.auto_identifier][INFO] - Frontdoor variables for treatment and outcome:['X3', 'X1', 'X4']
[2026-04-24 01:53:36,660][dowhy.causal_identifier.auto_identifier][INFO] - Causal effect can be identified.
[2026-04-24 01:53:36,661][dowhy.causal_identifier.auto_identifier][INFO] - Causal effect can be identified.
[2026-04-24 01:53:36,662][dowhy.causal_model][INFO] - linear_regression
[2026-04-24 01:53:36,662][dowhy.causal_estimator][INFO] - INFO: Using Linear Regression Estimator
[2026-04-24 01:53:36,662][dowhy.causal_estimator][INFO] - b: X5~X0
[2026-04-24 01:53:36,740][dowhy.causal_model][INFO] - Model to find the causal effect of treatment ['X1'] on outcome ['X0']
[2026-04-24 01:53:36,740][dowhy.causal_identifier.auto_identifier][WARNING] - No directed path from treatment to outcome. Causal Effect is zero.
[2026-04-24 01:53:36,741][dowhy.causal_model][INFO] - linear_regression
[2026-04-24 01:53:36,741][dowhy.causal_estimator][INFO] - INFO: Using Linear Regression Estimator
[2026-04-24 01:53:36,741][dowhy.causal_estimator][WARNING] - No directed path from ['X1'] to ['X0'].
[2026-04-24 01:53:36,743][dowhy.causal_model][INFO] - Model to find the causal effect of treatment ['X1'] on outcome ['X2']
[2026-04-24 01:53:36,743][dowhy.causal_identifier.auto_identifier][WARNING] - No directed path from treatment to outcome. Causal Effect is zero.
[2026-04-24 01:53:36,743][dowhy.causal_model][INFO] - linear_regression
[2026-04-24 01:53:36,743][dowhy.causal_estimator][INFO] - INFO: Using Linear Regression Estimator
[2026-04-24 01:53:36,743][dowhy.causal_estimator][WARNING] - No directed path from ['X1'] to ['X2'].
[2026-04-24 01:53:36,747][dowhy.causal_model][INFO] - Model to find the causal effect of treatment ['X1'] on outcome ['X3']
[2026-04-24 01:53:36,747][dowhy.causal_identifier.auto_identifier][WARNING] - No directed path from treatment to outcome. Causal Effect is zero.
[2026-04-24 01:53:36,747][dowhy.causal_model][INFO] - linear_regression
[2026-04-24 01:53:36,747][dowhy.causal_estimator][INFO] - INFO: Using Linear Regression Estimator
[2026-04-24 01:53:36,747][dowhy.causal_estimator][WARNING] - No directed path from ['X1'] to ['X3'].
[2026-04-24 01:53:36,750][dowhy.causal_model][INFO] - Model to find the causal effect of treatment ['X1'] on outcome ['X4']
[2026-04-24 01:53:36,750][dowhy.causal_identifier.auto_identifier][WARNING] - No directed path from treatment to outcome. Causal Effect is zero.
[2026-04-24 01:53:36,750][dowhy.causal_model][INFO] - linear_regression
[2026-04-24 01:53:36,750][dowhy.causal_estimator][INFO] - INFO: Using Linear Regression Estimator
[2026-04-24 01:53:36,750][dowhy.causal_estimator][WARNING] - No directed path from ['X1'] to ['X4'].
[2026-04-24 01:53:36,753][dowhy.causal_model][INFO] - Model to find the causal effect of treatment ['X1'] on outcome ['X5']
[2026-04-24 01:53:36,754][dowhy.causal_identifier.auto_identifier][INFO] - Causal effect can be identified.
[2026-04-24 01:53:36,754][dowhy.causal_identifier.auto_identifier][INFO] - Instrumental variables for treatment and outcome:[]
[2026-04-24 01:53:36,754][dowhy.causal_identifier.auto_identifier][INFO] - Frontdoor variables for treatment and outcome:[]
[2026-04-24 01:53:36,755][dowhy.causal_model][INFO] - linear_regression
[2026-04-24 01:53:36,755][dowhy.causal_estimator][INFO] - INFO: Using Linear Regression Estimator
[2026-04-24 01:53:36,755][dowhy.causal_estimator][INFO] - b: X5~X1+X0+X1*X3
[2026-04-24 01:53:36,831][dowhy.causal_model][INFO] - Model to find the causal effect of treatment ['X2'] on outcome ['X0']
[2026-04-24 01:53:36,831][dowhy.causal_identifier.auto_identifier][WARNING] - No directed path from treatment to outcome. Causal Effect is zero.
[2026-04-24 01:53:36,832][dowhy.causal_model][INFO] - linear_regression
[2026-04-24 01:53:36,832][dowhy.causal_estimator][INFO] - INFO: Using Linear Regression Estimator
[2026-04-24 01:53:36,832][dowhy.causal_estimator][WARNING] - No directed path from ['X2'] to ['X0'].
[2026-04-24 01:53:36,834][dowhy.causal_model][INFO] - Model to find the causal effect of treatment ['X2'] on outcome ['X1']
[2026-04-24 01:53:36,834][dowhy.causal_identifier.auto_identifier][WARNING] - No directed path from treatment to outcome. Causal Effect is zero.
[2026-04-24 01:53:36,834][dowhy.causal_model][INFO] - linear_regression
[2026-04-24 01:53:36,834][dowhy.causal_estimator][INFO] - INFO: Using Linear Regression Estimator
[2026-04-24 01:53:36,834][dowhy.causal_estimator][WARNING] - No directed path from ['X2'] to ['X1'].
[2026-04-24 01:53:36,836][dowhy.causal_model][INFO] - Model to find the causal effect of treatment ['X2'] on outcome ['X3']
[2026-04-24 01:53:36,836][dowhy.causal_identifier.auto_identifier][WARNING] - No directed path from treatment to outcome. Causal Effect is zero.
[2026-04-24 01:53:36,837][dowhy.causal_model][INFO] - linear_regression
[2026-04-24 01:53:36,837][dowhy.causal_estimator][INFO] - INFO: Using Linear Regression Estimator
[2026-04-24 01:53:36,837][dowhy.causal_estimator][WARNING] - No directed path from ['X2'] to ['X3'].
[2026-04-24 01:53:36,839][dowhy.causal_model][INFO] - Model to find the causal effect of treatment ['X2'] on outcome ['X4']
[2026-04-24 01:53:36,840][dowhy.causal_identifier.auto_identifier][INFO] - Causal effect can be identified.
[2026-04-24 01:53:36,841][dowhy.causal_identifier.auto_identifier][INFO] - Instrumental variables for treatment and outcome:[]
[2026-04-24 01:53:36,841][dowhy.causal_identifier.auto_identifier][INFO] - Frontdoor variables for treatment and outcome:[]
[2026-04-24 01:53:36,841][dowhy.causal_model][INFO] - linear_regression
[2026-04-24 01:53:36,841][dowhy.causal_estimator][INFO] - INFO: Using Linear Regression Estimator
[2026-04-24 01:53:36,842][dowhy.causal_estimator][INFO] - b: X4~X2+X2*X0+X2*X3
[2026-04-24 01:53:36,850][dowhy.causal_model][INFO] - Model to find the causal effect of treatment ['X2'] on outcome ['X5']
[2026-04-24 01:53:36,850][dowhy.causal_identifier.auto_identifier][WARNING] - No directed path from treatment to outcome. Causal Effect is zero.
[2026-04-24 01:53:36,850][dowhy.causal_model][INFO] - linear_regression
[2026-04-24 01:53:36,850][dowhy.causal_estimator][INFO] - INFO: Using Linear Regression Estimator
[2026-04-24 01:53:36,850][dowhy.causal_estimator][WARNING] - No directed path from ['X2'] to ['X5'].
[2026-04-24 01:53:36,907][dowhy.causal_model][INFO] - Model to find the causal effect of treatment ['X3'] on outcome ['X0']
[2026-04-24 01:53:36,907][dowhy.causal_identifier.auto_identifier][WARNING] - No directed path from treatment to outcome. Causal Effect is zero.
[2026-04-24 01:53:36,908][dowhy.causal_model][INFO] - linear_regression
[2026-04-24 01:53:36,908][dowhy.causal_estimator][INFO] - INFO: Using Linear Regression Estimator
[2026-04-24 01:53:36,908][dowhy.causal_estimator][WARNING] - No directed path from ['X3'] to ['X0'].
[2026-04-24 01:53:36,910][dowhy.causal_model][INFO] - Model to find the causal effect of treatment ['X3'] on outcome ['X1']
[2026-04-24 01:53:36,910][dowhy.causal_identifier.auto_identifier][WARNING] - No directed path from treatment to outcome. Causal Effect is zero.
[2026-04-24 01:53:36,910][dowhy.causal_model][INFO] - linear_regression
[2026-04-24 01:53:36,910][dowhy.causal_estimator][INFO] - INFO: Using Linear Regression Estimator
[2026-04-24 01:53:36,910][dowhy.causal_estimator][WARNING] - No directed path from ['X3'] to ['X1'].
[2026-04-24 01:53:36,912][dowhy.causal_model][INFO] - Model to find the causal effect of treatment ['X3'] on outcome ['X2']
[2026-04-24 01:53:36,912][dowhy.causal_identifier.auto_identifier][WARNING] - No directed path from treatment to outcome. Causal Effect is zero.
[2026-04-24 01:53:36,912][dowhy.causal_model][INFO] - linear_regression
[2026-04-24 01:53:36,912][dowhy.causal_estimator][INFO] - INFO: Using Linear Regression Estimator
[2026-04-24 01:53:36,912][dowhy.causal_estimator][WARNING] - No directed path from ['X3'] to ['X2'].
[2026-04-24 01:53:36,914][dowhy.causal_model][INFO] - Model to find the causal effect of treatment ['X3'] on outcome ['X4']
[2026-04-24 01:53:36,915][dowhy.causal_identifier.auto_identifier][INFO] - Causal effect can be identified.
[2026-04-24 01:53:36,915][dowhy.causal_identifier.auto_identifier][INFO] - Instrumental variables for treatment and outcome:[]
[2026-04-24 01:53:36,915][dowhy.causal_identifier.auto_identifier][INFO] - Frontdoor variables for treatment and outcome:[]
[2026-04-24 01:53:36,915][dowhy.causal_model][INFO] - linear_regression
[2026-04-24 01:53:36,915][dowhy.causal_estimator][INFO] - INFO: Using Linear Regression Estimator
[2026-04-24 01:53:36,916][dowhy.causal_estimator][INFO] - b: X4~X3+X0+X3*X2
[2026-04-24 01:53:36,926][dowhy.causal_model][INFO] - Model to find the causal effect of treatment ['X3'] on outcome ['X5']
[2026-04-24 01:53:36,927][dowhy.causal_identifier.auto_identifier][INFO] - Causal effect can be identified.
[2026-04-24 01:53:36,927][dowhy.causal_identifier.auto_identifier][INFO] - Instrumental variables for treatment and outcome:[]
[2026-04-24 01:53:36,927][dowhy.causal_identifier.auto_identifier][INFO] - Frontdoor variables for treatment and outcome:[]
[2026-04-24 01:53:36,928][dowhy.causal_model][INFO] - linear_regression
[2026-04-24 01:53:36,928][dowhy.causal_estimator][INFO] - INFO: Using Linear Regression Estimator
[2026-04-24 01:53:36,928][dowhy.causal_estimator][INFO] - b: X5~X3+X0+X3*X1
[2026-04-24 01:53:37,002][dowhy.causal_model][INFO] - Model to find the causal effect of treatment ['X4'] on outcome ['X0']
[2026-04-24 01:53:37,002][dowhy.causal_identifier.auto_identifier][WARNING] - No directed path from treatment to outcome. Causal Effect is zero.
[2026-04-24 01:53:37,002][dowhy.causal_model][INFO] - linear_regression
[2026-04-24 01:53:37,002][dowhy.causal_estimator][INFO] - INFO: Using Linear Regression Estimator
[2026-04-24 01:53:37,002][dowhy.causal_estimator][WARNING] - No directed path from ['X4'] to ['X0'].
[2026-04-24 01:53:37,004][dowhy.causal_model][INFO] - Model to find the causal effect of treatment ['X4'] on outcome ['X1']
[2026-04-24 01:53:37,005][dowhy.causal_identifier.auto_identifier][WARNING] - No directed path from treatment to outcome. Causal Effect is zero.
[2026-04-24 01:53:37,005][dowhy.causal_model][INFO] - linear_regression
[2026-04-24 01:53:37,005][dowhy.causal_estimator][INFO] - INFO: Using Linear Regression Estimator
[2026-04-24 01:53:37,005][dowhy.causal_estimator][WARNING] - No directed path from ['X4'] to ['X1'].
[2026-04-24 01:53:37,007][dowhy.causal_model][INFO] - Model to find the causal effect of treatment ['X4'] on outcome ['X2']
[2026-04-24 01:53:37,007][dowhy.causal_identifier.auto_identifier][WARNING] - No directed path from treatment to outcome. Causal Effect is zero.
[2026-04-24 01:53:37,007][dowhy.causal_model][INFO] - linear_regression
[2026-04-24 01:53:37,007][dowhy.causal_estimator][INFO] - INFO: Using Linear Regression Estimator
[2026-04-24 01:53:37,007][dowhy.causal_estimator][WARNING] - No directed path from ['X4'] to ['X2'].
[2026-04-24 01:53:37,009][dowhy.causal_model][INFO] - Model to find the causal effect of treatment ['X4'] on outcome ['X3']
[2026-04-24 01:53:37,009][dowhy.causal_identifier.auto_identifier][WARNING] - No directed path from treatment to outcome. Causal Effect is zero.
[2026-04-24 01:53:37,010][dowhy.causal_model][INFO] - linear_regression
[2026-04-24 01:53:37,010][dowhy.causal_estimator][INFO] - INFO: Using Linear Regression Estimator
[2026-04-24 01:53:37,010][dowhy.causal_estimator][WARNING] - No directed path from ['X4'] to ['X3'].
[2026-04-24 01:53:37,012][dowhy.causal_model][INFO] - Model to find the causal effect of treatment ['X4'] on outcome ['X5']
[2026-04-24 01:53:37,012][dowhy.causal_identifier.auto_identifier][WARNING] - No directed path from treatment to outcome. Causal Effect is zero.
[2026-04-24 01:53:37,012][dowhy.causal_model][INFO] - linear_regression
[2026-04-24 01:53:37,012][dowhy.causal_estimator][INFO] - INFO: Using Linear Regression Estimator
[2026-04-24 01:53:37,012][dowhy.causal_estimator][WARNING] - No directed path from ['X4'] to ['X5'].
[2026-04-24 01:53:37,076][dowhy.causal_model][INFO] - Model to find the causal effect of treatment ['X5'] on outcome ['X0']
[2026-04-24 01:53:37,076][dowhy.causal_identifier.auto_identifier][WARNING] - No directed path from treatment to outcome. Causal Effect is zero.
[2026-04-24 01:53:37,076][dowhy.causal_model][INFO] - linear_regression
[2026-04-24 01:53:37,076][dowhy.causal_estimator][INFO] - INFO: Using Linear Regression Estimator
[2026-04-24 01:53:37,076][dowhy.causal_estimator][WARNING] - No directed path from ['X5'] to ['X0'].
[2026-04-24 01:53:37,078][dowhy.causal_model][INFO] - Model to find the causal effect of treatment ['X5'] on outcome ['X1']
[2026-04-24 01:53:37,078][dowhy.causal_identifier.auto_identifier][WARNING] - No directed path from treatment to outcome. Causal Effect is zero.
[2026-04-24 01:53:37,078][dowhy.causal_model][INFO] - linear_regression
[2026-04-24 01:53:37,078][dowhy.causal_estimator][INFO] - INFO: Using Linear Regression Estimator
[2026-04-24 01:53:37,078][dowhy.causal_estimator][WARNING] - No directed path from ['X5'] to ['X1'].
[2026-04-24 01:53:37,080][dowhy.causal_model][INFO] - Model to find the causal effect of treatment ['X5'] on outcome ['X2']
[2026-04-24 01:53:37,080][dowhy.causal_identifier.auto_identifier][WARNING] - No directed path from treatment to outcome. Causal Effect is zero.
[2026-04-24 01:53:37,080][dowhy.causal_model][INFO] - linear_regression
[2026-04-24 01:53:37,080][dowhy.causal_estimator][INFO] - INFO: Using Linear Regression Estimator
[2026-04-24 01:53:37,080][dowhy.causal_estimator][WARNING] - No directed path from ['X5'] to ['X2'].
[2026-04-24 01:53:37,082][dowhy.causal_model][INFO] - Model to find the causal effect of treatment ['X5'] on outcome ['X3']
[2026-04-24 01:53:37,082][dowhy.causal_identifier.auto_identifier][WARNING] - No directed path from treatment to outcome. Causal Effect is zero.
[2026-04-24 01:53:37,082][dowhy.causal_model][INFO] - linear_regression
[2026-04-24 01:53:37,082][dowhy.causal_estimator][INFO] - INFO: Using Linear Regression Estimator
[2026-04-24 01:53:37,082][dowhy.causal_estimator][WARNING] - No directed path from ['X5'] to ['X3'].
[2026-04-24 01:53:37,084][dowhy.causal_model][INFO] - Model to find the causal effect of treatment ['X5'] on outcome ['X4']
[2026-04-24 01:53:37,084][dowhy.causal_identifier.auto_identifier][WARNING] - No directed path from treatment to outcome. Causal Effect is zero.
[2026-04-24 01:53:37,084][dowhy.causal_model][INFO] - linear_regression
[2026-04-24 01:53:37,084][dowhy.causal_estimator][INFO] - INFO: Using Linear Regression Estimator
[2026-04-24 01:53:37,084][dowhy.causal_estimator][WARNING] - No directed path from ['X5'] to ['X4'].
[2026-04-24 01:53:37,164][dowhy.causal_model][INFO] - Model to find the causal effect of treatment ['X0'] on outcome ['X1']
[2026-04-24 01:53:37,164][dowhy.causal_identifier.auto_identifier][INFO] - Causal effect can be identified.
[2026-04-24 01:53:37,164][dowhy.causal_identifier.auto_identifier][INFO] - Instrumental variables for treatment and outcome:[]
[2026-04-24 01:53:37,165][dowhy.causal_identifier.auto_identifier][INFO] - Frontdoor variables for treatment and outcome:[]
[2026-04-24 01:53:37,165][dowhy.causal_model][INFO] - linear_regression
[2026-04-24 01:53:37,165][dowhy.causal_estimator][INFO] - INFO: Using Linear Regression Estimator
[2026-04-24 01:53:37,165][dowhy.causal_estimator][INFO] - b: X1~X0
[2026-04-24 01:53:37,172][dowhy.causal_model][INFO] - Model to find the causal effect of treatment ['X0'] on outcome ['X2']
[2026-04-24 01:53:37,172][dowhy.causal_identifier.auto_identifier][WARNING] - No directed path from treatment to outcome. Causal Effect is zero.
[2026-04-24 01:53:37,172][dowhy.causal_model][INFO] - linear_regression
[2026-04-24 01:53:37,172][dowhy.causal_estimator][INFO] - INFO: Using Linear Regression Estimator
[2026-04-24 01:53:37,172][dowhy.causal_estimator][WARNING] - No directed path from ['X0'] to ['X2'].
[2026-04-24 01:53:37,174][dowhy.causal_model][INFO] - Model to find the causal effect of treatment ['X0'] on outcome ['X3']
[2026-04-24 01:53:37,174][dowhy.causal_identifier.auto_identifier][INFO] - Causal effect can be identified.
[2026-04-24 01:53:37,175][dowhy.causal_identifier.auto_identifier][INFO] - Instrumental variables for treatment and outcome:[]
[2026-04-24 01:53:37,175][dowhy.causal_identifier.auto_identifier][INFO] - Frontdoor variables for treatment and outcome:[]
[2026-04-24 01:53:37,175][dowhy.causal_model][INFO] - linear_regression
[2026-04-24 01:53:37,175][dowhy.causal_estimator][INFO] - INFO: Using Linear Regression Estimator
[2026-04-24 01:53:37,175][dowhy.causal_estimator][INFO] - b: X3~X0
[2026-04-24 01:53:37,182][dowhy.causal_model][INFO] - Model to find the causal effect of treatment ['X0'] on outcome ['X4']
[2026-04-24 01:53:37,182][dowhy.causal_identifier.auto_identifier][INFO] - Causal effect can be identified.
[2026-04-24 01:53:37,182][dowhy.causal_identifier.auto_identifier][INFO] - Instrumental variables for treatment and outcome:[]
[2026-04-24 01:53:37,183][dowhy.causal_identifier.auto_identifier][INFO] - Frontdoor variables for treatment and outcome:[]
[2026-04-24 01:53:37,183][dowhy.causal_model][INFO] - linear_regression
[2026-04-24 01:53:37,183][dowhy.causal_estimator][INFO] - INFO: Using Linear Regression Estimator
[2026-04-24 01:53:37,184][dowhy.causal_estimator][INFO] - b: X4~X0+X0*X2
[2026-04-24 01:53:37,192][dowhy.causal_model][INFO] - Model to find the causal effect of treatment ['X0'] on outcome ['X5']
[2026-04-24 01:53:37,192][dowhy.causal_identifier.auto_identifier][INFO] - Causal effect can be identified.
[2026-04-24 01:53:37,193][dowhy.causal_identifier.auto_identifier][INFO] - Instrumental variables for treatment and outcome:[]
[2026-04-24 01:53:37,193][dowhy.causal_identifier.auto_identifier][INFO] - Frontdoor variables for treatment and outcome:['X3', 'X1', 'X4']
[2026-04-24 01:53:37,194][dowhy.causal_identifier.auto_identifier][INFO] - Causal effect can be identified.
[2026-04-24 01:53:37,195][dowhy.causal_identifier.auto_identifier][INFO] - Causal effect can be identified.
[2026-04-24 01:53:37,196][dowhy.causal_model][INFO] - linear_regression
[2026-04-24 01:53:37,196][dowhy.causal_estimator][INFO] - INFO: Using Linear Regression Estimator
[2026-04-24 01:53:37,196][dowhy.causal_estimator][INFO] - b: X5~X0
[2026-04-24 01:53:37,274][dowhy.causal_model][INFO] - Model to find the causal effect of treatment ['X1'] on outcome ['X0']
[2026-04-24 01:53:37,274][dowhy.causal_identifier.auto_identifier][WARNING] - No directed path from treatment to outcome. Causal Effect is zero.
[2026-04-24 01:53:37,274][dowhy.causal_model][INFO] - linear_regression
[2026-04-24 01:53:37,275][dowhy.causal_estimator][INFO] - INFO: Using Linear Regression Estimator
[2026-04-24 01:53:37,275][dowhy.causal_estimator][WARNING] - No directed path from ['X1'] to ['X0'].
[2026-04-24 01:53:37,277][dowhy.causal_model][INFO] - Model to find the causal effect of treatment ['X1'] on outcome ['X2']
[2026-04-24 01:53:37,277][dowhy.causal_identifier.auto_identifier][WARNING] - No directed path from treatment to outcome. Causal Effect is zero.
[2026-04-24 01:53:37,277][dowhy.causal_model][INFO] - linear_regression
[2026-04-24 01:53:37,277][dowhy.causal_estimator][INFO] - INFO: Using Linear Regression Estimator
[2026-04-24 01:53:37,277][dowhy.causal_estimator][WARNING] - No directed path from ['X1'] to ['X2'].
[2026-04-24 01:53:37,279][dowhy.causal_model][INFO] - Model to find the causal effect of treatment ['X1'] on outcome ['X3']
[2026-04-24 01:53:37,279][dowhy.causal_identifier.auto_identifier][WARNING] - No directed path from treatment to outcome. Causal Effect is zero.
[2026-04-24 01:53:37,280][dowhy.causal_model][INFO] - linear_regression
[2026-04-24 01:53:37,280][dowhy.causal_estimator][INFO] - INFO: Using Linear Regression Estimator
[2026-04-24 01:53:37,280][dowhy.causal_estimator][WARNING] - No directed path from ['X1'] to ['X3'].
[2026-04-24 01:53:37,281][dowhy.causal_model][INFO] - Model to find the causal effect of treatment ['X1'] on outcome ['X4']
[2026-04-24 01:53:37,281][dowhy.causal_identifier.auto_identifier][WARNING] - No directed path from treatment to outcome. Causal Effect is zero.
[2026-04-24 01:53:37,281][dowhy.causal_model][INFO] - linear_regression
[2026-04-24 01:53:37,281][dowhy.causal_estimator][INFO] - INFO: Using Linear Regression Estimator
[2026-04-24 01:53:37,282][dowhy.causal_estimator][WARNING] - No directed path from ['X1'] to ['X4'].
[2026-04-24 01:53:37,283][dowhy.causal_model][INFO] - Model to find the causal effect of treatment ['X1'] on outcome ['X5']
[2026-04-24 01:53:37,284][dowhy.causal_identifier.auto_identifier][INFO] - Causal effect can be identified.
[2026-04-24 01:53:37,285][dowhy.causal_identifier.auto_identifier][INFO] - Instrumental variables for treatment and outcome:[]
[2026-04-24 01:53:37,285][dowhy.causal_identifier.auto_identifier][INFO] - Frontdoor variables for treatment and outcome:[]
[2026-04-24 01:53:37,285][dowhy.causal_model][INFO] - linear_regression
[2026-04-24 01:53:37,285][dowhy.causal_estimator][INFO] - INFO: Using Linear Regression Estimator
[2026-04-24 01:53:37,286][dowhy.causal_estimator][INFO] - b: X5~X1+X0+X1*X3
[2026-04-24 01:53:37,365][dowhy.causal_model][INFO] - Model to find the causal effect of treatment ['X2'] on outcome ['X0']
[2026-04-24 01:53:37,365][dowhy.causal_identifier.auto_identifier][WARNING] - No directed path from treatment to outcome. Causal Effect is zero.
[2026-04-24 01:53:37,366][dowhy.causal_model][INFO] - linear_regression
[2026-04-24 01:53:37,366][dowhy.causal_estimator][INFO] - INFO: Using Linear Regression Estimator
[2026-04-24 01:53:37,366][dowhy.causal_estimator][WARNING] - No directed path from ['X2'] to ['X0'].
[2026-04-24 01:53:37,368][dowhy.causal_model][INFO] - Model to find the causal effect of treatment ['X2'] on outcome ['X1']
[2026-04-24 01:53:37,368][dowhy.causal_identifier.auto_identifier][WARNING] - No directed path from treatment to outcome. Causal Effect is zero.
[2026-04-24 01:53:37,368][dowhy.causal_model][INFO] - linear_regression
[2026-04-24 01:53:37,368][dowhy.causal_estimator][INFO] - INFO: Using Linear Regression Estimator
[2026-04-24 01:53:37,368][dowhy.causal_estimator][WARNING] - No directed path from ['X2'] to ['X1'].
[2026-04-24 01:53:37,370][dowhy.causal_model][INFO] - Model to find the causal effect of treatment ['X2'] on outcome ['X3']
[2026-04-24 01:53:37,370][dowhy.causal_identifier.auto_identifier][WARNING] - No directed path from treatment to outcome. Causal Effect is zero.
[2026-04-24 01:53:37,370][dowhy.causal_model][INFO] - linear_regression
[2026-04-24 01:53:37,370][dowhy.causal_estimator][INFO] - INFO: Using Linear Regression Estimator
[2026-04-24 01:53:37,370][dowhy.causal_estimator][WARNING] - No directed path from ['X2'] to ['X3'].
[2026-04-24 01:53:37,372][dowhy.causal_model][INFO] - Model to find the causal effect of treatment ['X2'] on outcome ['X4']
[2026-04-24 01:53:37,373][dowhy.causal_identifier.auto_identifier][INFO] - Causal effect can be identified.
[2026-04-24 01:53:37,374][dowhy.causal_identifier.auto_identifier][INFO] - Instrumental variables for treatment and outcome:[]
[2026-04-24 01:53:37,374][dowhy.causal_identifier.auto_identifier][INFO] - Frontdoor variables for treatment and outcome:[]
[2026-04-24 01:53:37,374][dowhy.causal_model][INFO] - linear_regression
[2026-04-24 01:53:37,374][dowhy.causal_estimator][INFO] - INFO: Using Linear Regression Estimator
[2026-04-24 01:53:37,375][dowhy.causal_estimator][INFO] - b: X4~X2+X2*X0+X2*X3
[2026-04-24 01:53:37,383][dowhy.causal_model][INFO] - Model to find the causal effect of treatment ['X2'] on outcome ['X5']
[2026-04-24 01:53:37,383][dowhy.causal_identifier.auto_identifier][WARNING] - No directed path from treatment to outcome. Causal Effect is zero.
[2026-04-24 01:53:37,384][dowhy.causal_model][INFO] - linear_regression
[2026-04-24 01:53:37,384][dowhy.causal_estimator][INFO] - INFO: Using Linear Regression Estimator
[2026-04-24 01:53:37,384][dowhy.causal_estimator][WARNING] - No directed path from ['X2'] to ['X5'].
[2026-04-24 01:53:37,533][dowhy.causal_model][INFO] - Model to find the causal effect of treatment ['X3'] on outcome ['X0']
[2026-04-24 01:53:37,533][dowhy.causal_identifier.auto_identifier][WARNING] - No directed path from treatment to outcome. Causal Effect is zero.
[2026-04-24 01:53:37,533][dowhy.causal_model][INFO] - linear_regression
[2026-04-24 01:53:37,533][dowhy.causal_estimator][INFO] - INFO: Using Linear Regression Estimator
[2026-04-24 01:53:37,533][dowhy.causal_estimator][WARNING] - No directed path from ['X3'] to ['X0'].
[2026-04-24 01:53:37,535][dowhy.causal_model][INFO] - Model to find the causal effect of treatment ['X3'] on outcome ['X1']
[2026-04-24 01:53:37,535][dowhy.causal_identifier.auto_identifier][WARNING] - No directed path from treatment to outcome. Causal Effect is zero.
[2026-04-24 01:53:37,535][dowhy.causal_model][INFO] - linear_regression
[2026-04-24 01:53:37,535][dowhy.causal_estimator][INFO] - INFO: Using Linear Regression Estimator
[2026-04-24 01:53:37,535][dowhy.causal_estimator][WARNING] - No directed path from ['X3'] to ['X1'].
[2026-04-24 01:53:37,537][dowhy.causal_model][INFO] - Model to find the causal effect of treatment ['X3'] on outcome ['X2']
[2026-04-24 01:53:37,537][dowhy.causal_identifier.auto_identifier][WARNING] - No directed path from treatment to outcome. Causal Effect is zero.
[2026-04-24 01:53:37,537][dowhy.causal_model][INFO] - linear_regression
[2026-04-24 01:53:37,537][dowhy.causal_estimator][INFO] - INFO: Using Linear Regression Estimator
[2026-04-24 01:53:37,537][dowhy.causal_estimator][WARNING] - No directed path from ['X3'] to ['X2'].
[2026-04-24 01:53:37,540][dowhy.causal_model][INFO] - Model to find the causal effect of treatment ['X3'] on outcome ['X4']
[2026-04-24 01:53:37,540][dowhy.causal_identifier.auto_identifier][INFO] - Causal effect can be identified.
[2026-04-24 01:53:37,541][dowhy.causal_identifier.auto_identifier][INFO] - Instrumental variables for treatment and outcome:[]
[2026-04-24 01:53:37,541][dowhy.causal_identifier.auto_identifier][INFO] - Frontdoor variables for treatment and outcome:[]
[2026-04-24 01:53:37,541][dowhy.causal_model][INFO] - linear_regression
[2026-04-24 01:53:37,541][dowhy.causal_estimator][INFO] - INFO: Using Linear Regression Estimator
[2026-04-24 01:53:37,542][dowhy.causal_estimator][INFO] - b: X4~X3+X0+X3*X2
[2026-04-24 01:53:37,551][dowhy.causal_model][INFO] - Model to find the causal effect of treatment ['X3'] on outcome ['X5']
[2026-04-24 01:53:37,552][dowhy.causal_identifier.auto_identifier][INFO] - Causal effect can be identified.
[2026-04-24 01:53:37,553][dowhy.causal_identifier.auto_identifier][INFO] - Instrumental variables for treatment and outcome:[]
[2026-04-24 01:53:37,553][dowhy.causal_identifier.auto_identifier][INFO] - Frontdoor variables for treatment and outcome:[]
[2026-04-24 01:53:37,553][dowhy.causal_model][INFO] - linear_regression
[2026-04-24 01:53:37,553][dowhy.causal_estimator][INFO] - INFO: Using Linear Regression Estimator
[2026-04-24 01:53:37,553][dowhy.causal_estimator][INFO] - b: X5~X3+X0+X3*X1
[2026-04-24 01:53:37,622][dowhy.causal_model][INFO] - Model to find the causal effect of treatment ['X4'] on outcome ['X0']
[2026-04-24 01:53:37,622][dowhy.causal_identifier.auto_identifier][WARNING] - No directed path from treatment to outcome. Causal Effect is zero.
[2026-04-24 01:53:37,622][dowhy.causal_model][INFO] - linear_regression
[2026-04-24 01:53:37,622][dowhy.causal_estimator][INFO] - INFO: Using Linear Regression Estimator
[2026-04-24 01:53:37,622][dowhy.causal_estimator][WARNING] - No directed path from ['X4'] to ['X0'].
[2026-04-24 01:53:37,624][dowhy.causal_model][INFO] - Model to find the causal effect of treatment ['X4'] on outcome ['X1']
[2026-04-24 01:53:37,624][dowhy.causal_identifier.auto_identifier][WARNING] - No directed path from treatment to outcome. Causal Effect is zero.
[2026-04-24 01:53:37,624][dowhy.causal_model][INFO] - linear_regression
[2026-04-24 01:53:37,624][dowhy.causal_estimator][INFO] - INFO: Using Linear Regression Estimator
[2026-04-24 01:53:37,624][dowhy.causal_estimator][WARNING] - No directed path from ['X4'] to ['X1'].
[2026-04-24 01:53:37,626][dowhy.causal_model][INFO] - Model to find the causal effect of treatment ['X4'] on outcome ['X2']
[2026-04-24 01:53:37,626][dowhy.causal_identifier.auto_identifier][WARNING] - No directed path from treatment to outcome. Causal Effect is zero.
[2026-04-24 01:53:37,626][dowhy.causal_model][INFO] - linear_regression
[2026-04-24 01:53:37,626][dowhy.causal_estimator][INFO] - INFO: Using Linear Regression Estimator
[2026-04-24 01:53:37,626][dowhy.causal_estimator][WARNING] - No directed path from ['X4'] to ['X2'].
[2026-04-24 01:53:37,628][dowhy.causal_model][INFO] - Model to find the causal effect of treatment ['X4'] on outcome ['X3']
[2026-04-24 01:53:37,628][dowhy.causal_identifier.auto_identifier][WARNING] - No directed path from treatment to outcome. Causal Effect is zero.
[2026-04-24 01:53:37,628][dowhy.causal_model][INFO] - linear_regression
[2026-04-24 01:53:37,628][dowhy.causal_estimator][INFO] - INFO: Using Linear Regression Estimator
[2026-04-24 01:53:37,628][dowhy.causal_estimator][WARNING] - No directed path from ['X4'] to ['X3'].
[2026-04-24 01:53:37,630][dowhy.causal_model][INFO] - Model to find the causal effect of treatment ['X4'] on outcome ['X5']
[2026-04-24 01:53:37,630][dowhy.causal_identifier.auto_identifier][WARNING] - No directed path from treatment to outcome. Causal Effect is zero.
[2026-04-24 01:53:37,630][dowhy.causal_model][INFO] - linear_regression
[2026-04-24 01:53:37,630][dowhy.causal_estimator][INFO] - INFO: Using Linear Regression Estimator
[2026-04-24 01:53:37,630][dowhy.causal_estimator][WARNING] - No directed path from ['X4'] to ['X5'].
[2026-04-24 01:53:37,683][dowhy.causal_model][INFO] - Model to find the causal effect of treatment ['X5'] on outcome ['X0']
[2026-04-24 01:53:37,683][dowhy.causal_identifier.auto_identifier][WARNING] - No directed path from treatment to outcome. Causal Effect is zero.
[2026-04-24 01:53:37,683][dowhy.causal_model][INFO] - linear_regression
[2026-04-24 01:53:37,683][dowhy.causal_estimator][INFO] - INFO: Using Linear Regression Estimator
[2026-04-24 01:53:37,683][dowhy.causal_estimator][WARNING] - No directed path from ['X5'] to ['X0'].
[2026-04-24 01:53:37,685][dowhy.causal_model][INFO] - Model to find the causal effect of treatment ['X5'] on outcome ['X1']
[2026-04-24 01:53:37,685][dowhy.causal_identifier.auto_identifier][WARNING] - No directed path from treatment to outcome. Causal Effect is zero.
[2026-04-24 01:53:37,685][dowhy.causal_model][INFO] - linear_regression
[2026-04-24 01:53:37,685][dowhy.causal_estimator][INFO] - INFO: Using Linear Regression Estimator
[2026-04-24 01:53:37,685][dowhy.causal_estimator][WARNING] - No directed path from ['X5'] to ['X1'].
[2026-04-24 01:53:37,687][dowhy.causal_model][INFO] - Model to find the causal effect of treatment ['X5'] on outcome ['X2']
[2026-04-24 01:53:37,687][dowhy.causal_identifier.auto_identifier][WARNING] - No directed path from treatment to outcome. Causal Effect is zero.
[2026-04-24 01:53:37,687][dowhy.causal_model][INFO] - linear_regression
[2026-04-24 01:53:37,687][dowhy.causal_estimator][INFO] - INFO: Using Linear Regression Estimator
[2026-04-24 01:53:37,687][dowhy.causal_estimator][WARNING] - No directed path from ['X5'] to ['X2'].
[2026-04-24 01:53:37,689][dowhy.causal_model][INFO] - Model to find the causal effect of treatment ['X5'] on outcome ['X3']
[2026-04-24 01:53:37,689][dowhy.causal_identifier.auto_identifier][WARNING] - No directed path from treatment to outcome. Causal Effect is zero.
[2026-04-24 01:53:37,689][dowhy.causal_model][INFO] - linear_regression
[2026-04-24 01:53:37,689][dowhy.causal_estimator][INFO] - INFO: Using Linear Regression Estimator
[2026-04-24 01:53:37,689][dowhy.causal_estimator][WARNING] - No directed path from ['X5'] to ['X3'].
[2026-04-24 01:53:37,691][dowhy.causal_model][INFO] - Model to find the causal effect of treatment ['X5'] on outcome ['X4']
[2026-04-24 01:53:37,691][dowhy.causal_identifier.auto_identifier][WARNING] - No directed path from treatment to outcome. Causal Effect is zero.
[2026-04-24 01:53:37,691][dowhy.causal_model][INFO] - linear_regression
[2026-04-24 01:53:37,691][dowhy.causal_estimator][INFO] - INFO: Using Linear Regression Estimator
[2026-04-24 01:53:37,691][dowhy.causal_estimator][WARNING] - No directed path from ['X5'] to ['X4'].
[2026-04-24 01:53:37,774][dowhy.causal_model][INFO] - Model to find the causal effect of treatment ['X0'] on outcome ['X1']
[2026-04-24 01:53:37,775][dowhy.causal_identifier.auto_identifier][INFO] - Causal effect can be identified.
[2026-04-24 01:53:37,775][dowhy.causal_identifier.auto_identifier][INFO] - Instrumental variables for treatment and outcome:[]
[2026-04-24 01:53:37,775][dowhy.causal_identifier.auto_identifier][INFO] - Frontdoor variables for treatment and outcome:[]
[2026-04-24 01:53:37,775][dowhy.causal_model][INFO] - linear_regression
[2026-04-24 01:53:37,775][dowhy.causal_estimator][INFO] - INFO: Using Linear Regression Estimator
[2026-04-24 01:53:37,776][dowhy.causal_estimator][INFO] - b: X1~X0
[2026-04-24 01:53:37,783][dowhy.causal_model][INFO] - Model to find the causal effect of treatment ['X0'] on outcome ['X2']
[2026-04-24 01:53:37,783][dowhy.causal_identifier.auto_identifier][WARNING] - No directed path from treatment to outcome. Causal Effect is zero.
[2026-04-24 01:53:37,783][dowhy.causal_model][INFO] - linear_regression
[2026-04-24 01:53:37,783][dowhy.causal_estimator][INFO] - INFO: Using Linear Regression Estimator
[2026-04-24 01:53:37,783][dowhy.causal_estimator][WARNING] - No directed path from ['X0'] to ['X2'].
[2026-04-24 01:53:37,785][dowhy.causal_model][INFO] - Model to find the causal effect of treatment ['X0'] on outcome ['X3']
[2026-04-24 01:53:37,786][dowhy.causal_identifier.auto_identifier][INFO] - Causal effect can be identified.
[2026-04-24 01:53:37,786][dowhy.causal_identifier.auto_identifier][INFO] - Instrumental variables for treatment and outcome:[]
[2026-04-24 01:53:37,786][dowhy.causal_identifier.auto_identifier][INFO] - Frontdoor variables for treatment and outcome:[]
[2026-04-24 01:53:37,786][dowhy.causal_model][INFO] - linear_regression
[2026-04-24 01:53:37,786][dowhy.causal_estimator][INFO] - INFO: Using Linear Regression Estimator
[2026-04-24 01:53:37,786][dowhy.causal_estimator][INFO] - b: X3~X0
[2026-04-24 01:53:37,793][dowhy.causal_model][INFO] - Model to find the causal effect of treatment ['X0'] on outcome ['X4']
[2026-04-24 01:53:37,793][dowhy.causal_identifier.auto_identifier][INFO] - Causal effect can be identified.
[2026-04-24 01:53:37,794][dowhy.causal_identifier.auto_identifier][INFO] - Instrumental variables for treatment and outcome:[]
[2026-04-24 01:53:37,794][dowhy.causal_identifier.auto_identifier][INFO] - Frontdoor variables for treatment and outcome:[]
[2026-04-24 01:53:37,795][dowhy.causal_model][INFO] - linear_regression
[2026-04-24 01:53:37,795][dowhy.causal_estimator][INFO] - INFO: Using Linear Regression Estimator
[2026-04-24 01:53:37,795][dowhy.causal_estimator][INFO] - b: X4~X0+X0*X2
[2026-04-24 01:53:37,805][dowhy.causal_model][INFO] - Model to find the causal effect of treatment ['X0'] on outcome ['X5']
[2026-04-24 01:53:37,805][dowhy.causal_identifier.auto_identifier][INFO] - Causal effect can be identified.
[2026-04-24 01:53:37,806][dowhy.causal_identifier.auto_identifier][INFO] - Instrumental variables for treatment and outcome:[]
[2026-04-24 01:53:37,807][dowhy.causal_identifier.auto_identifier][INFO] - Frontdoor variables for treatment and outcome:['X3', 'X1', 'X4']
[2026-04-24 01:53:37,807][dowhy.causal_identifier.auto_identifier][INFO] - Causal effect can be identified.
[2026-04-24 01:53:37,808][dowhy.causal_identifier.auto_identifier][INFO] - Causal effect can be identified.
[2026-04-24 01:53:37,809][dowhy.causal_model][INFO] - linear_regression
[2026-04-24 01:53:37,809][dowhy.causal_estimator][INFO] - INFO: Using Linear Regression Estimator
[2026-04-24 01:53:37,809][dowhy.causal_estimator][INFO] - b: X5~X0
[2026-04-24 01:53:37,882][dowhy.causal_model][INFO] - Model to find the causal effect of treatment ['X1'] on outcome ['X0']
[2026-04-24 01:53:37,882][dowhy.causal_identifier.auto_identifier][WARNING] - No directed path from treatment to outcome. Causal Effect is zero.
[2026-04-24 01:53:37,883][dowhy.causal_model][INFO] - linear_regression
[2026-04-24 01:53:37,883][dowhy.causal_estimator][INFO] - INFO: Using Linear Regression Estimator
[2026-04-24 01:53:37,883][dowhy.causal_estimator][WARNING] - No directed path from ['X1'] to ['X0'].
[2026-04-24 01:53:37,885][dowhy.causal_model][INFO] - Model to find the causal effect of treatment ['X1'] on outcome ['X2']
[2026-04-24 01:53:37,885][dowhy.causal_identifier.auto_identifier][WARNING] - No directed path from treatment to outcome. Causal Effect is zero.
[2026-04-24 01:53:37,885][dowhy.causal_model][INFO] - linear_regression
[2026-04-24 01:53:37,885][dowhy.causal_estimator][INFO] - INFO: Using Linear Regression Estimator
[2026-04-24 01:53:37,885][dowhy.causal_estimator][WARNING] - No directed path from ['X1'] to ['X2'].
[2026-04-24 01:53:37,887][dowhy.causal_model][INFO] - Model to find the causal effect of treatment ['X1'] on outcome ['X3']
[2026-04-24 01:53:37,887][dowhy.causal_identifier.auto_identifier][WARNING] - No directed path from treatment to outcome. Causal Effect is zero.
[2026-04-24 01:53:37,887][dowhy.causal_model][INFO] - linear_regression
[2026-04-24 01:53:37,887][dowhy.causal_estimator][INFO] - INFO: Using Linear Regression Estimator
[2026-04-24 01:53:37,887][dowhy.causal_estimator][WARNING] - No directed path from ['X1'] to ['X3'].
[2026-04-24 01:53:37,889][dowhy.causal_model][INFO] - Model to find the causal effect of treatment ['X1'] on outcome ['X4']
[2026-04-24 01:53:37,889][dowhy.causal_identifier.auto_identifier][WARNING] - No directed path from treatment to outcome. Causal Effect is zero.
[2026-04-24 01:53:37,889][dowhy.causal_model][INFO] - linear_regression
[2026-04-24 01:53:37,889][dowhy.causal_estimator][INFO] - INFO: Using Linear Regression Estimator
[2026-04-24 01:53:37,889][dowhy.causal_estimator][WARNING] - No directed path from ['X1'] to ['X4'].
[2026-04-24 01:53:37,891][dowhy.causal_model][INFO] - Model to find the causal effect of treatment ['X1'] on outcome ['X5']
[2026-04-24 01:53:37,892][dowhy.causal_identifier.auto_identifier][INFO] - Causal effect can be identified.
[2026-04-24 01:53:37,892][dowhy.causal_identifier.auto_identifier][INFO] - Instrumental variables for treatment and outcome:[]
[2026-04-24 01:53:37,892][dowhy.causal_identifier.auto_identifier][INFO] - Frontdoor variables for treatment and outcome:[]
[2026-04-24 01:53:37,892][dowhy.causal_model][INFO] - linear_regression
[2026-04-24 01:53:37,892][dowhy.causal_estimator][INFO] - INFO: Using Linear Regression Estimator
[2026-04-24 01:53:37,893][dowhy.causal_estimator][INFO] - b: X5~X1+X0+X1*X3
[2026-04-24 01:53:37,959][dowhy.causal_model][INFO] - Model to find the causal effect of treatment ['X2'] on outcome ['X0']
[2026-04-24 01:53:37,959][dowhy.causal_identifier.auto_identifier][WARNING] - No directed path from treatment to outcome. Causal Effect is zero.
[2026-04-24 01:53:37,959][dowhy.causal_model][INFO] - linear_regression
[2026-04-24 01:53:37,959][dowhy.causal_estimator][INFO] - INFO: Using Linear Regression Estimator
[2026-04-24 01:53:37,960][dowhy.causal_estimator][WARNING] - No directed path from ['X2'] to ['X0'].
[2026-04-24 01:53:37,961][dowhy.causal_model][INFO] - Model to find the causal effect of treatment ['X2'] on outcome ['X1']
[2026-04-24 01:53:37,961][dowhy.causal_identifier.auto_identifier][WARNING] - No directed path from treatment to outcome. Causal Effect is zero.
[2026-04-24 01:53:37,962][dowhy.causal_model][INFO] - linear_regression
[2026-04-24 01:53:37,962][dowhy.causal_estimator][INFO] - INFO: Using Linear Regression Estimator
[2026-04-24 01:53:37,962][dowhy.causal_estimator][WARNING] - No directed path from ['X2'] to ['X1'].
[2026-04-24 01:53:37,963][dowhy.causal_model][INFO] - Model to find the causal effect of treatment ['X2'] on outcome ['X3']
[2026-04-24 01:53:37,963][dowhy.causal_identifier.auto_identifier][WARNING] - No directed path from treatment to outcome. Causal Effect is zero.
[2026-04-24 01:53:37,963][dowhy.causal_model][INFO] - linear_regression
[2026-04-24 01:53:37,963][dowhy.causal_estimator][INFO] - INFO: Using Linear Regression Estimator
[2026-04-24 01:53:37,964][dowhy.causal_estimator][WARNING] - No directed path from ['X2'] to ['X3'].
[2026-04-24 01:53:37,965][dowhy.causal_model][INFO] - Model to find the causal effect of treatment ['X2'] on outcome ['X4']
[2026-04-24 01:53:37,966][dowhy.causal_identifier.auto_identifier][INFO] - Causal effect can be identified.
[2026-04-24 01:53:37,967][dowhy.causal_identifier.auto_identifier][INFO] - Instrumental variables for treatment and outcome:[]
[2026-04-24 01:53:37,967][dowhy.causal_identifier.auto_identifier][INFO] - Frontdoor variables for treatment and outcome:[]
[2026-04-24 01:53:37,968][dowhy.causal_model][INFO] - linear_regression
[2026-04-24 01:53:37,968][dowhy.causal_estimator][INFO] - INFO: Using Linear Regression Estimator
[2026-04-24 01:53:37,968][dowhy.causal_estimator][INFO] - b: X4~X2+X2*X0+X2*X3
[2026-04-24 01:53:37,977][dowhy.causal_model][INFO] - Model to find the causal effect of treatment ['X2'] on outcome ['X5']
[2026-04-24 01:53:37,977][dowhy.causal_identifier.auto_identifier][WARNING] - No directed path from treatment to outcome. Causal Effect is zero.
[2026-04-24 01:53:37,977][dowhy.causal_model][INFO] - linear_regression
[2026-04-24 01:53:37,977][dowhy.causal_estimator][INFO] - INFO: Using Linear Regression Estimator
[2026-04-24 01:53:37,977][dowhy.causal_estimator][WARNING] - No directed path from ['X2'] to ['X5'].
[2026-04-24 01:53:38,051][dowhy.causal_model][INFO] - Model to find the causal effect of treatment ['X3'] on outcome ['X0']
[2026-04-24 01:53:38,052][dowhy.causal_identifier.auto_identifier][WARNING] - No directed path from treatment to outcome. Causal Effect is zero.
[2026-04-24 01:53:38,052][dowhy.causal_model][INFO] - linear_regression
[2026-04-24 01:53:38,052][dowhy.causal_estimator][INFO] - INFO: Using Linear Regression Estimator
[2026-04-24 01:53:38,052][dowhy.causal_estimator][WARNING] - No directed path from ['X3'] to ['X0'].
[2026-04-24 01:53:38,054][dowhy.causal_model][INFO] - Model to find the causal effect of treatment ['X3'] on outcome ['X1']
[2026-04-24 01:53:38,054][dowhy.causal_identifier.auto_identifier][WARNING] - No directed path from treatment to outcome. Causal Effect is zero.
[2026-04-24 01:53:38,054][dowhy.causal_model][INFO] - linear_regression
[2026-04-24 01:53:38,054][dowhy.causal_estimator][INFO] - INFO: Using Linear Regression Estimator
[2026-04-24 01:53:38,054][dowhy.causal_estimator][WARNING] - No directed path from ['X3'] to ['X1'].
[2026-04-24 01:53:38,057][dowhy.causal_model][INFO] - Model to find the causal effect of treatment ['X3'] on outcome ['X2']
[2026-04-24 01:53:38,057][dowhy.causal_identifier.auto_identifier][WARNING] - No directed path from treatment to outcome. Causal Effect is zero.
[2026-04-24 01:53:38,057][dowhy.causal_model][INFO] - linear_regression
[2026-04-24 01:53:38,057][dowhy.causal_estimator][INFO] - INFO: Using Linear Regression Estimator
[2026-04-24 01:53:38,057][dowhy.causal_estimator][WARNING] - No directed path from ['X3'] to ['X2'].
[2026-04-24 01:53:38,059][dowhy.causal_model][INFO] - Model to find the causal effect of treatment ['X3'] on outcome ['X4']
[2026-04-24 01:53:38,060][dowhy.causal_identifier.auto_identifier][INFO] - Causal effect can be identified.
[2026-04-24 01:53:38,060][dowhy.causal_identifier.auto_identifier][INFO] - Instrumental variables for treatment and outcome:[]
[2026-04-24 01:53:38,060][dowhy.causal_identifier.auto_identifier][INFO] - Frontdoor variables for treatment and outcome:[]
[2026-04-24 01:53:38,060][dowhy.causal_model][INFO] - linear_regression
[2026-04-24 01:53:38,060][dowhy.causal_estimator][INFO] - INFO: Using Linear Regression Estimator
[2026-04-24 01:53:38,061][dowhy.causal_estimator][INFO] - b: X4~X3+X0+X3*X2
[2026-04-24 01:53:38,071][dowhy.causal_model][INFO] - Model to find the causal effect of treatment ['X3'] on outcome ['X5']
[2026-04-24 01:53:38,072][dowhy.causal_identifier.auto_identifier][INFO] - Causal effect can be identified.
[2026-04-24 01:53:38,073][dowhy.causal_identifier.auto_identifier][INFO] - Instrumental variables for treatment and outcome:[]
[2026-04-24 01:53:38,073][dowhy.causal_identifier.auto_identifier][INFO] - Frontdoor variables for treatment and outcome:[]
[2026-04-24 01:53:38,073][dowhy.causal_model][INFO] - linear_regression
[2026-04-24 01:53:38,073][dowhy.causal_estimator][INFO] - INFO: Using Linear Regression Estimator
[2026-04-24 01:53:38,074][dowhy.causal_estimator][INFO] - b: X5~X3+X0+X3*X1
[2026-04-24 01:53:38,142][dowhy.causal_model][INFO] - Model to find the causal effect of treatment ['X4'] on outcome ['X0']
[2026-04-24 01:53:38,142][dowhy.causal_identifier.auto_identifier][WARNING] - No directed path from treatment to outcome. Causal Effect is zero.
[2026-04-24 01:53:38,142][dowhy.causal_model][INFO] - linear_regression
[2026-04-24 01:53:38,142][dowhy.causal_estimator][INFO] - INFO: Using Linear Regression Estimator
[2026-04-24 01:53:38,142][dowhy.causal_estimator][WARNING] - No directed path from ['X4'] to ['X0'].
[2026-04-24 01:53:38,144][dowhy.causal_model][INFO] - Model to find the causal effect of treatment ['X4'] on outcome ['X1']
[2026-04-24 01:53:38,144][dowhy.causal_identifier.auto_identifier][WARNING] - No directed path from treatment to outcome. Causal Effect is zero.
[2026-04-24 01:53:38,144][dowhy.causal_model][INFO] - linear_regression
[2026-04-24 01:53:38,144][dowhy.causal_estimator][INFO] - INFO: Using Linear Regression Estimator
[2026-04-24 01:53:38,144][dowhy.causal_estimator][WARNING] - No directed path from ['X4'] to ['X1'].
[2026-04-24 01:53:38,146][dowhy.causal_model][INFO] - Model to find the causal effect of treatment ['X4'] on outcome ['X2']
[2026-04-24 01:53:38,146][dowhy.causal_identifier.auto_identifier][WARNING] - No directed path from treatment to outcome. Causal Effect is zero.
[2026-04-24 01:53:38,146][dowhy.causal_model][INFO] - linear_regression
[2026-04-24 01:53:38,146][dowhy.causal_estimator][INFO] - INFO: Using Linear Regression Estimator
[2026-04-24 01:53:38,146][dowhy.causal_estimator][WARNING] - No directed path from ['X4'] to ['X2'].
[2026-04-24 01:53:38,148][dowhy.causal_model][INFO] - Model to find the causal effect of treatment ['X4'] on outcome ['X3']
[2026-04-24 01:53:38,148][dowhy.causal_identifier.auto_identifier][WARNING] - No directed path from treatment to outcome. Causal Effect is zero.
[2026-04-24 01:53:38,149][dowhy.causal_model][INFO] - linear_regression
[2026-04-24 01:53:38,149][dowhy.causal_estimator][INFO] - INFO: Using Linear Regression Estimator
[2026-04-24 01:53:38,149][dowhy.causal_estimator][WARNING] - No directed path from ['X4'] to ['X3'].
[2026-04-24 01:53:38,150][dowhy.causal_model][INFO] - Model to find the causal effect of treatment ['X4'] on outcome ['X5']
[2026-04-24 01:53:38,151][dowhy.causal_identifier.auto_identifier][WARNING] - No directed path from treatment to outcome. Causal Effect is zero.
[2026-04-24 01:53:38,151][dowhy.causal_model][INFO] - linear_regression
[2026-04-24 01:53:38,151][dowhy.causal_estimator][INFO] - INFO: Using Linear Regression Estimator
[2026-04-24 01:53:38,151][dowhy.causal_estimator][WARNING] - No directed path from ['X4'] to ['X5'].
[2026-04-24 01:53:38,214][dowhy.causal_model][INFO] - Model to find the causal effect of treatment ['X5'] on outcome ['X0']
[2026-04-24 01:53:38,214][dowhy.causal_identifier.auto_identifier][WARNING] - No directed path from treatment to outcome. Causal Effect is zero.
[2026-04-24 01:53:38,214][dowhy.causal_model][INFO] - linear_regression
[2026-04-24 01:53:38,214][dowhy.causal_estimator][INFO] - INFO: Using Linear Regression Estimator
[2026-04-24 01:53:38,214][dowhy.causal_estimator][WARNING] - No directed path from ['X5'] to ['X0'].
[2026-04-24 01:53:38,216][dowhy.causal_model][INFO] - Model to find the causal effect of treatment ['X5'] on outcome ['X1']
[2026-04-24 01:53:38,217][dowhy.causal_identifier.auto_identifier][WARNING] - No directed path from treatment to outcome. Causal Effect is zero.
[2026-04-24 01:53:38,217][dowhy.causal_model][INFO] - linear_regression
[2026-04-24 01:53:38,217][dowhy.causal_estimator][INFO] - INFO: Using Linear Regression Estimator
[2026-04-24 01:53:38,217][dowhy.causal_estimator][WARNING] - No directed path from ['X5'] to ['X1'].
[2026-04-24 01:53:38,219][dowhy.causal_model][INFO] - Model to find the causal effect of treatment ['X5'] on outcome ['X2']
[2026-04-24 01:53:38,219][dowhy.causal_identifier.auto_identifier][WARNING] - No directed path from treatment to outcome. Causal Effect is zero.
[2026-04-24 01:53:38,219][dowhy.causal_model][INFO] - linear_regression
[2026-04-24 01:53:38,219][dowhy.causal_estimator][INFO] - INFO: Using Linear Regression Estimator
[2026-04-24 01:53:38,219][dowhy.causal_estimator][WARNING] - No directed path from ['X5'] to ['X2'].
[2026-04-24 01:53:38,221][dowhy.causal_model][INFO] - Model to find the causal effect of treatment ['X5'] on outcome ['X3']
[2026-04-24 01:53:38,221][dowhy.causal_identifier.auto_identifier][WARNING] - No directed path from treatment to outcome. Causal Effect is zero.
[2026-04-24 01:53:38,221][dowhy.causal_model][INFO] - linear_regression
[2026-04-24 01:53:38,221][dowhy.causal_estimator][INFO] - INFO: Using Linear Regression Estimator
[2026-04-24 01:53:38,221][dowhy.causal_estimator][WARNING] - No directed path from ['X5'] to ['X3'].
[2026-04-24 01:53:38,223][dowhy.causal_model][INFO] - Model to find the causal effect of treatment ['X5'] on outcome ['X4']
[2026-04-24 01:53:38,224][dowhy.causal_identifier.auto_identifier][WARNING] - No directed path from treatment to outcome. Causal Effect is zero.
[2026-04-24 01:53:38,224][dowhy.causal_model][INFO] - linear_regression
[2026-04-24 01:53:38,224][dowhy.causal_estimator][INFO] - INFO: Using Linear Regression Estimator
[2026-04-24 01:53:38,224][dowhy.causal_estimator][WARNING] - No directed path from ['X5'] to ['X4'].
[2026-04-24 01:53:38,320][dowhy.causal_model][INFO] - Model to find the causal effect of treatment ['X0'] on outcome ['X1']
[2026-04-24 01:53:38,320][dowhy.causal_identifier.auto_identifier][INFO] - Causal effect can be identified.
[2026-04-24 01:53:38,321][dowhy.causal_identifier.auto_identifier][INFO] - Instrumental variables for treatment and outcome:[]
[2026-04-24 01:53:38,321][dowhy.causal_identifier.auto_identifier][INFO] - Frontdoor variables for treatment and outcome:[]
[2026-04-24 01:53:38,321][dowhy.causal_model][INFO] - linear_regression
[2026-04-24 01:53:38,321][dowhy.causal_estimator][INFO] - INFO: Using Linear Regression Estimator
[2026-04-24 01:53:38,321][dowhy.causal_estimator][INFO] - b: X1~X0
[2026-04-24 01:53:38,328][dowhy.causal_model][INFO] - Model to find the causal effect of treatment ['X0'] on outcome ['X2']
[2026-04-24 01:53:38,328][dowhy.causal_identifier.auto_identifier][WARNING] - No directed path from treatment to outcome. Causal Effect is zero.
[2026-04-24 01:53:38,329][dowhy.causal_model][INFO] - linear_regression
[2026-04-24 01:53:38,329][dowhy.causal_estimator][INFO] - INFO: Using Linear Regression Estimator
[2026-04-24 01:53:38,329][dowhy.causal_estimator][WARNING] - No directed path from ['X0'] to ['X2'].
[2026-04-24 01:53:38,331][dowhy.causal_model][INFO] - Model to find the causal effect of treatment ['X0'] on outcome ['X3']
[2026-04-24 01:53:38,332][dowhy.causal_identifier.auto_identifier][INFO] - Causal effect can be identified.
[2026-04-24 01:53:38,332][dowhy.causal_identifier.auto_identifier][INFO] - Instrumental variables for treatment and outcome:[]
[2026-04-24 01:53:38,332][dowhy.causal_identifier.auto_identifier][INFO] - Frontdoor variables for treatment and outcome:[]
[2026-04-24 01:53:38,332][dowhy.causal_model][INFO] - linear_regression
[2026-04-24 01:53:38,333][dowhy.causal_estimator][INFO] - INFO: Using Linear Regression Estimator
[2026-04-24 01:53:38,333][dowhy.causal_estimator][INFO] - b: X3~X0
[2026-04-24 01:53:38,339][dowhy.causal_model][INFO] - Model to find the causal effect of treatment ['X0'] on outcome ['X4']
[2026-04-24 01:53:38,339][dowhy.causal_identifier.auto_identifier][INFO] - Causal effect can be identified.
[2026-04-24 01:53:38,340][dowhy.causal_identifier.auto_identifier][INFO] - Instrumental variables for treatment and outcome:[]
[2026-04-24 01:53:38,340][dowhy.causal_identifier.auto_identifier][INFO] - Frontdoor variables for treatment and outcome:[]
[2026-04-24 01:53:38,341][dowhy.causal_model][INFO] - linear_regression
[2026-04-24 01:53:38,341][dowhy.causal_estimator][INFO] - INFO: Using Linear Regression Estimator
[2026-04-24 01:53:38,341][dowhy.causal_estimator][INFO] - b: X4~X0+X0*X2
[2026-04-24 01:53:38,350][dowhy.causal_model][INFO] - Model to find the causal effect of treatment ['X0'] on outcome ['X5']
[2026-04-24 01:53:38,350][dowhy.causal_identifier.auto_identifier][INFO] - Causal effect can be identified.
[2026-04-24 01:53:38,350][dowhy.causal_identifier.auto_identifier][INFO] - Instrumental variables for treatment and outcome:[]
[2026-04-24 01:53:38,351][dowhy.causal_identifier.auto_identifier][INFO] - Frontdoor variables for treatment and outcome:['X3', 'X1', 'X4']
[2026-04-24 01:53:38,352][dowhy.causal_identifier.auto_identifier][INFO] - Causal effect can be identified.
[2026-04-24 01:53:38,353][dowhy.causal_identifier.auto_identifier][INFO] - Causal effect can be identified.
[2026-04-24 01:53:38,354][dowhy.causal_model][INFO] - linear_regression
[2026-04-24 01:53:38,354][dowhy.causal_estimator][INFO] - INFO: Using Linear Regression Estimator
[2026-04-24 01:53:38,354][dowhy.causal_estimator][INFO] - b: X5~X0
[2026-04-24 01:53:38,431][dowhy.causal_model][INFO] - Model to find the causal effect of treatment ['X1'] on outcome ['X0']
[2026-04-24 01:53:38,431][dowhy.causal_identifier.auto_identifier][WARNING] - No directed path from treatment to outcome. Causal Effect is zero.
[2026-04-24 01:53:38,431][dowhy.causal_model][INFO] - linear_regression
[2026-04-24 01:53:38,432][dowhy.causal_estimator][INFO] - INFO: Using Linear Regression Estimator
[2026-04-24 01:53:38,432][dowhy.causal_estimator][WARNING] - No directed path from ['X1'] to ['X0'].
[2026-04-24 01:53:38,434][dowhy.causal_model][INFO] - Model to find the causal effect of treatment ['X1'] on outcome ['X2']
[2026-04-24 01:53:38,434][dowhy.causal_identifier.auto_identifier][WARNING] - No directed path from treatment to outcome. Causal Effect is zero.
[2026-04-24 01:53:38,434][dowhy.causal_model][INFO] - linear_regression
[2026-04-24 01:53:38,434][dowhy.causal_estimator][INFO] - INFO: Using Linear Regression Estimator
[2026-04-24 01:53:38,434][dowhy.causal_estimator][WARNING] - No directed path from ['X1'] to ['X2'].
[2026-04-24 01:53:38,436][dowhy.causal_model][INFO] - Model to find the causal effect of treatment ['X1'] on outcome ['X3']
[2026-04-24 01:53:38,437][dowhy.causal_identifier.auto_identifier][WARNING] - No directed path from treatment to outcome. Causal Effect is zero.
[2026-04-24 01:53:38,437][dowhy.causal_model][INFO] - linear_regression
[2026-04-24 01:53:38,437][dowhy.causal_estimator][INFO] - INFO: Using Linear Regression Estimator
[2026-04-24 01:53:38,437][dowhy.causal_estimator][WARNING] - No directed path from ['X1'] to ['X3'].
[2026-04-24 01:53:38,439][dowhy.causal_model][INFO] - Model to find the causal effect of treatment ['X1'] on outcome ['X4']
[2026-04-24 01:53:38,439][dowhy.causal_identifier.auto_identifier][WARNING] - No directed path from treatment to outcome. Causal Effect is zero.
[2026-04-24 01:53:38,439][dowhy.causal_model][INFO] - linear_regression
[2026-04-24 01:53:38,439][dowhy.causal_estimator][INFO] - INFO: Using Linear Regression Estimator
[2026-04-24 01:53:38,439][dowhy.causal_estimator][WARNING] - No directed path from ['X1'] to ['X4'].
[2026-04-24 01:53:38,441][dowhy.causal_model][INFO] - Model to find the causal effect of treatment ['X1'] on outcome ['X5']
[2026-04-24 01:53:38,442][dowhy.causal_identifier.auto_identifier][INFO] - Causal effect can be identified.
[2026-04-24 01:53:38,443][dowhy.causal_identifier.auto_identifier][INFO] - Instrumental variables for treatment and outcome:[]
[2026-04-24 01:53:38,443][dowhy.causal_identifier.auto_identifier][INFO] - Frontdoor variables for treatment and outcome:[]
[2026-04-24 01:53:38,443][dowhy.causal_model][INFO] - linear_regression
[2026-04-24 01:53:38,443][dowhy.causal_estimator][INFO] - INFO: Using Linear Regression Estimator
[2026-04-24 01:53:38,444][dowhy.causal_estimator][INFO] - b: X5~X1+X0+X1*X3
[2026-04-24 01:53:38,532][dowhy.causal_model][INFO] - Model to find the causal effect of treatment ['X2'] on outcome ['X0']
[2026-04-24 01:53:38,532][dowhy.causal_identifier.auto_identifier][WARNING] - No directed path from treatment to outcome. Causal Effect is zero.
[2026-04-24 01:53:38,533][dowhy.causal_model][INFO] - linear_regression
[2026-04-24 01:53:38,533][dowhy.causal_estimator][INFO] - INFO: Using Linear Regression Estimator
[2026-04-24 01:53:38,533][dowhy.causal_estimator][WARNING] - No directed path from ['X2'] to ['X0'].
[2026-04-24 01:53:38,535][dowhy.causal_model][INFO] - Model to find the causal effect of treatment ['X2'] on outcome ['X1']
[2026-04-24 01:53:38,535][dowhy.causal_identifier.auto_identifier][WARNING] - No directed path from treatment to outcome. Causal Effect is zero.
[2026-04-24 01:53:38,535][dowhy.causal_model][INFO] - linear_regression
[2026-04-24 01:53:38,535][dowhy.causal_estimator][INFO] - INFO: Using Linear Regression Estimator
[2026-04-24 01:53:38,535][dowhy.causal_estimator][WARNING] - No directed path from ['X2'] to ['X1'].
[2026-04-24 01:53:38,537][dowhy.causal_model][INFO] - Model to find the causal effect of treatment ['X2'] on outcome ['X3']
[2026-04-24 01:53:38,537][dowhy.causal_identifier.auto_identifier][WARNING] - No directed path from treatment to outcome. Causal Effect is zero.
[2026-04-24 01:53:38,537][dowhy.causal_model][INFO] - linear_regression
[2026-04-24 01:53:38,537][dowhy.causal_estimator][INFO] - INFO: Using Linear Regression Estimator
[2026-04-24 01:53:38,537][dowhy.causal_estimator][WARNING] - No directed path from ['X2'] to ['X3'].
[2026-04-24 01:53:38,539][dowhy.causal_model][INFO] - Model to find the causal effect of treatment ['X2'] on outcome ['X4']
[2026-04-24 01:53:38,540][dowhy.causal_identifier.auto_identifier][INFO] - Causal effect can be identified.
[2026-04-24 01:53:38,541][dowhy.causal_identifier.auto_identifier][INFO] - Instrumental variables for treatment and outcome:[]
[2026-04-24 01:53:38,541][dowhy.causal_identifier.auto_identifier][INFO] - Frontdoor variables for treatment and outcome:[]
[2026-04-24 01:53:38,542][dowhy.causal_model][INFO] - linear_regression
[2026-04-24 01:53:38,542][dowhy.causal_estimator][INFO] - INFO: Using Linear Regression Estimator
[2026-04-24 01:53:38,542][dowhy.causal_estimator][INFO] - b: X4~X2+X2*X0+X2*X3
[2026-04-24 01:53:38,551][dowhy.causal_model][INFO] - Model to find the causal effect of treatment ['X2'] on outcome ['X5']
[2026-04-24 01:53:38,551][dowhy.causal_identifier.auto_identifier][WARNING] - No directed path from treatment to outcome. Causal Effect is zero.
[2026-04-24 01:53:38,551][dowhy.causal_model][INFO] - linear_regression
[2026-04-24 01:53:38,551][dowhy.causal_estimator][INFO] - INFO: Using Linear Regression Estimator
[2026-04-24 01:53:38,551][dowhy.causal_estimator][WARNING] - No directed path from ['X2'] to ['X5'].
[2026-04-24 01:53:38,608][dowhy.causal_model][INFO] - Model to find the causal effect of treatment ['X3'] on outcome ['X0']
[2026-04-24 01:53:38,609][dowhy.causal_identifier.auto_identifier][WARNING] - No directed path from treatment to outcome. Causal Effect is zero.
[2026-04-24 01:53:38,609][dowhy.causal_model][INFO] - linear_regression
[2026-04-24 01:53:38,609][dowhy.causal_estimator][INFO] - INFO: Using Linear Regression Estimator
[2026-04-24 01:53:38,609][dowhy.causal_estimator][WARNING] - No directed path from ['X3'] to ['X0'].
[2026-04-24 01:53:38,611][dowhy.causal_model][INFO] - Model to find the causal effect of treatment ['X3'] on outcome ['X1']
[2026-04-24 01:53:38,611][dowhy.causal_identifier.auto_identifier][WARNING] - No directed path from treatment to outcome. Causal Effect is zero.
[2026-04-24 01:53:38,611][dowhy.causal_model][INFO] - linear_regression
[2026-04-24 01:53:38,611][dowhy.causal_estimator][INFO] - INFO: Using Linear Regression Estimator
[2026-04-24 01:53:38,611][dowhy.causal_estimator][WARNING] - No directed path from ['X3'] to ['X1'].
[2026-04-24 01:53:38,613][dowhy.causal_model][INFO] - Model to find the causal effect of treatment ['X3'] on outcome ['X2']
[2026-04-24 01:53:38,613][dowhy.causal_identifier.auto_identifier][WARNING] - No directed path from treatment to outcome. Causal Effect is zero.
[2026-04-24 01:53:38,613][dowhy.causal_model][INFO] - linear_regression
[2026-04-24 01:53:38,613][dowhy.causal_estimator][INFO] - INFO: Using Linear Regression Estimator
[2026-04-24 01:53:38,613][dowhy.causal_estimator][WARNING] - No directed path from ['X3'] to ['X2'].
[2026-04-24 01:53:38,615][dowhy.causal_model][INFO] - Model to find the causal effect of treatment ['X3'] on outcome ['X4']
[2026-04-24 01:53:38,616][dowhy.causal_identifier.auto_identifier][INFO] - Causal effect can be identified.
[2026-04-24 01:53:38,616][dowhy.causal_identifier.auto_identifier][INFO] - Instrumental variables for treatment and outcome:[]
[2026-04-24 01:53:38,617][dowhy.causal_identifier.auto_identifier][INFO] - Frontdoor variables for treatment and outcome:[]
[2026-04-24 01:53:38,617][dowhy.causal_model][INFO] - linear_regression
[2026-04-24 01:53:38,617][dowhy.causal_estimator][INFO] - INFO: Using Linear Regression Estimator
[2026-04-24 01:53:38,617][dowhy.causal_estimator][INFO] - b: X4~X3+X0+X3*X2
[2026-04-24 01:53:38,627][dowhy.causal_model][INFO] - Model to find the causal effect of treatment ['X3'] on outcome ['X5']
[2026-04-24 01:53:38,628][dowhy.causal_identifier.auto_identifier][INFO] - Causal effect can be identified.
[2026-04-24 01:53:38,628][dowhy.causal_identifier.auto_identifier][INFO] - Instrumental variables for treatment and outcome:[]
[2026-04-24 01:53:38,628][dowhy.causal_identifier.auto_identifier][INFO] - Frontdoor variables for treatment and outcome:[]
[2026-04-24 01:53:38,628][dowhy.causal_model][INFO] - linear_regression
[2026-04-24 01:53:38,628][dowhy.causal_estimator][INFO] - INFO: Using Linear Regression Estimator
[2026-04-24 01:53:38,629][dowhy.causal_estimator][INFO] - b: X5~X3+X0+X3*X1
[2026-04-24 01:53:38,707][dowhy.causal_model][INFO] - Model to find the causal effect of treatment ['X4'] on outcome ['X0']
[2026-04-24 01:53:38,707][dowhy.causal_identifier.auto_identifier][WARNING] - No directed path from treatment to outcome. Causal Effect is zero.
[2026-04-24 01:53:38,708][dowhy.causal_model][INFO] - linear_regression
[2026-04-24 01:53:38,708][dowhy.causal_estimator][INFO] - INFO: Using Linear Regression Estimator
[2026-04-24 01:53:38,708][dowhy.causal_estimator][WARNING] - No directed path from ['X4'] to ['X0'].
[2026-04-24 01:53:38,710][dowhy.causal_model][INFO] - Model to find the causal effect of treatment ['X4'] on outcome ['X1']
[2026-04-24 01:53:38,710][dowhy.causal_identifier.auto_identifier][WARNING] - No directed path from treatment to outcome. Causal Effect is zero.
[2026-04-24 01:53:38,710][dowhy.causal_model][INFO] - linear_regression
[2026-04-24 01:53:38,710][dowhy.causal_estimator][INFO] - INFO: Using Linear Regression Estimator
[2026-04-24 01:53:38,710][dowhy.causal_estimator][WARNING] - No directed path from ['X4'] to ['X1'].
[2026-04-24 01:53:38,712][dowhy.causal_model][INFO] - Model to find the causal effect of treatment ['X4'] on outcome ['X2']
[2026-04-24 01:53:38,712][dowhy.causal_identifier.auto_identifier][WARNING] - No directed path from treatment to outcome. Causal Effect is zero.
[2026-04-24 01:53:38,713][dowhy.causal_model][INFO] - linear_regression
[2026-04-24 01:53:38,713][dowhy.causal_estimator][INFO] - INFO: Using Linear Regression Estimator
[2026-04-24 01:53:38,713][dowhy.causal_estimator][WARNING] - No directed path from ['X4'] to ['X2'].
[2026-04-24 01:53:38,715][dowhy.causal_model][INFO] - Model to find the causal effect of treatment ['X4'] on outcome ['X3']
[2026-04-24 01:53:38,715][dowhy.causal_identifier.auto_identifier][WARNING] - No directed path from treatment to outcome. Causal Effect is zero.
[2026-04-24 01:53:38,715][dowhy.causal_model][INFO] - linear_regression
[2026-04-24 01:53:38,716][dowhy.causal_estimator][INFO] - INFO: Using Linear Regression Estimator
[2026-04-24 01:53:38,716][dowhy.causal_estimator][WARNING] - No directed path from ['X4'] to ['X3'].
[2026-04-24 01:53:38,718][dowhy.causal_model][INFO] - Model to find the causal effect of treatment ['X4'] on outcome ['X5']
[2026-04-24 01:53:38,718][dowhy.causal_identifier.auto_identifier][WARNING] - No directed path from treatment to outcome. Causal Effect is zero.
[2026-04-24 01:53:38,718][dowhy.causal_model][INFO] - linear_regression
[2026-04-24 01:53:38,718][dowhy.causal_estimator][INFO] - INFO: Using Linear Regression Estimator
[2026-04-24 01:53:38,718][dowhy.causal_estimator][WARNING] - No directed path from ['X4'] to ['X5'].
[2026-04-24 01:53:38,777][dowhy.causal_model][INFO] - Model to find the causal effect of treatment ['X5'] on outcome ['X0']
[2026-04-24 01:53:38,777][dowhy.causal_identifier.auto_identifier][WARNING] - No directed path from treatment to outcome. Causal Effect is zero.
[2026-04-24 01:53:38,777][dowhy.causal_model][INFO] - linear_regression
[2026-04-24 01:53:38,777][dowhy.causal_estimator][INFO] - INFO: Using Linear Regression Estimator
[2026-04-24 01:53:38,777][dowhy.causal_estimator][WARNING] - No directed path from ['X5'] to ['X0'].
[2026-04-24 01:53:38,779][dowhy.causal_model][INFO] - Model to find the causal effect of treatment ['X5'] on outcome ['X1']
[2026-04-24 01:53:38,779][dowhy.causal_identifier.auto_identifier][WARNING] - No directed path from treatment to outcome. Causal Effect is zero.
[2026-04-24 01:53:38,779][dowhy.causal_model][INFO] - linear_regression
[2026-04-24 01:53:38,779][dowhy.causal_estimator][INFO] - INFO: Using Linear Regression Estimator
[2026-04-24 01:53:38,779][dowhy.causal_estimator][WARNING] - No directed path from ['X5'] to ['X1'].
[2026-04-24 01:53:38,781][dowhy.causal_model][INFO] - Model to find the causal effect of treatment ['X5'] on outcome ['X2']
[2026-04-24 01:53:38,781][dowhy.causal_identifier.auto_identifier][WARNING] - No directed path from treatment to outcome. Causal Effect is zero.
[2026-04-24 01:53:38,781][dowhy.causal_model][INFO] - linear_regression
[2026-04-24 01:53:38,781][dowhy.causal_estimator][INFO] - INFO: Using Linear Regression Estimator
[2026-04-24 01:53:38,781][dowhy.causal_estimator][WARNING] - No directed path from ['X5'] to ['X2'].
[2026-04-24 01:53:38,783][dowhy.causal_model][INFO] - Model to find the causal effect of treatment ['X5'] on outcome ['X3']
[2026-04-24 01:53:38,783][dowhy.causal_identifier.auto_identifier][WARNING] - No directed path from treatment to outcome. Causal Effect is zero.
[2026-04-24 01:53:38,783][dowhy.causal_model][INFO] - linear_regression
[2026-04-24 01:53:38,783][dowhy.causal_estimator][INFO] - INFO: Using Linear Regression Estimator
[2026-04-24 01:53:38,783][dowhy.causal_estimator][WARNING] - No directed path from ['X5'] to ['X3'].
[2026-04-24 01:53:38,785][dowhy.causal_model][INFO] - Model to find the causal effect of treatment ['X5'] on outcome ['X4']
[2026-04-24 01:53:38,785][dowhy.causal_identifier.auto_identifier][WARNING] - No directed path from treatment to outcome. Causal Effect is zero.
[2026-04-24 01:53:38,785][dowhy.causal_model][INFO] - linear_regression
[2026-04-24 01:53:38,785][dowhy.causal_estimator][INFO] - INFO: Using Linear Regression Estimator
[2026-04-24 01:53:38,785][dowhy.causal_estimator][WARNING] - No directed path from ['X5'] to ['X4'].
[2026-04-24 01:53:38,859][dowhy.causal_model][INFO] - Model to find the causal effect of treatment ['X0'] on outcome ['X1']
[2026-04-24 01:53:38,859][dowhy.causal_identifier.auto_identifier][INFO] - Causal effect can be identified.
[2026-04-24 01:53:38,859][dowhy.causal_identifier.auto_identifier][INFO] - Instrumental variables for treatment and outcome:[]
[2026-04-24 01:53:38,860][dowhy.causal_identifier.auto_identifier][INFO] - Frontdoor variables for treatment and outcome:[]
[2026-04-24 01:53:38,860][dowhy.causal_model][INFO] - linear_regression
[2026-04-24 01:53:38,860][dowhy.causal_estimator][INFO] - INFO: Using Linear Regression Estimator
[2026-04-24 01:53:38,860][dowhy.causal_estimator][INFO] - b: X1~X0
[2026-04-24 01:53:38,867][dowhy.causal_model][INFO] - Model to find the causal effect of treatment ['X0'] on outcome ['X2']
[2026-04-24 01:53:38,867][dowhy.causal_identifier.auto_identifier][WARNING] - No directed path from treatment to outcome. Causal Effect is zero.
[2026-04-24 01:53:38,867][dowhy.causal_model][INFO] - linear_regression
[2026-04-24 01:53:38,867][dowhy.causal_estimator][INFO] - INFO: Using Linear Regression Estimator
[2026-04-24 01:53:38,867][dowhy.causal_estimator][WARNING] - No directed path from ['X0'] to ['X2'].
[2026-04-24 01:53:38,869][dowhy.causal_model][INFO] - Model to find the causal effect of treatment ['X0'] on outcome ['X3']
[2026-04-24 01:53:38,869][dowhy.causal_identifier.auto_identifier][INFO] - Causal effect can be identified.
[2026-04-24 01:53:38,869][dowhy.causal_identifier.auto_identifier][INFO] - Instrumental variables for treatment and outcome:[]
[2026-04-24 01:53:38,870][dowhy.causal_identifier.auto_identifier][INFO] - Frontdoor variables for treatment and outcome:[]
[2026-04-24 01:53:38,870][dowhy.causal_model][INFO] - linear_regression
[2026-04-24 01:53:38,870][dowhy.causal_estimator][INFO] - INFO: Using Linear Regression Estimator
[2026-04-24 01:53:38,870][dowhy.causal_estimator][INFO] - b: X3~X0
[2026-04-24 01:53:38,877][dowhy.causal_model][INFO] - Model to find the causal effect of treatment ['X0'] on outcome ['X4']
[2026-04-24 01:53:38,877][dowhy.causal_identifier.auto_identifier][INFO] - Causal effect can be identified.
[2026-04-24 01:53:38,877][dowhy.causal_identifier.auto_identifier][INFO] - Instrumental variables for treatment and outcome:[]
[2026-04-24 01:53:38,878][dowhy.causal_identifier.auto_identifier][INFO] - Frontdoor variables for treatment and outcome:[]
[2026-04-24 01:53:38,878][dowhy.causal_model][INFO] - linear_regression
[2026-04-24 01:53:38,878][dowhy.causal_estimator][INFO] - INFO: Using Linear Regression Estimator
[2026-04-24 01:53:38,878][dowhy.causal_estimator][INFO] - b: X4~X0+X0*X2
[2026-04-24 01:53:38,886][dowhy.causal_model][INFO] - Model to find the causal effect of treatment ['X0'] on outcome ['X5']
[2026-04-24 01:53:38,887][dowhy.causal_identifier.auto_identifier][INFO] - Causal effect can be identified.
[2026-04-24 01:53:38,887][dowhy.causal_identifier.auto_identifier][INFO] - Instrumental variables for treatment and outcome:[]
[2026-04-24 01:53:38,888][dowhy.causal_identifier.auto_identifier][INFO] - Frontdoor variables for treatment and outcome:['X3', 'X1', 'X4']
[2026-04-24 01:53:38,888][dowhy.causal_identifier.auto_identifier][INFO] - Causal effect can be identified.
[2026-04-24 01:53:38,889][dowhy.causal_identifier.auto_identifier][INFO] - Causal effect can be identified.
[2026-04-24 01:53:38,890][dowhy.causal_model][INFO] - linear_regression
[2026-04-24 01:53:38,890][dowhy.causal_estimator][INFO] - INFO: Using Linear Regression Estimator
[2026-04-24 01:53:38,890][dowhy.causal_estimator][INFO] - b: X5~X0
[2026-04-24 01:53:38,956][dowhy.causal_model][INFO] - Model to find the causal effect of treatment ['X1'] on outcome ['X0']
[2026-04-24 01:53:38,956][dowhy.causal_identifier.auto_identifier][WARNING] - No directed path from treatment to outcome. Causal Effect is zero.
[2026-04-24 01:53:38,956][dowhy.causal_model][INFO] - linear_regression
[2026-04-24 01:53:38,960][dowhy.causal_estimator][INFO] - INFO: Using Linear Regression Estimator
[2026-04-24 01:53:38,961][dowhy.causal_estimator][WARNING] - No directed path from ['X1'] to ['X0'].
[2026-04-24 01:53:38,965][dowhy.causal_model][INFO] - Model to find the causal effect of treatment ['X1'] on outcome ['X2']
[2026-04-24 01:53:38,966][dowhy.causal_identifier.auto_identifier][WARNING] - No directed path from treatment to outcome. Causal Effect is zero.
[2026-04-24 01:53:38,966][dowhy.causal_model][INFO] - linear_regression
[2026-04-24 01:53:38,966][dowhy.causal_estimator][INFO] - INFO: Using Linear Regression Estimator
[2026-04-24 01:53:38,966][dowhy.causal_estimator][WARNING] - No directed path from ['X1'] to ['X2'].
[2026-04-24 01:53:38,971][dowhy.causal_model][INFO] - Model to find the causal effect of treatment ['X1'] on outcome ['X3']
[2026-04-24 01:53:38,975][dowhy.causal_identifier.auto_identifier][WARNING] - No directed path from treatment to outcome. Causal Effect is zero.
[2026-04-24 01:53:38,975][dowhy.causal_model][INFO] - linear_regression
[2026-04-24 01:53:38,975][dowhy.causal_estimator][INFO] - INFO: Using Linear Regression Estimator
[2026-04-24 01:53:38,975][dowhy.causal_estimator][WARNING] - No directed path from ['X1'] to ['X3'].
[2026-04-24 01:53:38,977][dowhy.causal_model][INFO] - Model to find the causal effect of treatment ['X1'] on outcome ['X4']
[2026-04-24 01:53:38,978][dowhy.causal_identifier.auto_identifier][WARNING] - No directed path from treatment to outcome. Causal Effect is zero.
[2026-04-24 01:53:38,978][dowhy.causal_model][INFO] - linear_regression
[2026-04-24 01:53:38,978][dowhy.causal_estimator][INFO] - INFO: Using Linear Regression Estimator
[2026-04-24 01:53:38,978][dowhy.causal_estimator][WARNING] - No directed path from ['X1'] to ['X4'].
[2026-04-24 01:53:38,980][dowhy.causal_model][INFO] - Model to find the causal effect of treatment ['X1'] on outcome ['X5']
[2026-04-24 01:53:38,981][dowhy.causal_identifier.auto_identifier][INFO] - Causal effect can be identified.
[2026-04-24 01:53:38,981][dowhy.causal_identifier.auto_identifier][INFO] - Instrumental variables for treatment and outcome:[]
[2026-04-24 01:53:38,981][dowhy.causal_identifier.auto_identifier][INFO] - Frontdoor variables for treatment and outcome:[]
[2026-04-24 01:53:38,981][dowhy.causal_model][INFO] - linear_regression
[2026-04-24 01:53:38,981][dowhy.causal_estimator][INFO] - INFO: Using Linear Regression Estimator
[2026-04-24 01:53:38,982][dowhy.causal_estimator][INFO] - b: X5~X1+X0+X1*X3
[2026-04-24 01:53:39,051][dowhy.causal_model][INFO] - Model to find the causal effect of treatment ['X2'] on outcome ['X0']
[2026-04-24 01:53:39,051][dowhy.causal_identifier.auto_identifier][WARNING] - No directed path from treatment to outcome. Causal Effect is zero.
[2026-04-24 01:53:39,051][dowhy.causal_model][INFO] - linear_regression
[2026-04-24 01:53:39,051][dowhy.causal_estimator][INFO] - INFO: Using Linear Regression Estimator
[2026-04-24 01:53:39,051][dowhy.causal_estimator][WARNING] - No directed path from ['X2'] to ['X0'].
[2026-04-24 01:53:39,053][dowhy.causal_model][INFO] - Model to find the causal effect of treatment ['X2'] on outcome ['X1']
[2026-04-24 01:53:39,053][dowhy.causal_identifier.auto_identifier][WARNING] - No directed path from treatment to outcome. Causal Effect is zero.
[2026-04-24 01:53:39,053][dowhy.causal_model][INFO] - linear_regression
[2026-04-24 01:53:39,053][dowhy.causal_estimator][INFO] - INFO: Using Linear Regression Estimator
[2026-04-24 01:53:39,053][dowhy.causal_estimator][WARNING] - No directed path from ['X2'] to ['X1'].
[2026-04-24 01:53:39,055][dowhy.causal_model][INFO] - Model to find the causal effect of treatment ['X2'] on outcome ['X3']
[2026-04-24 01:53:39,055][dowhy.causal_identifier.auto_identifier][WARNING] - No directed path from treatment to outcome. Causal Effect is zero.
[2026-04-24 01:53:39,055][dowhy.causal_model][INFO] - linear_regression
[2026-04-24 01:53:39,055][dowhy.causal_estimator][INFO] - INFO: Using Linear Regression Estimator
[2026-04-24 01:53:39,055][dowhy.causal_estimator][WARNING] - No directed path from ['X2'] to ['X3'].
[2026-04-24 01:53:39,057][dowhy.causal_model][INFO] - Model to find the causal effect of treatment ['X2'] on outcome ['X4']
[2026-04-24 01:53:39,058][dowhy.causal_identifier.auto_identifier][INFO] - Causal effect can be identified.
[2026-04-24 01:53:39,058][dowhy.causal_identifier.auto_identifier][INFO] - Instrumental variables for treatment and outcome:[]
[2026-04-24 01:53:39,059][dowhy.causal_identifier.auto_identifier][INFO] - Frontdoor variables for treatment and outcome:[]
[2026-04-24 01:53:39,059][dowhy.causal_model][INFO] - linear_regression
[2026-04-24 01:53:39,059][dowhy.causal_estimator][INFO] - INFO: Using Linear Regression Estimator
[2026-04-24 01:53:39,059][dowhy.causal_estimator][INFO] - b: X4~X2+X2*X0+X2*X3
[2026-04-24 01:53:39,067][dowhy.causal_model][INFO] - Model to find the causal effect of treatment ['X2'] on outcome ['X5']
[2026-04-24 01:53:39,068][dowhy.causal_identifier.auto_identifier][WARNING] - No directed path from treatment to outcome. Causal Effect is zero.
[2026-04-24 01:53:39,068][dowhy.causal_model][INFO] - linear_regression
[2026-04-24 01:53:39,068][dowhy.causal_estimator][INFO] - INFO: Using Linear Regression Estimator
[2026-04-24 01:53:39,068][dowhy.causal_estimator][WARNING] - No directed path from ['X2'] to ['X5'].
[2026-04-24 01:53:39,123][dowhy.causal_model][INFO] - Model to find the causal effect of treatment ['X3'] on outcome ['X0']
[2026-04-24 01:53:39,123][dowhy.causal_identifier.auto_identifier][WARNING] - No directed path from treatment to outcome. Causal Effect is zero.
[2026-04-24 01:53:39,123][dowhy.causal_model][INFO] - linear_regression
[2026-04-24 01:53:39,123][dowhy.causal_estimator][INFO] - INFO: Using Linear Regression Estimator
[2026-04-24 01:53:39,124][dowhy.causal_estimator][WARNING] - No directed path from ['X3'] to ['X0'].
[2026-04-24 01:53:39,125][dowhy.causal_model][INFO] - Model to find the causal effect of treatment ['X3'] on outcome ['X1']
[2026-04-24 01:53:39,125][dowhy.causal_identifier.auto_identifier][WARNING] - No directed path from treatment to outcome. Causal Effect is zero.
[2026-04-24 01:53:39,125][dowhy.causal_model][INFO] - linear_regression
[2026-04-24 01:53:39,126][dowhy.causal_estimator][INFO] - INFO: Using Linear Regression Estimator
[2026-04-24 01:53:39,126][dowhy.causal_estimator][WARNING] - No directed path from ['X3'] to ['X1'].
[2026-04-24 01:53:39,127][dowhy.causal_model][INFO] - Model to find the causal effect of treatment ['X3'] on outcome ['X2']
[2026-04-24 01:53:39,127][dowhy.causal_identifier.auto_identifier][WARNING] - No directed path from treatment to outcome. Causal Effect is zero.
[2026-04-24 01:53:39,127][dowhy.causal_model][INFO] - linear_regression
[2026-04-24 01:53:39,127][dowhy.causal_estimator][INFO] - INFO: Using Linear Regression Estimator
[2026-04-24 01:53:39,127][dowhy.causal_estimator][WARNING] - No directed path from ['X3'] to ['X2'].
[2026-04-24 01:53:39,129][dowhy.causal_model][INFO] - Model to find the causal effect of treatment ['X3'] on outcome ['X4']
[2026-04-24 01:53:39,130][dowhy.causal_identifier.auto_identifier][INFO] - Causal effect can be identified.
[2026-04-24 01:53:39,130][dowhy.causal_identifier.auto_identifier][INFO] - Instrumental variables for treatment and outcome:[]
[2026-04-24 01:53:39,130][dowhy.causal_identifier.auto_identifier][INFO] - Frontdoor variables for treatment and outcome:[]
[2026-04-24 01:53:39,131][dowhy.causal_model][INFO] - linear_regression
[2026-04-24 01:53:39,131][dowhy.causal_estimator][INFO] - INFO: Using Linear Regression Estimator
[2026-04-24 01:53:39,131][dowhy.causal_estimator][INFO] - b: X4~X3+X0+X3*X2
[2026-04-24 01:53:39,140][dowhy.causal_model][INFO] - Model to find the causal effect of treatment ['X3'] on outcome ['X5']
[2026-04-24 01:53:39,141][dowhy.causal_identifier.auto_identifier][INFO] - Causal effect can be identified.
[2026-04-24 01:53:39,142][dowhy.causal_identifier.auto_identifier][INFO] - Instrumental variables for treatment and outcome:[]
[2026-04-24 01:53:39,142][dowhy.causal_identifier.auto_identifier][INFO] - Frontdoor variables for treatment and outcome:[]
[2026-04-24 01:53:39,142][dowhy.causal_model][INFO] - linear_regression
[2026-04-24 01:53:39,142][dowhy.causal_estimator][INFO] - INFO: Using Linear Regression Estimator
[2026-04-24 01:53:39,142][dowhy.causal_estimator][INFO] - b: X5~X3+X0+X3*X1
[2026-04-24 01:53:39,208][dowhy.causal_model][INFO] - Model to find the causal effect of treatment ['X4'] on outcome ['X0']
[2026-04-24 01:53:39,208][dowhy.causal_identifier.auto_identifier][WARNING] - No directed path from treatment to outcome. Causal Effect is zero.
[2026-04-24 01:53:39,208][dowhy.causal_model][INFO] - linear_regression
[2026-04-24 01:53:39,209][dowhy.causal_estimator][INFO] - INFO: Using Linear Regression Estimator
[2026-04-24 01:53:39,209][dowhy.causal_estimator][WARNING] - No directed path from ['X4'] to ['X0'].
[2026-04-24 01:53:39,211][dowhy.causal_model][INFO] - Model to find the causal effect of treatment ['X4'] on outcome ['X1']
[2026-04-24 01:53:39,211][dowhy.causal_identifier.auto_identifier][WARNING] - No directed path from treatment to outcome. Causal Effect is zero.
[2026-04-24 01:53:39,211][dowhy.causal_model][INFO] - linear_regression
[2026-04-24 01:53:39,211][dowhy.causal_estimator][INFO] - INFO: Using Linear Regression Estimator
[2026-04-24 01:53:39,211][dowhy.causal_estimator][WARNING] - No directed path from ['X4'] to ['X1'].
[2026-04-24 01:53:39,213][dowhy.causal_model][INFO] - Model to find the causal effect of treatment ['X4'] on outcome ['X2']
[2026-04-24 01:53:39,213][dowhy.causal_identifier.auto_identifier][WARNING] - No directed path from treatment to outcome. Causal Effect is zero.
[2026-04-24 01:53:39,213][dowhy.causal_model][INFO] - linear_regression
[2026-04-24 01:53:39,213][dowhy.causal_estimator][INFO] - INFO: Using Linear Regression Estimator
[2026-04-24 01:53:39,214][dowhy.causal_estimator][WARNING] - No directed path from ['X4'] to ['X2'].
[2026-04-24 01:53:39,215][dowhy.causal_model][INFO] - Model to find the causal effect of treatment ['X4'] on outcome ['X3']
[2026-04-24 01:53:39,216][dowhy.causal_identifier.auto_identifier][WARNING] - No directed path from treatment to outcome. Causal Effect is zero.
[2026-04-24 01:53:39,216][dowhy.causal_model][INFO] - linear_regression
[2026-04-24 01:53:39,216][dowhy.causal_estimator][INFO] - INFO: Using Linear Regression Estimator
[2026-04-24 01:53:39,216][dowhy.causal_estimator][WARNING] - No directed path from ['X4'] to ['X3'].
[2026-04-24 01:53:39,218][dowhy.causal_model][INFO] - Model to find the causal effect of treatment ['X4'] on outcome ['X5']
[2026-04-24 01:53:39,218][dowhy.causal_identifier.auto_identifier][WARNING] - No directed path from treatment to outcome. Causal Effect is zero.
[2026-04-24 01:53:39,218][dowhy.causal_model][INFO] - linear_regression
[2026-04-24 01:53:39,218][dowhy.causal_estimator][INFO] - INFO: Using Linear Regression Estimator
[2026-04-24 01:53:39,218][dowhy.causal_estimator][WARNING] - No directed path from ['X4'] to ['X5'].
[2026-04-24 01:53:39,277][dowhy.causal_model][INFO] - Model to find the causal effect of treatment ['X5'] on outcome ['X0']
[2026-04-24 01:53:39,277][dowhy.causal_identifier.auto_identifier][WARNING] - No directed path from treatment to outcome. Causal Effect is zero.
[2026-04-24 01:53:39,277][dowhy.causal_model][INFO] - linear_regression
[2026-04-24 01:53:39,277][dowhy.causal_estimator][INFO] - INFO: Using Linear Regression Estimator
[2026-04-24 01:53:39,277][dowhy.causal_estimator][WARNING] - No directed path from ['X5'] to ['X0'].
[2026-04-24 01:53:39,279][dowhy.causal_model][INFO] - Model to find the causal effect of treatment ['X5'] on outcome ['X1']
[2026-04-24 01:53:39,279][dowhy.causal_identifier.auto_identifier][WARNING] - No directed path from treatment to outcome. Causal Effect is zero.
[2026-04-24 01:53:39,279][dowhy.causal_model][INFO] - linear_regression
[2026-04-24 01:53:39,279][dowhy.causal_estimator][INFO] - INFO: Using Linear Regression Estimator
[2026-04-24 01:53:39,279][dowhy.causal_estimator][WARNING] - No directed path from ['X5'] to ['X1'].
[2026-04-24 01:53:39,281][dowhy.causal_model][INFO] - Model to find the causal effect of treatment ['X5'] on outcome ['X2']
[2026-04-24 01:53:39,281][dowhy.causal_identifier.auto_identifier][WARNING] - No directed path from treatment to outcome. Causal Effect is zero.
[2026-04-24 01:53:39,281][dowhy.causal_model][INFO] - linear_regression
[2026-04-24 01:53:39,281][dowhy.causal_estimator][INFO] - INFO: Using Linear Regression Estimator
[2026-04-24 01:53:39,281][dowhy.causal_estimator][WARNING] - No directed path from ['X5'] to ['X2'].
[2026-04-24 01:53:39,283][dowhy.causal_model][INFO] - Model to find the causal effect of treatment ['X5'] on outcome ['X3']
[2026-04-24 01:53:39,283][dowhy.causal_identifier.auto_identifier][WARNING] - No directed path from treatment to outcome. Causal Effect is zero.
[2026-04-24 01:53:39,283][dowhy.causal_model][INFO] - linear_regression
[2026-04-24 01:53:39,283][dowhy.causal_estimator][INFO] - INFO: Using Linear Regression Estimator
[2026-04-24 01:53:39,283][dowhy.causal_estimator][WARNING] - No directed path from ['X5'] to ['X3'].
[2026-04-24 01:53:39,285][dowhy.causal_model][INFO] - Model to find the causal effect of treatment ['X5'] on outcome ['X4']
[2026-04-24 01:53:39,285][dowhy.causal_identifier.auto_identifier][WARNING] - No directed path from treatment to outcome. Causal Effect is zero.
[2026-04-24 01:53:39,285][dowhy.causal_model][INFO] - linear_regression
[2026-04-24 01:53:39,285][dowhy.causal_estimator][INFO] - INFO: Using Linear Regression Estimator
[2026-04-24 01:53:39,285][dowhy.causal_estimator][WARNING] - No directed path from ['X5'] to ['X4'].
