=== [Train] Fold 4 (4/5) ===
Step: set random seed (5)
Step: build datasets
Step: initialize model
Step: training setup (model=ShallowMLP, profile=shallow, control_mode=epochs, epochs=40, target_updates=None)
Step: training
TrnLoss=0.975 ValLoss=0.984 ValR2=0.059
TrnLoss=0.919 ValLoss=0.920 ValR2=0.120
TrnLoss=0.857 ValLoss=0.852 ValR2=0.185
TrnLoss=0.805 ValLoss=0.801 ValR2=0.234
TrnLoss=0.772 ValLoss=0.771 ValR2=0.263
TrnLoss=0.757 ValLoss=0.757 ValR2=0.276
TrnLoss=0.746 ValLoss=0.748 ValR2=0.285
TrnLoss=0.741 ValLoss=0.745 ValR2=0.288
TrnLoss=0.737 ValLoss=0.742 ValR2=0.291
TrnLoss=0.736 ValLoss=0.740 ValR2=0.292
TrnLoss=0.733 ValLoss=0.740 ValR2=0.293
TrnLoss=0.733 ValLoss=0.739 ValR2=0.293
TrnLoss=0.732 ValLoss=0.738 ValR2=0.294
TrnLoss=0.731 ValLoss=0.738 ValR2=0.294
TrnLoss=0.730 ValLoss=0.738 ValR2=0.294
TrnLoss=0.728 ValLoss=0.736 ValR2=0.296
TrnLoss=0.729 ValLoss=0.736 ValR2=0.296
TrnLoss=0.729 ValLoss=0.736 ValR2=0.296
TrnLoss=0.728 ValLoss=0.735 ValR2=0.297
TrnLoss=0.726 ValLoss=0.735 ValR2=0.297
TrnLoss=0.728 ValLoss=0.735 ValR2=0.297
TrnLoss=0.726 ValLoss=0.735 ValR2=0.297
TrnLoss=0.726 ValLoss=0.736 ValR2=0.297
TrnLoss=0.727 ValLoss=0.734 ValR2=0.298
TrnLoss=0.727 ValLoss=0.735 ValR2=0.297
TrnLoss=0.725 ValLoss=0.734 ValR2=0.298
TrnLoss=0.727 ValLoss=0.735 ValR2=0.298
TrnLoss=0.725 ValLoss=0.734 ValR2=0.298
TrnLoss=0.727 ValLoss=0.735 ValR2=0.297
TrnLoss=0.724 ValLoss=0.735 ValR2=0.297
TrnLoss=0.725 ValLoss=0.734 ValR2=0.298
TrnLoss=0.725 ValLoss=0.735 ValR2=0.297
TrnLoss=0.725 ValLoss=0.733 ValR2=0.299
TrnLoss=0.724 ValLoss=0.734 ValR2=0.298
TrnLoss=0.724 ValLoss=0.734 ValR2=0.298
TrnLoss=0.725 ValLoss=0.734 ValR2=0.298
TrnLoss=0.725 ValLoss=0.734 ValR2=0.298
TrnLoss=0.724 ValLoss=0.734 ValR2=0.298
TrnLoss=0.724 ValLoss=0.734 ValR2=0.298
Early stopping at epoch 39: no validation improvement for 6 epochs (best epoch=33, best val loss=0.733)
 95%|############3| 38/40 [00:19<00:01,  1.92ep/s]
Step: evaluate test split
