=== [Causal Discovery] Fold 2 (2/5) ===
Step: load extraction data
Loading extraction data from: outputs/experiments/fork_collider_nonlinear_sem_shallow_mlp_align/2/alignment_results.csv
Step: prepare ground-truth data
Running sample_150__baseline_150
Saved metadata to outputs/experiments/fork_collider_nonlinear_sem_shallow_mlp_align/2/metadata.json
CI(0, 1 | ()) p=0.0864 -> indep=True
CI(0, 2 | ()) p=0.0002079 -> indep=False
CI(1, 2 | ()) p=0.001834 -> indep=False
CI(0, 3 | ()) p=4.617e-06 -> indep=False
CI(1, 3 | ()) p=0.006601 -> indep=False
CI(2, 3 | ()) p=0 -> indep=False
CI(0, 4 | ()) p=9.563e-06 -> indep=False
CI(1, 4 | ()) p=0.2386 -> indep=True
CI(2, 4 | ()) p=0 -> indep=False
CI(3, 4 | ()) p=1.191e-11 -> indep=False
CI(0, 5 | ()) p=0.006956 -> indep=False
CI(1, 5 | ()) p=0.5072 -> indep=True
CI(2, 5 | ()) p=0 -> indep=False
CI(3, 5 | ()) p=1.554e-15 -> indep=False
CI(4, 5 | ()) p=0 -> indep=False
CI(0, 2 | (1,)) p=5.617e-07 -> indep=False
CI(1, 2 | (0,)) p=0.001332 -> indep=False
CI(0, 3 | (1,)) p=3.337e-06 -> indep=False
CI(0, 3 | (2,)) p=0.2894 -> indep=True
CI(1, 3 | (2,)) p=0.07379 -> indep=True
CI(0, 4 | (2,)) p=0.03109 -> indep=True
CI(2, 4 | (3,)) p=3.231e-12 -> indep=False
CI(3, 4 | (2,)) p=0.1869 -> indep=True
CI(0, 5 | (2,)) p=0.3314 -> indep=True
CI(2, 5 | (3,)) p=0.0001398 -> indep=False
CI(2, 5 | (4,)) p=0.00555 -> indep=False
CI(3, 5 | (2,)) p=0.1566 -> indep=True
CI(4, 5 | (2,)) p=8.875e-07 -> indep=False
Saved adjacency matrix to outputs/experiments/fork_collider_nonlinear_sem_shallow_mlp_align/2/learned_graph_adj.npy
CI(0, 1 | ()) p=0.04262 -> indep=True
CI(0, 2 | ()) p=0.0004737 -> indep=False
CI(1, 2 | ()) p=0.2082 -> indep=True
CI(0, 3 | ()) p=0.7391 -> indep=True
CI(1, 3 | ()) p=0.5998 -> indep=True
CI(2, 3 | ()) p=0.00704 -> indep=False
CI(0, 4 | ()) p=0.4542 -> indep=True
CI(1, 4 | ()) p=0.3108 -> indep=True
CI(2, 4 | ()) p=0.003024 -> indep=False
CI(3, 4 | ()) p=0.02232 -> indep=True
CI(0, 5 | ()) p=0.4328 -> indep=True
CI(1, 5 | ()) p=0.4925 -> indep=True
CI(2, 5 | ()) p=0.3826 -> indep=True
CI(3, 5 | ()) p=0.06407 -> indep=True
CI(4, 5 | ()) p=6.672e-12 -> indep=False
Saved metrics to outputs/experiments/fork_collider_nonlinear_sem_shallow_mlp_align/2/performance_metrics.json
Saved baseline metrics to outputs/experiments/fork_collider_nonlinear_sem_shallow_mlp_align/2/baseline_performance_metrics.json
Saved PAG-vs-PAG metrics to outputs/experiments/fork_collider_nonlinear_sem_shallow_mlp_align/2/pag_vs_pag_metrics.json
Found 3 differences:
  1. Wrong orientation: 2 --- 4 (DAG: directed_ij, PAG: bidirected)
  2. Extra: 2 --- 5 (PAG: bidirected)
  3. Missing: 3 --- 4 (DAG: directed_ij)
Found 3 partial orientation differences:
  1. Partial orientation: 0 --- 2 (DAG: directed_ij, PAG: partial_ij)
  2. Partial orientation: 1 --- 2 (DAG: directed_ij, PAG: partial_ij)
  3. Partial orientation: 4 --- 5 (DAG: directed_ij, PAG: partial_ij)
Saved edge comparison details to outputs/experiments/fork_collider_nonlinear_sem_shallow_mlp_align/2/edge_comparison.txt
Found 5 differences:
  1. Missing: 1 --- 2 (DAG: directed_ij)
  2. Wrong orientation: 2 --- 3 (DAG: directed_ij, PAG: bidirected)
  3. Wrong orientation: 2 --- 4 (DAG: directed_ij, PAG: bidirected)
  4. Missing: 3 --- 4 (DAG: directed_ij)
  5. Wrong orientation: 4 --- 5 (DAG: directed_ij, PAG: bidirected)
Found 1 partial orientation differences:
  1. Partial orientation: 0 --- 2 (DAG: directed_ij, PAG: partial_ij)
Saved baseline edge comparison details to outputs/experiments/fork_collider_nonlinear_sem_shallow_mlp_align/2/edge_comparison_baseline.txt
Found 3 differences:
  1. Extra: 1 --- 2 (PAG: partial_ij)
  2. Wrong orientation: 2 --- 3 (Reference PAG: bidirected, PAG: directed_ij)
  3. Extra: 2 --- 5 (PAG: bidirected)
Found 1 partial orientation differences:
  1. Partial orientation: 4 --- 5 (Reference PAG: bidirected, PAG: partial_ij)
Saved PAG-vs-PAG edge comparison details to outputs/experiments/fork_collider_nonlinear_sem_shallow_mlp_align/2/edge_comparison_pag_vs_pag.txt
Saved figure to outputs/experiments/fork_collider_nonlinear_sem_shallow_mlp_align/2/pag_vs_dag.png
Saved baseline figure to outputs/experiments/fork_collider_nonlinear_sem_shallow_mlp_align/2/baseline_pag_vs_dag.png
Saved combined DAG comparison to outputs/experiments/fork_collider_nonlinear_sem_shallow_mlp_align/2/pags_vs_dag.png
Saved PAG-vs-PAG figure to outputs/experiments/fork_collider_nonlinear_sem_shallow_mlp_align/2/pag_vs_pag.png
Saved adjacency matrix to outputs/experiments/fork_collider_nonlinear_sem_shallow_mlp_align/2/learned_graph_adj.npy
Saved baseline adjacency matrix to outputs/experiments/fork_collider_nonlinear_sem_shallow_mlp_align/2/baseline_graph_adj.npy
