=== [Causal Discovery] Fold 3 (3/5) ===
Step: load extraction data
Loading extraction data from: outputs/experiments/layered_sparse_nonlinear_sem_nodes_10_tabular_mlp_align_observable_state/3/alignment_results.csv
Step: prepare ground-truth data
Running sample_150__baseline_150
Saved metadata to outputs/experiments/layered_sparse_nonlinear_sem_nodes_10_tabular_mlp_align_observable_state/3/metadata.json
CI(0, 1 | ()) p=0.04163 -> indep=True
CI(0, 2 | ()) p=0.1446 -> indep=True
CI(1, 2 | ()) p=0.9542 -> indep=True
CI(0, 3 | ()) p=0.7712 -> indep=True
CI(1, 3 | ()) p=0.5865 -> indep=True
CI(2, 3 | ()) p=0.07991 -> indep=True
CI(0, 4 | ()) p=5.487e-09 -> indep=False
CI(1, 4 | ()) p=0.08665 -> indep=True
CI(2, 4 | ()) p=0.8117 -> indep=True
CI(3, 4 | ()) p=0.8275 -> indep=True
CI(0, 5 | ()) p=0.4787 -> indep=True
CI(1, 5 | ()) p=0.0002599 -> indep=False
CI(2, 5 | ()) p=0.4651 -> indep=True
CI(3, 5 | ()) p=0.5206 -> indep=True
CI(4, 5 | ()) p=2.041e-06 -> indep=False
CI(0, 6 | ()) p=0.00112 -> indep=False
CI(1, 6 | ()) p=0.2279 -> indep=True
CI(2, 6 | ()) p=0.1039 -> indep=True
CI(3, 6 | ()) p=0.000841 -> indep=False
CI(4, 6 | ()) p=0.5472 -> indep=True
CI(5, 6 | ()) p=0.2486 -> indep=True
CI(0, 7 | ()) p=0 -> indep=False
CI(1, 7 | ()) p=0.1023 -> indep=True
CI(2, 7 | ()) p=0.354 -> indep=True
CI(3, 7 | ()) p=0.9048 -> indep=True
CI(4, 7 | ()) p=0 -> indep=False
CI(5, 7 | ()) p=0.006739 -> indep=False
CI(6, 7 | ()) p=0.0005361 -> indep=False
CI(0, 8 | ()) p=0.361 -> indep=True
CI(1, 8 | ()) p=0.02461 -> indep=True
CI(2, 8 | ()) p=4.65e-10 -> indep=False
CI(3, 8 | ()) p=0.6573 -> indep=True
CI(4, 8 | ()) p=2.133e-05 -> indep=False
CI(5, 8 | ()) p=0 -> indep=False
CI(6, 8 | ()) p=0.2903 -> indep=True
CI(7, 8 | ()) p=0.03799 -> indep=True
CI(0, 9 | ()) p=0.3887 -> indep=True
CI(1, 9 | ()) p=0.3937 -> indep=True
CI(2, 9 | ()) p=0.2761 -> indep=True
CI(3, 9 | ()) p=0 -> indep=False
CI(4, 9 | ()) p=0.8985 -> indep=True
CI(5, 9 | ()) p=0.5043 -> indep=True
CI(6, 9 | ()) p=0 -> indep=False
CI(7, 9 | ()) p=0.6052 -> indep=True
CI(8, 9 | ()) p=0.7888 -> indep=True
CI(1, 5 | (4,)) p=1.789e-07 -> indep=False
CI(4, 5 | (1,)) p=1.019e-09 -> indep=False
CI(0, 6 | (3,)) p=0.01434 -> indep=True
CI(0, 7 | (4,)) p=0 -> indep=False
CI(0, 7 | (5,)) p=0 -> indep=False
CI(0, 7 | (6,)) p=0 -> indep=False
CI(4, 7 | (0,)) p=0 -> indep=False
CI(4, 7 | (5,)) p=0 -> indep=False
CI(4, 7 | (6,)) p=0 -> indep=False
CI(5, 7 | (0,)) p=1.872e-07 -> indep=False
CI(5, 7 | (4,)) p=0.9531 -> indep=True
CI(6, 7 | (0,)) p=0.2394 -> indep=True
CI(2, 8 | (4,)) p=8.562e-12 -> indep=False
CI(2, 8 | (5,)) p=0 -> indep=False
CI(4, 8 | (2,)) p=1.943e-07 -> indep=False
CI(4, 8 | (5,)) p=0.5926 -> indep=True
CI(5, 8 | (2,)) p=0 -> indep=False
CI(3, 9 | (6,)) p=0 -> indep=False
CI(6, 9 | (3,)) p=0 -> indep=False
Saved adjacency matrix to outputs/experiments/layered_sparse_nonlinear_sem_nodes_10_tabular_mlp_align_observable_state/3/learned_graph_adj.npy
CI(0, 1 | ()) p=0.3647 -> indep=True
CI(0, 2 | ()) p=0.6929 -> indep=True
CI(1, 2 | ()) p=0.8719 -> indep=True
CI(0, 3 | ()) p=0.6699 -> indep=True
CI(1, 3 | ()) p=0.9487 -> indep=True
CI(2, 3 | ()) p=0.7191 -> indep=True
CI(0, 4 | ()) p=9.615e-09 -> indep=False
CI(1, 4 | ()) p=0.7668 -> indep=True
CI(2, 4 | ()) p=0.9009 -> indep=True
CI(3, 4 | ()) p=0.7194 -> indep=True
CI(0, 5 | ()) p=0.03641 -> indep=True
CI(1, 5 | ()) p=6.714e-06 -> indep=False
CI(2, 5 | ()) p=0.3016 -> indep=True
CI(3, 5 | ()) p=0.4124 -> indep=True
CI(4, 5 | ()) p=4.967e-09 -> indep=False
CI(0, 6 | ()) p=0.7304 -> indep=True
CI(1, 6 | ()) p=0.4114 -> indep=True
CI(2, 6 | ()) p=0.009227 -> indep=False
CI(3, 6 | ()) p=0.08389 -> indep=True
CI(4, 6 | ()) p=0.7906 -> indep=True
CI(5, 6 | ()) p=0.6133 -> indep=True
CI(0, 7 | ()) p=5.428e-07 -> indep=False
CI(1, 7 | ()) p=0.2862 -> indep=True
CI(2, 7 | ()) p=0.2662 -> indep=True
CI(3, 7 | ()) p=0.6624 -> indep=True
CI(4, 7 | ()) p=0.007919 -> indep=False
CI(5, 7 | ()) p=0.4415 -> indep=True
CI(6, 7 | ()) p=0.5317 -> indep=True
CI(0, 8 | ()) p=0.6218 -> indep=True
CI(1, 8 | ()) p=0.112 -> indep=True
CI(2, 8 | ()) p=0.8882 -> indep=True
CI(3, 8 | ()) p=0.1989 -> indep=True
CI(4, 8 | ()) p=0.2192 -> indep=True
CI(5, 8 | ()) p=3.329e-12 -> indep=False
CI(6, 8 | ()) p=0.7914 -> indep=True
CI(7, 8 | ()) p=0.1483 -> indep=True
CI(0, 9 | ()) p=0.3735 -> indep=True
CI(1, 9 | ()) p=0.6543 -> indep=True
CI(2, 9 | ()) p=0.5362 -> indep=True
CI(3, 9 | ()) p=0.04825 -> indep=True
CI(4, 9 | ()) p=0.2572 -> indep=True
CI(5, 9 | ()) p=0.2108 -> indep=True
CI(6, 9 | ()) p=0.0078 -> indep=False
CI(7, 9 | ()) p=0.5472 -> indep=True
CI(8, 9 | ()) p=0.2911 -> indep=True
CI(1, 5 | (4,)) p=1.058e-07 -> indep=False
CI(4, 5 | (1,)) p=3.23e-09 -> indep=False
CI(0, 7 | (4,)) p=8.332e-05 -> indep=False
CI(4, 7 | (0,)) p=0.5754 -> indep=True
Saved metrics to outputs/experiments/layered_sparse_nonlinear_sem_nodes_10_tabular_mlp_align_observable_state/3/performance_metrics.json
Saved baseline metrics to outputs/experiments/layered_sparse_nonlinear_sem_nodes_10_tabular_mlp_align_observable_state/3/baseline_performance_metrics.json
Saved PAG-vs-PAG metrics to outputs/experiments/layered_sparse_nonlinear_sem_nodes_10_tabular_mlp_align_observable_state/3/pag_vs_pag_metrics.json
Found 7 differences:
  1. Wrong orientation: 0 --- 4 (DAG: directed_ij, PAG: bidirected)
  2. Wrong orientation: 0 --- 7 (DAG: directed_ij, PAG: bidirected)
  3. Missing: 1 --- 4 (DAG: directed_ij)
  4. Missing: 2 --- 6 (DAG: directed_ij)
  5. Wrong orientation: 4 --- 5 (DAG: directed_ij, PAG: bidirected)
  6. Missing: 5 --- 6 (DAG: directed_ij)
  7. Wrong orientation: 5 --- 8 (DAG: directed_ij, PAG: bidirected)
Found 5 partial orientation differences:
  1. Partial orientation: 1 --- 5 (DAG: directed_ij, PAG: partial_ij)
  2. Partial orientation: 2 --- 8 (DAG: directed_ij, PAG: partial_ij)
  3. Partial orientation: 3 --- 6 (DAG: directed_ij, PAG: partial_ij)
  4. Partial orientation: 3 --- 9 (DAG: directed_ij, PAG: partial_ij)
  5. Partial orientation: 6 --- 9 (DAG: directed_ij, PAG: partial_ij)
Saved edge comparison details to outputs/experiments/layered_sparse_nonlinear_sem_nodes_10_tabular_mlp_align_observable_state/3/edge_comparison.txt
Found 9 differences:
  1. Missing: 1 --- 4 (DAG: directed_ij)
  2. Missing: 2 --- 8 (DAG: directed_ij)
  3. Missing: 3 --- 6 (DAG: directed_ij)
  4. Missing: 3 --- 9 (DAG: directed_ij)
  5. Wrong orientation: 4 --- 5 (DAG: directed_ij, PAG: bidirected)
  6. Missing: 4 --- 7 (DAG: directed_ij)
  7. Missing: 5 --- 6 (DAG: directed_ij)
  8. Wrong orientation: 5 --- 8 (DAG: directed_ij, PAG: bidirected)
  9. Wrong orientation: 6 --- 9 (DAG: directed_ij, PAG: bidirected)
Found 4 partial orientation differences:
  1. Partial orientation: 0 --- 4 (DAG: directed_ij, PAG: partial_ij)
  2. Partial orientation: 0 --- 7 (DAG: directed_ij, PAG: partial_ij)
  3. Partial orientation: 1 --- 5 (DAG: directed_ij, PAG: partial_ij)
  4. Partial orientation: 2 --- 6 (DAG: directed_ij, PAG: partial_ij)
Saved baseline edge comparison details to outputs/experiments/layered_sparse_nonlinear_sem_nodes_10_tabular_mlp_align_observable_state/3/edge_comparison_baseline.txt
Found 5 differences:
  1. Missing: 2 --- 6 (Reference PAG: partial_ij)
  2. Extra: 2 --- 8 (PAG: partial_ij)
  3. Extra: 3 --- 6 (PAG: partial_ij)
  4. Extra: 3 --- 9 (PAG: partial_ij)
  5. Extra: 4 --- 7 (PAG: directed_ij)
Found 3 partial orientation differences:
  1. Partial orientation: 0 --- 4 (Reference PAG: partial_ij, PAG: bidirected)
  2. Partial orientation: 0 --- 7 (Reference PAG: partial_ij, PAG: bidirected)
  3. Partial orientation: 6 --- 9 (Reference PAG: bidirected, PAG: partial_ij)
Saved PAG-vs-PAG edge comparison details to outputs/experiments/layered_sparse_nonlinear_sem_nodes_10_tabular_mlp_align_observable_state/3/edge_comparison_pag_vs_pag.txt
Saved figure to outputs/experiments/layered_sparse_nonlinear_sem_nodes_10_tabular_mlp_align_observable_state/3/pag_vs_dag.png
Saved baseline figure to outputs/experiments/layered_sparse_nonlinear_sem_nodes_10_tabular_mlp_align_observable_state/3/baseline_pag_vs_dag.png
Saved combined DAG comparison to outputs/experiments/layered_sparse_nonlinear_sem_nodes_10_tabular_mlp_align_observable_state/3/pags_vs_dag.png
Saved PAG-vs-PAG figure to outputs/experiments/layered_sparse_nonlinear_sem_nodes_10_tabular_mlp_align_observable_state/3/pag_vs_pag.png
Saved adjacency matrix to outputs/experiments/layered_sparse_nonlinear_sem_nodes_10_tabular_mlp_align_observable_state/3/learned_graph_adj.npy
Saved baseline adjacency matrix to outputs/experiments/layered_sparse_nonlinear_sem_nodes_10_tabular_mlp_align_observable_state/3/baseline_graph_adj.npy
