=== [Train] Fold 4 (4/5) ===
Step: set random seed (5)
Step: build datasets
Step: initialize model
Step: training setup (model=ShallowMLP, profile=shallow, control_mode=epochs, epochs=40, target_updates=None)
Step: training
TrnLoss=0.924 ValLoss=0.865 ValR2=0.155
TrnLoss=0.764 ValLoss=0.665 ValR2=0.350
TrnLoss=0.540 ValLoss=0.422 ValR2=0.588
TrnLoss=0.325 ValLoss=0.263 ValR2=0.743
TrnLoss=0.228 ValLoss=0.214 ValR2=0.791
TrnLoss=0.193 ValLoss=0.187 ValR2=0.817
TrnLoss=0.176 ValLoss=0.174 ValR2=0.830
TrnLoss=0.167 ValLoss=0.168 ValR2=0.836
TrnLoss=0.161 ValLoss=0.163 ValR2=0.841
TrnLoss=0.157 ValLoss=0.159 ValR2=0.845
TrnLoss=0.153 ValLoss=0.156 ValR2=0.847
TrnLoss=0.150 ValLoss=0.153 ValR2=0.850
TrnLoss=0.148 ValLoss=0.152 ValR2=0.852
TrnLoss=0.146 ValLoss=0.150 ValR2=0.854
TrnLoss=0.145 ValLoss=0.149 ValR2=0.855
TrnLoss=0.143 ValLoss=0.147 ValR2=0.856
TrnLoss=0.143 ValLoss=0.146 ValR2=0.857
TrnLoss=0.142 ValLoss=0.145 ValR2=0.858
TrnLoss=0.141 ValLoss=0.144 ValR2=0.859
TrnLoss=0.140 ValLoss=0.144 ValR2=0.859
TrnLoss=0.140 ValLoss=0.143 ValR2=0.860
TrnLoss=0.139 ValLoss=0.143 ValR2=0.860
TrnLoss=0.139 ValLoss=0.143 ValR2=0.860
TrnLoss=0.139 ValLoss=0.142 ValR2=0.861
TrnLoss=0.138 ValLoss=0.142 ValR2=0.862
TrnLoss=0.138 ValLoss=0.141 ValR2=0.862
TrnLoss=0.138 ValLoss=0.141 ValR2=0.862
TrnLoss=0.137 ValLoss=0.141 ValR2=0.862
TrnLoss=0.137 ValLoss=0.141 ValR2=0.862
TrnLoss=0.137 ValLoss=0.141 ValR2=0.862
TrnLoss=0.136 ValLoss=0.140 ValR2=0.863
TrnLoss=0.136 ValLoss=0.140 ValR2=0.863
TrnLoss=0.136 ValLoss=0.140 ValR2=0.863
TrnLoss=0.136 ValLoss=0.140 ValR2=0.863
TrnLoss=0.136 ValLoss=0.140 ValR2=0.864
TrnLoss=0.136 ValLoss=0.139 ValR2=0.864
TrnLoss=0.136 ValLoss=0.139 ValR2=0.864
TrnLoss=0.136 ValLoss=0.140 ValR2=0.863
TrnLoss=0.136 ValLoss=0.139 ValR2=0.864
TrnLoss=0.135 ValLoss=0.139 ValR2=0.864
100%|#############| 40/40 [00:19<00:00,  2.02ep/s]
Step: evaluate test split
