=== [Train] Fold 3 (3/5) ===
Step: set random seed (4)
Step: build datasets
Step: initialize model
Step: training setup (model=ShallowMLP, profile=shallow, control_mode=epochs, epochs=40, target_updates=None)
Step: training
TrnLoss=0.922 ValLoss=0.927 ValR2=0.142
TrnLoss=0.804 ValLoss=0.784 ValR2=0.275
TrnLoss=0.652 ValLoss=0.603 ValR2=0.441
TrnLoss=0.487 ValLoss=0.433 ValR2=0.599
TrnLoss=0.356 ValLoss=0.324 ValR2=0.700
TrnLoss=0.278 ValLoss=0.259 ValR2=0.760
TrnLoss=0.235 ValLoss=0.224 ValR2=0.792
TrnLoss=0.209 ValLoss=0.203 ValR2=0.812
TrnLoss=0.193 ValLoss=0.189 ValR2=0.825
TrnLoss=0.182 ValLoss=0.178 ValR2=0.835
TrnLoss=0.175 ValLoss=0.170 ValR2=0.842
TrnLoss=0.166 ValLoss=0.164 ValR2=0.848
TrnLoss=0.160 ValLoss=0.156 ValR2=0.855
TrnLoss=0.155 ValLoss=0.151 ValR2=0.860
TrnLoss=0.149 ValLoss=0.146 ValR2=0.865
TrnLoss=0.144 ValLoss=0.141 ValR2=0.870
TrnLoss=0.140 ValLoss=0.137 ValR2=0.874
TrnLoss=0.137 ValLoss=0.132 ValR2=0.877
TrnLoss=0.132 ValLoss=0.128 ValR2=0.881
TrnLoss=0.129 ValLoss=0.125 ValR2=0.884
TrnLoss=0.126 ValLoss=0.122 ValR2=0.887
TrnLoss=0.124 ValLoss=0.119 ValR2=0.890
TrnLoss=0.122 ValLoss=0.117 ValR2=0.892
TrnLoss=0.118 ValLoss=0.114 ValR2=0.894
TrnLoss=0.116 ValLoss=0.112 ValR2=0.897
TrnLoss=0.115 ValLoss=0.110 ValR2=0.898
TrnLoss=0.111 ValLoss=0.107 ValR2=0.901
TrnLoss=0.109 ValLoss=0.105 ValR2=0.903
TrnLoss=0.107 ValLoss=0.103 ValR2=0.904
TrnLoss=0.105 ValLoss=0.102 ValR2=0.906
TrnLoss=0.104 ValLoss=0.100 ValR2=0.907
TrnLoss=0.102 ValLoss=0.098 ValR2=0.909
TrnLoss=0.101 ValLoss=0.097 ValR2=0.910
TrnLoss=0.099 ValLoss=0.096 ValR2=0.911
TrnLoss=0.099 ValLoss=0.095 ValR2=0.912
TrnLoss=0.097 ValLoss=0.094 ValR2=0.913
TrnLoss=0.096 ValLoss=0.093 ValR2=0.914
TrnLoss=0.096 ValLoss=0.092 ValR2=0.915
TrnLoss=0.094 ValLoss=0.091 ValR2=0.916
TrnLoss=0.093 ValLoss=0.090 ValR2=0.917
100%|#############| 40/40 [00:19<00:00,  2.01ep/s]
Step: evaluate test split
