=== [Causal Discovery] Fold 2 (2/5) ===
Step: load extraction data
Loading extraction data from: outputs/experiments/layered_sparse_linear_sem_nodes_14_shallow_mlp_align/2/alignment_results.csv
Step: prepare ground-truth data
Running sample_150__baseline_150
Saved metadata to outputs/experiments/layered_sparse_linear_sem_nodes_14_shallow_mlp_align/2/metadata.json
Test:  CI( 0 , 1 | () ) = 0.23241056663457904
Test:  CI( 0 , 2 | () ) = 0.23259932918219617
Test:  CI( 1 , 2 | () ) = 0.36379706506366594
Test:  CI( 0 , 3 | () ) = 0.5248455565072843
Test:  CI( 1 , 3 | () ) = 0.3773718557056607
Test:  CI( 2 , 3 | () ) = 0.5094221138209725
Test:  CI( 0 , 4 | () ) = 0.46007164366219655
Test:  CI( 1 , 4 | () ) = 0.5847612391077719
Test:  CI( 2 , 4 | () ) = 0.7524845687606307
Test:  CI( 3 , 4 | () ) = 0.37079911038483315
Test:  CI( 0 , 5 | () ) = 0.5482773680799822
Test:  CI( 1 , 5 | () ) = 0.43065803480670883
Test:  CI( 2 , 5 | () ) = 0.3214431925647001
Test:  CI( 3 , 5 | () ) = 0.7536099943141374
Test:  CI( 4 , 5 | () ) = 0.7570687733211225
Test:  CI( 0 , 6 | () ) = 0.0
Test:  CI( 1 , 6 | () ) = 5.489715635387249e-05
Test:  CI( 2 , 6 | () ) = 0.03510623163250193
Test:  CI( 3 , 6 | () ) = 0.869752524876084
Test:  CI( 4 , 6 | () ) = 0.3268301255152313
Test:  CI( 5 , 6 | () ) = 0.34386838150438903
Test:  CI( 0 , 7 | () ) = 6.077360836798107e-13
Test:  CI( 1 , 7 | () ) = 2.220446049250313e-16
Test:  CI( 2 , 7 | () ) = 0.030534485889302188
Test:  CI( 3 , 7 | () ) = 0.3402998493061504
Test:  CI( 4 , 7 | () ) = 0.4492393017172951
Test:  CI( 5 , 7 | () ) = 0.2995433665015761
Test:  CI( 6 , 7 | () ) = 0.0
Test:  CI( 0 , 8 | () ) = 3.1008780654318e-08
Test:  CI( 1 , 8 | () ) = 6.319389456166391e-13
Test:  CI( 2 , 8 | () ) = 5.708568906470646e-08
Test:  CI( 3 , 8 | () ) = 0.00016942187927138086
Test:  CI( 4 , 8 | () ) = 0.9310465215115884
Test:  CI( 5 , 8 | () ) = 0.13260489473938808
Test:  CI( 6 , 8 | () ) = 0.0
Test:  CI( 7 , 8 | () ) = 0.0
Test:  CI( 0 , 9 | () ) = 1.3807500032214648e-08
Test:  CI( 1 , 9 | () ) = 1.944000516118649e-12
Test:  CI( 2 , 9 | () ) = 2.4794277742046233e-10
Test:  CI( 3 , 9 | () ) = 0.6642902770507744
Test:  CI( 4 , 9 | () ) = 0.8704093125097718
Test:  CI( 5 , 9 | () ) = 0.10489038447678922
Test:  CI( 6 , 9 | () ) = 0.0
Test:  CI( 7 , 9 | () ) = 0.0
Test:  CI( 8 , 9 | () ) = 0.0
Test:  CI( 0 , 10 | () ) = 8.078724244464652e-06
Test:  CI( 1 , 10 | () ) = 1.5238632578018496e-10
Test:  CI( 2 , 10 | () ) = 3.0624185409777738e-09
Test:  CI( 3 , 10 | () ) = 0.7423639575996739
Test:  CI( 4 , 10 | () ) = 0.0033990402940504705
Test:  CI( 5 , 10 | () ) = 0.9431976861407081
Test:  CI( 6 , 10 | () ) = 0.0
Test:  CI( 7 , 10 | () ) = 0.0
Test:  CI( 8 , 10 | () ) = 0.0
Test:  CI( 9 , 10 | () ) = 0.0
Test:  CI( 0 , 11 | () ) = 0.0
Test:  CI( 1 , 11 | () ) = 0.012042286824361925
Test:  CI( 2 , 11 | () ) = 0.07295419200813225
Test:  CI( 3 , 11 | () ) = 0.861516384040411
Test:  CI( 4 , 11 | () ) = 0.3186254969051001
Test:  CI( 5 , 11 | () ) = 0.3497120750741056
Test:  CI( 6 , 11 | () ) = 0.0
Test:  CI( 7 , 11 | () ) = 0.0
Test:  CI( 8 , 11 | () ) = 0.0
Test:  CI( 9 , 11 | () ) = 0.0
Test:  CI( 10 , 11 | () ) = 2.220446049250313e-16
Test:  CI( 0 , 12 | () ) = 5.823080984068696e-07
Test:  CI( 1 , 12 | () ) = 8.767209180859936e-12
Test:  CI( 2 , 12 | () ) = 5.980618513756752e-07
Test:  CI( 3 , 12 | () ) = 4.328648550711023e-09
Test:  CI( 4 , 12 | () ) = 0.9073262566437179
Test:  CI( 5 , 12 | () ) = 0.14056918630736948
Test:  CI( 6 , 12 | () ) = 0.0
Test:  CI( 7 , 12 | () ) = 0.0
Test:  CI( 8 , 12 | () ) = 0.0
Test:  CI( 9 , 12 | () ) = 0.0
Test:  CI( 10 , 12 | () ) = 0.0
Test:  CI( 11 , 12 | () ) = 0.0
Test:  CI( 0 , 13 | () ) = 1.6731922222401607e-05
Test:  CI( 1 , 13 | () ) = 3.531015480007227e-10
Test:  CI( 2 , 13 | () ) = 2.0778081477601518e-09
Test:  CI( 3 , 13 | () ) = 0.7858787176927169
Test:  CI( 4 , 13 | () ) = 0.003181303707907368
Test:  CI( 5 , 13 | () ) = 0.0005703213579915101
Test:  CI( 6 , 13 | () ) = 0.0
Test:  CI( 7 , 13 | () ) = 0.0
Test:  CI( 8 , 13 | () ) = 0.0
Test:  CI( 9 , 13 | () ) = 0.0
Test:  CI( 10 , 13 | () ) = 0.0
Test:  CI( 11 , 13 | () ) = 1.3322676295501878e-15
Test:  CI( 12 , 13 | () ) = 0.0
Test:  CI( 0 , 6 | (1,) ) = 0.0
Test:  CI( 1 , 6 | (0,) ) = 0.0
Test:  CI( 0 , 7 | (1,) ) = 0.0
Test:  CI( 0 , 7 | (6,) ) = 1.1982051351111522e-06
Test:  CI( 1 , 7 | (0,) ) = 0.0
Test:  CI( 1 , 7 | (6,) ) = 0.0
Test:  CI( 6 , 7 | (0,) ) = 0.0
Test:  CI( 6 , 7 | (1,) ) = 0.0
Test:  CI( 0 , 8 | (1,) ) = 5.773159728050814e-15
Test:  CI( 0 , 8 | (2,) ) = 3.399633574652228e-08
Test:  CI( 0 , 8 | (3,) ) = 1.1406702249416867e-09
Test:  CI( 0 , 8 | (6,) ) = 8.346312488738405e-05
Test:  CI( 0 , 8 | (7,) ) = 0.12810603292618938
Test:  CI( 1 , 8 | (2,) ) = 4.9960036108132044e-14
Test:  CI( 1 , 8 | (3,) ) = 4.4209080840573733e-13
Test:  CI( 1 , 8 | (6,) ) = 2.05287431498391e-09
Test:  CI( 1 , 8 | (7,) ) = 0.8224245667343673
Test:  CI( 2 , 8 | (3,) ) = 2.2200512539427564e-09
Test:  CI( 2 , 8 | (6,) ) = 1.8508525823079935e-08
Test:  CI( 2 , 8 | (7,) ) = 2.220446049250313e-16
Test:  CI( 3 , 8 | (2,) ) = 6.448640567313646e-06
Test:  CI( 3 , 8 | (6,) ) = 4.812344300830773e-09
Test:  CI( 3 , 8 | (7,) ) = 8.256284544927439e-12
Test:  CI( 6 , 8 | (2,) ) = 0.0
Test:  CI( 6 , 8 | (3,) ) = 0.0
Test:  CI( 6 , 8 | (7,) ) = 0.10201941681902893
Test:  CI( 7 , 8 | (2,) ) = 0.0
Test:  CI( 7 , 8 | (3,) ) = 0.0
Test:  CI( 0 , 9 | (1,) ) = 2.4424906541753444e-15
Test:  CI( 0 , 9 | (2,) ) = 6.720167755602802e-09
Test:  CI( 0 , 9 | (6,) ) = 1.3967742628073765e-05
Test:  CI( 0 , 9 | (7,) ) = 0.236685849280994
Test:  CI( 1 , 9 | (8,) ) = 0.45630475939535553
Test:  CI( 2 , 9 | (8,) ) = 0.0003565416410007405
Test:  CI( 2 , 9 | (6,) ) = 5.566658245470535e-13
Test:  CI( 2 , 9 | (7,) ) = 0.0
Test:  CI( 6 , 9 | (8,) ) = 0.0008658286276597149
Test:  CI( 6 , 9 | (2,) ) = 0.0
Test:  CI( 6 , 9 | (7,) ) = 0.6658649442033049
Test:  CI( 7 , 9 | (8,) ) = 0.0002497028413694924
Test:  CI( 7 , 9 | (2,) ) = 0.0
Test:  CI( 8 , 9 | (2,) ) = 0.0
Test:  CI( 8 , 9 | (7,) ) = 0.0
Test:  CI( 0 , 10 | (1,) ) = 2.0256276656027694e-09
Test:  CI( 0 , 10 | (2,) ) = 1.2133219156718056e-05
Test:  CI( 0 , 10 | (4,) ) = 1.5187271218408682e-06
Test:  CI( 0 , 10 | (6,) ) = 4.157022902107066e-05
Test:  CI( 0 , 10 | (7,) ) = 0.058869265636500634
Test:  CI( 1 , 10 | (2,) ) = 1.5870416092411688e-11
Test:  CI( 1 , 10 | (4,) ) = 1.0949241513458219e-11
Test:  CI( 1 , 10 | (6,) ) = 1.1198485252439383e-06
Test:  CI( 1 , 10 | (7,) ) = 0.828027157288159
Test:  CI( 2 , 10 | (4,) ) = 5.209355169455421e-10
Test:  CI( 2 , 10 | (6,) ) = 2.510222696372466e-09
Test:  CI( 2 , 10 | (7,) ) = 5.413447468072263e-13
Test:  CI( 2 , 10 | (8,) ) = 0.017719835631530234
Test:  CI( 4 , 10 | (8,) ) = 4.050981772252271e-12
Test:  CI( 4 , 10 | (9,) ) = 0.0
Test:  CI( 4 , 10 | (6,) ) = 1.0592384780405695e-06
Test:  CI( 4 , 10 | (7,) ) = 1.208459998736089e-10
Test:  CI( 6 , 10 | (8,) ) = 0.6240347395725849
Test:  CI( 7 , 10 | (8,) ) = 0.2698315118636574
Test:  CI( 8 , 10 | (9,) ) = 0.030891181040259452
Test:  CI( 9 , 10 | (4,) ) = 0.0
Test:  CI( 0 , 11 | (6,) ) = 0.0
Test:  CI( 0 , 11 | (7,) ) = 0.0
Test:  CI( 0 , 11 | (8,) ) = 0.0
Test:  CI( 0 , 11 | (9,) ) = 0.0
Test:  CI( 0 , 11 | (10,) ) = 0.0
Test:  CI( 6 , 11 | (0,) ) = 0.0
Test:  CI( 6 , 11 | (7,) ) = 0.0
Test:  CI( 6 , 11 | (8,) ) = 0.0
Test:  CI( 6 , 11 | (9,) ) = 0.0
Test:  CI( 6 , 11 | (10,) ) = 0.0
Test:  CI( 7 , 11 | (0,) ) = 0.0
Test:  CI( 7 , 11 | (6,) ) = 0.00014083903328576675
Test:  CI( 7 , 11 | (8,) ) = 0.0
Test:  CI( 7 , 11 | (9,) ) = 9.325873406851315e-15
Test:  CI( 7 , 11 | (10,) ) = 0.0
Test:  CI( 8 , 11 | (0,) ) = 0.0
Test:  CI( 8 , 11 | (6,) ) = 0.00039820465075801614
Test:  CI( 8 , 11 | (7,) ) = 0.060471987778605296
Test:  CI( 9 , 11 | (0,) ) = 0.0
Test:  CI( 9 , 11 | (10,) ) = 6.658762430333809e-11
Test:  CI( 9 , 11 | (6,) ) = 2.3046152030525846e-05
Test:  CI( 9 , 11 | (7,) ) = 0.2853419613106123
Test:  CI( 10 , 11 | (0,) ) = 0.0
Test:  CI( 10 , 11 | (6,) ) = 2.4231833927412794e-05
Test:  CI( 10 , 11 | (7,) ) = 0.05748314485107375
Test:  CI( 0 , 12 | (1,) ) = 6.272093955317359e-12
Test:  CI( 0 , 12 | (2,) ) = 9.955264304029043e-07
Test:  CI( 0 , 12 | (3,) ) = 1.2791214754059865e-09
Test:  CI( 0 , 12 | (6,) ) = 0.00016446179891738133
Test:  CI( 0 , 12 | (7,) ) = 0.08925348053819193
Test:  CI( 1 , 12 | (2,) ) = 2.1034285424548216e-12
Test:  CI( 1 , 12 | (3,) ) = 4.767297667740422e-13
Test:  CI( 1 , 12 | (6,) ) = 6.133478458458796e-08
Test:  CI( 1 , 12 | (7,) ) = 0.7849090214168224
Test:  CI( 2 , 12 | (3,) ) = 1.203673161143115e-09
Test:  CI( 2 , 12 | (6,) ) = 1.5612460435576736e-06
Test:  CI( 2 , 12 | (7,) ) = 1.4769294676142408e-09
Test:  CI( 2 , 12 | (8,) ) = 0.04877223109721007
Test:  CI( 3 , 12 | (6,) ) = 0.0
Test:  CI( 3 , 12 | (7,) ) = 0.0
Test:  CI( 3 , 12 | (8,) ) = 0.0
Test:  CI( 3 , 12 | (9,) ) = 0.0
Test:  CI( 3 , 12 | (10,) ) = 0.0
Test:  CI( 3 , 12 | (11,) ) = 2.220446049250313e-16
Test:  CI( 6 , 12 | (3,) ) = 0.0
Test:  CI( 6 , 12 | (7,) ) = 0.08001232676341341
Test:  CI( 7 , 12 | (3,) ) = 0.0
Test:  CI( 7 , 12 | (8,) ) = 2.544766934953202e-07
Test:  CI( 7 , 12 | (9,) ) = 0.0019895954726665277
Test:  CI( 7 , 12 | (10,) ) = 1.9695356456850277e-13
Test:  CI( 7 , 12 | (11,) ) = 0.0
Test:  CI( 8 , 12 | (3,) ) = 0.0
Test:  CI( 8 , 12 | (7,) ) = 0.0
Test:  CI( 8 , 12 | (9,) ) = 0.0
Test:  CI( 8 , 12 | (10,) ) = 0.0
Test:  CI( 8 , 12 | (11,) ) = 0.0
Test:  CI( 9 , 12 | (3,) ) = 0.0
Test:  CI( 9 , 12 | (7,) ) = 2.220446049250313e-16
Test:  CI( 9 , 12 | (8,) ) = 0.0
Test:  CI( 9 , 12 | (10,) ) = 0.0
Test:  CI( 9 , 12 | (11,) ) = 0.0
Test:  CI( 10 , 12 | (3,) ) = 0.0
Test:  CI( 10 , 12 | (7,) ) = 4.582092483218503e-10
Test:  CI( 10 , 12 | (8,) ) = 2.697340129032e-10
Test:  CI( 10 , 12 | (9,) ) = 0.20594351389587917
Test:  CI( 11 , 12 | (8,) ) = 0.0010429866394163767
Test:  CI( 11 , 12 | (9,) ) = 0.6497193842381479
Test:  CI( 0 , 13 | (1,) ) = 9.09451136621442e-09
Test:  CI( 0 , 13 | (2,) ) = 2.640038829593294e-05
Test:  CI( 0 , 13 | (4,) ) = 3.3877037775020824e-06
Test:  CI( 0 , 13 | (5,) ) = 1.78513698503302e-05
Test:  CI( 0 , 13 | (6,) ) = 4.578411445654851e-05
Test:  CI( 0 , 13 | (7,) ) = 0.05416445339214215
Test:  CI( 1 , 13 | (2,) ) = 4.00874888839553e-11
Test:  CI( 1 , 13 | (4,) ) = 2.7306823469075425e-11
Test:  CI( 1 , 13 | (5,) ) = 3.4322544806286714e-10
Test:  CI( 1 , 13 | (6,) ) = 2.4293026992250333e-06
Test:  CI( 1 , 13 | (7,) ) = 0.8314695646102064
Test:  CI( 2 , 13 | (4,) ) = 3.322262465133008e-10
Test:  CI( 2 , 13 | (5,) ) = 3.2289775298011136e-09
Test:  CI( 2 , 13 | (6,) ) = 2.097971796288789e-09
Test:  CI( 2 , 13 | (7,) ) = 1.0611511669367246e-12
Test:  CI( 2 , 13 | (8,) ) = 0.011998809466570615
Test:  CI( 4 , 13 | (5,) ) = 0.0029706169283096884
Test:  CI( 4 , 13 | (6,) ) = 1.4828948289302701e-06
Test:  CI( 4 , 13 | (7,) ) = 4.971214551119374e-10
Test:  CI( 4 , 13 | (8,) ) = 1.7321921674806617e-11
Test:  CI( 4 , 13 | (9,) ) = 0.0
Test:  CI( 4 , 13 | (10,) ) = 0.6142849945992512
Test:  CI( 5 , 13 | (6,) ) = 0.00022682234223192488
Test:  CI( 5 , 13 | (7,) ) = 1.4318142136593437e-05
Test:  CI( 5 , 13 | (8,) ) = 9.33077937759208e-06
Test:  CI( 5 , 13 | (9,) ) = 6.189212919949227e-09
Test:  CI( 5 , 13 | (10,) ) = 0.0
Test:  CI( 5 , 13 | (11,) ) = 0.000388755292208387
Test:  CI( 5 , 13 | (12,) ) = 7.813181742077902e-05
Test:  CI( 6 , 13 | (5,) ) = 0.0
Test:  CI( 6 , 13 | (7,) ) = 0.2208617796730339
Test:  CI( 7 , 13 | (5,) ) = 0.0
Test:  CI( 7 , 13 | (8,) ) = 0.493414277754451
Test:  CI( 8 , 13 | (5,) ) = 0.0
Test:  CI( 8 , 13 | (9,) ) = 0.016265779655353585
Test:  CI( 9 , 13 | (10,) ) = 3.0765739198468367e-06
Test:  CI( 9 , 13 | (11,) ) = 0.0
Test:  CI( 9 , 13 | (12,) ) = 0.0
Test:  CI( 9 , 13 | (5,) ) = 0.0
Test:  CI( 10 , 13 | (9,) ) = 0.0
Test:  CI( 10 , 13 | (11,) ) = 0.0
Test:  CI( 10 , 13 | (12,) ) = 0.0
Test:  CI( 10 , 13 | (5,) ) = 0.0
Test:  CI( 11 , 13 | (9,) ) = 0.0006901030414854237
Test:  CI( 11 , 13 | (10,) ) = 0.49136645280845537
Test:  CI( 12 , 13 | (9,) ) = 0.1427162721899311
Test:  CI( 0 , 7 | (1, 6) ) = 0.8125400029232606
Test:  CI( 1 , 7 | (0, 6) ) = 2.382538610845586e-13
Test:  CI( 6 , 7 | (0, 1) ) = 0.0
Test:  CI( 3 , 8 | (2, 7) ) = 0.0
Test:  CI( 8 , 9 | (2, 7) ) = 0.0
Test:  CI( 8 , 9 | (1, 7) ) = 0.0
Test:  CI( 8 , 9 | (6, 7) ) = 0.0
Test:  CI( 7 , 11 | (0, 6) ) = 0.22758040429607318
Test:  CI( 3 , 12 | (8, 7) ) = 0.0
Test:  CI( 3 , 12 | (1, 7) ) = 0.0
Test:  CI( 3 , 12 | (6, 7) ) = 0.0
Test:  CI( 8 , 12 | (1, 7) ) = 0.0
Test:  CI( 8 , 12 | (6, 7) ) = 0.0
Test:  CI( 9 , 12 | (8, 7) ) = 0.0
Test:  CI( 9 , 12 | (1, 7) ) = 4.440892098500626e-16
Test:  CI( 9 , 12 | (6, 7) ) = 2.220446049250313e-16
Test:  CI( 9 , 13 | (10, 5) ) = 0.003163318001363269
Test:  CI( 8 , 9 | (1, 2, 7) ) = 0.0
Test:  CI( 8 , 9 | (2, 6, 7) ) = 0.0
Test:  CI( 8 , 9 | (1, 6, 7) ) = 0.0
Test:  CI( 8 , 9 | (1, 2, 6, 7) ) = 0.0
Test:  CI( 8 , 9 | (0, 1, 6, 7) ) = 0.0
Test:  CI( 8 , 9 | (0, 1, 2, 6, 7) ) = 0.0
Saved adjacency matrix to outputs/experiments/layered_sparse_linear_sem_nodes_14_shallow_mlp_align/2/learned_graph_adj.npy
Test:  CI( 0 , 1 | () ) = 0.06328757533878204
Test:  CI( 0 , 2 | () ) = 0.7914313871106315
Test:  CI( 1 , 2 | () ) = 0.6407638627905796
Test:  CI( 0 , 3 | () ) = 0.4200844834238082
Test:  CI( 1 , 3 | () ) = 0.03293042320832118
Test:  CI( 2 , 3 | () ) = 0.7222364999449027
Test:  CI( 0 , 4 | () ) = 0.7448341122837021
Test:  CI( 1 , 4 | () ) = 0.010263900650157032
Test:  CI( 2 , 4 | () ) = 0.5299861262713634
Test:  CI( 3 , 4 | () ) = 0.8127940533035374
Test:  CI( 0 , 5 | () ) = 0.047725139828476815
Test:  CI( 1 , 5 | () ) = 0.944384938577854
Test:  CI( 2 , 5 | () ) = 0.6183686824403227
Test:  CI( 3 , 5 | () ) = 0.6566032692277362
Test:  CI( 4 , 5 | () ) = 0.834705162161556
Test:  CI( 0 , 6 | () ) = 0.0
Test:  CI( 1 , 6 | () ) = 1.2912206859283515e-09
Test:  CI( 2 , 6 | () ) = 0.9894396326864747
Test:  CI( 3 , 6 | () ) = 0.35663085417338447
Test:  CI( 4 , 6 | () ) = 0.7363267131592286
Test:  CI( 5 , 6 | () ) = 0.16784519638365092
Test:  CI( 0 , 7 | () ) = 0.0
Test:  CI( 1 , 7 | () ) = 0.0
Test:  CI( 2 , 7 | () ) = 0.8274899916493192
Test:  CI( 3 , 7 | () ) = 0.03638420133348985
Test:  CI( 4 , 7 | () ) = 0.5317200879573183
Test:  CI( 5 , 7 | () ) = 0.10783560225875388
Test:  CI( 6 , 7 | () ) = 0.0
Test:  CI( 0 , 8 | () ) = 0.0
Test:  CI( 1 , 8 | () ) = 0.0
Test:  CI( 2 , 8 | () ) = 0.011471285156082311
Test:  CI( 3 , 8 | () ) = 1.2827987316832434e-07
Test:  CI( 4 , 8 | () ) = 0.45881076948442345
Test:  CI( 5 , 8 | () ) = 0.23733030655298593
Test:  CI( 6 , 8 | () ) = 0.0
Test:  CI( 7 , 8 | () ) = 0.0
Test:  CI( 0 , 9 | () ) = 4.440892098500626e-16
Test:  CI( 1 , 9 | () ) = 0.0
Test:  CI( 2 , 9 | () ) = 0.012596962131813383
Test:  CI( 3 , 9 | () ) = 0.014295264930515694
Test:  CI( 4 , 9 | () ) = 0.5320168359335393
Test:  CI( 5 , 9 | () ) = 0.08718997731342193
Test:  CI( 6 , 9 | () ) = 0.0
Test:  CI( 7 , 9 | () ) = 0.0
Test:  CI( 8 , 9 | () ) = 0.0
Test:  CI( 0 , 10 | () ) = 1.2936318682932324e-12
Test:  CI( 1 , 10 | () ) = 0.0
Test:  CI( 2 , 10 | () ) = 0.009774388610995555
Test:  CI( 3 , 10 | () ) = 0.02187804158780282
Test:  CI( 4 , 10 | () ) = 0.011532994946456432
Test:  CI( 5 , 10 | () ) = 0.770721678912597
Test:  CI( 6 , 10 | () ) = 0.0
Test:  CI( 7 , 10 | () ) = 0.0
Test:  CI( 8 , 10 | () ) = 0.0
Test:  CI( 9 , 10 | () ) = 0.0
Test:  CI( 0 , 11 | () ) = 0.0
Test:  CI( 1 , 11 | () ) = 1.0089462576523545e-07
Test:  CI( 2 , 11 | () ) = 0.8172326124151328
Test:  CI( 3 , 11 | () ) = 0.2539780600211283
Test:  CI( 4 , 11 | () ) = 0.7850144859750281
Test:  CI( 5 , 11 | () ) = 0.10704486534784885
Test:  CI( 6 , 11 | () ) = 0.0
Test:  CI( 7 , 11 | () ) = 0.0
Test:  CI( 8 , 11 | () ) = 0.0
Test:  CI( 9 , 11 | () ) = 0.0
Test:  CI( 10 , 11 | () ) = 0.0
Test:  CI( 0 , 12 | () ) = 4.574118861455645e-14
Test:  CI( 1 , 12 | () ) = 0.0
Test:  CI( 2 , 12 | () ) = 0.017237014738218148
Test:  CI( 3 , 12 | () ) = 4.6109782658732e-12
Test:  CI( 4 , 12 | () ) = 0.36011968561083574
Test:  CI( 5 , 12 | () ) = 0.3160262373305933
Test:  CI( 6 , 12 | () ) = 0.0
Test:  CI( 7 , 12 | () ) = 0.0
Test:  CI( 8 , 12 | () ) = 0.0
Test:  CI( 9 , 12 | () ) = 0.0
Test:  CI( 10 , 12 | () ) = 0.0
Test:  CI( 11 , 12 | () ) = 0.0
Test:  CI( 0 , 13 | () ) = 2.58855159529503e-11
Test:  CI( 1 , 13 | () ) = 0.0
Test:  CI( 2 , 13 | () ) = 0.010996608202420655
Test:  CI( 3 , 13 | () ) = 0.02553760777753178
Test:  CI( 4 , 13 | () ) = 0.004806401527486681
Test:  CI( 5 , 13 | () ) = 0.01576820980370708
Test:  CI( 6 , 13 | () ) = 0.0
Test:  CI( 7 , 13 | () ) = 0.0
Test:  CI( 8 , 13 | () ) = 0.0
Test:  CI( 9 , 13 | () ) = 0.0
Test:  CI( 10 , 13 | () ) = 0.0
Test:  CI( 11 , 13 | () ) = 0.0
Test:  CI( 12 , 13 | () ) = 0.0
Test:  CI( 0 , 6 | (1,) ) = 0.0
Test:  CI( 1 , 6 | (0,) ) = 1.1324274851176597e-14
Test:  CI( 0 , 7 | (1,) ) = 0.0
Test:  CI( 0 , 7 | (6,) ) = 0.046205957066123515
Test:  CI( 1 , 7 | (6,) ) = 6.661338147750939e-16
Test:  CI( 6 , 7 | (1,) ) = 0.0
Test:  CI( 0 , 8 | (1,) ) = 0.0
Test:  CI( 0 , 8 | (3,) ) = 0.0
Test:  CI( 0 , 8 | (6,) ) = 0.47056238946722173
Test:  CI( 1 , 8 | (3,) ) = 0.0
Test:  CI( 1 , 8 | (6,) ) = 1.0042162656986875e-09
Test:  CI( 1 , 8 | (7,) ) = 0.3583420384653391
Test:  CI( 3 , 8 | (6,) ) = 7.105427357601002e-15
Test:  CI( 3 , 8 | (7,) ) = 0.0
Test:  CI( 6 , 8 | (3,) ) = 0.0
Test:  CI( 6 , 8 | (7,) ) = 0.5712654904379009
Test:  CI( 7 , 8 | (3,) ) = 0.0
Test:  CI( 0 , 9 | (8,) ) = 0.3967889851662971
Test:  CI( 1 , 9 | (8,) ) = 0.38784313308327656
Test:  CI( 6 , 9 | (8,) ) = 0.003586416075709531
Test:  CI( 6 , 9 | (7,) ) = 0.5507564918174555
Test:  CI( 7 , 9 | (8,) ) = 2.2057670823194542e-07
Test:  CI( 8 , 9 | (7,) ) = 0.0
Test:  CI( 0 , 10 | (1,) ) = 4.574118861455645e-14
Test:  CI( 0 , 10 | (2,) ) = 6.203926261605375e-13
Test:  CI( 0 , 10 | (6,) ) = 0.057135865743068726
Test:  CI( 1 , 10 | (2,) ) = 0.0
Test:  CI( 1 , 10 | (6,) ) = 4.533801112316382e-09
Test:  CI( 1 , 10 | (7,) ) = 0.19495124142345865
Test:  CI( 2 , 10 | (8,) ) = 0.497331084480912
Test:  CI( 6 , 10 | (8,) ) = 0.12854521708231514
Test:  CI( 7 , 10 | (8,) ) = 0.0015203720935437204
Test:  CI( 7 , 10 | (9,) ) = 0.8898395246880857
Test:  CI( 8 , 10 | (9,) ) = 0.48164389984157463
Test:  CI( 0 , 11 | (1,) ) = 0.0
Test:  CI( 0 , 11 | (6,) ) = 6.58441016598843e-06
Test:  CI( 0 , 11 | (7,) ) = 0.0
Test:  CI( 0 , 11 | (8,) ) = 0.0
Test:  CI( 0 , 11 | (9,) ) = 0.0
Test:  CI( 0 , 11 | (10,) ) = 0.0
Test:  CI( 1 , 11 | (0,) ) = 1.3530954134921558e-11
Test:  CI( 1 , 11 | (6,) ) = 0.2559097200392446
Test:  CI( 6 , 11 | (0,) ) = 0.0
Test:  CI( 6 , 11 | (7,) ) = 0.0
Test:  CI( 6 , 11 | (8,) ) = 0.0
Test:  CI( 6 , 11 | (9,) ) = 0.0
Test:  CI( 6 , 11 | (10,) ) = 0.0
Test:  CI( 7 , 11 | (0,) ) = 0.0
Test:  CI( 7 , 11 | (6,) ) = 0.7473011344935112
Test:  CI( 8 , 11 | (0,) ) = 1.887379141862766e-14
Test:  CI( 8 , 11 | (9,) ) = 0.02983174777468922
Test:  CI( 9 , 11 | (0,) ) = 5.10702591327572e-15
Test:  CI( 9 , 11 | (10,) ) = 2.093553458593078e-06
Test:  CI( 9 , 11 | (6,) ) = 0.627188878418516
Test:  CI( 10 , 11 | (0,) ) = 1.780797731498751e-13
Test:  CI( 10 , 11 | (6,) ) = 0.4396301729099521
Test:  CI( 0 , 12 | (1,) ) = 4.440892098500626e-16
Test:  CI( 0 , 12 | (3,) ) = 0.0
Test:  CI( 0 , 12 | (6,) ) = 0.49854085262512626
Test:  CI( 1 , 12 | (3,) ) = 0.0
Test:  CI( 1 , 12 | (6,) ) = 5.557547977375066e-09
Test:  CI( 1 , 12 | (7,) ) = 0.1545609049252732
Test:  CI( 3 , 12 | (6,) ) = 0.0
Test:  CI( 3 , 12 | (7,) ) = 0.0
Test:  CI( 3 , 12 | (8,) ) = 0.0
Test:  CI( 3 , 12 | (9,) ) = 0.0
Test:  CI( 3 , 12 | (10,) ) = 0.0
Test:  CI( 3 , 12 | (11,) ) = 0.0
Test:  CI( 6 , 12 | (3,) ) = 0.0
Test:  CI( 6 , 12 | (7,) ) = 0.25324922069499456
Test:  CI( 7 , 12 | (3,) ) = 0.0
Test:  CI( 7 , 12 | (8,) ) = 9.671158823554293e-06
Test:  CI( 7 , 12 | (9,) ) = 0.05504105351029165
Test:  CI( 8 , 12 | (11,) ) = 0.0
Test:  CI( 8 , 12 | (9,) ) = 0.0
Test:  CI( 8 , 12 | (10,) ) = 0.0
Test:  CI( 8 , 12 | (3,) ) = 0.0
Test:  CI( 9 , 12 | (8,) ) = 1.7568283050550804e-08
Test:  CI( 9 , 12 | (11,) ) = 0.0
Test:  CI( 9 , 12 | (10,) ) = 7.571721027943568e-14
Test:  CI( 9 , 12 | (3,) ) = 0.0
Test:  CI( 10 , 12 | (8,) ) = 0.00012895895277997838
Test:  CI( 10 , 12 | (9,) ) = 0.6679359801083042
Test:  CI( 11 , 12 | (8,) ) = 0.015080628953751951
Test:  CI( 0 , 13 | (1,) ) = 4.7410964043592685e-12
Test:  CI( 0 , 13 | (4,) ) = 3.08530978543331e-12
Test:  CI( 0 , 13 | (6,) ) = 0.03494738670782249
Test:  CI( 1 , 13 | (4,) ) = 1.7763568394002505e-15
Test:  CI( 1 , 13 | (6,) ) = 2.9602780671211804e-08
Test:  CI( 1 , 13 | (7,) ) = 0.2860910198565052
Test:  CI( 4 , 13 | (6,) ) = 0.00015463674658633408
Test:  CI( 4 , 13 | (7,) ) = 4.850330371120037e-06
Test:  CI( 4 , 13 | (8,) ) = 6.115651980387327e-07
Test:  CI( 4 , 13 | (9,) ) = 2.1730173216383264e-11
Test:  CI( 4 , 13 | (10,) ) = 0.18457199000615576
Test:  CI( 6 , 13 | (7,) ) = 0.20570921720836943
Test:  CI( 7 , 13 | (8,) ) = 0.0019884123285673905
Test:  CI( 7 , 13 | (9,) ) = 0.7766573036383781
Test:  CI( 8 , 13 | (9,) ) = 0.6581332447265558
Test:  CI( 9 , 13 | (10,) ) = 5.9152406882923e-05
Test:  CI( 9 , 13 | (11,) ) = 0.0
Test:  CI( 9 , 13 | (12,) ) = 0.0
Test:  CI( 10 , 13 | (9,) ) = 3.1086244689504383e-15
Test:  CI( 10 , 13 | (11,) ) = 0.0
Test:  CI( 10 , 13 | (12,) ) = 0.0
Test:  CI( 11 , 13 | (9,) ) = 0.4599999381342761
Test:  CI( 12 , 13 | (9,) ) = 0.8236671299915594
Test:  CI( 8 , 9 | (6, 7) ) = 0.0
Test:  CI( 8 , 12 | (9, 3) ) = 0.0
Saved metrics to outputs/experiments/layered_sparse_linear_sem_nodes_14_shallow_mlp_align/2/performance_metrics.json
Saved baseline metrics to outputs/experiments/layered_sparse_linear_sem_nodes_14_shallow_mlp_align/2/baseline_performance_metrics.json
Saved PAG-vs-PAG metrics to outputs/experiments/layered_sparse_linear_sem_nodes_14_shallow_mlp_align/2/pag_vs_pag_metrics.json
Found 12 differences:
  1. Extra: 2 --- 9 (PAG: partial_ij)
  2. Wrong orientation: 3 --- 8 (DAG: directed_ij, PAG: bidirected)
  3. Missing: 3 --- 9 (DAG: directed_ij)
  4. Wrong orientation: 3 --- 12 (DAG: directed_ij, PAG: bidirected)
  5. Missing: 5 --- 10 (DAG: directed_ij)
  6. Wrong orientation: 6 --- 11 (DAG: directed_ij, PAG: bidirected)
  7. Extra: 7 --- 9 (PAG: bidirected)
  8. Extra: 7 --- 12 (PAG: directed_ij)
  9. Wrong orientation: 8 --- 9 (DAG: directed_ij, PAG: bidirected)
  10. Wrong orientation: 9 --- 10 (DAG: directed_ij, PAG: bidirected)
  11. Extra: 9 --- 12 (PAG: bidirected)
  12. Extra: 9 --- 13 (PAG: bidirected)
Found 6 partial orientation differences:
  1. Partial orientation: 0 --- 6 (DAG: directed_ij, PAG: partial_ij)
  2. Partial orientation: 0 --- 11 (DAG: directed_ij, PAG: partial_ij)
  3. Partial orientation: 1 --- 6 (DAG: directed_ij, PAG: partial_ij)
  4. Partial orientation: 2 --- 8 (DAG: directed_ij, PAG: partial_ij)
  5. Partial orientation: 4 --- 10 (DAG: directed_ij, PAG: partial_ij)
  6. Partial orientation: 5 --- 13 (DAG: directed_ij, PAG: partial_ij)
Saved edge comparison details to outputs/experiments/layered_sparse_linear_sem_nodes_14_shallow_mlp_align/2/edge_comparison.txt
Found 14 differences:
  1. Wrong orientation: 0 --- 6 (DAG: directed_ij, PAG: bidirected)
  2. Wrong orientation: 0 --- 11 (DAG: directed_ij, PAG: bidirected)
  3. Wrong orientation: 1 --- 6 (DAG: directed_ij, PAG: bidirected)
  4. Wrong orientation: 1 --- 7 (DAG: directed_ij, PAG: bidirected)
  5. Missing: 2 --- 8 (DAG: directed_ij)
  6. Missing: 3 --- 9 (DAG: directed_ij)
  7. Missing: 4 --- 10 (DAG: directed_ij)
  8. Missing: 5 --- 10 (DAG: directed_ij)
  9. Missing: 5 --- 13 (DAG: directed_ij)
  10. Extra: 7 --- 9 (PAG: bidirected)
  11. Wrong orientation: 8 --- 9 (DAG: directed_ij, PAG: bidirected)
  12. Wrong orientation: 8 --- 12 (DAG: directed_ij, PAG: bidirected)
  13. Extra: 9 --- 12 (PAG: directed_ij)
  14. Extra: 9 --- 13 (PAG: directed_ij)
Found 3 partial orientation differences:
  1. Partial orientation: 3 --- 8 (DAG: directed_ij, PAG: partial_ij)
  2. Partial orientation: 3 --- 12 (DAG: directed_ij, PAG: partial_ij)
  3. Partial orientation: 10 --- 13 (DAG: directed_ij, PAG: partial_ij)
Saved baseline edge comparison details to outputs/experiments/layered_sparse_linear_sem_nodes_14_shallow_mlp_align/2/edge_comparison_baseline.txt
Found 11 differences:
  1. Wrong orientation: 1 --- 7 (Reference PAG: bidirected, PAG: directed_ij)
  2. Extra: 2 --- 8 (PAG: partial_ij)
  3. Extra: 2 --- 9 (PAG: partial_ij)
  4. Extra: 4 --- 10 (PAG: partial_ij)
  5. Extra: 5 --- 13 (PAG: partial_ij)
  6. Wrong orientation: 6 --- 11 (Reference PAG: directed_ij, PAG: bidirected)
  7. Extra: 7 --- 12 (PAG: directed_ij)
  8. Wrong orientation: 8 --- 12 (Reference PAG: bidirected, PAG: directed_ij)
  9. Wrong orientation: 9 --- 10 (Reference PAG: directed_ij, PAG: bidirected)
  10. Wrong orientation: 9 --- 12 (Reference PAG: directed_ij, PAG: bidirected)
  11. Wrong orientation: 9 --- 13 (Reference PAG: directed_ij, PAG: bidirected)
Found 6 partial orientation differences:
  1. Partial orientation: 0 --- 6 (Reference PAG: bidirected, PAG: partial_ij)
  2. Partial orientation: 0 --- 11 (Reference PAG: bidirected, PAG: partial_ij)
  3. Partial orientation: 1 --- 6 (Reference PAG: bidirected, PAG: partial_ij)
  4. Partial orientation: 3 --- 8 (Reference PAG: partial_ij, PAG: bidirected)
  5. Partial orientation: 3 --- 12 (Reference PAG: partial_ij, PAG: bidirected)
  6. Partial orientation: 10 --- 13 (Reference PAG: partial_ij, PAG: directed_ij)
Saved PAG-vs-PAG edge comparison details to outputs/experiments/layered_sparse_linear_sem_nodes_14_shallow_mlp_align/2/edge_comparison_pag_vs_pag.txt
Saved figure to outputs/experiments/layered_sparse_linear_sem_nodes_14_shallow_mlp_align/2/pag_vs_dag.png
Saved baseline figure to outputs/experiments/layered_sparse_linear_sem_nodes_14_shallow_mlp_align/2/baseline_pag_vs_dag.png
Saved combined DAG comparison to outputs/experiments/layered_sparse_linear_sem_nodes_14_shallow_mlp_align/2/pags_vs_dag.png
Saved PAG-vs-PAG figure to outputs/experiments/layered_sparse_linear_sem_nodes_14_shallow_mlp_align/2/pag_vs_pag.png
Saved adjacency matrix to outputs/experiments/layered_sparse_linear_sem_nodes_14_shallow_mlp_align/2/learned_graph_adj.npy
Saved baseline adjacency matrix to outputs/experiments/layered_sparse_linear_sem_nodes_14_shallow_mlp_align/2/baseline_graph_adj.npy
