=== [Train] Fold 2 (2/5) ===
Step: set random seed (3)
Step: build datasets
Step: initialize model
Step: training setup (model=ShallowMLP, profile=shallow, control_mode=epochs, epochs=40, target_updates=None)
Step: training
TrnLoss=0.950 ValLoss=0.801 ValR2=0.132
TrnLoss=0.746 ValLoss=0.597 ValR2=0.353
TrnLoss=0.495 ValLoss=0.366 ValR2=0.603
TrnLoss=0.282 ValLoss=0.220 ValR2=0.761
TrnLoss=0.188 ValLoss=0.172 ValR2=0.813
TrnLoss=0.151 ValLoss=0.145 ValR2=0.843
TrnLoss=0.132 ValLoss=0.130 ValR2=0.859
TrnLoss=0.120 ValLoss=0.119 ValR2=0.871
TrnLoss=0.110 ValLoss=0.109 ValR2=0.882
TrnLoss=0.102 ValLoss=0.102 ValR2=0.890
TrnLoss=0.097 ValLoss=0.097 ValR2=0.895
TrnLoss=0.092 ValLoss=0.093 ValR2=0.899
TrnLoss=0.089 ValLoss=0.090 ValR2=0.903
TrnLoss=0.086 ValLoss=0.087 ValR2=0.905
TrnLoss=0.084 ValLoss=0.085 ValR2=0.908
TrnLoss=0.082 ValLoss=0.084 ValR2=0.909
TrnLoss=0.080 ValLoss=0.082 ValR2=0.911
TrnLoss=0.079 ValLoss=0.080 ValR2=0.913
TrnLoss=0.077 ValLoss=0.080 ValR2=0.914
TrnLoss=0.076 ValLoss=0.078 ValR2=0.915
TrnLoss=0.075 ValLoss=0.077 ValR2=0.916
TrnLoss=0.075 ValLoss=0.077 ValR2=0.917
TrnLoss=0.074 ValLoss=0.076 ValR2=0.918
TrnLoss=0.073 ValLoss=0.075 ValR2=0.919
TrnLoss=0.072 ValLoss=0.075 ValR2=0.919
TrnLoss=0.072 ValLoss=0.074 ValR2=0.920
TrnLoss=0.071 ValLoss=0.073 ValR2=0.921
TrnLoss=0.071 ValLoss=0.073 ValR2=0.921
TrnLoss=0.070 ValLoss=0.072 ValR2=0.922
TrnLoss=0.070 ValLoss=0.072 ValR2=0.922
TrnLoss=0.069 ValLoss=0.071 ValR2=0.923
TrnLoss=0.069 ValLoss=0.071 ValR2=0.923
TrnLoss=0.069 ValLoss=0.071 ValR2=0.923
TrnLoss=0.068 ValLoss=0.070 ValR2=0.924
TrnLoss=0.068 ValLoss=0.070 ValR2=0.924
TrnLoss=0.068 ValLoss=0.070 ValR2=0.924
TrnLoss=0.068 ValLoss=0.070 ValR2=0.925
TrnLoss=0.067 ValLoss=0.069 ValR2=0.925
TrnLoss=0.067 ValLoss=0.069 ValR2=0.925
TrnLoss=0.067 ValLoss=0.069 ValR2=0.925
100%|#############| 40/40 [00:19<00:00,  2.01ep/s]
Step: evaluate test split
