=== [Causal Discovery] Fold 5 (5/5) ===
Step: load extraction data
Loading extraction data from: outputs/experiments/layered_sparse_nonlinear_sem_nodes_10_tabular_mlp_align/5/alignment_results.csv
Step: prepare ground-truth data
Running sample_150__baseline_150
Saved metadata to outputs/experiments/layered_sparse_nonlinear_sem_nodes_10_tabular_mlp_align/5/metadata.json
CI(0, 1 | ()) p=0.002401 -> indep=False
CI(0, 2 | ()) p=0.1761 -> indep=True
CI(1, 2 | ()) p=0.4344 -> indep=True
CI(0, 3 | ()) p=0.5666 -> indep=True
CI(1, 3 | ()) p=0.04131 -> indep=True
CI(2, 3 | ()) p=0.6201 -> indep=True
CI(0, 4 | ()) p=1.454e-14 -> indep=False
CI(1, 4 | ()) p=0.6588 -> indep=True
CI(2, 4 | ()) p=0.6602 -> indep=True
CI(3, 4 | ()) p=0.8657 -> indep=True
CI(0, 5 | ()) p=0.01355 -> indep=True
CI(1, 5 | ()) p=0.003457 -> indep=False
CI(2, 5 | ()) p=0.3964 -> indep=True
CI(3, 5 | ()) p=0.217 -> indep=True
CI(4, 5 | ()) p=3.436e-11 -> indep=False
CI(0, 6 | ()) p=0.2845 -> indep=True
CI(1, 6 | ()) p=0.4112 -> indep=True
CI(2, 6 | ()) p=0.05943 -> indep=True
CI(3, 6 | ()) p=0.0408 -> indep=True
CI(4, 6 | ()) p=0.7691 -> indep=True
CI(5, 6 | ()) p=0.3735 -> indep=True
CI(0, 7 | ()) p=1.924e-07 -> indep=False
CI(1, 7 | ()) p=0.03396 -> indep=True
CI(2, 7 | ()) p=0.2826 -> indep=True
CI(3, 7 | ()) p=0.06891 -> indep=True
CI(4, 7 | ()) p=9.189e-07 -> indep=False
CI(5, 7 | ()) p=0.2841 -> indep=True
CI(6, 7 | ()) p=0.003182 -> indep=False
CI(0, 8 | ()) p=0.008766 -> indep=False
CI(1, 8 | ()) p=0.1085 -> indep=True
CI(2, 8 | ()) p=1.18e-06 -> indep=False
CI(3, 8 | ()) p=0.6835 -> indep=True
CI(4, 8 | ()) p=7.044e-06 -> indep=False
CI(5, 8 | ()) p=1.11e-16 -> indep=False
CI(6, 8 | ()) p=0.3842 -> indep=True
CI(7, 8 | ()) p=0.05544 -> indep=True
CI(0, 9 | ()) p=0.003161 -> indep=False
CI(1, 9 | ()) p=0.6838 -> indep=True
CI(2, 9 | ()) p=0.08656 -> indep=True
CI(3, 9 | ()) p=3.045e-07 -> indep=False
CI(4, 9 | ()) p=0.001178 -> indep=False
CI(5, 9 | ()) p=0.05403 -> indep=True
CI(6, 9 | ()) p=1.573e-06 -> indep=False
CI(7, 9 | ()) p=0.4751 -> indep=True
CI(8, 9 | ()) p=0.0003144 -> indep=False
CI(1, 5 | (4,)) p=4.12e-05 -> indep=False
CI(4, 5 | (1,)) p=4.301e-13 -> indep=False
CI(0, 7 | (4,)) p=0.03975 -> indep=True
CI(4, 7 | (6,)) p=1.375e-06 -> indep=False
CI(6, 7 | (4,)) p=0.00499 -> indep=False
CI(0, 8 | (2,)) p=0.1204 -> indep=True
CI(2, 8 | (4,)) p=1.6e-05 -> indep=False
CI(2, 8 | (5,)) p=3.946e-06 -> indep=False
CI(4, 8 | (2,)) p=3.11e-05 -> indep=False
CI(4, 8 | (5,)) p=0.1828 -> indep=True
CI(5, 8 | (2,)) p=3.653e-14 -> indep=False
CI(0, 9 | (8,)) p=0.3412 -> indep=True
CI(3, 9 | (8,)) p=6.742e-07 -> indep=False
CI(3, 9 | (4,)) p=3.884e-06 -> indep=False
CI(3, 9 | (6,)) p=2.206e-05 -> indep=False
CI(4, 9 | (8,)) p=0.2413 -> indep=True
CI(6, 9 | (8,)) p=1.013e-05 -> indep=False
CI(6, 9 | (3,)) p=0.0002225 -> indep=False
CI(8, 9 | (3,)) p=0.000867 -> indep=False
CI(8, 9 | (6,)) p=0.003102 -> indep=False
Saved adjacency matrix to outputs/experiments/layered_sparse_nonlinear_sem_nodes_10_tabular_mlp_align/5/learned_graph_adj.npy
CI(0, 1 | ()) p=0.4981 -> indep=True
CI(0, 2 | ()) p=0.6839 -> indep=True
CI(1, 2 | ()) p=0.7329 -> indep=True
CI(0, 3 | ()) p=0.05376 -> indep=True
CI(1, 3 | ()) p=0.7085 -> indep=True
CI(2, 3 | ()) p=0.9172 -> indep=True
CI(0, 4 | ()) p=6.374e-07 -> indep=False
CI(1, 4 | ()) p=0.00493 -> indep=False
CI(2, 4 | ()) p=0.8844 -> indep=True
CI(3, 4 | ()) p=0.2446 -> indep=True
CI(0, 5 | ()) p=0.02775 -> indep=True
CI(1, 5 | ()) p=2.173e-07 -> indep=False
CI(2, 5 | ()) p=0.7539 -> indep=True
CI(3, 5 | ()) p=0.9372 -> indep=True
CI(4, 5 | ()) p=0.01567 -> indep=True
CI(0, 6 | ()) p=0.3363 -> indep=True
CI(1, 6 | ()) p=0.246 -> indep=True
CI(2, 6 | ()) p=0.07925 -> indep=True
CI(3, 6 | ()) p=0.005838 -> indep=False
CI(4, 6 | ()) p=0.1126 -> indep=True
CI(5, 6 | ()) p=0.01114 -> indep=True
CI(0, 7 | ()) p=0.0025 -> indep=False
CI(1, 7 | ()) p=0.4014 -> indep=True
CI(2, 7 | ()) p=0.4061 -> indep=True
CI(3, 7 | ()) p=0.6299 -> indep=True
CI(4, 7 | ()) p=0.002195 -> indep=False
CI(5, 7 | ()) p=0.1593 -> indep=True
CI(6, 7 | ()) p=0.7237 -> indep=True
CI(0, 8 | ()) p=0.3699 -> indep=True
CI(1, 8 | ()) p=0.276 -> indep=True
CI(2, 8 | ()) p=1.495e-05 -> indep=False
CI(3, 8 | ()) p=0.2065 -> indep=True
CI(4, 8 | ()) p=0.3828 -> indep=True
CI(5, 8 | ()) p=3.235e-11 -> indep=False
CI(6, 8 | ()) p=0.6402 -> indep=True
CI(7, 8 | ()) p=0.7216 -> indep=True
CI(0, 9 | ()) p=0.8065 -> indep=True
CI(1, 9 | ()) p=0.3367 -> indep=True
CI(2, 9 | ()) p=0.2593 -> indep=True
CI(3, 9 | ()) p=6.644e-08 -> indep=False
CI(4, 9 | ()) p=0.4985 -> indep=True
CI(5, 9 | ()) p=0.6147 -> indep=True
CI(6, 9 | ()) p=0.0003704 -> indep=False
CI(7, 9 | ()) p=0.6435 -> indep=True
CI(8, 9 | ()) p=0.7464 -> indep=True
CI(0, 4 | (1,)) p=1.217e-09 -> indep=False
CI(1, 4 | (0,)) p=0.02436 -> indep=True
CI(0, 7 | (4,)) p=0.01737 -> indep=True
CI(2, 8 | (5,)) p=4.424e-07 -> indep=False
CI(5, 8 | (2,)) p=4.089e-13 -> indep=False
CI(3, 9 | (6,)) p=1.39e-06 -> indep=False
CI(6, 9 | (3,)) p=0.007261 -> indep=False
Saved metrics to outputs/experiments/layered_sparse_nonlinear_sem_nodes_10_tabular_mlp_align/5/performance_metrics.json
Saved baseline metrics to outputs/experiments/layered_sparse_nonlinear_sem_nodes_10_tabular_mlp_align/5/baseline_performance_metrics.json
Saved PAG-vs-PAG metrics to outputs/experiments/layered_sparse_nonlinear_sem_nodes_10_tabular_mlp_align/5/pag_vs_pag_metrics.json
Found 14 differences:
  1. Extra: 0 --- 1 (PAG: bidirected)
  2. Wrong orientation: 0 --- 4 (DAG: directed_ij, PAG: bidirected)
  3. Missing: 0 --- 7 (DAG: directed_ij)
  4. Missing: 1 --- 4 (DAG: directed_ij)
  5. Wrong orientation: 1 --- 5 (DAG: directed_ij, PAG: bidirected)
  6. Missing: 2 --- 6 (DAG: directed_ij)
  7. Missing: 3 --- 6 (DAG: directed_ij)
  8. Wrong orientation: 4 --- 5 (DAG: directed_ij, PAG: bidirected)
  9. Wrong orientation: 4 --- 7 (DAG: directed_ij, PAG: bidirected)
  10. Missing: 5 --- 6 (DAG: directed_ij)
  11. Wrong orientation: 5 --- 8 (DAG: directed_ij, PAG: bidirected)
  12. Extra: 6 --- 7 (PAG: bidirected)
  13. Wrong orientation: 6 --- 9 (DAG: directed_ij, PAG: bidirected)
  14. Extra: 8 --- 9 (PAG: bidirected)
Found 2 partial orientation differences:
  1. Partial orientation: 2 --- 8 (DAG: directed_ij, PAG: partial_ij)
  2. Partial orientation: 3 --- 9 (DAG: directed_ij, PAG: partial_ij)
Saved edge comparison details to outputs/experiments/layered_sparse_nonlinear_sem_nodes_10_tabular_mlp_align/5/edge_comparison.txt
Found 6 differences:
  1. Missing: 0 --- 7 (DAG: directed_ij)
  2. Missing: 1 --- 4 (DAG: directed_ij)
  3. Missing: 2 --- 6 (DAG: directed_ij)
  4. Missing: 4 --- 5 (DAG: directed_ij)
  5. Missing: 5 --- 6 (DAG: directed_ij)
  6. Wrong orientation: 5 --- 8 (DAG: directed_ij, PAG: bidirected)
Found 6 partial orientation differences:
  1. Partial orientation: 0 --- 4 (DAG: directed_ij, PAG: partial_ij)
  2. Partial orientation: 1 --- 5 (DAG: directed_ij, PAG: partial_ij)
  3. Partial orientation: 2 --- 8 (DAG: directed_ij, PAG: partial_ij)
  4. Partial orientation: 3 --- 6 (DAG: directed_ij, PAG: partial_ij)
  5. Partial orientation: 3 --- 9 (DAG: directed_ij, PAG: partial_ij)
  6. Partial orientation: 6 --- 9 (DAG: directed_ij, PAG: partial_ij)
Saved baseline edge comparison details to outputs/experiments/layered_sparse_nonlinear_sem_nodes_10_tabular_mlp_align/5/edge_comparison_baseline.txt
Found 6 differences:
  1. Extra: 0 --- 1 (PAG: bidirected)
  2. Missing: 3 --- 6 (Reference PAG: partial_ij)
  3. Extra: 4 --- 5 (PAG: bidirected)
  4. Wrong orientation: 4 --- 7 (Reference PAG: directed_ij, PAG: bidirected)
  5. Extra: 6 --- 7 (PAG: bidirected)
  6. Extra: 8 --- 9 (PAG: bidirected)
Found 3 partial orientation differences:
  1. Partial orientation: 0 --- 4 (Reference PAG: partial_ij, PAG: bidirected)
  2. Partial orientation: 1 --- 5 (Reference PAG: partial_ij, PAG: bidirected)
  3. Partial orientation: 6 --- 9 (Reference PAG: partial_ij, PAG: bidirected)
Saved PAG-vs-PAG edge comparison details to outputs/experiments/layered_sparse_nonlinear_sem_nodes_10_tabular_mlp_align/5/edge_comparison_pag_vs_pag.txt
Saved figure to outputs/experiments/layered_sparse_nonlinear_sem_nodes_10_tabular_mlp_align/5/pag_vs_dag.png
Saved baseline figure to outputs/experiments/layered_sparse_nonlinear_sem_nodes_10_tabular_mlp_align/5/baseline_pag_vs_dag.png
Saved combined DAG comparison to outputs/experiments/layered_sparse_nonlinear_sem_nodes_10_tabular_mlp_align/5/pags_vs_dag.png
Saved PAG-vs-PAG figure to outputs/experiments/layered_sparse_nonlinear_sem_nodes_10_tabular_mlp_align/5/pag_vs_pag.png
Saved adjacency matrix to outputs/experiments/layered_sparse_nonlinear_sem_nodes_10_tabular_mlp_align/5/learned_graph_adj.npy
Saved baseline adjacency matrix to outputs/experiments/layered_sparse_nonlinear_sem_nodes_10_tabular_mlp_align/5/baseline_graph_adj.npy
