[2026-04-24 03:55:31,192][dowhy.causal_model][INFO] - Model to find the causal effect of treatment ['X0'] on outcome ['X1']
[2026-04-24 03:55:31,192][dowhy.causal_identifier.auto_identifier][INFO] - Causal effect can be identified.
[2026-04-24 03:55:31,193][dowhy.causal_identifier.auto_identifier][INFO] - Instrumental variables for treatment and outcome:[]
[2026-04-24 03:55:31,193][dowhy.causal_identifier.auto_identifier][INFO] - Frontdoor variables for treatment and outcome:[]
[2026-04-24 03:55:31,193][dowhy.causal_model][INFO] - linear_regression
[2026-04-24 03:55:31,193][dowhy.causal_estimator][INFO] - INFO: Using Linear Regression Estimator
[2026-04-24 03:55:31,193][dowhy.causal_estimator][INFO] - b: X1~X0
[2026-04-24 03:55:31,200][dowhy.causal_model][INFO] - Model to find the causal effect of treatment ['X0'] on outcome ['X2']
[2026-04-24 03:55:31,200][dowhy.causal_identifier.auto_identifier][WARNING] - No directed path from treatment to outcome. Causal Effect is zero.
[2026-04-24 03:55:31,200][dowhy.causal_model][INFO] - linear_regression
[2026-04-24 03:55:31,200][dowhy.causal_estimator][INFO] - INFO: Using Linear Regression Estimator
[2026-04-24 03:55:31,200][dowhy.causal_estimator][WARNING] - No directed path from ['X0'] to ['X2'].
[2026-04-24 03:55:31,202][dowhy.causal_model][INFO] - Model to find the causal effect of treatment ['X0'] on outcome ['X3']
[2026-04-24 03:55:31,202][dowhy.causal_identifier.auto_identifier][INFO] - Causal effect can be identified.
[2026-04-24 03:55:31,202][dowhy.causal_identifier.auto_identifier][INFO] - Instrumental variables for treatment and outcome:[]
[2026-04-24 03:55:31,202][dowhy.causal_identifier.auto_identifier][INFO] - Frontdoor variables for treatment and outcome:[]
[2026-04-24 03:55:31,202][dowhy.causal_model][INFO] - linear_regression
[2026-04-24 03:55:31,202][dowhy.causal_estimator][INFO] - INFO: Using Linear Regression Estimator
[2026-04-24 03:55:31,202][dowhy.causal_estimator][INFO] - b: X3~X0
[2026-04-24 03:55:31,208][dowhy.causal_model][INFO] - Model to find the causal effect of treatment ['X0'] on outcome ['X4']
[2026-04-24 03:55:31,209][dowhy.causal_identifier.auto_identifier][INFO] - Causal effect can be identified.
[2026-04-24 03:55:31,209][dowhy.causal_identifier.auto_identifier][INFO] - Instrumental variables for treatment and outcome:[]
[2026-04-24 03:55:31,210][dowhy.causal_identifier.auto_identifier][INFO] - Frontdoor variables for treatment and outcome:[]
[2026-04-24 03:55:31,210][dowhy.causal_model][INFO] - linear_regression
[2026-04-24 03:55:31,210][dowhy.causal_estimator][INFO] - INFO: Using Linear Regression Estimator
[2026-04-24 03:55:31,210][dowhy.causal_estimator][INFO] - b: X4~X0+X0*X2
[2026-04-24 03:55:31,217][dowhy.causal_model][INFO] - Model to find the causal effect of treatment ['X0'] on outcome ['X5']
[2026-04-24 03:55:31,218][dowhy.causal_identifier.auto_identifier][INFO] - Causal effect can be identified.
[2026-04-24 03:55:31,218][dowhy.causal_identifier.auto_identifier][INFO] - Instrumental variables for treatment and outcome:[]
[2026-04-24 03:55:31,219][dowhy.causal_identifier.auto_identifier][INFO] - Frontdoor variables for treatment and outcome:['X4', 'X1', 'X3']
[2026-04-24 03:55:31,220][dowhy.causal_identifier.auto_identifier][INFO] - Causal effect can be identified.
[2026-04-24 03:55:31,221][dowhy.causal_identifier.auto_identifier][INFO] - Causal effect can be identified.
[2026-04-24 03:55:31,221][dowhy.causal_model][INFO] - linear_regression
[2026-04-24 03:55:31,221][dowhy.causal_estimator][INFO] - INFO: Using Linear Regression Estimator
[2026-04-24 03:55:31,221][dowhy.causal_estimator][INFO] - b: X5~X0
[2026-04-24 03:55:31,262][dowhy.causal_model][INFO] - Model to find the causal effect of treatment ['X1'] on outcome ['X0']
[2026-04-24 03:55:31,262][dowhy.causal_identifier.auto_identifier][WARNING] - No directed path from treatment to outcome. Causal Effect is zero.
[2026-04-24 03:55:31,262][dowhy.causal_model][INFO] - linear_regression
[2026-04-24 03:55:31,262][dowhy.causal_estimator][INFO] - INFO: Using Linear Regression Estimator
[2026-04-24 03:55:31,262][dowhy.causal_estimator][WARNING] - No directed path from ['X1'] to ['X0'].
[2026-04-24 03:55:31,264][dowhy.causal_model][INFO] - Model to find the causal effect of treatment ['X1'] on outcome ['X2']
[2026-04-24 03:55:31,264][dowhy.causal_identifier.auto_identifier][WARNING] - No directed path from treatment to outcome. Causal Effect is zero.
[2026-04-24 03:55:31,264][dowhy.causal_model][INFO] - linear_regression
[2026-04-24 03:55:31,264][dowhy.causal_estimator][INFO] - INFO: Using Linear Regression Estimator
[2026-04-24 03:55:31,264][dowhy.causal_estimator][WARNING] - No directed path from ['X1'] to ['X2'].
[2026-04-24 03:55:31,266][dowhy.causal_model][INFO] - Model to find the causal effect of treatment ['X1'] on outcome ['X3']
[2026-04-24 03:55:31,266][dowhy.causal_identifier.auto_identifier][WARNING] - No directed path from treatment to outcome. Causal Effect is zero.
[2026-04-24 03:55:31,266][dowhy.causal_model][INFO] - linear_regression
[2026-04-24 03:55:31,266][dowhy.causal_estimator][INFO] - INFO: Using Linear Regression Estimator
[2026-04-24 03:55:31,266][dowhy.causal_estimator][WARNING] - No directed path from ['X1'] to ['X3'].
[2026-04-24 03:55:31,267][dowhy.causal_model][INFO] - Model to find the causal effect of treatment ['X1'] on outcome ['X4']
[2026-04-24 03:55:31,267][dowhy.causal_identifier.auto_identifier][WARNING] - No directed path from treatment to outcome. Causal Effect is zero.
[2026-04-24 03:55:31,267][dowhy.causal_model][INFO] - linear_regression
[2026-04-24 03:55:31,267][dowhy.causal_estimator][INFO] - INFO: Using Linear Regression Estimator
[2026-04-24 03:55:31,267][dowhy.causal_estimator][WARNING] - No directed path from ['X1'] to ['X4'].
[2026-04-24 03:55:31,269][dowhy.causal_model][INFO] - Model to find the causal effect of treatment ['X1'] on outcome ['X5']
[2026-04-24 03:55:31,270][dowhy.causal_identifier.auto_identifier][INFO] - Causal effect can be identified.
[2026-04-24 03:55:31,270][dowhy.causal_identifier.auto_identifier][INFO] - Instrumental variables for treatment and outcome:[]
[2026-04-24 03:55:31,270][dowhy.causal_identifier.auto_identifier][INFO] - Frontdoor variables for treatment and outcome:[]
[2026-04-24 03:55:31,270][dowhy.causal_model][INFO] - linear_regression
[2026-04-24 03:55:31,270][dowhy.causal_estimator][INFO] - INFO: Using Linear Regression Estimator
[2026-04-24 03:55:31,271][dowhy.causal_estimator][INFO] - b: X5~X1+X0+X1*X3
[2026-04-24 03:55:31,311][dowhy.causal_model][INFO] - Model to find the causal effect of treatment ['X2'] on outcome ['X0']
[2026-04-24 03:55:31,311][dowhy.causal_identifier.auto_identifier][WARNING] - No directed path from treatment to outcome. Causal Effect is zero.
[2026-04-24 03:55:31,311][dowhy.causal_model][INFO] - linear_regression
[2026-04-24 03:55:31,311][dowhy.causal_estimator][INFO] - INFO: Using Linear Regression Estimator
[2026-04-24 03:55:31,311][dowhy.causal_estimator][WARNING] - No directed path from ['X2'] to ['X0'].
[2026-04-24 03:55:31,313][dowhy.causal_model][INFO] - Model to find the causal effect of treatment ['X2'] on outcome ['X1']
[2026-04-24 03:55:31,313][dowhy.causal_identifier.auto_identifier][WARNING] - No directed path from treatment to outcome. Causal Effect is zero.
[2026-04-24 03:55:31,313][dowhy.causal_model][INFO] - linear_regression
[2026-04-24 03:55:31,313][dowhy.causal_estimator][INFO] - INFO: Using Linear Regression Estimator
[2026-04-24 03:55:31,313][dowhy.causal_estimator][WARNING] - No directed path from ['X2'] to ['X1'].
[2026-04-24 03:55:31,314][dowhy.causal_model][INFO] - Model to find the causal effect of treatment ['X2'] on outcome ['X3']
[2026-04-24 03:55:31,314][dowhy.causal_identifier.auto_identifier][WARNING] - No directed path from treatment to outcome. Causal Effect is zero.
[2026-04-24 03:55:31,314][dowhy.causal_model][INFO] - linear_regression
[2026-04-24 03:55:31,315][dowhy.causal_estimator][INFO] - INFO: Using Linear Regression Estimator
[2026-04-24 03:55:31,315][dowhy.causal_estimator][WARNING] - No directed path from ['X2'] to ['X3'].
[2026-04-24 03:55:31,316][dowhy.causal_model][INFO] - Model to find the causal effect of treatment ['X2'] on outcome ['X4']
[2026-04-24 03:55:31,317][dowhy.causal_identifier.auto_identifier][INFO] - Causal effect can be identified.
[2026-04-24 03:55:31,318][dowhy.causal_identifier.auto_identifier][INFO] - Instrumental variables for treatment and outcome:[]
[2026-04-24 03:55:31,318][dowhy.causal_identifier.auto_identifier][INFO] - Frontdoor variables for treatment and outcome:[]
[2026-04-24 03:55:31,318][dowhy.causal_model][INFO] - linear_regression
[2026-04-24 03:55:31,318][dowhy.causal_estimator][INFO] - INFO: Using Linear Regression Estimator
[2026-04-24 03:55:31,318][dowhy.causal_estimator][INFO] - b: X4~X2+X2*X0+X2*X3
[2026-04-24 03:55:31,326][dowhy.causal_model][INFO] - Model to find the causal effect of treatment ['X2'] on outcome ['X5']
[2026-04-24 03:55:31,327][dowhy.causal_identifier.auto_identifier][WARNING] - No directed path from treatment to outcome. Causal Effect is zero.
[2026-04-24 03:55:31,327][dowhy.causal_model][INFO] - linear_regression
[2026-04-24 03:55:31,327][dowhy.causal_estimator][INFO] - INFO: Using Linear Regression Estimator
[2026-04-24 03:55:31,327][dowhy.causal_estimator][WARNING] - No directed path from ['X2'] to ['X5'].
[2026-04-24 03:55:31,364][dowhy.causal_model][INFO] - Model to find the causal effect of treatment ['X3'] on outcome ['X0']
[2026-04-24 03:55:31,364][dowhy.causal_identifier.auto_identifier][WARNING] - No directed path from treatment to outcome. Causal Effect is zero.
[2026-04-24 03:55:31,364][dowhy.causal_model][INFO] - linear_regression
[2026-04-24 03:55:31,364][dowhy.causal_estimator][INFO] - INFO: Using Linear Regression Estimator
[2026-04-24 03:55:31,364][dowhy.causal_estimator][WARNING] - No directed path from ['X3'] to ['X0'].
[2026-04-24 03:55:31,366][dowhy.causal_model][INFO] - Model to find the causal effect of treatment ['X3'] on outcome ['X1']
[2026-04-24 03:55:31,366][dowhy.causal_identifier.auto_identifier][WARNING] - No directed path from treatment to outcome. Causal Effect is zero.
[2026-04-24 03:55:31,366][dowhy.causal_model][INFO] - linear_regression
[2026-04-24 03:55:31,366][dowhy.causal_estimator][INFO] - INFO: Using Linear Regression Estimator
[2026-04-24 03:55:31,366][dowhy.causal_estimator][WARNING] - No directed path from ['X3'] to ['X1'].
[2026-04-24 03:55:31,368][dowhy.causal_model][INFO] - Model to find the causal effect of treatment ['X3'] on outcome ['X2']
[2026-04-24 03:55:31,368][dowhy.causal_identifier.auto_identifier][WARNING] - No directed path from treatment to outcome. Causal Effect is zero.
[2026-04-24 03:55:31,368][dowhy.causal_model][INFO] - linear_regression
[2026-04-24 03:55:31,368][dowhy.causal_estimator][INFO] - INFO: Using Linear Regression Estimator
[2026-04-24 03:55:31,368][dowhy.causal_estimator][WARNING] - No directed path from ['X3'] to ['X2'].
[2026-04-24 03:55:31,370][dowhy.causal_model][INFO] - Model to find the causal effect of treatment ['X3'] on outcome ['X4']
[2026-04-24 03:55:31,371][dowhy.causal_identifier.auto_identifier][INFO] - Causal effect can be identified.
[2026-04-24 03:55:31,371][dowhy.causal_identifier.auto_identifier][INFO] - Instrumental variables for treatment and outcome:[]
[2026-04-24 03:55:31,371][dowhy.causal_identifier.auto_identifier][INFO] - Frontdoor variables for treatment and outcome:[]
[2026-04-24 03:55:31,372][dowhy.causal_model][INFO] - linear_regression
[2026-04-24 03:55:31,372][dowhy.causal_estimator][INFO] - INFO: Using Linear Regression Estimator
[2026-04-24 03:55:31,372][dowhy.causal_estimator][INFO] - b: X4~X3+X0+X3*X2
[2026-04-24 03:55:31,382][dowhy.causal_model][INFO] - Model to find the causal effect of treatment ['X3'] on outcome ['X5']
[2026-04-24 03:55:31,382][dowhy.causal_identifier.auto_identifier][INFO] - Causal effect can be identified.
[2026-04-24 03:55:31,383][dowhy.causal_identifier.auto_identifier][INFO] - Instrumental variables for treatment and outcome:[]
[2026-04-24 03:55:31,383][dowhy.causal_identifier.auto_identifier][INFO] - Frontdoor variables for treatment and outcome:[]
[2026-04-24 03:55:31,383][dowhy.causal_model][INFO] - linear_regression
[2026-04-24 03:55:31,383][dowhy.causal_estimator][INFO] - INFO: Using Linear Regression Estimator
[2026-04-24 03:55:31,384][dowhy.causal_estimator][INFO] - b: X5~X3+X1+X3*X1
[2026-04-24 03:55:31,431][dowhy.causal_model][INFO] - Model to find the causal effect of treatment ['X4'] on outcome ['X0']
[2026-04-24 03:55:31,431][dowhy.causal_identifier.auto_identifier][WARNING] - No directed path from treatment to outcome. Causal Effect is zero.
[2026-04-24 03:55:31,431][dowhy.causal_model][INFO] - linear_regression
[2026-04-24 03:55:31,431][dowhy.causal_estimator][INFO] - INFO: Using Linear Regression Estimator
[2026-04-24 03:55:31,431][dowhy.causal_estimator][WARNING] - No directed path from ['X4'] to ['X0'].
[2026-04-24 03:55:31,433][dowhy.causal_model][INFO] - Model to find the causal effect of treatment ['X4'] on outcome ['X1']
[2026-04-24 03:55:31,433][dowhy.causal_identifier.auto_identifier][WARNING] - No directed path from treatment to outcome. Causal Effect is zero.
[2026-04-24 03:55:31,433][dowhy.causal_model][INFO] - linear_regression
[2026-04-24 03:55:31,433][dowhy.causal_estimator][INFO] - INFO: Using Linear Regression Estimator
[2026-04-24 03:55:31,433][dowhy.causal_estimator][WARNING] - No directed path from ['X4'] to ['X1'].
[2026-04-24 03:55:31,435][dowhy.causal_model][INFO] - Model to find the causal effect of treatment ['X4'] on outcome ['X2']
[2026-04-24 03:55:31,435][dowhy.causal_identifier.auto_identifier][WARNING] - No directed path from treatment to outcome. Causal Effect is zero.
[2026-04-24 03:55:31,435][dowhy.causal_model][INFO] - linear_regression
[2026-04-24 03:55:31,435][dowhy.causal_estimator][INFO] - INFO: Using Linear Regression Estimator
[2026-04-24 03:55:31,435][dowhy.causal_estimator][WARNING] - No directed path from ['X4'] to ['X2'].
[2026-04-24 03:55:31,436][dowhy.causal_model][INFO] - Model to find the causal effect of treatment ['X4'] on outcome ['X3']
[2026-04-24 03:55:31,436][dowhy.causal_identifier.auto_identifier][WARNING] - No directed path from treatment to outcome. Causal Effect is zero.
[2026-04-24 03:55:31,437][dowhy.causal_model][INFO] - linear_regression
[2026-04-24 03:55:31,437][dowhy.causal_estimator][INFO] - INFO: Using Linear Regression Estimator
[2026-04-24 03:55:31,437][dowhy.causal_estimator][WARNING] - No directed path from ['X4'] to ['X3'].
[2026-04-24 03:55:31,438][dowhy.causal_model][INFO] - Model to find the causal effect of treatment ['X4'] on outcome ['X5']
[2026-04-24 03:55:31,438][dowhy.causal_identifier.auto_identifier][WARNING] - No directed path from treatment to outcome. Causal Effect is zero.
[2026-04-24 03:55:31,438][dowhy.causal_model][INFO] - linear_regression
[2026-04-24 03:55:31,438][dowhy.causal_estimator][INFO] - INFO: Using Linear Regression Estimator
[2026-04-24 03:55:31,438][dowhy.causal_estimator][WARNING] - No directed path from ['X4'] to ['X5'].
[2026-04-24 03:55:31,468][dowhy.causal_model][INFO] - Model to find the causal effect of treatment ['X5'] on outcome ['X0']
[2026-04-24 03:55:31,469][dowhy.causal_identifier.auto_identifier][WARNING] - No directed path from treatment to outcome. Causal Effect is zero.
[2026-04-24 03:55:31,469][dowhy.causal_model][INFO] - linear_regression
[2026-04-24 03:55:31,469][dowhy.causal_estimator][INFO] - INFO: Using Linear Regression Estimator
[2026-04-24 03:55:31,469][dowhy.causal_estimator][WARNING] - No directed path from ['X5'] to ['X0'].
[2026-04-24 03:55:31,470][dowhy.causal_model][INFO] - Model to find the causal effect of treatment ['X5'] on outcome ['X1']
[2026-04-24 03:55:31,470][dowhy.causal_identifier.auto_identifier][WARNING] - No directed path from treatment to outcome. Causal Effect is zero.
[2026-04-24 03:55:31,470][dowhy.causal_model][INFO] - linear_regression
[2026-04-24 03:55:31,470][dowhy.causal_estimator][INFO] - INFO: Using Linear Regression Estimator
[2026-04-24 03:55:31,470][dowhy.causal_estimator][WARNING] - No directed path from ['X5'] to ['X1'].
[2026-04-24 03:55:31,472][dowhy.causal_model][INFO] - Model to find the causal effect of treatment ['X5'] on outcome ['X2']
[2026-04-24 03:55:31,472][dowhy.causal_identifier.auto_identifier][WARNING] - No directed path from treatment to outcome. Causal Effect is zero.
[2026-04-24 03:55:31,472][dowhy.causal_model][INFO] - linear_regression
[2026-04-24 03:55:31,472][dowhy.causal_estimator][INFO] - INFO: Using Linear Regression Estimator
[2026-04-24 03:55:31,472][dowhy.causal_estimator][WARNING] - No directed path from ['X5'] to ['X2'].
[2026-04-24 03:55:31,474][dowhy.causal_model][INFO] - Model to find the causal effect of treatment ['X5'] on outcome ['X3']
[2026-04-24 03:55:31,474][dowhy.causal_identifier.auto_identifier][WARNING] - No directed path from treatment to outcome. Causal Effect is zero.
[2026-04-24 03:55:31,474][dowhy.causal_model][INFO] - linear_regression
[2026-04-24 03:55:31,474][dowhy.causal_estimator][INFO] - INFO: Using Linear Regression Estimator
[2026-04-24 03:55:31,474][dowhy.causal_estimator][WARNING] - No directed path from ['X5'] to ['X3'].
[2026-04-24 03:55:31,475][dowhy.causal_model][INFO] - Model to find the causal effect of treatment ['X5'] on outcome ['X4']
[2026-04-24 03:55:31,475][dowhy.causal_identifier.auto_identifier][WARNING] - No directed path from treatment to outcome. Causal Effect is zero.
[2026-04-24 03:55:31,475][dowhy.causal_model][INFO] - linear_regression
[2026-04-24 03:55:31,476][dowhy.causal_estimator][INFO] - INFO: Using Linear Regression Estimator
[2026-04-24 03:55:31,476][dowhy.causal_estimator][WARNING] - No directed path from ['X5'] to ['X4'].
[2026-04-24 03:55:31,524][dowhy.causal_model][INFO] - Model to find the causal effect of treatment ['X0'] on outcome ['X1']
[2026-04-24 03:55:31,525][dowhy.causal_identifier.auto_identifier][INFO] - Causal effect can be identified.
[2026-04-24 03:55:31,525][dowhy.causal_identifier.auto_identifier][INFO] - Instrumental variables for treatment and outcome:[]
[2026-04-24 03:55:31,525][dowhy.causal_identifier.auto_identifier][INFO] - Frontdoor variables for treatment and outcome:[]
[2026-04-24 03:55:31,525][dowhy.causal_model][INFO] - linear_regression
[2026-04-24 03:55:31,525][dowhy.causal_estimator][INFO] - INFO: Using Linear Regression Estimator
[2026-04-24 03:55:31,525][dowhy.causal_estimator][INFO] - b: X1~X0
[2026-04-24 03:55:31,532][dowhy.causal_model][INFO] - Model to find the causal effect of treatment ['X0'] on outcome ['X2']
[2026-04-24 03:55:31,532][dowhy.causal_identifier.auto_identifier][WARNING] - No directed path from treatment to outcome. Causal Effect is zero.
[2026-04-24 03:55:31,532][dowhy.causal_model][INFO] - linear_regression
[2026-04-24 03:55:31,532][dowhy.causal_estimator][INFO] - INFO: Using Linear Regression Estimator
[2026-04-24 03:55:31,532][dowhy.causal_estimator][WARNING] - No directed path from ['X0'] to ['X2'].
[2026-04-24 03:55:31,534][dowhy.causal_model][INFO] - Model to find the causal effect of treatment ['X0'] on outcome ['X3']
[2026-04-24 03:55:31,534][dowhy.causal_identifier.auto_identifier][INFO] - Causal effect can be identified.
[2026-04-24 03:55:31,535][dowhy.causal_identifier.auto_identifier][INFO] - Instrumental variables for treatment and outcome:[]
[2026-04-24 03:55:31,535][dowhy.causal_identifier.auto_identifier][INFO] - Frontdoor variables for treatment and outcome:[]
[2026-04-24 03:55:31,535][dowhy.causal_model][INFO] - linear_regression
[2026-04-24 03:55:31,535][dowhy.causal_estimator][INFO] - INFO: Using Linear Regression Estimator
[2026-04-24 03:55:31,535][dowhy.causal_estimator][INFO] - b: X3~X0
[2026-04-24 03:55:31,542][dowhy.causal_model][INFO] - Model to find the causal effect of treatment ['X0'] on outcome ['X4']
[2026-04-24 03:55:31,542][dowhy.causal_identifier.auto_identifier][INFO] - Causal effect can be identified.
[2026-04-24 03:55:31,542][dowhy.causal_identifier.auto_identifier][INFO] - Instrumental variables for treatment and outcome:[]
[2026-04-24 03:55:31,543][dowhy.causal_identifier.auto_identifier][INFO] - Frontdoor variables for treatment and outcome:[]
[2026-04-24 03:55:31,543][dowhy.causal_model][INFO] - linear_regression
[2026-04-24 03:55:31,543][dowhy.causal_estimator][INFO] - INFO: Using Linear Regression Estimator
[2026-04-24 03:55:31,544][dowhy.causal_estimator][INFO] - b: X4~X0+X0*X2
[2026-04-24 03:55:31,552][dowhy.causal_model][INFO] - Model to find the causal effect of treatment ['X0'] on outcome ['X5']
[2026-04-24 03:55:31,552][dowhy.causal_identifier.auto_identifier][INFO] - Causal effect can be identified.
[2026-04-24 03:55:31,552][dowhy.causal_identifier.auto_identifier][INFO] - Instrumental variables for treatment and outcome:[]
[2026-04-24 03:55:31,553][dowhy.causal_identifier.auto_identifier][INFO] - Frontdoor variables for treatment and outcome:['X4', 'X1', 'X3']
[2026-04-24 03:55:31,554][dowhy.causal_identifier.auto_identifier][INFO] - Causal effect can be identified.
[2026-04-24 03:55:31,555][dowhy.causal_identifier.auto_identifier][INFO] - Causal effect can be identified.
[2026-04-24 03:55:31,556][dowhy.causal_model][INFO] - linear_regression
[2026-04-24 03:55:31,556][dowhy.causal_estimator][INFO] - INFO: Using Linear Regression Estimator
[2026-04-24 03:55:31,556][dowhy.causal_estimator][INFO] - b: X5~X0
[2026-04-24 03:55:31,602][dowhy.causal_model][INFO] - Model to find the causal effect of treatment ['X1'] on outcome ['X0']
[2026-04-24 03:55:31,602][dowhy.causal_identifier.auto_identifier][WARNING] - No directed path from treatment to outcome. Causal Effect is zero.
[2026-04-24 03:55:31,602][dowhy.causal_model][INFO] - linear_regression
[2026-04-24 03:55:31,602][dowhy.causal_estimator][INFO] - INFO: Using Linear Regression Estimator
[2026-04-24 03:55:31,602][dowhy.causal_estimator][WARNING] - No directed path from ['X1'] to ['X0'].
[2026-04-24 03:55:31,604][dowhy.causal_model][INFO] - Model to find the causal effect of treatment ['X1'] on outcome ['X2']
[2026-04-24 03:55:31,604][dowhy.causal_identifier.auto_identifier][WARNING] - No directed path from treatment to outcome. Causal Effect is zero.
[2026-04-24 03:55:31,604][dowhy.causal_model][INFO] - linear_regression
[2026-04-24 03:55:31,604][dowhy.causal_estimator][INFO] - INFO: Using Linear Regression Estimator
[2026-04-24 03:55:31,604][dowhy.causal_estimator][WARNING] - No directed path from ['X1'] to ['X2'].
[2026-04-24 03:55:31,606][dowhy.causal_model][INFO] - Model to find the causal effect of treatment ['X1'] on outcome ['X3']
[2026-04-24 03:55:31,606][dowhy.causal_identifier.auto_identifier][WARNING] - No directed path from treatment to outcome. Causal Effect is zero.
[2026-04-24 03:55:31,606][dowhy.causal_model][INFO] - linear_regression
[2026-04-24 03:55:31,606][dowhy.causal_estimator][INFO] - INFO: Using Linear Regression Estimator
[2026-04-24 03:55:31,606][dowhy.causal_estimator][WARNING] - No directed path from ['X1'] to ['X3'].
[2026-04-24 03:55:31,608][dowhy.causal_model][INFO] - Model to find the causal effect of treatment ['X1'] on outcome ['X4']
[2026-04-24 03:55:31,608][dowhy.causal_identifier.auto_identifier][WARNING] - No directed path from treatment to outcome. Causal Effect is zero.
[2026-04-24 03:55:31,608][dowhy.causal_model][INFO] - linear_regression
[2026-04-24 03:55:31,608][dowhy.causal_estimator][INFO] - INFO: Using Linear Regression Estimator
[2026-04-24 03:55:31,608][dowhy.causal_estimator][WARNING] - No directed path from ['X1'] to ['X4'].
[2026-04-24 03:55:31,610][dowhy.causal_model][INFO] - Model to find the causal effect of treatment ['X1'] on outcome ['X5']
[2026-04-24 03:55:31,611][dowhy.causal_identifier.auto_identifier][INFO] - Causal effect can be identified.
[2026-04-24 03:55:31,611][dowhy.causal_identifier.auto_identifier][INFO] - Instrumental variables for treatment and outcome:[]
[2026-04-24 03:55:31,611][dowhy.causal_identifier.auto_identifier][INFO] - Frontdoor variables for treatment and outcome:[]
[2026-04-24 03:55:31,611][dowhy.causal_model][INFO] - linear_regression
[2026-04-24 03:55:31,612][dowhy.causal_estimator][INFO] - INFO: Using Linear Regression Estimator
[2026-04-24 03:55:31,612][dowhy.causal_estimator][INFO] - b: X5~X1+X0+X1*X3
[2026-04-24 03:55:31,658][dowhy.causal_model][INFO] - Model to find the causal effect of treatment ['X2'] on outcome ['X0']
[2026-04-24 03:55:31,659][dowhy.causal_identifier.auto_identifier][WARNING] - No directed path from treatment to outcome. Causal Effect is zero.
[2026-04-24 03:55:31,659][dowhy.causal_model][INFO] - linear_regression
[2026-04-24 03:55:31,659][dowhy.causal_estimator][INFO] - INFO: Using Linear Regression Estimator
[2026-04-24 03:55:31,659][dowhy.causal_estimator][WARNING] - No directed path from ['X2'] to ['X0'].
[2026-04-24 03:55:31,660][dowhy.causal_model][INFO] - Model to find the causal effect of treatment ['X2'] on outcome ['X1']
[2026-04-24 03:55:31,660][dowhy.causal_identifier.auto_identifier][WARNING] - No directed path from treatment to outcome. Causal Effect is zero.
[2026-04-24 03:55:31,660][dowhy.causal_model][INFO] - linear_regression
[2026-04-24 03:55:31,660][dowhy.causal_estimator][INFO] - INFO: Using Linear Regression Estimator
[2026-04-24 03:55:31,661][dowhy.causal_estimator][WARNING] - No directed path from ['X2'] to ['X1'].
[2026-04-24 03:55:31,662][dowhy.causal_model][INFO] - Model to find the causal effect of treatment ['X2'] on outcome ['X3']
[2026-04-24 03:55:31,662][dowhy.causal_identifier.auto_identifier][WARNING] - No directed path from treatment to outcome. Causal Effect is zero.
[2026-04-24 03:55:31,662][dowhy.causal_model][INFO] - linear_regression
[2026-04-24 03:55:31,662][dowhy.causal_estimator][INFO] - INFO: Using Linear Regression Estimator
[2026-04-24 03:55:31,662][dowhy.causal_estimator][WARNING] - No directed path from ['X2'] to ['X3'].
[2026-04-24 03:55:31,664][dowhy.causal_model][INFO] - Model to find the causal effect of treatment ['X2'] on outcome ['X4']
[2026-04-24 03:55:31,665][dowhy.causal_identifier.auto_identifier][INFO] - Causal effect can be identified.
[2026-04-24 03:55:31,666][dowhy.causal_identifier.auto_identifier][INFO] - Instrumental variables for treatment and outcome:[]
[2026-04-24 03:55:31,666][dowhy.causal_identifier.auto_identifier][INFO] - Frontdoor variables for treatment and outcome:[]
[2026-04-24 03:55:31,666][dowhy.causal_model][INFO] - linear_regression
[2026-04-24 03:55:31,666][dowhy.causal_estimator][INFO] - INFO: Using Linear Regression Estimator
[2026-04-24 03:55:31,666][dowhy.causal_estimator][INFO] - b: X4~X2+X2*X0+X2*X3
[2026-04-24 03:55:31,673][dowhy.causal_model][INFO] - Model to find the causal effect of treatment ['X2'] on outcome ['X5']
[2026-04-24 03:55:31,673][dowhy.causal_identifier.auto_identifier][WARNING] - No directed path from treatment to outcome. Causal Effect is zero.
[2026-04-24 03:55:31,673][dowhy.causal_model][INFO] - linear_regression
[2026-04-24 03:55:31,674][dowhy.causal_estimator][INFO] - INFO: Using Linear Regression Estimator
[2026-04-24 03:55:31,674][dowhy.causal_estimator][WARNING] - No directed path from ['X2'] to ['X5'].
[2026-04-24 03:55:31,705][dowhy.causal_model][INFO] - Model to find the causal effect of treatment ['X3'] on outcome ['X0']
[2026-04-24 03:55:31,705][dowhy.causal_identifier.auto_identifier][WARNING] - No directed path from treatment to outcome. Causal Effect is zero.
[2026-04-24 03:55:31,705][dowhy.causal_model][INFO] - linear_regression
[2026-04-24 03:55:31,705][dowhy.causal_estimator][INFO] - INFO: Using Linear Regression Estimator
[2026-04-24 03:55:31,705][dowhy.causal_estimator][WARNING] - No directed path from ['X3'] to ['X0'].
[2026-04-24 03:55:31,707][dowhy.causal_model][INFO] - Model to find the causal effect of treatment ['X3'] on outcome ['X1']
[2026-04-24 03:55:31,707][dowhy.causal_identifier.auto_identifier][WARNING] - No directed path from treatment to outcome. Causal Effect is zero.
[2026-04-24 03:55:31,707][dowhy.causal_model][INFO] - linear_regression
[2026-04-24 03:55:31,707][dowhy.causal_estimator][INFO] - INFO: Using Linear Regression Estimator
[2026-04-24 03:55:31,707][dowhy.causal_estimator][WARNING] - No directed path from ['X3'] to ['X1'].
[2026-04-24 03:55:31,709][dowhy.causal_model][INFO] - Model to find the causal effect of treatment ['X3'] on outcome ['X2']
[2026-04-24 03:55:31,709][dowhy.causal_identifier.auto_identifier][WARNING] - No directed path from treatment to outcome. Causal Effect is zero.
[2026-04-24 03:55:31,709][dowhy.causal_model][INFO] - linear_regression
[2026-04-24 03:55:31,709][dowhy.causal_estimator][INFO] - INFO: Using Linear Regression Estimator
[2026-04-24 03:55:31,709][dowhy.causal_estimator][WARNING] - No directed path from ['X3'] to ['X2'].
[2026-04-24 03:55:31,711][dowhy.causal_model][INFO] - Model to find the causal effect of treatment ['X3'] on outcome ['X4']
[2026-04-24 03:55:31,711][dowhy.causal_identifier.auto_identifier][INFO] - Causal effect can be identified.
[2026-04-24 03:55:31,712][dowhy.causal_identifier.auto_identifier][INFO] - Instrumental variables for treatment and outcome:[]
[2026-04-24 03:55:31,712][dowhy.causal_identifier.auto_identifier][INFO] - Frontdoor variables for treatment and outcome:[]
[2026-04-24 03:55:31,712][dowhy.causal_model][INFO] - linear_regression
[2026-04-24 03:55:31,712][dowhy.causal_estimator][INFO] - INFO: Using Linear Regression Estimator
[2026-04-24 03:55:31,712][dowhy.causal_estimator][INFO] - b: X4~X3+X0+X3*X2
[2026-04-24 03:55:31,721][dowhy.causal_model][INFO] - Model to find the causal effect of treatment ['X3'] on outcome ['X5']
[2026-04-24 03:55:31,721][dowhy.causal_identifier.auto_identifier][INFO] - Causal effect can be identified.
[2026-04-24 03:55:31,722][dowhy.causal_identifier.auto_identifier][INFO] - Instrumental variables for treatment and outcome:[]
[2026-04-24 03:55:31,722][dowhy.causal_identifier.auto_identifier][INFO] - Frontdoor variables for treatment and outcome:[]
[2026-04-24 03:55:31,722][dowhy.causal_model][INFO] - linear_regression
[2026-04-24 03:55:31,722][dowhy.causal_estimator][INFO] - INFO: Using Linear Regression Estimator
[2026-04-24 03:55:31,722][dowhy.causal_estimator][INFO] - b: X5~X3+X1+X3*X1
[2026-04-24 03:55:31,845][dowhy.causal_model][INFO] - Model to find the causal effect of treatment ['X4'] on outcome ['X0']
[2026-04-24 03:55:31,845][dowhy.causal_identifier.auto_identifier][WARNING] - No directed path from treatment to outcome. Causal Effect is zero.
[2026-04-24 03:55:31,845][dowhy.causal_model][INFO] - linear_regression
[2026-04-24 03:55:31,845][dowhy.causal_estimator][INFO] - INFO: Using Linear Regression Estimator
[2026-04-24 03:55:31,845][dowhy.causal_estimator][WARNING] - No directed path from ['X4'] to ['X0'].
[2026-04-24 03:55:31,847][dowhy.causal_model][INFO] - Model to find the causal effect of treatment ['X4'] on outcome ['X1']
[2026-04-24 03:55:31,847][dowhy.causal_identifier.auto_identifier][WARNING] - No directed path from treatment to outcome. Causal Effect is zero.
[2026-04-24 03:55:31,847][dowhy.causal_model][INFO] - linear_regression
[2026-04-24 03:55:31,847][dowhy.causal_estimator][INFO] - INFO: Using Linear Regression Estimator
[2026-04-24 03:55:31,847][dowhy.causal_estimator][WARNING] - No directed path from ['X4'] to ['X1'].
[2026-04-24 03:55:31,848][dowhy.causal_model][INFO] - Model to find the causal effect of treatment ['X4'] on outcome ['X2']
[2026-04-24 03:55:31,849][dowhy.causal_identifier.auto_identifier][WARNING] - No directed path from treatment to outcome. Causal Effect is zero.
[2026-04-24 03:55:31,849][dowhy.causal_model][INFO] - linear_regression
[2026-04-24 03:55:31,849][dowhy.causal_estimator][INFO] - INFO: Using Linear Regression Estimator
[2026-04-24 03:55:31,849][dowhy.causal_estimator][WARNING] - No directed path from ['X4'] to ['X2'].
[2026-04-24 03:55:31,850][dowhy.causal_model][INFO] - Model to find the causal effect of treatment ['X4'] on outcome ['X3']
[2026-04-24 03:55:31,850][dowhy.causal_identifier.auto_identifier][WARNING] - No directed path from treatment to outcome. Causal Effect is zero.
[2026-04-24 03:55:31,850][dowhy.causal_model][INFO] - linear_regression
[2026-04-24 03:55:31,851][dowhy.causal_estimator][INFO] - INFO: Using Linear Regression Estimator
[2026-04-24 03:55:31,851][dowhy.causal_estimator][WARNING] - No directed path from ['X4'] to ['X3'].
[2026-04-24 03:55:31,852][dowhy.causal_model][INFO] - Model to find the causal effect of treatment ['X4'] on outcome ['X5']
[2026-04-24 03:55:31,852][dowhy.causal_identifier.auto_identifier][WARNING] - No directed path from treatment to outcome. Causal Effect is zero.
[2026-04-24 03:55:31,852][dowhy.causal_model][INFO] - linear_regression
[2026-04-24 03:55:31,852][dowhy.causal_estimator][INFO] - INFO: Using Linear Regression Estimator
[2026-04-24 03:55:31,852][dowhy.causal_estimator][WARNING] - No directed path from ['X4'] to ['X5'].
[2026-04-24 03:55:31,885][dowhy.causal_model][INFO] - Model to find the causal effect of treatment ['X5'] on outcome ['X0']
[2026-04-24 03:55:31,885][dowhy.causal_identifier.auto_identifier][WARNING] - No directed path from treatment to outcome. Causal Effect is zero.
[2026-04-24 03:55:31,885][dowhy.causal_model][INFO] - linear_regression
[2026-04-24 03:55:31,885][dowhy.causal_estimator][INFO] - INFO: Using Linear Regression Estimator
[2026-04-24 03:55:31,885][dowhy.causal_estimator][WARNING] - No directed path from ['X5'] to ['X0'].
[2026-04-24 03:55:31,887][dowhy.causal_model][INFO] - Model to find the causal effect of treatment ['X5'] on outcome ['X1']
[2026-04-24 03:55:31,887][dowhy.causal_identifier.auto_identifier][WARNING] - No directed path from treatment to outcome. Causal Effect is zero.
[2026-04-24 03:55:31,887][dowhy.causal_model][INFO] - linear_regression
[2026-04-24 03:55:31,887][dowhy.causal_estimator][INFO] - INFO: Using Linear Regression Estimator
[2026-04-24 03:55:31,887][dowhy.causal_estimator][WARNING] - No directed path from ['X5'] to ['X1'].
[2026-04-24 03:55:31,889][dowhy.causal_model][INFO] - Model to find the causal effect of treatment ['X5'] on outcome ['X2']
[2026-04-24 03:55:31,889][dowhy.causal_identifier.auto_identifier][WARNING] - No directed path from treatment to outcome. Causal Effect is zero.
[2026-04-24 03:55:31,889][dowhy.causal_model][INFO] - linear_regression
[2026-04-24 03:55:31,889][dowhy.causal_estimator][INFO] - INFO: Using Linear Regression Estimator
[2026-04-24 03:55:31,889][dowhy.causal_estimator][WARNING] - No directed path from ['X5'] to ['X2'].
[2026-04-24 03:55:31,891][dowhy.causal_model][INFO] - Model to find the causal effect of treatment ['X5'] on outcome ['X3']
[2026-04-24 03:55:31,891][dowhy.causal_identifier.auto_identifier][WARNING] - No directed path from treatment to outcome. Causal Effect is zero.
[2026-04-24 03:55:31,891][dowhy.causal_model][INFO] - linear_regression
[2026-04-24 03:55:31,891][dowhy.causal_estimator][INFO] - INFO: Using Linear Regression Estimator
[2026-04-24 03:55:31,891][dowhy.causal_estimator][WARNING] - No directed path from ['X5'] to ['X3'].
[2026-04-24 03:55:31,892][dowhy.causal_model][INFO] - Model to find the causal effect of treatment ['X5'] on outcome ['X4']
[2026-04-24 03:55:31,892][dowhy.causal_identifier.auto_identifier][WARNING] - No directed path from treatment to outcome. Causal Effect is zero.
[2026-04-24 03:55:31,892][dowhy.causal_model][INFO] - linear_regression
[2026-04-24 03:55:31,892][dowhy.causal_estimator][INFO] - INFO: Using Linear Regression Estimator
[2026-04-24 03:55:31,892][dowhy.causal_estimator][WARNING] - No directed path from ['X5'] to ['X4'].
[2026-04-24 03:55:31,941][dowhy.causal_model][INFO] - Model to find the causal effect of treatment ['X0'] on outcome ['X1']
[2026-04-24 03:55:31,941][dowhy.causal_identifier.auto_identifier][INFO] - Causal effect can be identified.
[2026-04-24 03:55:31,942][dowhy.causal_identifier.auto_identifier][INFO] - Instrumental variables for treatment and outcome:[]
[2026-04-24 03:55:31,942][dowhy.causal_identifier.auto_identifier][INFO] - Frontdoor variables for treatment and outcome:[]
[2026-04-24 03:55:31,942][dowhy.causal_model][INFO] - linear_regression
[2026-04-24 03:55:31,942][dowhy.causal_estimator][INFO] - INFO: Using Linear Regression Estimator
[2026-04-24 03:55:31,942][dowhy.causal_estimator][INFO] - b: X1~X0
[2026-04-24 03:55:31,948][dowhy.causal_model][INFO] - Model to find the causal effect of treatment ['X0'] on outcome ['X2']
[2026-04-24 03:55:31,948][dowhy.causal_identifier.auto_identifier][WARNING] - No directed path from treatment to outcome. Causal Effect is zero.
[2026-04-24 03:55:31,948][dowhy.causal_model][INFO] - linear_regression
[2026-04-24 03:55:31,948][dowhy.causal_estimator][INFO] - INFO: Using Linear Regression Estimator
[2026-04-24 03:55:31,948][dowhy.causal_estimator][WARNING] - No directed path from ['X0'] to ['X2'].
[2026-04-24 03:55:31,950][dowhy.causal_model][INFO] - Model to find the causal effect of treatment ['X0'] on outcome ['X3']
[2026-04-24 03:55:31,950][dowhy.causal_identifier.auto_identifier][INFO] - Causal effect can be identified.
[2026-04-24 03:55:31,951][dowhy.causal_identifier.auto_identifier][INFO] - Instrumental variables for treatment and outcome:[]
[2026-04-24 03:55:31,951][dowhy.causal_identifier.auto_identifier][INFO] - Frontdoor variables for treatment and outcome:[]
[2026-04-24 03:55:31,951][dowhy.causal_model][INFO] - linear_regression
[2026-04-24 03:55:31,951][dowhy.causal_estimator][INFO] - INFO: Using Linear Regression Estimator
[2026-04-24 03:55:31,951][dowhy.causal_estimator][INFO] - b: X3~X0
[2026-04-24 03:55:31,957][dowhy.causal_model][INFO] - Model to find the causal effect of treatment ['X0'] on outcome ['X4']
[2026-04-24 03:55:31,957][dowhy.causal_identifier.auto_identifier][INFO] - Causal effect can be identified.
[2026-04-24 03:55:31,958][dowhy.causal_identifier.auto_identifier][INFO] - Instrumental variables for treatment and outcome:[]
[2026-04-24 03:55:31,958][dowhy.causal_identifier.auto_identifier][INFO] - Frontdoor variables for treatment and outcome:[]
[2026-04-24 03:55:31,958][dowhy.causal_model][INFO] - linear_regression
[2026-04-24 03:55:31,958][dowhy.causal_estimator][INFO] - INFO: Using Linear Regression Estimator
[2026-04-24 03:55:31,958][dowhy.causal_estimator][INFO] - b: X4~X0+X0*X2
[2026-04-24 03:55:31,966][dowhy.causal_model][INFO] - Model to find the causal effect of treatment ['X0'] on outcome ['X5']
[2026-04-24 03:55:31,966][dowhy.causal_identifier.auto_identifier][INFO] - Causal effect can be identified.
[2026-04-24 03:55:31,966][dowhy.causal_identifier.auto_identifier][INFO] - Instrumental variables for treatment and outcome:[]
[2026-04-24 03:55:31,967][dowhy.causal_identifier.auto_identifier][INFO] - Frontdoor variables for treatment and outcome:['X4', 'X1', 'X3']
[2026-04-24 03:55:31,968][dowhy.causal_identifier.auto_identifier][INFO] - Causal effect can be identified.
[2026-04-24 03:55:31,968][dowhy.causal_identifier.auto_identifier][INFO] - Causal effect can be identified.
[2026-04-24 03:55:31,969][dowhy.causal_model][INFO] - linear_regression
[2026-04-24 03:55:31,969][dowhy.causal_estimator][INFO] - INFO: Using Linear Regression Estimator
[2026-04-24 03:55:31,969][dowhy.causal_estimator][INFO] - b: X5~X0
[2026-04-24 03:55:32,008][dowhy.causal_model][INFO] - Model to find the causal effect of treatment ['X1'] on outcome ['X0']
[2026-04-24 03:55:32,008][dowhy.causal_identifier.auto_identifier][WARNING] - No directed path from treatment to outcome. Causal Effect is zero.
[2026-04-24 03:55:32,008][dowhy.causal_model][INFO] - linear_regression
[2026-04-24 03:55:32,008][dowhy.causal_estimator][INFO] - INFO: Using Linear Regression Estimator
[2026-04-24 03:55:32,008][dowhy.causal_estimator][WARNING] - No directed path from ['X1'] to ['X0'].
[2026-04-24 03:55:32,010][dowhy.causal_model][INFO] - Model to find the causal effect of treatment ['X1'] on outcome ['X2']
[2026-04-24 03:55:32,010][dowhy.causal_identifier.auto_identifier][WARNING] - No directed path from treatment to outcome. Causal Effect is zero.
[2026-04-24 03:55:32,010][dowhy.causal_model][INFO] - linear_regression
[2026-04-24 03:55:32,010][dowhy.causal_estimator][INFO] - INFO: Using Linear Regression Estimator
[2026-04-24 03:55:32,010][dowhy.causal_estimator][WARNING] - No directed path from ['X1'] to ['X2'].
[2026-04-24 03:55:32,012][dowhy.causal_model][INFO] - Model to find the causal effect of treatment ['X1'] on outcome ['X3']
[2026-04-24 03:55:32,012][dowhy.causal_identifier.auto_identifier][WARNING] - No directed path from treatment to outcome. Causal Effect is zero.
[2026-04-24 03:55:32,012][dowhy.causal_model][INFO] - linear_regression
[2026-04-24 03:55:32,012][dowhy.causal_estimator][INFO] - INFO: Using Linear Regression Estimator
[2026-04-24 03:55:32,012][dowhy.causal_estimator][WARNING] - No directed path from ['X1'] to ['X3'].
[2026-04-24 03:55:32,013][dowhy.causal_model][INFO] - Model to find the causal effect of treatment ['X1'] on outcome ['X4']
[2026-04-24 03:55:32,013][dowhy.causal_identifier.auto_identifier][WARNING] - No directed path from treatment to outcome. Causal Effect is zero.
[2026-04-24 03:55:32,013][dowhy.causal_model][INFO] - linear_regression
[2026-04-24 03:55:32,013][dowhy.causal_estimator][INFO] - INFO: Using Linear Regression Estimator
[2026-04-24 03:55:32,013][dowhy.causal_estimator][WARNING] - No directed path from ['X1'] to ['X4'].
[2026-04-24 03:55:32,015][dowhy.causal_model][INFO] - Model to find the causal effect of treatment ['X1'] on outcome ['X5']
[2026-04-24 03:55:32,016][dowhy.causal_identifier.auto_identifier][INFO] - Causal effect can be identified.
[2026-04-24 03:55:32,016][dowhy.causal_identifier.auto_identifier][INFO] - Instrumental variables for treatment and outcome:[]
[2026-04-24 03:55:32,016][dowhy.causal_identifier.auto_identifier][INFO] - Frontdoor variables for treatment and outcome:[]
[2026-04-24 03:55:32,016][dowhy.causal_model][INFO] - linear_regression
[2026-04-24 03:55:32,016][dowhy.causal_estimator][INFO] - INFO: Using Linear Regression Estimator
[2026-04-24 03:55:32,017][dowhy.causal_estimator][INFO] - b: X5~X1+X0+X1*X3
[2026-04-24 03:55:32,056][dowhy.causal_model][INFO] - Model to find the causal effect of treatment ['X2'] on outcome ['X0']
[2026-04-24 03:55:32,056][dowhy.causal_identifier.auto_identifier][WARNING] - No directed path from treatment to outcome. Causal Effect is zero.
[2026-04-24 03:55:32,056][dowhy.causal_model][INFO] - linear_regression
[2026-04-24 03:55:32,056][dowhy.causal_estimator][INFO] - INFO: Using Linear Regression Estimator
[2026-04-24 03:55:32,056][dowhy.causal_estimator][WARNING] - No directed path from ['X2'] to ['X0'].
[2026-04-24 03:55:32,058][dowhy.causal_model][INFO] - Model to find the causal effect of treatment ['X2'] on outcome ['X1']
[2026-04-24 03:55:32,058][dowhy.causal_identifier.auto_identifier][WARNING] - No directed path from treatment to outcome. Causal Effect is zero.
[2026-04-24 03:55:32,058][dowhy.causal_model][INFO] - linear_regression
[2026-04-24 03:55:32,058][dowhy.causal_estimator][INFO] - INFO: Using Linear Regression Estimator
[2026-04-24 03:55:32,058][dowhy.causal_estimator][WARNING] - No directed path from ['X2'] to ['X1'].
[2026-04-24 03:55:32,060][dowhy.causal_model][INFO] - Model to find the causal effect of treatment ['X2'] on outcome ['X3']
[2026-04-24 03:55:32,060][dowhy.causal_identifier.auto_identifier][WARNING] - No directed path from treatment to outcome. Causal Effect is zero.
[2026-04-24 03:55:32,060][dowhy.causal_model][INFO] - linear_regression
[2026-04-24 03:55:32,060][dowhy.causal_estimator][INFO] - INFO: Using Linear Regression Estimator
[2026-04-24 03:55:32,060][dowhy.causal_estimator][WARNING] - No directed path from ['X2'] to ['X3'].
[2026-04-24 03:55:32,062][dowhy.causal_model][INFO] - Model to find the causal effect of treatment ['X2'] on outcome ['X4']
[2026-04-24 03:55:32,063][dowhy.causal_identifier.auto_identifier][INFO] - Causal effect can be identified.
[2026-04-24 03:55:32,064][dowhy.causal_identifier.auto_identifier][INFO] - Instrumental variables for treatment and outcome:[]
[2026-04-24 03:55:32,064][dowhy.causal_identifier.auto_identifier][INFO] - Frontdoor variables for treatment and outcome:[]
[2026-04-24 03:55:32,064][dowhy.causal_model][INFO] - linear_regression
[2026-04-24 03:55:32,064][dowhy.causal_estimator][INFO] - INFO: Using Linear Regression Estimator
[2026-04-24 03:55:32,064][dowhy.causal_estimator][INFO] - b: X4~X2+X2*X0+X2*X3
[2026-04-24 03:55:32,072][dowhy.causal_model][INFO] - Model to find the causal effect of treatment ['X2'] on outcome ['X5']
[2026-04-24 03:55:32,072][dowhy.causal_identifier.auto_identifier][WARNING] - No directed path from treatment to outcome. Causal Effect is zero.
[2026-04-24 03:55:32,072][dowhy.causal_model][INFO] - linear_regression
[2026-04-24 03:55:32,072][dowhy.causal_estimator][INFO] - INFO: Using Linear Regression Estimator
[2026-04-24 03:55:32,072][dowhy.causal_estimator][WARNING] - No directed path from ['X2'] to ['X5'].
[2026-04-24 03:55:32,110][dowhy.causal_model][INFO] - Model to find the causal effect of treatment ['X3'] on outcome ['X0']
[2026-04-24 03:55:32,110][dowhy.causal_identifier.auto_identifier][WARNING] - No directed path from treatment to outcome. Causal Effect is zero.
[2026-04-24 03:55:32,110][dowhy.causal_model][INFO] - linear_regression
[2026-04-24 03:55:32,110][dowhy.causal_estimator][INFO] - INFO: Using Linear Regression Estimator
[2026-04-24 03:55:32,110][dowhy.causal_estimator][WARNING] - No directed path from ['X3'] to ['X0'].
[2026-04-24 03:55:32,112][dowhy.causal_model][INFO] - Model to find the causal effect of treatment ['X3'] on outcome ['X1']
[2026-04-24 03:55:32,112][dowhy.causal_identifier.auto_identifier][WARNING] - No directed path from treatment to outcome. Causal Effect is zero.
[2026-04-24 03:55:32,112][dowhy.causal_model][INFO] - linear_regression
[2026-04-24 03:55:32,112][dowhy.causal_estimator][INFO] - INFO: Using Linear Regression Estimator
[2026-04-24 03:55:32,112][dowhy.causal_estimator][WARNING] - No directed path from ['X3'] to ['X1'].
[2026-04-24 03:55:32,114][dowhy.causal_model][INFO] - Model to find the causal effect of treatment ['X3'] on outcome ['X2']
[2026-04-24 03:55:32,114][dowhy.causal_identifier.auto_identifier][WARNING] - No directed path from treatment to outcome. Causal Effect is zero.
[2026-04-24 03:55:32,114][dowhy.causal_model][INFO] - linear_regression
[2026-04-24 03:55:32,114][dowhy.causal_estimator][INFO] - INFO: Using Linear Regression Estimator
[2026-04-24 03:55:32,114][dowhy.causal_estimator][WARNING] - No directed path from ['X3'] to ['X2'].
[2026-04-24 03:55:32,116][dowhy.causal_model][INFO] - Model to find the causal effect of treatment ['X3'] on outcome ['X4']
[2026-04-24 03:55:32,117][dowhy.causal_identifier.auto_identifier][INFO] - Causal effect can be identified.
[2026-04-24 03:55:32,118][dowhy.causal_identifier.auto_identifier][INFO] - Instrumental variables for treatment and outcome:[]
[2026-04-24 03:55:32,118][dowhy.causal_identifier.auto_identifier][INFO] - Frontdoor variables for treatment and outcome:[]
[2026-04-24 03:55:32,118][dowhy.causal_model][INFO] - linear_regression
[2026-04-24 03:55:32,118][dowhy.causal_estimator][INFO] - INFO: Using Linear Regression Estimator
[2026-04-24 03:55:32,118][dowhy.causal_estimator][INFO] - b: X4~X3+X0+X3*X2
[2026-04-24 03:55:32,128][dowhy.causal_model][INFO] - Model to find the causal effect of treatment ['X3'] on outcome ['X5']
[2026-04-24 03:55:32,129][dowhy.causal_identifier.auto_identifier][INFO] - Causal effect can be identified.
[2026-04-24 03:55:32,129][dowhy.causal_identifier.auto_identifier][INFO] - Instrumental variables for treatment and outcome:[]
[2026-04-24 03:55:32,129][dowhy.causal_identifier.auto_identifier][INFO] - Frontdoor variables for treatment and outcome:[]
[2026-04-24 03:55:32,129][dowhy.causal_model][INFO] - linear_regression
[2026-04-24 03:55:32,129][dowhy.causal_estimator][INFO] - INFO: Using Linear Regression Estimator
[2026-04-24 03:55:32,130][dowhy.causal_estimator][INFO] - b: X5~X3+X1+X3*X1
[2026-04-24 03:55:32,178][dowhy.causal_model][INFO] - Model to find the causal effect of treatment ['X4'] on outcome ['X0']
[2026-04-24 03:55:32,178][dowhy.causal_identifier.auto_identifier][WARNING] - No directed path from treatment to outcome. Causal Effect is zero.
[2026-04-24 03:55:32,179][dowhy.causal_model][INFO] - linear_regression
[2026-04-24 03:55:32,179][dowhy.causal_estimator][INFO] - INFO: Using Linear Regression Estimator
[2026-04-24 03:55:32,179][dowhy.causal_estimator][WARNING] - No directed path from ['X4'] to ['X0'].
[2026-04-24 03:55:32,180][dowhy.causal_model][INFO] - Model to find the causal effect of treatment ['X4'] on outcome ['X1']
[2026-04-24 03:55:32,180][dowhy.causal_identifier.auto_identifier][WARNING] - No directed path from treatment to outcome. Causal Effect is zero.
[2026-04-24 03:55:32,180][dowhy.causal_model][INFO] - linear_regression
[2026-04-24 03:55:32,180][dowhy.causal_estimator][INFO] - INFO: Using Linear Regression Estimator
[2026-04-24 03:55:32,180][dowhy.causal_estimator][WARNING] - No directed path from ['X4'] to ['X1'].
[2026-04-24 03:55:32,182][dowhy.causal_model][INFO] - Model to find the causal effect of treatment ['X4'] on outcome ['X2']
[2026-04-24 03:55:32,182][dowhy.causal_identifier.auto_identifier][WARNING] - No directed path from treatment to outcome. Causal Effect is zero.
[2026-04-24 03:55:32,182][dowhy.causal_model][INFO] - linear_regression
[2026-04-24 03:55:32,182][dowhy.causal_estimator][INFO] - INFO: Using Linear Regression Estimator
[2026-04-24 03:55:32,182][dowhy.causal_estimator][WARNING] - No directed path from ['X4'] to ['X2'].
[2026-04-24 03:55:32,184][dowhy.causal_model][INFO] - Model to find the causal effect of treatment ['X4'] on outcome ['X3']
[2026-04-24 03:55:32,184][dowhy.causal_identifier.auto_identifier][WARNING] - No directed path from treatment to outcome. Causal Effect is zero.
[2026-04-24 03:55:32,184][dowhy.causal_model][INFO] - linear_regression
[2026-04-24 03:55:32,184][dowhy.causal_estimator][INFO] - INFO: Using Linear Regression Estimator
[2026-04-24 03:55:32,184][dowhy.causal_estimator][WARNING] - No directed path from ['X4'] to ['X3'].
[2026-04-24 03:55:32,186][dowhy.causal_model][INFO] - Model to find the causal effect of treatment ['X4'] on outcome ['X5']
[2026-04-24 03:55:32,186][dowhy.causal_identifier.auto_identifier][WARNING] - No directed path from treatment to outcome. Causal Effect is zero.
[2026-04-24 03:55:32,186][dowhy.causal_model][INFO] - linear_regression
[2026-04-24 03:55:32,186][dowhy.causal_estimator][INFO] - INFO: Using Linear Regression Estimator
[2026-04-24 03:55:32,186][dowhy.causal_estimator][WARNING] - No directed path from ['X4'] to ['X5'].
[2026-04-24 03:55:32,216][dowhy.causal_model][INFO] - Model to find the causal effect of treatment ['X5'] on outcome ['X0']
[2026-04-24 03:55:32,216][dowhy.causal_identifier.auto_identifier][WARNING] - No directed path from treatment to outcome. Causal Effect is zero.
[2026-04-24 03:55:32,216][dowhy.causal_model][INFO] - linear_regression
[2026-04-24 03:55:32,216][dowhy.causal_estimator][INFO] - INFO: Using Linear Regression Estimator
[2026-04-24 03:55:32,216][dowhy.causal_estimator][WARNING] - No directed path from ['X5'] to ['X0'].
[2026-04-24 03:55:32,217][dowhy.causal_model][INFO] - Model to find the causal effect of treatment ['X5'] on outcome ['X1']
[2026-04-24 03:55:32,217][dowhy.causal_identifier.auto_identifier][WARNING] - No directed path from treatment to outcome. Causal Effect is zero.
[2026-04-24 03:55:32,217][dowhy.causal_model][INFO] - linear_regression
[2026-04-24 03:55:32,218][dowhy.causal_estimator][INFO] - INFO: Using Linear Regression Estimator
[2026-04-24 03:55:32,218][dowhy.causal_estimator][WARNING] - No directed path from ['X5'] to ['X1'].
[2026-04-24 03:55:32,219][dowhy.causal_model][INFO] - Model to find the causal effect of treatment ['X5'] on outcome ['X2']
[2026-04-24 03:55:32,219][dowhy.causal_identifier.auto_identifier][WARNING] - No directed path from treatment to outcome. Causal Effect is zero.
[2026-04-24 03:55:32,219][dowhy.causal_model][INFO] - linear_regression
[2026-04-24 03:55:32,219][dowhy.causal_estimator][INFO] - INFO: Using Linear Regression Estimator
[2026-04-24 03:55:32,219][dowhy.causal_estimator][WARNING] - No directed path from ['X5'] to ['X2'].
[2026-04-24 03:55:32,221][dowhy.causal_model][INFO] - Model to find the causal effect of treatment ['X5'] on outcome ['X3']
[2026-04-24 03:55:32,221][dowhy.causal_identifier.auto_identifier][WARNING] - No directed path from treatment to outcome. Causal Effect is zero.
[2026-04-24 03:55:32,221][dowhy.causal_model][INFO] - linear_regression
[2026-04-24 03:55:32,221][dowhy.causal_estimator][INFO] - INFO: Using Linear Regression Estimator
[2026-04-24 03:55:32,221][dowhy.causal_estimator][WARNING] - No directed path from ['X5'] to ['X3'].
[2026-04-24 03:55:32,223][dowhy.causal_model][INFO] - Model to find the causal effect of treatment ['X5'] on outcome ['X4']
[2026-04-24 03:55:32,223][dowhy.causal_identifier.auto_identifier][WARNING] - No directed path from treatment to outcome. Causal Effect is zero.
[2026-04-24 03:55:32,223][dowhy.causal_model][INFO] - linear_regression
[2026-04-24 03:55:32,223][dowhy.causal_estimator][INFO] - INFO: Using Linear Regression Estimator
[2026-04-24 03:55:32,223][dowhy.causal_estimator][WARNING] - No directed path from ['X5'] to ['X4'].
[2026-04-24 03:55:32,270][dowhy.causal_model][INFO] - Model to find the causal effect of treatment ['X0'] on outcome ['X1']
[2026-04-24 03:55:32,270][dowhy.causal_identifier.auto_identifier][INFO] - Causal effect can be identified.
[2026-04-24 03:55:32,271][dowhy.causal_identifier.auto_identifier][INFO] - Instrumental variables for treatment and outcome:[]
[2026-04-24 03:55:32,271][dowhy.causal_identifier.auto_identifier][INFO] - Frontdoor variables for treatment and outcome:[]
[2026-04-24 03:55:32,271][dowhy.causal_model][INFO] - linear_regression
[2026-04-24 03:55:32,271][dowhy.causal_estimator][INFO] - INFO: Using Linear Regression Estimator
[2026-04-24 03:55:32,271][dowhy.causal_estimator][INFO] - b: X1~X0
[2026-04-24 03:55:32,278][dowhy.causal_model][INFO] - Model to find the causal effect of treatment ['X0'] on outcome ['X2']
[2026-04-24 03:55:32,278][dowhy.causal_identifier.auto_identifier][WARNING] - No directed path from treatment to outcome. Causal Effect is zero.
[2026-04-24 03:55:32,278][dowhy.causal_model][INFO] - linear_regression
[2026-04-24 03:55:32,278][dowhy.causal_estimator][INFO] - INFO: Using Linear Regression Estimator
[2026-04-24 03:55:32,278][dowhy.causal_estimator][WARNING] - No directed path from ['X0'] to ['X2'].
[2026-04-24 03:55:32,280][dowhy.causal_model][INFO] - Model to find the causal effect of treatment ['X0'] on outcome ['X3']
[2026-04-24 03:55:32,280][dowhy.causal_identifier.auto_identifier][INFO] - Causal effect can be identified.
[2026-04-24 03:55:32,280][dowhy.causal_identifier.auto_identifier][INFO] - Instrumental variables for treatment and outcome:[]
[2026-04-24 03:55:32,280][dowhy.causal_identifier.auto_identifier][INFO] - Frontdoor variables for treatment and outcome:[]
[2026-04-24 03:55:32,280][dowhy.causal_model][INFO] - linear_regression
[2026-04-24 03:55:32,281][dowhy.causal_estimator][INFO] - INFO: Using Linear Regression Estimator
[2026-04-24 03:55:32,281][dowhy.causal_estimator][INFO] - b: X3~X0
[2026-04-24 03:55:32,287][dowhy.causal_model][INFO] - Model to find the causal effect of treatment ['X0'] on outcome ['X4']
[2026-04-24 03:55:32,288][dowhy.causal_identifier.auto_identifier][INFO] - Causal effect can be identified.
[2026-04-24 03:55:32,288][dowhy.causal_identifier.auto_identifier][INFO] - Instrumental variables for treatment and outcome:[]
[2026-04-24 03:55:32,289][dowhy.causal_identifier.auto_identifier][INFO] - Frontdoor variables for treatment and outcome:[]
[2026-04-24 03:55:32,289][dowhy.causal_model][INFO] - linear_regression
[2026-04-24 03:55:32,289][dowhy.causal_estimator][INFO] - INFO: Using Linear Regression Estimator
[2026-04-24 03:55:32,289][dowhy.causal_estimator][INFO] - b: X4~X0+X0*X2
[2026-04-24 03:55:32,298][dowhy.causal_model][INFO] - Model to find the causal effect of treatment ['X0'] on outcome ['X5']
[2026-04-24 03:55:32,298][dowhy.causal_identifier.auto_identifier][INFO] - Causal effect can be identified.
[2026-04-24 03:55:32,298][dowhy.causal_identifier.auto_identifier][INFO] - Instrumental variables for treatment and outcome:[]
[2026-04-24 03:55:32,299][dowhy.causal_identifier.auto_identifier][INFO] - Frontdoor variables for treatment and outcome:['X4', 'X1', 'X3']
[2026-04-24 03:55:32,300][dowhy.causal_identifier.auto_identifier][INFO] - Causal effect can be identified.
[2026-04-24 03:55:32,301][dowhy.causal_identifier.auto_identifier][INFO] - Causal effect can be identified.
[2026-04-24 03:55:32,301][dowhy.causal_model][INFO] - linear_regression
[2026-04-24 03:55:32,301][dowhy.causal_estimator][INFO] - INFO: Using Linear Regression Estimator
[2026-04-24 03:55:32,301][dowhy.causal_estimator][INFO] - b: X5~X0
[2026-04-24 03:55:32,347][dowhy.causal_model][INFO] - Model to find the causal effect of treatment ['X1'] on outcome ['X0']
[2026-04-24 03:55:32,347][dowhy.causal_identifier.auto_identifier][WARNING] - No directed path from treatment to outcome. Causal Effect is zero.
[2026-04-24 03:55:32,347][dowhy.causal_model][INFO] - linear_regression
[2026-04-24 03:55:32,347][dowhy.causal_estimator][INFO] - INFO: Using Linear Regression Estimator
[2026-04-24 03:55:32,347][dowhy.causal_estimator][WARNING] - No directed path from ['X1'] to ['X0'].
[2026-04-24 03:55:32,349][dowhy.causal_model][INFO] - Model to find the causal effect of treatment ['X1'] on outcome ['X2']
[2026-04-24 03:55:32,349][dowhy.causal_identifier.auto_identifier][WARNING] - No directed path from treatment to outcome. Causal Effect is zero.
[2026-04-24 03:55:32,349][dowhy.causal_model][INFO] - linear_regression
[2026-04-24 03:55:32,349][dowhy.causal_estimator][INFO] - INFO: Using Linear Regression Estimator
[2026-04-24 03:55:32,349][dowhy.causal_estimator][WARNING] - No directed path from ['X1'] to ['X2'].
[2026-04-24 03:55:32,351][dowhy.causal_model][INFO] - Model to find the causal effect of treatment ['X1'] on outcome ['X3']
[2026-04-24 03:55:32,351][dowhy.causal_identifier.auto_identifier][WARNING] - No directed path from treatment to outcome. Causal Effect is zero.
[2026-04-24 03:55:32,351][dowhy.causal_model][INFO] - linear_regression
[2026-04-24 03:55:32,351][dowhy.causal_estimator][INFO] - INFO: Using Linear Regression Estimator
[2026-04-24 03:55:32,351][dowhy.causal_estimator][WARNING] - No directed path from ['X1'] to ['X3'].
[2026-04-24 03:55:32,353][dowhy.causal_model][INFO] - Model to find the causal effect of treatment ['X1'] on outcome ['X4']
[2026-04-24 03:55:32,353][dowhy.causal_identifier.auto_identifier][WARNING] - No directed path from treatment to outcome. Causal Effect is zero.
[2026-04-24 03:55:32,353][dowhy.causal_model][INFO] - linear_regression
[2026-04-24 03:55:32,353][dowhy.causal_estimator][INFO] - INFO: Using Linear Regression Estimator
[2026-04-24 03:55:32,353][dowhy.causal_estimator][WARNING] - No directed path from ['X1'] to ['X4'].
[2026-04-24 03:55:32,355][dowhy.causal_model][INFO] - Model to find the causal effect of treatment ['X1'] on outcome ['X5']
[2026-04-24 03:55:32,356][dowhy.causal_identifier.auto_identifier][INFO] - Causal effect can be identified.
[2026-04-24 03:55:32,356][dowhy.causal_identifier.auto_identifier][INFO] - Instrumental variables for treatment and outcome:[]
[2026-04-24 03:55:32,356][dowhy.causal_identifier.auto_identifier][INFO] - Frontdoor variables for treatment and outcome:[]
[2026-04-24 03:55:32,356][dowhy.causal_model][INFO] - linear_regression
[2026-04-24 03:55:32,356][dowhy.causal_estimator][INFO] - INFO: Using Linear Regression Estimator
[2026-04-24 03:55:32,357][dowhy.causal_estimator][INFO] - b: X5~X1+X0+X1*X3
[2026-04-24 03:55:32,402][dowhy.causal_model][INFO] - Model to find the causal effect of treatment ['X2'] on outcome ['X0']
[2026-04-24 03:55:32,402][dowhy.causal_identifier.auto_identifier][WARNING] - No directed path from treatment to outcome. Causal Effect is zero.
[2026-04-24 03:55:32,402][dowhy.causal_model][INFO] - linear_regression
[2026-04-24 03:55:32,402][dowhy.causal_estimator][INFO] - INFO: Using Linear Regression Estimator
[2026-04-24 03:55:32,402][dowhy.causal_estimator][WARNING] - No directed path from ['X2'] to ['X0'].
[2026-04-24 03:55:32,404][dowhy.causal_model][INFO] - Model to find the causal effect of treatment ['X2'] on outcome ['X1']
[2026-04-24 03:55:32,404][dowhy.causal_identifier.auto_identifier][WARNING] - No directed path from treatment to outcome. Causal Effect is zero.
[2026-04-24 03:55:32,404][dowhy.causal_model][INFO] - linear_regression
[2026-04-24 03:55:32,404][dowhy.causal_estimator][INFO] - INFO: Using Linear Regression Estimator
[2026-04-24 03:55:32,404][dowhy.causal_estimator][WARNING] - No directed path from ['X2'] to ['X1'].
[2026-04-24 03:55:32,406][dowhy.causal_model][INFO] - Model to find the causal effect of treatment ['X2'] on outcome ['X3']
[2026-04-24 03:55:32,406][dowhy.causal_identifier.auto_identifier][WARNING] - No directed path from treatment to outcome. Causal Effect is zero.
[2026-04-24 03:55:32,406][dowhy.causal_model][INFO] - linear_regression
[2026-04-24 03:55:32,406][dowhy.causal_estimator][INFO] - INFO: Using Linear Regression Estimator
[2026-04-24 03:55:32,406][dowhy.causal_estimator][WARNING] - No directed path from ['X2'] to ['X3'].
[2026-04-24 03:55:32,408][dowhy.causal_model][INFO] - Model to find the causal effect of treatment ['X2'] on outcome ['X4']
[2026-04-24 03:55:32,409][dowhy.causal_identifier.auto_identifier][INFO] - Causal effect can be identified.
[2026-04-24 03:55:32,409][dowhy.causal_identifier.auto_identifier][INFO] - Instrumental variables for treatment and outcome:[]
[2026-04-24 03:55:32,409][dowhy.causal_identifier.auto_identifier][INFO] - Frontdoor variables for treatment and outcome:[]
[2026-04-24 03:55:32,410][dowhy.causal_model][INFO] - linear_regression
[2026-04-24 03:55:32,410][dowhy.causal_estimator][INFO] - INFO: Using Linear Regression Estimator
[2026-04-24 03:55:32,410][dowhy.causal_estimator][INFO] - b: X4~X2+X2*X0+X2*X3
[2026-04-24 03:55:32,417][dowhy.causal_model][INFO] - Model to find the causal effect of treatment ['X2'] on outcome ['X5']
[2026-04-24 03:55:32,417][dowhy.causal_identifier.auto_identifier][WARNING] - No directed path from treatment to outcome. Causal Effect is zero.
[2026-04-24 03:55:32,417][dowhy.causal_model][INFO] - linear_regression
[2026-04-24 03:55:32,417][dowhy.causal_estimator][INFO] - INFO: Using Linear Regression Estimator
[2026-04-24 03:55:32,417][dowhy.causal_estimator][WARNING] - No directed path from ['X2'] to ['X5'].
[2026-04-24 03:55:32,449][dowhy.causal_model][INFO] - Model to find the causal effect of treatment ['X3'] on outcome ['X0']
[2026-04-24 03:55:32,449][dowhy.causal_identifier.auto_identifier][WARNING] - No directed path from treatment to outcome. Causal Effect is zero.
[2026-04-24 03:55:32,449][dowhy.causal_model][INFO] - linear_regression
[2026-04-24 03:55:32,449][dowhy.causal_estimator][INFO] - INFO: Using Linear Regression Estimator
[2026-04-24 03:55:32,449][dowhy.causal_estimator][WARNING] - No directed path from ['X3'] to ['X0'].
[2026-04-24 03:55:32,450][dowhy.causal_model][INFO] - Model to find the causal effect of treatment ['X3'] on outcome ['X1']
[2026-04-24 03:55:32,450][dowhy.causal_identifier.auto_identifier][WARNING] - No directed path from treatment to outcome. Causal Effect is zero.
[2026-04-24 03:55:32,450][dowhy.causal_model][INFO] - linear_regression
[2026-04-24 03:55:32,451][dowhy.causal_estimator][INFO] - INFO: Using Linear Regression Estimator
[2026-04-24 03:55:32,451][dowhy.causal_estimator][WARNING] - No directed path from ['X3'] to ['X1'].
[2026-04-24 03:55:32,452][dowhy.causal_model][INFO] - Model to find the causal effect of treatment ['X3'] on outcome ['X2']
[2026-04-24 03:55:32,452][dowhy.causal_identifier.auto_identifier][WARNING] - No directed path from treatment to outcome. Causal Effect is zero.
[2026-04-24 03:55:32,452][dowhy.causal_model][INFO] - linear_regression
[2026-04-24 03:55:32,452][dowhy.causal_estimator][INFO] - INFO: Using Linear Regression Estimator
[2026-04-24 03:55:32,452][dowhy.causal_estimator][WARNING] - No directed path from ['X3'] to ['X2'].
[2026-04-24 03:55:32,454][dowhy.causal_model][INFO] - Model to find the causal effect of treatment ['X3'] on outcome ['X4']
[2026-04-24 03:55:32,455][dowhy.causal_identifier.auto_identifier][INFO] - Causal effect can be identified.
[2026-04-24 03:55:32,455][dowhy.causal_identifier.auto_identifier][INFO] - Instrumental variables for treatment and outcome:[]
[2026-04-24 03:55:32,455][dowhy.causal_identifier.auto_identifier][INFO] - Frontdoor variables for treatment and outcome:[]
[2026-04-24 03:55:32,455][dowhy.causal_model][INFO] - linear_regression
[2026-04-24 03:55:32,455][dowhy.causal_estimator][INFO] - INFO: Using Linear Regression Estimator
[2026-04-24 03:55:32,456][dowhy.causal_estimator][INFO] - b: X4~X3+X0+X3*X2
[2026-04-24 03:55:32,464][dowhy.causal_model][INFO] - Model to find the causal effect of treatment ['X3'] on outcome ['X5']
[2026-04-24 03:55:32,465][dowhy.causal_identifier.auto_identifier][INFO] - Causal effect can be identified.
[2026-04-24 03:55:32,465][dowhy.causal_identifier.auto_identifier][INFO] - Instrumental variables for treatment and outcome:[]
[2026-04-24 03:55:32,465][dowhy.causal_identifier.auto_identifier][INFO] - Frontdoor variables for treatment and outcome:[]
[2026-04-24 03:55:32,465][dowhy.causal_model][INFO] - linear_regression
[2026-04-24 03:55:32,465][dowhy.causal_estimator][INFO] - INFO: Using Linear Regression Estimator
[2026-04-24 03:55:32,465][dowhy.causal_estimator][INFO] - b: X5~X3+X1+X3*X1
[2026-04-24 03:55:32,509][dowhy.causal_model][INFO] - Model to find the causal effect of treatment ['X4'] on outcome ['X0']
[2026-04-24 03:55:32,509][dowhy.causal_identifier.auto_identifier][WARNING] - No directed path from treatment to outcome. Causal Effect is zero.
[2026-04-24 03:55:32,509][dowhy.causal_model][INFO] - linear_regression
[2026-04-24 03:55:32,509][dowhy.causal_estimator][INFO] - INFO: Using Linear Regression Estimator
[2026-04-24 03:55:32,509][dowhy.causal_estimator][WARNING] - No directed path from ['X4'] to ['X0'].
[2026-04-24 03:55:32,511][dowhy.causal_model][INFO] - Model to find the causal effect of treatment ['X4'] on outcome ['X1']
[2026-04-24 03:55:32,511][dowhy.causal_identifier.auto_identifier][WARNING] - No directed path from treatment to outcome. Causal Effect is zero.
[2026-04-24 03:55:32,511][dowhy.causal_model][INFO] - linear_regression
[2026-04-24 03:55:32,511][dowhy.causal_estimator][INFO] - INFO: Using Linear Regression Estimator
[2026-04-24 03:55:32,511][dowhy.causal_estimator][WARNING] - No directed path from ['X4'] to ['X1'].
[2026-04-24 03:55:32,513][dowhy.causal_model][INFO] - Model to find the causal effect of treatment ['X4'] on outcome ['X2']
[2026-04-24 03:55:32,513][dowhy.causal_identifier.auto_identifier][WARNING] - No directed path from treatment to outcome. Causal Effect is zero.
[2026-04-24 03:55:32,513][dowhy.causal_model][INFO] - linear_regression
[2026-04-24 03:55:32,513][dowhy.causal_estimator][INFO] - INFO: Using Linear Regression Estimator
[2026-04-24 03:55:32,513][dowhy.causal_estimator][WARNING] - No directed path from ['X4'] to ['X2'].
[2026-04-24 03:55:32,515][dowhy.causal_model][INFO] - Model to find the causal effect of treatment ['X4'] on outcome ['X3']
[2026-04-24 03:55:32,515][dowhy.causal_identifier.auto_identifier][WARNING] - No directed path from treatment to outcome. Causal Effect is zero.
[2026-04-24 03:55:32,515][dowhy.causal_model][INFO] - linear_regression
[2026-04-24 03:55:32,515][dowhy.causal_estimator][INFO] - INFO: Using Linear Regression Estimator
[2026-04-24 03:55:32,515][dowhy.causal_estimator][WARNING] - No directed path from ['X4'] to ['X3'].
[2026-04-24 03:55:32,517][dowhy.causal_model][INFO] - Model to find the causal effect of treatment ['X4'] on outcome ['X5']
[2026-04-24 03:55:32,517][dowhy.causal_identifier.auto_identifier][WARNING] - No directed path from treatment to outcome. Causal Effect is zero.
[2026-04-24 03:55:32,517][dowhy.causal_model][INFO] - linear_regression
[2026-04-24 03:55:32,517][dowhy.causal_estimator][INFO] - INFO: Using Linear Regression Estimator
[2026-04-24 03:55:32,517][dowhy.causal_estimator][WARNING] - No directed path from ['X4'] to ['X5'].
[2026-04-24 03:55:32,552][dowhy.causal_model][INFO] - Model to find the causal effect of treatment ['X5'] on outcome ['X0']
[2026-04-24 03:55:32,552][dowhy.causal_identifier.auto_identifier][WARNING] - No directed path from treatment to outcome. Causal Effect is zero.
[2026-04-24 03:55:32,552][dowhy.causal_model][INFO] - linear_regression
[2026-04-24 03:55:32,552][dowhy.causal_estimator][INFO] - INFO: Using Linear Regression Estimator
[2026-04-24 03:55:32,553][dowhy.causal_estimator][WARNING] - No directed path from ['X5'] to ['X0'].
[2026-04-24 03:55:32,554][dowhy.causal_model][INFO] - Model to find the causal effect of treatment ['X5'] on outcome ['X1']
[2026-04-24 03:55:32,554][dowhy.causal_identifier.auto_identifier][WARNING] - No directed path from treatment to outcome. Causal Effect is zero.
[2026-04-24 03:55:32,554][dowhy.causal_model][INFO] - linear_regression
[2026-04-24 03:55:32,554][dowhy.causal_estimator][INFO] - INFO: Using Linear Regression Estimator
[2026-04-24 03:55:32,555][dowhy.causal_estimator][WARNING] - No directed path from ['X5'] to ['X1'].
[2026-04-24 03:55:32,556][dowhy.causal_model][INFO] - Model to find the causal effect of treatment ['X5'] on outcome ['X2']
[2026-04-24 03:55:32,556][dowhy.causal_identifier.auto_identifier][WARNING] - No directed path from treatment to outcome. Causal Effect is zero.
[2026-04-24 03:55:32,556][dowhy.causal_model][INFO] - linear_regression
[2026-04-24 03:55:32,556][dowhy.causal_estimator][INFO] - INFO: Using Linear Regression Estimator
[2026-04-24 03:55:32,556][dowhy.causal_estimator][WARNING] - No directed path from ['X5'] to ['X2'].
[2026-04-24 03:55:32,558][dowhy.causal_model][INFO] - Model to find the causal effect of treatment ['X5'] on outcome ['X3']
[2026-04-24 03:55:32,558][dowhy.causal_identifier.auto_identifier][WARNING] - No directed path from treatment to outcome. Causal Effect is zero.
[2026-04-24 03:55:32,558][dowhy.causal_model][INFO] - linear_regression
[2026-04-24 03:55:32,558][dowhy.causal_estimator][INFO] - INFO: Using Linear Regression Estimator
[2026-04-24 03:55:32,558][dowhy.causal_estimator][WARNING] - No directed path from ['X5'] to ['X3'].
[2026-04-24 03:55:32,560][dowhy.causal_model][INFO] - Model to find the causal effect of treatment ['X5'] on outcome ['X4']
[2026-04-24 03:55:32,560][dowhy.causal_identifier.auto_identifier][WARNING] - No directed path from treatment to outcome. Causal Effect is zero.
[2026-04-24 03:55:32,560][dowhy.causal_model][INFO] - linear_regression
[2026-04-24 03:55:32,560][dowhy.causal_estimator][INFO] - INFO: Using Linear Regression Estimator
[2026-04-24 03:55:32,560][dowhy.causal_estimator][WARNING] - No directed path from ['X5'] to ['X4'].
[2026-04-24 03:55:32,616][dowhy.causal_model][INFO] - Model to find the causal effect of treatment ['X0'] on outcome ['X1']
[2026-04-24 03:55:32,616][dowhy.causal_identifier.auto_identifier][INFO] - Causal effect can be identified.
[2026-04-24 03:55:32,616][dowhy.causal_identifier.auto_identifier][INFO] - Instrumental variables for treatment and outcome:[]
[2026-04-24 03:55:32,617][dowhy.causal_identifier.auto_identifier][INFO] - Frontdoor variables for treatment and outcome:[]
[2026-04-24 03:55:32,617][dowhy.causal_model][INFO] - linear_regression
[2026-04-24 03:55:32,617][dowhy.causal_estimator][INFO] - INFO: Using Linear Regression Estimator
[2026-04-24 03:55:32,617][dowhy.causal_estimator][INFO] - b: X1~X0
[2026-04-24 03:55:32,623][dowhy.causal_model][INFO] - Model to find the causal effect of treatment ['X0'] on outcome ['X2']
[2026-04-24 03:55:32,623][dowhy.causal_identifier.auto_identifier][WARNING] - No directed path from treatment to outcome. Causal Effect is zero.
[2026-04-24 03:55:32,623][dowhy.causal_model][INFO] - linear_regression
[2026-04-24 03:55:32,623][dowhy.causal_estimator][INFO] - INFO: Using Linear Regression Estimator
[2026-04-24 03:55:32,623][dowhy.causal_estimator][WARNING] - No directed path from ['X0'] to ['X2'].
[2026-04-24 03:55:32,625][dowhy.causal_model][INFO] - Model to find the causal effect of treatment ['X0'] on outcome ['X3']
[2026-04-24 03:55:32,625][dowhy.causal_identifier.auto_identifier][INFO] - Causal effect can be identified.
[2026-04-24 03:55:32,626][dowhy.causal_identifier.auto_identifier][INFO] - Instrumental variables for treatment and outcome:[]
[2026-04-24 03:55:32,626][dowhy.causal_identifier.auto_identifier][INFO] - Frontdoor variables for treatment and outcome:[]
[2026-04-24 03:55:32,626][dowhy.causal_model][INFO] - linear_regression
[2026-04-24 03:55:32,626][dowhy.causal_estimator][INFO] - INFO: Using Linear Regression Estimator
[2026-04-24 03:55:32,626][dowhy.causal_estimator][INFO] - b: X3~X0
[2026-04-24 03:55:32,632][dowhy.causal_model][INFO] - Model to find the causal effect of treatment ['X0'] on outcome ['X4']
[2026-04-24 03:55:32,632][dowhy.causal_identifier.auto_identifier][INFO] - Causal effect can be identified.
[2026-04-24 03:55:32,632][dowhy.causal_identifier.auto_identifier][INFO] - Instrumental variables for treatment and outcome:[]
[2026-04-24 03:55:32,633][dowhy.causal_identifier.auto_identifier][INFO] - Frontdoor variables for treatment and outcome:[]
[2026-04-24 03:55:32,633][dowhy.causal_model][INFO] - linear_regression
[2026-04-24 03:55:32,633][dowhy.causal_estimator][INFO] - INFO: Using Linear Regression Estimator
[2026-04-24 03:55:32,633][dowhy.causal_estimator][INFO] - b: X4~X0+X0*X2
[2026-04-24 03:55:32,641][dowhy.causal_model][INFO] - Model to find the causal effect of treatment ['X0'] on outcome ['X5']
[2026-04-24 03:55:32,641][dowhy.causal_identifier.auto_identifier][INFO] - Causal effect can be identified.
[2026-04-24 03:55:32,641][dowhy.causal_identifier.auto_identifier][INFO] - Instrumental variables for treatment and outcome:[]
[2026-04-24 03:55:32,642][dowhy.causal_identifier.auto_identifier][INFO] - Frontdoor variables for treatment and outcome:['X4', 'X1', 'X3']
[2026-04-24 03:55:32,643][dowhy.causal_identifier.auto_identifier][INFO] - Causal effect can be identified.
[2026-04-24 03:55:32,643][dowhy.causal_identifier.auto_identifier][INFO] - Causal effect can be identified.
[2026-04-24 03:55:32,644][dowhy.causal_model][INFO] - linear_regression
[2026-04-24 03:55:32,644][dowhy.causal_estimator][INFO] - INFO: Using Linear Regression Estimator
[2026-04-24 03:55:32,644][dowhy.causal_estimator][INFO] - b: X5~X0
[2026-04-24 03:55:32,684][dowhy.causal_model][INFO] - Model to find the causal effect of treatment ['X1'] on outcome ['X0']
[2026-04-24 03:55:32,684][dowhy.causal_identifier.auto_identifier][WARNING] - No directed path from treatment to outcome. Causal Effect is zero.
[2026-04-24 03:55:32,684][dowhy.causal_model][INFO] - linear_regression
[2026-04-24 03:55:32,684][dowhy.causal_estimator][INFO] - INFO: Using Linear Regression Estimator
[2026-04-24 03:55:32,684][dowhy.causal_estimator][WARNING] - No directed path from ['X1'] to ['X0'].
[2026-04-24 03:55:32,685][dowhy.causal_model][INFO] - Model to find the causal effect of treatment ['X1'] on outcome ['X2']
[2026-04-24 03:55:32,685][dowhy.causal_identifier.auto_identifier][WARNING] - No directed path from treatment to outcome. Causal Effect is zero.
[2026-04-24 03:55:32,685][dowhy.causal_model][INFO] - linear_regression
[2026-04-24 03:55:32,686][dowhy.causal_estimator][INFO] - INFO: Using Linear Regression Estimator
[2026-04-24 03:55:32,686][dowhy.causal_estimator][WARNING] - No directed path from ['X1'] to ['X2'].
[2026-04-24 03:55:32,687][dowhy.causal_model][INFO] - Model to find the causal effect of treatment ['X1'] on outcome ['X3']
[2026-04-24 03:55:32,687][dowhy.causal_identifier.auto_identifier][WARNING] - No directed path from treatment to outcome. Causal Effect is zero.
[2026-04-24 03:55:32,687][dowhy.causal_model][INFO] - linear_regression
[2026-04-24 03:55:32,687][dowhy.causal_estimator][INFO] - INFO: Using Linear Regression Estimator
[2026-04-24 03:55:32,687][dowhy.causal_estimator][WARNING] - No directed path from ['X1'] to ['X3'].
[2026-04-24 03:55:32,689][dowhy.causal_model][INFO] - Model to find the causal effect of treatment ['X1'] on outcome ['X4']
[2026-04-24 03:55:32,689][dowhy.causal_identifier.auto_identifier][WARNING] - No directed path from treatment to outcome. Causal Effect is zero.
[2026-04-24 03:55:32,689][dowhy.causal_model][INFO] - linear_regression
[2026-04-24 03:55:32,689][dowhy.causal_estimator][INFO] - INFO: Using Linear Regression Estimator
[2026-04-24 03:55:32,689][dowhy.causal_estimator][WARNING] - No directed path from ['X1'] to ['X4'].
[2026-04-24 03:55:32,691][dowhy.causal_model][INFO] - Model to find the causal effect of treatment ['X1'] on outcome ['X5']
[2026-04-24 03:55:32,691][dowhy.causal_identifier.auto_identifier][INFO] - Causal effect can be identified.
[2026-04-24 03:55:32,692][dowhy.causal_identifier.auto_identifier][INFO] - Instrumental variables for treatment and outcome:[]
[2026-04-24 03:55:32,692][dowhy.causal_identifier.auto_identifier][INFO] - Frontdoor variables for treatment and outcome:[]
[2026-04-24 03:55:32,692][dowhy.causal_model][INFO] - linear_regression
[2026-04-24 03:55:32,692][dowhy.causal_estimator][INFO] - INFO: Using Linear Regression Estimator
[2026-04-24 03:55:32,692][dowhy.causal_estimator][INFO] - b: X5~X1+X0+X1*X3
[2026-04-24 03:55:32,733][dowhy.causal_model][INFO] - Model to find the causal effect of treatment ['X2'] on outcome ['X0']
[2026-04-24 03:55:32,733][dowhy.causal_identifier.auto_identifier][WARNING] - No directed path from treatment to outcome. Causal Effect is zero.
[2026-04-24 03:55:32,733][dowhy.causal_model][INFO] - linear_regression
[2026-04-24 03:55:32,733][dowhy.causal_estimator][INFO] - INFO: Using Linear Regression Estimator
[2026-04-24 03:55:32,733][dowhy.causal_estimator][WARNING] - No directed path from ['X2'] to ['X0'].
[2026-04-24 03:55:32,735][dowhy.causal_model][INFO] - Model to find the causal effect of treatment ['X2'] on outcome ['X1']
[2026-04-24 03:55:32,735][dowhy.causal_identifier.auto_identifier][WARNING] - No directed path from treatment to outcome. Causal Effect is zero.
[2026-04-24 03:55:32,735][dowhy.causal_model][INFO] - linear_regression
[2026-04-24 03:55:32,735][dowhy.causal_estimator][INFO] - INFO: Using Linear Regression Estimator
[2026-04-24 03:55:32,735][dowhy.causal_estimator][WARNING] - No directed path from ['X2'] to ['X1'].
[2026-04-24 03:55:32,737][dowhy.causal_model][INFO] - Model to find the causal effect of treatment ['X2'] on outcome ['X3']
[2026-04-24 03:55:32,737][dowhy.causal_identifier.auto_identifier][WARNING] - No directed path from treatment to outcome. Causal Effect is zero.
[2026-04-24 03:55:32,737][dowhy.causal_model][INFO] - linear_regression
[2026-04-24 03:55:32,737][dowhy.causal_estimator][INFO] - INFO: Using Linear Regression Estimator
[2026-04-24 03:55:32,737][dowhy.causal_estimator][WARNING] - No directed path from ['X2'] to ['X3'].
[2026-04-24 03:55:32,739][dowhy.causal_model][INFO] - Model to find the causal effect of treatment ['X2'] on outcome ['X4']
[2026-04-24 03:55:32,740][dowhy.causal_identifier.auto_identifier][INFO] - Causal effect can be identified.
[2026-04-24 03:55:32,741][dowhy.causal_identifier.auto_identifier][INFO] - Instrumental variables for treatment and outcome:[]
[2026-04-24 03:55:32,741][dowhy.causal_identifier.auto_identifier][INFO] - Frontdoor variables for treatment and outcome:[]
[2026-04-24 03:55:32,741][dowhy.causal_model][INFO] - linear_regression
[2026-04-24 03:55:32,741][dowhy.causal_estimator][INFO] - INFO: Using Linear Regression Estimator
[2026-04-24 03:55:32,741][dowhy.causal_estimator][INFO] - b: X4~X2+X2*X0+X2*X3
[2026-04-24 03:55:32,749][dowhy.causal_model][INFO] - Model to find the causal effect of treatment ['X2'] on outcome ['X5']
[2026-04-24 03:55:32,749][dowhy.causal_identifier.auto_identifier][WARNING] - No directed path from treatment to outcome. Causal Effect is zero.
[2026-04-24 03:55:32,749][dowhy.causal_model][INFO] - linear_regression
[2026-04-24 03:55:32,749][dowhy.causal_estimator][INFO] - INFO: Using Linear Regression Estimator
[2026-04-24 03:55:32,749][dowhy.causal_estimator][WARNING] - No directed path from ['X2'] to ['X5'].
[2026-04-24 03:55:32,789][dowhy.causal_model][INFO] - Model to find the causal effect of treatment ['X3'] on outcome ['X0']
[2026-04-24 03:55:32,789][dowhy.causal_identifier.auto_identifier][WARNING] - No directed path from treatment to outcome. Causal Effect is zero.
[2026-04-24 03:55:32,789][dowhy.causal_model][INFO] - linear_regression
[2026-04-24 03:55:32,789][dowhy.causal_estimator][INFO] - INFO: Using Linear Regression Estimator
[2026-04-24 03:55:32,789][dowhy.causal_estimator][WARNING] - No directed path from ['X3'] to ['X0'].
[2026-04-24 03:55:32,791][dowhy.causal_model][INFO] - Model to find the causal effect of treatment ['X3'] on outcome ['X1']
[2026-04-24 03:55:32,791][dowhy.causal_identifier.auto_identifier][WARNING] - No directed path from treatment to outcome. Causal Effect is zero.
[2026-04-24 03:55:32,791][dowhy.causal_model][INFO] - linear_regression
[2026-04-24 03:55:32,791][dowhy.causal_estimator][INFO] - INFO: Using Linear Regression Estimator
[2026-04-24 03:55:32,791][dowhy.causal_estimator][WARNING] - No directed path from ['X3'] to ['X1'].
[2026-04-24 03:55:32,793][dowhy.causal_model][INFO] - Model to find the causal effect of treatment ['X3'] on outcome ['X2']
[2026-04-24 03:55:32,793][dowhy.causal_identifier.auto_identifier][WARNING] - No directed path from treatment to outcome. Causal Effect is zero.
[2026-04-24 03:55:32,793][dowhy.causal_model][INFO] - linear_regression
[2026-04-24 03:55:32,793][dowhy.causal_estimator][INFO] - INFO: Using Linear Regression Estimator
[2026-04-24 03:55:32,793][dowhy.causal_estimator][WARNING] - No directed path from ['X3'] to ['X2'].
[2026-04-24 03:55:32,795][dowhy.causal_model][INFO] - Model to find the causal effect of treatment ['X3'] on outcome ['X4']
[2026-04-24 03:55:32,795][dowhy.causal_identifier.auto_identifier][INFO] - Causal effect can be identified.
[2026-04-24 03:55:32,796][dowhy.causal_identifier.auto_identifier][INFO] - Instrumental variables for treatment and outcome:[]
[2026-04-24 03:55:32,796][dowhy.causal_identifier.auto_identifier][INFO] - Frontdoor variables for treatment and outcome:[]
[2026-04-24 03:55:32,796][dowhy.causal_model][INFO] - linear_regression
[2026-04-24 03:55:32,796][dowhy.causal_estimator][INFO] - INFO: Using Linear Regression Estimator
[2026-04-24 03:55:32,796][dowhy.causal_estimator][INFO] - b: X4~X3+X0+X3*X2
[2026-04-24 03:55:32,805][dowhy.causal_model][INFO] - Model to find the causal effect of treatment ['X3'] on outcome ['X5']
[2026-04-24 03:55:32,806][dowhy.causal_identifier.auto_identifier][INFO] - Causal effect can be identified.
[2026-04-24 03:55:32,807][dowhy.causal_identifier.auto_identifier][INFO] - Instrumental variables for treatment and outcome:[]
[2026-04-24 03:55:32,807][dowhy.causal_identifier.auto_identifier][INFO] - Frontdoor variables for treatment and outcome:[]
[2026-04-24 03:55:32,807][dowhy.causal_model][INFO] - linear_regression
[2026-04-24 03:55:32,807][dowhy.causal_estimator][INFO] - INFO: Using Linear Regression Estimator
[2026-04-24 03:55:32,807][dowhy.causal_estimator][INFO] - b: X5~X3+X1+X3*X1
[2026-04-24 03:55:32,854][dowhy.causal_model][INFO] - Model to find the causal effect of treatment ['X4'] on outcome ['X0']
[2026-04-24 03:55:32,854][dowhy.causal_identifier.auto_identifier][WARNING] - No directed path from treatment to outcome. Causal Effect is zero.
[2026-04-24 03:55:32,854][dowhy.causal_model][INFO] - linear_regression
[2026-04-24 03:55:32,854][dowhy.causal_estimator][INFO] - INFO: Using Linear Regression Estimator
[2026-04-24 03:55:32,854][dowhy.causal_estimator][WARNING] - No directed path from ['X4'] to ['X0'].
[2026-04-24 03:55:32,856][dowhy.causal_model][INFO] - Model to find the causal effect of treatment ['X4'] on outcome ['X1']
[2026-04-24 03:55:32,856][dowhy.causal_identifier.auto_identifier][WARNING] - No directed path from treatment to outcome. Causal Effect is zero.
[2026-04-24 03:55:32,856][dowhy.causal_model][INFO] - linear_regression
[2026-04-24 03:55:32,856][dowhy.causal_estimator][INFO] - INFO: Using Linear Regression Estimator
[2026-04-24 03:55:32,856][dowhy.causal_estimator][WARNING] - No directed path from ['X4'] to ['X1'].
[2026-04-24 03:55:32,858][dowhy.causal_model][INFO] - Model to find the causal effect of treatment ['X4'] on outcome ['X2']
[2026-04-24 03:55:32,858][dowhy.causal_identifier.auto_identifier][WARNING] - No directed path from treatment to outcome. Causal Effect is zero.
[2026-04-24 03:55:32,858][dowhy.causal_model][INFO] - linear_regression
[2026-04-24 03:55:32,858][dowhy.causal_estimator][INFO] - INFO: Using Linear Regression Estimator
[2026-04-24 03:55:32,858][dowhy.causal_estimator][WARNING] - No directed path from ['X4'] to ['X2'].
[2026-04-24 03:55:32,859][dowhy.causal_model][INFO] - Model to find the causal effect of treatment ['X4'] on outcome ['X3']
[2026-04-24 03:55:32,859][dowhy.causal_identifier.auto_identifier][WARNING] - No directed path from treatment to outcome. Causal Effect is zero.
[2026-04-24 03:55:32,859][dowhy.causal_model][INFO] - linear_regression
[2026-04-24 03:55:32,860][dowhy.causal_estimator][INFO] - INFO: Using Linear Regression Estimator
[2026-04-24 03:55:32,860][dowhy.causal_estimator][WARNING] - No directed path from ['X4'] to ['X3'].
[2026-04-24 03:55:32,861][dowhy.causal_model][INFO] - Model to find the causal effect of treatment ['X4'] on outcome ['X5']
[2026-04-24 03:55:32,861][dowhy.causal_identifier.auto_identifier][WARNING] - No directed path from treatment to outcome. Causal Effect is zero.
[2026-04-24 03:55:32,861][dowhy.causal_model][INFO] - linear_regression
[2026-04-24 03:55:32,861][dowhy.causal_estimator][INFO] - INFO: Using Linear Regression Estimator
[2026-04-24 03:55:32,861][dowhy.causal_estimator][WARNING] - No directed path from ['X4'] to ['X5'].
[2026-04-24 03:55:32,892][dowhy.causal_model][INFO] - Model to find the causal effect of treatment ['X5'] on outcome ['X0']
[2026-04-24 03:55:32,892][dowhy.causal_identifier.auto_identifier][WARNING] - No directed path from treatment to outcome. Causal Effect is zero.
[2026-04-24 03:55:32,892][dowhy.causal_model][INFO] - linear_regression
[2026-04-24 03:55:32,892][dowhy.causal_estimator][INFO] - INFO: Using Linear Regression Estimator
[2026-04-24 03:55:32,892][dowhy.causal_estimator][WARNING] - No directed path from ['X5'] to ['X0'].
[2026-04-24 03:55:32,893][dowhy.causal_model][INFO] - Model to find the causal effect of treatment ['X5'] on outcome ['X1']
[2026-04-24 03:55:32,893][dowhy.causal_identifier.auto_identifier][WARNING] - No directed path from treatment to outcome. Causal Effect is zero.
[2026-04-24 03:55:32,893][dowhy.causal_model][INFO] - linear_regression
[2026-04-24 03:55:32,893][dowhy.causal_estimator][INFO] - INFO: Using Linear Regression Estimator
[2026-04-24 03:55:32,893][dowhy.causal_estimator][WARNING] - No directed path from ['X5'] to ['X1'].
[2026-04-24 03:55:32,895][dowhy.causal_model][INFO] - Model to find the causal effect of treatment ['X5'] on outcome ['X2']
[2026-04-24 03:55:32,895][dowhy.causal_identifier.auto_identifier][WARNING] - No directed path from treatment to outcome. Causal Effect is zero.
[2026-04-24 03:55:32,895][dowhy.causal_model][INFO] - linear_regression
[2026-04-24 03:55:32,895][dowhy.causal_estimator][INFO] - INFO: Using Linear Regression Estimator
[2026-04-24 03:55:32,895][dowhy.causal_estimator][WARNING] - No directed path from ['X5'] to ['X2'].
[2026-04-24 03:55:32,897][dowhy.causal_model][INFO] - Model to find the causal effect of treatment ['X5'] on outcome ['X3']
[2026-04-24 03:55:32,897][dowhy.causal_identifier.auto_identifier][WARNING] - No directed path from treatment to outcome. Causal Effect is zero.
[2026-04-24 03:55:32,897][dowhy.causal_model][INFO] - linear_regression
[2026-04-24 03:55:32,897][dowhy.causal_estimator][INFO] - INFO: Using Linear Regression Estimator
[2026-04-24 03:55:32,897][dowhy.causal_estimator][WARNING] - No directed path from ['X5'] to ['X3'].
[2026-04-24 03:55:32,899][dowhy.causal_model][INFO] - Model to find the causal effect of treatment ['X5'] on outcome ['X4']
[2026-04-24 03:55:32,899][dowhy.causal_identifier.auto_identifier][WARNING] - No directed path from treatment to outcome. Causal Effect is zero.
[2026-04-24 03:55:32,899][dowhy.causal_model][INFO] - linear_regression
[2026-04-24 03:55:32,899][dowhy.causal_estimator][INFO] - INFO: Using Linear Regression Estimator
[2026-04-24 03:55:32,899][dowhy.causal_estimator][WARNING] - No directed path from ['X5'] to ['X4'].
