=== [Train] Fold 3 (3/5) ===
Step: set random seed (4)
Step: build datasets
Step: initialize model
Step: training setup (model=ShallowMLP, profile=shallow, control_mode=epochs, epochs=40, target_updates=None)
Step: training
TrnLoss=0.991 ValLoss=0.959 ValR2=0.070
TrnLoss=0.883 ValLoss=0.877 ValR2=0.150
TrnLoss=0.808 ValLoss=0.812 ValR2=0.212
TrnLoss=0.757 ValLoss=0.784 ValR2=0.239
TrnLoss=0.744 ValLoss=0.778 ValR2=0.245
TrnLoss=0.740 ValLoss=0.773 ValR2=0.250
TrnLoss=0.736 ValLoss=0.771 ValR2=0.252
TrnLoss=0.733 ValLoss=0.770 ValR2=0.253
TrnLoss=0.732 ValLoss=0.769 ValR2=0.254
TrnLoss=0.733 ValLoss=0.769 ValR2=0.254
TrnLoss=0.732 ValLoss=0.768 ValR2=0.255
TrnLoss=0.731 ValLoss=0.768 ValR2=0.255
TrnLoss=0.731 ValLoss=0.768 ValR2=0.255
TrnLoss=0.730 ValLoss=0.768 ValR2=0.255
TrnLoss=0.732 ValLoss=0.768 ValR2=0.255
TrnLoss=0.731 ValLoss=0.768 ValR2=0.255
TrnLoss=0.729 ValLoss=0.767 ValR2=0.255
TrnLoss=0.732 ValLoss=0.767 ValR2=0.256
TrnLoss=0.735 ValLoss=0.767 ValR2=0.256
TrnLoss=0.731 ValLoss=0.767 ValR2=0.255
TrnLoss=0.731 ValLoss=0.768 ValR2=0.255
TrnLoss=0.731 ValLoss=0.767 ValR2=0.256
TrnLoss=0.731 ValLoss=0.767 ValR2=0.256
TrnLoss=0.729 ValLoss=0.768 ValR2=0.255
Early stopping at epoch 24: no validation improvement for 6 epochs (best epoch=18, best val loss=0.767)
 57%|#######4     | 23/40 [00:19<00:14,  1.21ep/s]
Step: evaluate test split
