=== [Causal Discovery] Fold 3 (3/5) ===
Step: load extraction data
Loading extraction data from: outputs/experiments/linear_sem_sample_500_shallow_mlp_align_observable_state/3/alignment_results.csv
Step: prepare ground-truth data
Key: (176, 6, 3, 3, 2, 10, 10000, 0.5, 2.0, 0.8, 0.1, 0.1, 1000, 3) - Generating new DAG and data...
Seed: 176, Fold: 3
Running sample_500__baseline_500
Saved metadata to outputs/experiments/linear_sem_sample_500_shallow_mlp_align_observable_state/3/metadata.json
Test:  CI( 0 , 1 | () ) = 0.0
Test:  CI( 0 , 2 | () ) = 0.31968763992736804
Test:  CI( 1 , 2 | () ) = 0.2386075387745623
Test:  CI( 0 , 3 | () ) = 0.0
Test:  CI( 1 , 3 | () ) = 0.0
Test:  CI( 2 , 3 | () ) = 0.25065735307110026
Test:  CI( 0 , 4 | () ) = 3.5424996269739495e-12
Test:  CI( 1 , 4 | () ) = 1.5648067122064901e-06
Test:  CI( 2 , 4 | () ) = 0.0
Test:  CI( 3 , 4 | () ) = 1.3751222383007189e-12
Test:  CI( 0 , 5 | () ) = 0.0
Test:  CI( 1 , 5 | () ) = 0.0
Test:  CI( 2 , 5 | () ) = 0.24614977188873866
Test:  CI( 3 , 5 | () ) = 0.0
Test:  CI( 4 , 5 | () ) = 7.684963776455334e-12
Test:  CI( 0 , 3 | (1,) ) = 0.0
Test:  CI( 1 , 3 | (0,) ) = 0.8390271860120999
Test:  CI( 0 , 4 | (1,) ) = 5.091214307917369e-07
Test:  CI( 0 , 4 | (2,) ) = 0.0
Test:  CI( 0 , 4 | (3,) ) = 0.0021886344988824025
Test:  CI( 1 , 4 | (0,) ) = 0.5485137240813862
Test:  CI( 2 , 4 | (0,) ) = 0.0
Test:  CI( 2 , 4 | (3,) ) = 0.0
Test:  CI( 3 , 4 | (0,) ) = 0.0008222632842824762
Test:  CI( 3 , 4 | (2,) ) = 0.0
Test:  CI( 0 , 5 | (1,) ) = 0.0
Test:  CI( 0 , 5 | (3,) ) = 0.11528901126321589
Test:  CI( 1 , 5 | (3,) ) = 0.0
Test:  CI( 1 , 5 | (4,) ) = 0.0
Test:  CI( 3 , 5 | (1,) ) = 0.0
Test:  CI( 3 , 5 | (4,) ) = 0.0
Test:  CI( 4 , 5 | (1,) ) = 5.086800702880367e-07
Test:  CI( 4 , 5 | (3,) ) = 0.8599113366076114
Test:  CI( 0 , 4 | (2, 3) ) = 0.0
Test:  CI( 2 , 4 | (0, 3) ) = 0.0
Test:  CI( 3 , 4 | (0, 2) ) = 1.9095836023552692e-14
Saved adjacency matrix to outputs/experiments/linear_sem_sample_500_shallow_mlp_align_observable_state/3/learned_graph_adj.npy
Test:  CI( 0 , 1 | () ) = 0.0
Test:  CI( 0 , 2 | () ) = 0.757345734134004
Test:  CI( 1 , 2 | () ) = 0.588090794497095
Test:  CI( 0 , 3 | () ) = 0.0
Test:  CI( 1 , 3 | () ) = 0.0
Test:  CI( 2 , 3 | () ) = 0.9051880421481862
Test:  CI( 0 , 4 | () ) = 0.0025712813386160605
Test:  CI( 1 , 4 | () ) = 0.003348280615252275
Test:  CI( 2 , 4 | () ) = 0.0
Test:  CI( 3 , 4 | () ) = 0.06507301865013293
Test:  CI( 0 , 5 | () ) = 0.0
Test:  CI( 1 , 5 | () ) = 0.0
Test:  CI( 2 , 5 | () ) = 0.9586958000975352
Test:  CI( 3 , 5 | () ) = 0.0
Test:  CI( 4 , 5 | () ) = 0.4897653864086444
Test:  CI( 0 , 3 | (1,) ) = 0.0
Test:  CI( 1 , 3 | (0,) ) = 0.6509917389245643
Test:  CI( 0 , 4 | (1,) ) = 0.10578653515568193
Test:  CI( 1 , 4 | (2,) ) = 0.0006505664216172047
Test:  CI( 2 , 4 | (1,) ) = 0.0
Test:  CI( 0 , 5 | (1,) ) = 0.0
Test:  CI( 0 , 5 | (3,) ) = 2.612795848344618e-06
Test:  CI( 1 , 5 | (0,) ) = 0.0
Test:  CI( 1 , 5 | (3,) ) = 0.0
Test:  CI( 3 , 5 | (0,) ) = 0.0
Test:  CI( 3 , 5 | (1,) ) = 0.0
Test:  CI( 1 , 5 | (0, 3) ) = 0.0
Saved metrics to outputs/experiments/linear_sem_sample_500_shallow_mlp_align_observable_state/3/performance_metrics.json
Saved baseline metrics to outputs/experiments/linear_sem_sample_500_shallow_mlp_align_observable_state/3/baseline_performance_metrics.json
Saved PAG-vs-PAG metrics to outputs/experiments/linear_sem_sample_500_shallow_mlp_align_observable_state/3/pag_vs_pag_metrics.json
Found 1 differences:
  1. Wrong orientation: 1 --- 5 (DAG: directed_ij, PAG: bidirected)
Found 5 partial orientation differences:
  1. Partial orientation: 0 --- 1 (DAG: directed_ij, PAG: partial_ij)
  2. Partial orientation: 0 --- 3 (DAG: directed_ij, PAG: partial_ij)
  3. Partial orientation: 0 --- 4 (DAG: directed_ij, PAG: partial_ij)
  4. Partial orientation: 2 --- 4 (DAG: directed_ij, PAG: partial_ij)
  5. Partial orientation: 3 --- 4 (DAG: directed_ij, PAG: partial_ij)
Saved edge comparison details to outputs/experiments/linear_sem_sample_500_shallow_mlp_align_observable_state/3/edge_comparison.txt
Found 5 differences:
  1. Missing: 0 --- 4 (DAG: directed_ij)
  2. Extra: 0 --- 5 (PAG: partial_ij)
  3. Extra: 1 --- 4 (PAG: bidirected)
  4. Wrong orientation: 1 --- 5 (DAG: directed_ij, PAG: bidirected)
  5. Missing: 3 --- 4 (DAG: directed_ij)
Found 4 partial orientation differences:
  1. Partial orientation: 0 --- 1 (DAG: directed_ij, PAG: partial_ij)
  2. Partial orientation: 0 --- 3 (DAG: directed_ij, PAG: partial_ij)
  3. Partial orientation: 2 --- 4 (DAG: directed_ij, PAG: partial_ij)
  4. Partial orientation: 3 --- 5 (DAG: directed_ij, PAG: partial_ij)
Saved baseline edge comparison details to outputs/experiments/linear_sem_sample_500_shallow_mlp_align_observable_state/3/edge_comparison_baseline.txt
Found 4 differences:
  1. Extra: 0 --- 4 (PAG: partial_ij)
  2. Missing: 0 --- 5 (Reference PAG: partial_ij)
  3. Missing: 1 --- 4 (Reference PAG: bidirected)
  4. Extra: 3 --- 4 (PAG: partial_ij)
Found 1 partial orientation differences:
  1. Partial orientation: 3 --- 5 (Reference PAG: partial_ij, PAG: directed_ij)
Saved PAG-vs-PAG edge comparison details to outputs/experiments/linear_sem_sample_500_shallow_mlp_align_observable_state/3/edge_comparison_pag_vs_pag.txt
Saved figure to outputs/experiments/linear_sem_sample_500_shallow_mlp_align_observable_state/3/pag_vs_dag.png
Saved baseline figure to outputs/experiments/linear_sem_sample_500_shallow_mlp_align_observable_state/3/baseline_pag_vs_dag.png
Saved combined DAG comparison to outputs/experiments/linear_sem_sample_500_shallow_mlp_align_observable_state/3/pags_vs_dag.png
Saved PAG-vs-PAG figure to outputs/experiments/linear_sem_sample_500_shallow_mlp_align_observable_state/3/pag_vs_pag.png
Saved adjacency matrix to outputs/experiments/linear_sem_sample_500_shallow_mlp_align_observable_state/3/learned_graph_adj.npy
Saved baseline adjacency matrix to outputs/experiments/linear_sem_sample_500_shallow_mlp_align_observable_state/3/baseline_graph_adj.npy
