=== [Causal Discovery] Fold 2 (2/5) ===
Step: load extraction data
Loading extraction data from: outputs/experiments/linear_sem_sample_1000_shallow_mlp_align_observable_state/2/alignment_results.csv
Step: prepare ground-truth data
Key: (176, 6, 3, 3, 2, 10, 10000, 0.5, 2.0, 0.8, 0.1, 0.1, 1000, 2) - Generating new DAG and data...
Seed: 176, Fold: 2
Running sample_1000__baseline_1000
Saved metadata to outputs/experiments/linear_sem_sample_1000_shallow_mlp_align_observable_state/2/metadata.json
Test:  CI( 0 , 1 | () ) = 0.0
Test:  CI( 0 , 2 | () ) = 0.9055057396280519
Test:  CI( 1 , 2 | () ) = 0.952451468231591
Test:  CI( 0 , 3 | () ) = 0.0
Test:  CI( 1 , 3 | () ) = 0.0
Test:  CI( 2 , 3 | () ) = 0.9602466432387193
Test:  CI( 0 , 4 | () ) = 0.0
Test:  CI( 1 , 4 | () ) = 9.94397908904432e-07
Test:  CI( 2 , 4 | () ) = 0.0
Test:  CI( 3 , 4 | () ) = 2.220446049250313e-16
Test:  CI( 0 , 5 | () ) = 0.0
Test:  CI( 1 , 5 | () ) = 0.0
Test:  CI( 2 , 5 | () ) = 0.9669652623397227
Test:  CI( 3 , 5 | () ) = 0.0
Test:  CI( 4 , 5 | () ) = 3.774758283725532e-15
Test:  CI( 0 , 3 | (1,) ) = 0.0
Test:  CI( 1 , 3 | (0,) ) = 0.12586740892904036
Test:  CI( 0 , 4 | (1,) ) = 2.1339596756320134e-11
Test:  CI( 0 , 4 | (2,) ) = 0.0
Test:  CI( 0 , 4 | (3,) ) = 0.04406431565184055
Test:  CI( 1 , 4 | (2,) ) = 0.0
Test:  CI( 1 , 4 | (3,) ) = 0.8964070360294776
Test:  CI( 2 , 4 | (3,) ) = 0.0
Test:  CI( 3 , 4 | (2,) ) = 0.0
Test:  CI( 0 , 5 | (1,) ) = 0.0
Test:  CI( 0 , 5 | (3,) ) = 0.005625150258137257
Test:  CI( 0 , 5 | (4,) ) = 0.0
Test:  CI( 1 , 5 | (0,) ) = 0.0
Test:  CI( 1 , 5 | (3,) ) = 0.0
Test:  CI( 1 , 5 | (4,) ) = 0.0
Test:  CI( 3 , 5 | (0,) ) = 0.17507975202664716
Test:  CI( 4 , 5 | (0,) ) = 0.8732811258457764
Saved adjacency matrix to outputs/experiments/linear_sem_sample_1000_shallow_mlp_align_observable_state/2/learned_graph_adj.npy
Test:  CI( 0 , 1 | () ) = 0.0
Test:  CI( 0 , 2 | () ) = 0.7039698115186015
Test:  CI( 1 , 2 | () ) = 0.1534116850854117
Test:  CI( 0 , 3 | () ) = 0.0
Test:  CI( 1 , 3 | () ) = 0.0
Test:  CI( 2 , 3 | () ) = 0.8405661385317806
Test:  CI( 0 , 4 | () ) = 1.065703048030997e-06
Test:  CI( 1 , 4 | () ) = 0.0005844479748990938
Test:  CI( 2 , 4 | () ) = 0.0
Test:  CI( 3 , 4 | () ) = 0.0014081054436410056
Test:  CI( 0 , 5 | () ) = 0.0
Test:  CI( 1 , 5 | () ) = 0.0
Test:  CI( 2 , 5 | () ) = 0.37025241215284654
Test:  CI( 3 , 5 | () ) = 0.0
Test:  CI( 4 , 5 | () ) = 0.3549610094754603
Test:  CI( 0 , 3 | (1,) ) = 0.0
Test:  CI( 1 , 3 | (0,) ) = 0.994723041813447
Test:  CI( 0 , 4 | (1,) ) = 0.00044145092221192783
Test:  CI( 0 , 4 | (2,) ) = 3.5684888377573998e-09
Test:  CI( 0 , 4 | (3,) ) = 0.0
Test:  CI( 1 , 4 | (0,) ) = 0.5146228044859198
Test:  CI( 2 , 4 | (0,) ) = 0.0
Test:  CI( 2 , 4 | (3,) ) = 0.0
Test:  CI( 3 , 4 | (0,) ) = 0.0
Test:  CI( 3 , 4 | (2,) ) = 2.53977455186849e-05
Test:  CI( 0 , 5 | (1,) ) = 0.0
Test:  CI( 0 , 5 | (3,) ) = 3.5926817076870066e-13
Test:  CI( 1 , 5 | (0,) ) = 0.0
Test:  CI( 1 , 5 | (3,) ) = 0.0
Test:  CI( 3 , 5 | (0,) ) = 0.0
Test:  CI( 3 , 5 | (1,) ) = 0.0
Test:  CI( 3 , 4 | (0, 2) ) = 0.0
Saved metrics to outputs/experiments/linear_sem_sample_1000_shallow_mlp_align_observable_state/2/performance_metrics.json
Saved baseline metrics to outputs/experiments/linear_sem_sample_1000_shallow_mlp_align_observable_state/2/baseline_performance_metrics.json
Saved PAG-vs-PAG metrics to outputs/experiments/linear_sem_sample_1000_shallow_mlp_align_observable_state/2/pag_vs_pag_metrics.json
Found 3 differences:
  1. Missing: 0 --- 4 (DAG: directed_ij)
  2. Extra: 0 --- 5 (PAG: partial_ij)
  3. Missing: 3 --- 5 (DAG: directed_ij)
Found 4 partial orientation differences:
  1. Partial orientation: 0 --- 1 (DAG: directed_ij, PAG: partial_ij)
  2. Partial orientation: 0 --- 3 (DAG: directed_ij, PAG: partial_ij)
  3. Partial orientation: 1 --- 5 (DAG: directed_ij, PAG: partial_ij)
  4. Partial orientation: 2 --- 4 (DAG: directed_ij, PAG: partial_ij)
Saved edge comparison details to outputs/experiments/linear_sem_sample_1000_shallow_mlp_align_observable_state/2/edge_comparison.txt
Found 5 differences:
  1. Wrong orientation: 0 --- 4 (DAG: directed_ij, PAG: bidirected)
  2. Extra: 0 --- 5 (PAG: bidirected)
  3. Wrong orientation: 1 --- 5 (DAG: directed_ij, PAG: bidirected)
  4. Wrong orientation: 3 --- 4 (DAG: directed_ij, PAG: bidirected)
  5. Wrong orientation: 3 --- 5 (DAG: directed_ij, PAG: bidirected)
Found 2 partial orientation differences:
  1. Partial orientation: 0 --- 3 (DAG: directed_ij, PAG: partial_ij)
  2. Partial orientation: 2 --- 4 (DAG: directed_ij, PAG: partial_ij)
Saved baseline edge comparison details to outputs/experiments/linear_sem_sample_1000_shallow_mlp_align_observable_state/2/edge_comparison_baseline.txt
Found 3 differences:
  1. Missing: 0 --- 4 (Reference PAG: bidirected)
  2. Wrong orientation: 3 --- 4 (Reference PAG: bidirected, PAG: directed_ij)
  3. Missing: 3 --- 5 (Reference PAG: bidirected)
Found 3 partial orientation differences:
  1. Partial orientation: 0 --- 1 (Reference PAG: directed_ij, PAG: partial_ij)
  2. Partial orientation: 0 --- 5 (Reference PAG: bidirected, PAG: partial_ij)
  3. Partial orientation: 1 --- 5 (Reference PAG: bidirected, PAG: partial_ij)
Saved PAG-vs-PAG edge comparison details to outputs/experiments/linear_sem_sample_1000_shallow_mlp_align_observable_state/2/edge_comparison_pag_vs_pag.txt
Saved figure to outputs/experiments/linear_sem_sample_1000_shallow_mlp_align_observable_state/2/pag_vs_dag.png
Saved baseline figure to outputs/experiments/linear_sem_sample_1000_shallow_mlp_align_observable_state/2/baseline_pag_vs_dag.png
Saved combined DAG comparison to outputs/experiments/linear_sem_sample_1000_shallow_mlp_align_observable_state/2/pags_vs_dag.png
Saved PAG-vs-PAG figure to outputs/experiments/linear_sem_sample_1000_shallow_mlp_align_observable_state/2/pag_vs_pag.png
Saved adjacency matrix to outputs/experiments/linear_sem_sample_1000_shallow_mlp_align_observable_state/2/learned_graph_adj.npy
Saved baseline adjacency matrix to outputs/experiments/linear_sem_sample_1000_shallow_mlp_align_observable_state/2/baseline_graph_adj.npy
