=== [Train] Fold 5 (5/5) ===
Step: set random seed (6)
Step: build datasets
Key: (176, 6, 3, 3, 2, 10, 10000, 0.5, 2.0, 0.8, 0.1, 0.1, 1000, 5) - Generating new DAG and data...
Seed: 176, Fold: 5
Step: initialize model
Step: training setup (model=ResidualMLP, profile=residual, control_mode=epochs, epochs=80, target_updates=None)
Step: training
TrnLoss=0.684 ValLoss=0.399 ValR2=0.601
TrnLoss=0.385 ValLoss=0.354 ValR2=0.646
TrnLoss=0.356 ValLoss=0.343 ValR2=0.657
TrnLoss=0.351 ValLoss=0.341 ValR2=0.659
TrnLoss=0.349 ValLoss=0.339 ValR2=0.660
TrnLoss=0.348 ValLoss=0.340 ValR2=0.660
TrnLoss=0.348 ValLoss=0.339 ValR2=0.661
TrnLoss=0.348 ValLoss=0.341 ValR2=0.659
TrnLoss=0.347 ValLoss=0.342 ValR2=0.658
TrnLoss=0.347 ValLoss=0.342 ValR2=0.658
TrnLoss=0.347 ValLoss=0.340 ValR2=0.660
TrnLoss=0.347 ValLoss=0.340 ValR2=0.660
TrnLoss=0.347 ValLoss=0.340 ValR2=0.660
TrnLoss=0.348 ValLoss=0.341 ValR2=0.659
TrnLoss=0.348 ValLoss=0.342 ValR2=0.658
TrnLoss=0.347 ValLoss=0.340 ValR2=0.660
TrnLoss=0.347 ValLoss=0.340 ValR2=0.660
TrnLoss=0.347 ValLoss=0.340 ValR2=0.660
TrnLoss=0.346 ValLoss=0.341 ValR2=0.659
TrnLoss=0.348 ValLoss=0.341 ValR2=0.659
TrnLoss=0.346 ValLoss=0.341 ValR2=0.659
TrnLoss=0.346 ValLoss=0.341 ValR2=0.659
TrnLoss=0.347 ValLoss=0.341 ValR2=0.659
TrnLoss=0.346 ValLoss=0.340 ValR2=0.660
TrnLoss=0.347 ValLoss=0.341 ValR2=0.659
TrnLoss=0.346 ValLoss=0.340 ValR2=0.659
TrnLoss=0.347 ValLoss=0.340 ValR2=0.660
TrnLoss=0.346 ValLoss=0.341 ValR2=0.659
TrnLoss=0.348 ValLoss=0.343 ValR2=0.657
Early stopping at epoch 29: no validation improvement for 10 epochs (best epoch=7, best val loss=0.339)
 35%|####5        | 28/80 [00:20<00:37,  1.40ep/s]
Step: evaluate test split
