=== [Train] Fold 4 (4/5) ===
Step: set random seed (5)
Step: build datasets
Step: initialize model
Step: training setup (model=GatedMLP, profile=deep, control_mode=epochs, epochs=60, target_updates=None)
Step: training
TrnLoss=0.998 ValLoss=0.909 ValR2=0.006
TrnLoss=0.977 ValLoss=0.855 ValR2=0.065
TrnLoss=0.836 ValLoss=0.577 ValR2=0.370
TrnLoss=0.458 ValLoss=0.308 ValR2=0.664
TrnLoss=0.302 ValLoss=0.209 ValR2=0.772
TrnLoss=0.227 ValLoss=0.163 ValR2=0.822
TrnLoss=0.187 ValLoss=0.139 ValR2=0.848
TrnLoss=0.165 ValLoss=0.123 ValR2=0.866
TrnLoss=0.156 ValLoss=0.114 ValR2=0.876
TrnLoss=0.147 ValLoss=0.110 ValR2=0.880
TrnLoss=0.143 ValLoss=0.106 ValR2=0.884
TrnLoss=0.142 ValLoss=0.106 ValR2=0.884
TrnLoss=0.140 ValLoss=0.103 ValR2=0.887
TrnLoss=0.135 ValLoss=0.101 ValR2=0.889
TrnLoss=0.129 ValLoss=0.099 ValR2=0.892
TrnLoss=0.132 ValLoss=0.098 ValR2=0.893
TrnLoss=0.128 ValLoss=0.097 ValR2=0.894
TrnLoss=0.131 ValLoss=0.096 ValR2=0.895
TrnLoss=0.132 ValLoss=0.098 ValR2=0.893
TrnLoss=0.127 ValLoss=0.094 ValR2=0.897
TrnLoss=0.126 ValLoss=0.093 ValR2=0.898
TrnLoss=0.127 ValLoss=0.091 ValR2=0.900
TrnLoss=0.128 ValLoss=0.090 ValR2=0.901
TrnLoss=0.127 ValLoss=0.089 ValR2=0.902
TrnLoss=0.124 ValLoss=0.091 ValR2=0.901
TrnLoss=0.125 ValLoss=0.092 ValR2=0.899
TrnLoss=0.126 ValLoss=0.088 ValR2=0.904
TrnLoss=0.126 ValLoss=0.089 ValR2=0.902
TrnLoss=0.120 ValLoss=0.086 ValR2=0.905
TrnLoss=0.123 ValLoss=0.087 ValR2=0.905
TrnLoss=0.122 ValLoss=0.085 ValR2=0.907
TrnLoss=0.119 ValLoss=0.086 ValR2=0.906
TrnLoss=0.114 ValLoss=0.085 ValR2=0.906
TrnLoss=0.118 ValLoss=0.087 ValR2=0.905
TrnLoss=0.111 ValLoss=0.085 ValR2=0.907
TrnLoss=0.115 ValLoss=0.083 ValR2=0.909
TrnLoss=0.109 ValLoss=0.083 ValR2=0.909
TrnLoss=0.111 ValLoss=0.081 ValR2=0.912
TrnLoss=0.116 ValLoss=0.078 ValR2=0.914
TrnLoss=0.109 ValLoss=0.079 ValR2=0.914
TrnLoss=0.105 ValLoss=0.078 ValR2=0.915
TrnLoss=0.109 ValLoss=0.078 ValR2=0.915
TrnLoss=0.109 ValLoss=0.078 ValR2=0.914
TrnLoss=0.106 ValLoss=0.075 ValR2=0.918
TrnLoss=0.103 ValLoss=0.073 ValR2=0.920
TrnLoss=0.100 ValLoss=0.076 ValR2=0.917
TrnLoss=0.101 ValLoss=0.072 ValR2=0.922
TrnLoss=0.107 ValLoss=0.071 ValR2=0.922
TrnLoss=0.104 ValLoss=0.071 ValR2=0.922
TrnLoss=0.104 ValLoss=0.072 ValR2=0.921
TrnLoss=0.098 ValLoss=0.072 ValR2=0.921
TrnLoss=0.099 ValLoss=0.071 ValR2=0.922
TrnLoss=0.096 ValLoss=0.070 ValR2=0.923
TrnLoss=0.101 ValLoss=0.071 ValR2=0.923
TrnLoss=0.101 ValLoss=0.070 ValR2=0.924
TrnLoss=0.097 ValLoss=0.072 ValR2=0.922
TrnLoss=0.102 ValLoss=0.069 ValR2=0.925
TrnLoss=0.095 ValLoss=0.070 ValR2=0.924
TrnLoss=0.097 ValLoss=0.069 ValR2=0.925
TrnLoss=0.099 ValLoss=0.069 ValR2=0.925
100%|#############| 60/60 [00:22<00:00,  2.64ep/s]
Step: evaluate test split
