=== [Causal Discovery] Fold 1 (1/5) ===
Step: load extraction data
Loading extraction data from: outputs/experiments/electrical_circuit_shallow_mlp_align_parcorr_mismatch_observable_state/1/alignment_results.csv
Step: prepare ground-truth data
Running sample_150__baseline_150
Saved metadata to outputs/experiments/electrical_circuit_shallow_mlp_align_parcorr_mismatch_observable_state/1/metadata.json
Test:  CI( 0 , 1 | () ) = 0.8667624478213454
Test:  CI( 0 , 2 | () ) = 0.19304589531105387
Test:  CI( 1 , 2 | () ) = 0.4507620099147496
Test:  CI( 0 , 3 | () ) = 0.0
Test:  CI( 1 , 3 | () ) = 0.8616963779358473
Test:  CI( 2 , 3 | () ) = 0.09920566250357066
Test:  CI( 0 , 4 | () ) = 0.0
Test:  CI( 1 , 4 | () ) = 0.8601789006010649
Test:  CI( 2 , 4 | () ) = 0.08510615286335144
Test:  CI( 3 , 4 | () ) = 0.0
Test:  CI( 0 , 5 | () ) = 0.0
Test:  CI( 1 , 5 | () ) = 0.9344573018905762
Test:  CI( 2 , 5 | () ) = 0.08470742076218296
Test:  CI( 3 , 5 | () ) = 0.0
Test:  CI( 4 , 5 | () ) = 0.0
Test:  CI( 0 , 4 | (3,) ) = 0.00027601662331644405
Test:  CI( 3 , 4 | (0,) ) = 0.0
Test:  CI( 0 , 5 | (3,) ) = 0.2001079634010008
Test:  CI( 3 , 5 | (4,) ) = 0.00011831641816151262
Test:  CI( 4 , 5 | (3,) ) = 6.132223022703442e-07
Saved adjacency matrix to outputs/experiments/electrical_circuit_shallow_mlp_align_parcorr_mismatch_observable_state/1/learned_graph_adj.npy
Test:  CI( 0 , 1 | () ) = 0.8403738626756656
Test:  CI( 0 , 2 | () ) = 0.10847989094610466
Test:  CI( 1 , 2 | () ) = 0.1378458755539529
Test:  CI( 0 , 3 | () ) = 0.0
Test:  CI( 1 , 3 | () ) = 0.4784963379111047
Test:  CI( 2 , 3 | () ) = 0.25533069181550405
Test:  CI( 0 , 4 | () ) = 0.0
Test:  CI( 1 , 4 | () ) = 0.4216464160489193
Test:  CI( 2 , 4 | () ) = 0.20890836431740167
Test:  CI( 3 , 4 | () ) = 0.0
Test:  CI( 0 , 5 | () ) = 0.0
Test:  CI( 1 , 5 | () ) = 0.5345901849187233
Test:  CI( 2 , 5 | () ) = 0.530424766704205
Test:  CI( 3 , 5 | () ) = 0.0
Test:  CI( 4 , 5 | () ) = 0.0
Test:  CI( 0 , 4 | (3,) ) = 0.3940348502247999
Test:  CI( 0 , 5 | (3,) ) = 0.09435941666318937
Test:  CI( 3 , 5 | (4,) ) = 0.014812209723074732
Saved metrics to outputs/experiments/electrical_circuit_shallow_mlp_align_parcorr_mismatch_observable_state/1/performance_metrics.json
Saved baseline metrics to outputs/experiments/electrical_circuit_shallow_mlp_align_parcorr_mismatch_observable_state/1/baseline_performance_metrics.json
Saved PAG-vs-PAG metrics to outputs/experiments/electrical_circuit_shallow_mlp_align_parcorr_mismatch_observable_state/1/pag_vs_pag_metrics.json
Found 5 differences:
  1. Extra: 0 --- 4 (PAG: partial_ij)
  2. Missing: 1 --- 3 (DAG: directed_ij)
  3. Missing: 2 --- 5 (DAG: directed_ij)
  4. Extra: 3 --- 5 (PAG: directed_ij)
  5. Wrong orientation: 4 --- 5 (DAG: directed_ij, PAG: bidirected)
Found 2 partial orientation differences:
  1. Partial orientation: 0 --- 3 (DAG: directed_ij, PAG: partial_ij)
  2. Partial orientation: 3 --- 4 (DAG: directed_ij, PAG: partial_ij)
Saved edge comparison details to outputs/experiments/electrical_circuit_shallow_mlp_align_parcorr_mismatch_observable_state/1/edge_comparison.txt
Found 2 differences:
  1. Missing: 1 --- 3 (DAG: directed_ij)
  2. Missing: 2 --- 5 (DAG: directed_ij)
Found 1 partial orientation differences:
  1. Partial orientation: 0 --- 3 (DAG: directed_ij, PAG: partial_ij)
Saved baseline edge comparison details to outputs/experiments/electrical_circuit_shallow_mlp_align_parcorr_mismatch_observable_state/1/edge_comparison_baseline.txt
Found 3 differences:
  1. Extra: 0 --- 4 (PAG: partial_ij)
  2. Extra: 3 --- 5 (PAG: directed_ij)
  3. Wrong orientation: 4 --- 5 (Reference PAG: directed_ij, PAG: bidirected)
Found 1 partial orientation differences:
  1. Partial orientation: 3 --- 4 (Reference PAG: directed_ij, PAG: partial_ij)
Saved PAG-vs-PAG edge comparison details to outputs/experiments/electrical_circuit_shallow_mlp_align_parcorr_mismatch_observable_state/1/edge_comparison_pag_vs_pag.txt
Saved figure to outputs/experiments/electrical_circuit_shallow_mlp_align_parcorr_mismatch_observable_state/1/pag_vs_dag.png
Saved baseline figure to outputs/experiments/electrical_circuit_shallow_mlp_align_parcorr_mismatch_observable_state/1/baseline_pag_vs_dag.png
Saved combined DAG comparison to outputs/experiments/electrical_circuit_shallow_mlp_align_parcorr_mismatch_observable_state/1/pags_vs_dag.png
Saved PAG-vs-PAG figure to outputs/experiments/electrical_circuit_shallow_mlp_align_parcorr_mismatch_observable_state/1/pag_vs_pag.png
Saved adjacency matrix to outputs/experiments/electrical_circuit_shallow_mlp_align_parcorr_mismatch_observable_state/1/learned_graph_adj.npy
Saved baseline adjacency matrix to outputs/experiments/electrical_circuit_shallow_mlp_align_parcorr_mismatch_observable_state/1/baseline_graph_adj.npy
