=== [Causal Discovery] Fold 2 (2/5) ===
Step: load extraction data
Loading extraction data from: outputs/experiments/electrical_circuit_tabular_mlp_no_align/2/extraction_results.csv
Step: prepare ground-truth data
Running sample_150__baseline_150
Saved metadata to outputs/experiments/electrical_circuit_tabular_mlp_no_align/2/metadata.json
CI(0, 1 | ()) p=0.7104 -> indep=True
CI(0, 2 | ()) p=0.19 -> indep=True
CI(1, 2 | ()) p=0.9226 -> indep=True
CI(0, 3 | ()) p=0 -> indep=False
CI(1, 3 | ()) p=4.152e-14 -> indep=False
CI(2, 3 | ()) p=1.16e-07 -> indep=False
CI(0, 4 | ()) p=0 -> indep=False
CI(1, 4 | ()) p=0.765 -> indep=True
CI(2, 4 | ()) p=0 -> indep=False
CI(3, 4 | ()) p=0 -> indep=False
CI(0, 5 | ()) p=0 -> indep=False
CI(1, 5 | ()) p=7.531e-10 -> indep=False
CI(2, 5 | ()) p=6.229e-08 -> indep=False
CI(3, 5 | ()) p=0 -> indep=False
CI(4, 5 | ()) p=0 -> indep=False
CI(0, 3 | (1,)) p=0 -> indep=False
CI(0, 3 | (2,)) p=0 -> indep=False
CI(1, 3 | (0,)) p=0 -> indep=False
CI(1, 3 | (2,)) p=5.04e-14 -> indep=False
CI(2, 3 | (0,)) p=2.434e-07 -> indep=False
CI(2, 3 | (1,)) p=6.33e-10 -> indep=False
CI(0, 4 | (2,)) p=0 -> indep=False
CI(0, 4 | (3,)) p=4.273e-06 -> indep=False
CI(2, 4 | (0,)) p=0 -> indep=False
CI(2, 4 | (3,)) p=4.102e-13 -> indep=False
CI(3, 4 | (0,)) p=5.741e-07 -> indep=False
CI(3, 4 | (2,)) p=6.517e-14 -> indep=False
CI(0, 5 | (1,)) p=0 -> indep=False
CI(0, 5 | (2,)) p=0 -> indep=False
CI(0, 5 | (3,)) p=7.711e-05 -> indep=False
CI(0, 5 | (4,)) p=4.741e-07 -> indep=False
CI(1, 5 | (0,)) p=0 -> indep=False
CI(1, 5 | (2,)) p=8.096e-10 -> indep=False
CI(1, 5 | (3,)) p=0.007108 -> indep=False
CI(1, 5 | (4,)) p=2.456e-13 -> indep=False
CI(2, 5 | (0,)) p=4.264e-08 -> indep=False
CI(2, 5 | (1,)) p=2.944e-08 -> indep=False
CI(2, 5 | (3,)) p=0.6229 -> indep=True
CI(3, 5 | (0,)) p=1.11e-16 -> indep=False
CI(3, 5 | (1,)) p=0 -> indep=False
CI(3, 5 | (4,)) p=3.604e-12 -> indep=False
CI(4, 5 | (0,)) p=1.749e-09 -> indep=False
CI(4, 5 | (1,)) p=0 -> indep=False
CI(4, 5 | (3,)) p=0.009295 -> indep=False
CI(3, 4 | (0, 2)) p=2.086e-10 -> indep=False
CI(4, 5 | (0, 3)) p=0.2221 -> indep=True
Saved adjacency matrix to outputs/experiments/electrical_circuit_tabular_mlp_no_align/2/learned_graph_adj.npy
CI(0, 1 | ()) p=0.4961 -> indep=True
CI(0, 2 | ()) p=0.4421 -> indep=True
CI(1, 2 | ()) p=0.2013 -> indep=True
CI(0, 3 | ()) p=0 -> indep=False
CI(1, 3 | ()) p=9.304e-14 -> indep=False
CI(2, 3 | ()) p=0.3906 -> indep=True
CI(0, 4 | ()) p=0 -> indep=False
CI(1, 4 | ()) p=9.412e-10 -> indep=False
CI(2, 4 | ()) p=0.1883 -> indep=True
CI(3, 4 | ()) p=0 -> indep=False
CI(0, 5 | ()) p=0 -> indep=False
CI(1, 5 | ()) p=6.577e-09 -> indep=False
CI(2, 5 | ()) p=0.02212 -> indep=True
CI(3, 5 | ()) p=0 -> indep=False
CI(4, 5 | ()) p=0 -> indep=False
CI(0, 3 | (1,)) p=0 -> indep=False
CI(1, 3 | (0,)) p=0 -> indep=False
CI(0, 4 | (1,)) p=0 -> indep=False
CI(0, 4 | (3,)) p=0.6837 -> indep=True
CI(1, 4 | (3,)) p=0.7266 -> indep=True
CI(0, 5 | (1,)) p=0 -> indep=False
CI(0, 5 | (3,)) p=0.2252 -> indep=True
CI(1, 5 | (3,)) p=0.3948 -> indep=True
CI(3, 5 | (4,)) p=0.2365 -> indep=True
Saved metrics to outputs/experiments/electrical_circuit_tabular_mlp_no_align/2/performance_metrics.json
Saved baseline metrics to outputs/experiments/electrical_circuit_tabular_mlp_no_align/2/baseline_performance_metrics.json
Saved PAG-vs-PAG metrics to outputs/experiments/electrical_circuit_tabular_mlp_no_align/2/pag_vs_pag_metrics.json
Found 11 differences:
  1. Wrong orientation: 0 --- 3 (DAG: directed_ij, PAG: bidirected)
  2. Extra: 0 --- 4 (PAG: directed_ij)
  3. Extra: 0 --- 5 (PAG: bidirected)
  4. Wrong orientation: 1 --- 3 (DAG: directed_ij, PAG: bidirected)
  5. Extra: 1 --- 5 (PAG: bidirected)
  6. Extra: 2 --- 3 (PAG: partial_ij)
  7. Extra: 2 --- 4 (PAG: partial_ij)
  8. Missing: 2 --- 5 (DAG: directed_ij)
  9. Wrong orientation: 3 --- 4 (DAG: directed_ij, PAG: bidirected)
  10. Extra: 3 --- 5 (PAG: directed_ij)
  11. Missing: 4 --- 5 (DAG: directed_ij)
Saved edge comparison details to outputs/experiments/electrical_circuit_tabular_mlp_no_align/2/edge_comparison.txt
Found 1 differences:
  1. Missing: 2 --- 5 (DAG: directed_ij)
Found 2 partial orientation differences:
  1. Partial orientation: 0 --- 3 (DAG: directed_ij, PAG: partial_ij)
  2. Partial orientation: 1 --- 3 (DAG: directed_ij, PAG: partial_ij)
Saved baseline edge comparison details to outputs/experiments/electrical_circuit_tabular_mlp_no_align/2/edge_comparison_baseline.txt
Found 8 differences:
  1. Extra: 0 --- 4 (PAG: directed_ij)
  2. Extra: 0 --- 5 (PAG: bidirected)
  3. Extra: 1 --- 5 (PAG: bidirected)
  4. Extra: 2 --- 3 (PAG: partial_ij)
  5. Extra: 2 --- 4 (PAG: partial_ij)
  6. Wrong orientation: 3 --- 4 (Reference PAG: directed_ij, PAG: bidirected)
  7. Extra: 3 --- 5 (PAG: directed_ij)
  8. Missing: 4 --- 5 (Reference PAG: directed_ij)
Found 2 partial orientation differences:
  1. Partial orientation: 0 --- 3 (Reference PAG: partial_ij, PAG: bidirected)
  2. Partial orientation: 1 --- 3 (Reference PAG: partial_ij, PAG: bidirected)
Saved PAG-vs-PAG edge comparison details to outputs/experiments/electrical_circuit_tabular_mlp_no_align/2/edge_comparison_pag_vs_pag.txt
Saved figure to outputs/experiments/electrical_circuit_tabular_mlp_no_align/2/pag_vs_dag.png
Saved baseline figure to outputs/experiments/electrical_circuit_tabular_mlp_no_align/2/baseline_pag_vs_dag.png
Saved combined DAG comparison to outputs/experiments/electrical_circuit_tabular_mlp_no_align/2/pags_vs_dag.png
Saved PAG-vs-PAG figure to outputs/experiments/electrical_circuit_tabular_mlp_no_align/2/pag_vs_pag.png
Saved adjacency matrix to outputs/experiments/electrical_circuit_tabular_mlp_no_align/2/learned_graph_adj.npy
Saved baseline adjacency matrix to outputs/experiments/electrical_circuit_tabular_mlp_no_align/2/baseline_graph_adj.npy
