=== [Causal Discovery] Fold 5 (5/5) ===
Step: load extraction data
Loading extraction data from: outputs/experiments/linear_sem_deep_mlp_no_align/5/extraction_results.csv
Step: prepare ground-truth data
Running sample_150__baseline_150
Saved metadata to outputs/experiments/linear_sem_deep_mlp_no_align/5/metadata.json
Test:  CI( 0 , 1 | () ) = 8.881784197001252e-16
Test:  CI( 0 , 2 | () ) = 0.9109239656225638
Test:  CI( 1 , 2 | () ) = 0.4448272324094662
Test:  CI( 0 , 3 | () ) = 0.9965711670801665
Test:  CI( 1 , 3 | () ) = 0.6020774472857275
Test:  CI( 2 , 3 | () ) = 0.0
Test:  CI( 0 , 4 | () ) = 0.0
Test:  CI( 1 , 4 | () ) = 0.0
Test:  CI( 2 , 4 | () ) = 0.5987445342507121
Test:  CI( 3 , 4 | () ) = 0.12329038799841285
Test:  CI( 0 , 5 | () ) = 7.222606548862309e-05
Test:  CI( 1 , 5 | () ) = 2.466434834147435e-09
Test:  CI( 2 , 5 | () ) = 1.1600878035977757e-09
Test:  CI( 3 , 5 | () ) = 2.4868995751603507e-14
Test:  CI( 4 , 5 | () ) = 0.00011524923228978246
Test:  CI( 0 , 4 | (1,) ) = 0.0
Test:  CI( 1 , 4 | (0,) ) = 0.0
Test:  CI( 0 , 5 | (1,) ) = 0.0
Test:  CI( 0 , 5 | (2,) ) = 8.87008407546297e-06
Test:  CI( 0 , 5 | (3,) ) = 1.2957797201895715e-06
Test:  CI( 0 , 5 | (4,) ) = 0.0
Test:  CI( 1 , 5 | (0,) ) = 0.0
Test:  CI( 1 , 5 | (2,) ) = 9.814371537686384e-14
Test:  CI( 1 , 5 | (3,) ) = 3.1510349884911193e-12
Test:  CI( 1 , 5 | (4,) ) = 3.197524467424273e-10
Test:  CI( 2 , 5 | (0,) ) = 1.4720935581635786e-10
Test:  CI( 2 , 5 | (1,) ) = 4.529709940470639e-14
Test:  CI( 2 , 5 | (3,) ) = 2.407936983361836e-06
Test:  CI( 2 , 5 | (4,) ) = 4.947233733787471e-10
Test:  CI( 3 , 5 | (0,) ) = 4.440892098500626e-16
Test:  CI( 3 , 5 | (1,) ) = 0.0
Test:  CI( 3 , 5 | (2,) ) = 6.909606220517617e-11
Test:  CI( 3 , 5 | (4,) ) = 8.903988657493755e-14
Test:  CI( 4 , 5 | (0,) ) = 0.0
Test:  CI( 4 , 5 | (1,) ) = 1.4402218433628988e-05
Test:  CI( 4 , 5 | (2,) ) = 4.625991581597155e-05
Test:  CI( 4 , 5 | (3,) ) = 0.00034086143686251624
Test:  CI( 0 , 5 | (1, 2) ) = 0.0
Test:  CI( 0 , 5 | (1, 3) ) = 0.0
Test:  CI( 0 , 5 | (1, 4) ) = 0.0
Test:  CI( 0 , 5 | (2, 3) ) = 4.858855651157512e-08
Test:  CI( 0 , 5 | (2, 4) ) = 0.0
Test:  CI( 0 , 5 | (3, 4) ) = 0.0
Test:  CI( 1 , 5 | (0, 2) ) = 0.0
Test:  CI( 1 , 5 | (0, 3) ) = 0.0
Test:  CI( 1 , 5 | (0, 4) ) = 1.8524020467980407e-05
Test:  CI( 1 , 5 | (2, 3) ) = 2.6675782249796498e-08
Test:  CI( 1 , 5 | (2, 4) ) = 0.0
Test:  CI( 1 , 5 | (3, 4) ) = 0.0
Test:  CI( 2 , 5 | (0, 1) ) = 0.0
Test:  CI( 2 , 5 | (0, 3) ) = 9.022690639071129e-08
Test:  CI( 2 , 5 | (0, 4) ) = 0.0
Test:  CI( 2 , 5 | (1, 3) ) = 0.01716121615736599
Test:  CI( 3 , 5 | (0, 1) ) = 0.0
Test:  CI( 3 , 5 | (0, 2) ) = 3.490541189421492e-13
Test:  CI( 3 , 5 | (0, 4) ) = 0.0
Test:  CI( 3 , 5 | (1, 2) ) = 1.4713018076317752e-05
Test:  CI( 3 , 5 | (1, 4) ) = 0.0
Test:  CI( 3 , 5 | (2, 4) ) = 3.182001107049359e-08
Test:  CI( 4 , 5 | (0, 1) ) = 5.819917486382664e-05
Test:  CI( 4 , 5 | (0, 2) ) = 0.0
Test:  CI( 4 , 5 | (0, 3) ) = 0.0
Test:  CI( 4 , 5 | (1, 2) ) = 0.0
Test:  CI( 4 , 5 | (1, 3) ) = 0.0
Test:  CI( 4 , 5 | (2, 3) ) = 0.01968849258281291
Saved adjacency matrix to outputs/experiments/linear_sem_deep_mlp_no_align/5/learned_graph_adj.npy
Test:  CI( 0 , 1 | () ) = 2.220446049250313e-16
Test:  CI( 0 , 2 | () ) = 0.9979561505633732
Test:  CI( 1 , 2 | () ) = 0.9277345323830997
Test:  CI( 0 , 3 | () ) = 0.0
Test:  CI( 1 , 3 | () ) = 1.554312234475219e-14
Test:  CI( 2 , 3 | () ) = 0.771103973793879
Test:  CI( 0 , 4 | () ) = 0.10398807134598598
Test:  CI( 1 , 4 | () ) = 0.9268212698635716
Test:  CI( 2 , 4 | () ) = 1.5543122344752192e-15
Test:  CI( 3 , 4 | () ) = 0.304183555407894
Test:  CI( 0 , 5 | () ) = 0.0
Test:  CI( 1 , 5 | () ) = 0.0
Test:  CI( 2 , 5 | () ) = 0.924675567076775
Test:  CI( 3 , 5 | () ) = 0.0
Test:  CI( 4 , 5 | () ) = 0.37800954152860333
Test:  CI( 0 , 3 | (1,) ) = 0.0
Test:  CI( 1 , 3 | (0,) ) = 0.3018470038552761
Test:  CI( 0 , 5 | (1,) ) = 0.0
Test:  CI( 0 , 5 | (3,) ) = 0.02165809665839591
Test:  CI( 1 , 5 | (3,) ) = 0.0
Test:  CI( 3 , 5 | (1,) ) = 0.0
Saved metrics to outputs/experiments/linear_sem_deep_mlp_no_align/5/performance_metrics.json
Saved baseline metrics to outputs/experiments/linear_sem_deep_mlp_no_align/5/baseline_performance_metrics.json
Saved PAG-vs-PAG metrics to outputs/experiments/linear_sem_deep_mlp_no_align/5/pag_vs_pag_metrics.json
Found 8 differences:
  1. Missing: 0 --- 3 (DAG: directed_ij)
  2. Wrong orientation: 0 --- 4 (DAG: directed_ij, PAG: bidirected)
  3. Extra: 0 --- 5 (PAG: bidirected)
  4. Extra: 1 --- 4 (PAG: bidirected)
  5. Wrong orientation: 1 --- 5 (DAG: directed_ij, PAG: bidirected)
  6. Extra: 2 --- 3 (PAG: partial_ij)
  7. Missing: 2 --- 4 (DAG: directed_ij)
  8. Missing: 3 --- 4 (DAG: directed_ij)
Found 1 partial orientation differences:
  1. Partial orientation: 0 --- 1 (DAG: directed_ij, PAG: partial_ij)
Saved edge comparison details to outputs/experiments/linear_sem_deep_mlp_no_align/5/edge_comparison.txt
Found 3 differences:
  1. Missing: 0 --- 4 (DAG: directed_ij)
  2. Wrong orientation: 1 --- 5 (DAG: directed_ij, PAG: bidirected)
  3. Missing: 3 --- 4 (DAG: directed_ij)
Found 3 partial orientation differences:
  1. Partial orientation: 0 --- 1 (DAG: directed_ij, PAG: partial_ij)
  2. Partial orientation: 0 --- 3 (DAG: directed_ij, PAG: partial_ij)
  3. Partial orientation: 2 --- 4 (DAG: directed_ij, PAG: partial_ij)
Saved baseline edge comparison details to outputs/experiments/linear_sem_deep_mlp_no_align/5/edge_comparison_baseline.txt
Found 6 differences:
  1. Missing: 0 --- 3 (Reference PAG: partial_ij)
  2. Extra: 0 --- 4 (PAG: bidirected)
  3. Extra: 0 --- 5 (PAG: bidirected)
  4. Extra: 1 --- 4 (PAG: bidirected)
  5. Extra: 2 --- 3 (PAG: partial_ij)
  6. Missing: 2 --- 4 (Reference PAG: partial_ij)
Saved PAG-vs-PAG edge comparison details to outputs/experiments/linear_sem_deep_mlp_no_align/5/edge_comparison_pag_vs_pag.txt
Saved figure to outputs/experiments/linear_sem_deep_mlp_no_align/5/pag_vs_dag.png
Saved baseline figure to outputs/experiments/linear_sem_deep_mlp_no_align/5/baseline_pag_vs_dag.png
Saved combined DAG comparison to outputs/experiments/linear_sem_deep_mlp_no_align/5/pags_vs_dag.png
Saved PAG-vs-PAG figure to outputs/experiments/linear_sem_deep_mlp_no_align/5/pag_vs_pag.png
Saved adjacency matrix to outputs/experiments/linear_sem_deep_mlp_no_align/5/learned_graph_adj.npy
Saved baseline adjacency matrix to outputs/experiments/linear_sem_deep_mlp_no_align/5/baseline_graph_adj.npy
