=== [Train] Fold 1 (1/5) ===
Step: set random seed (2)
Step: build datasets
Key: (176, 6, 3, 3, 2, 10, 10000, 0.5, 2.0, 0.8, 0.1, 0.1, 1000, 1) - Generating new DAG and data...
Seed: 176, Fold: 1
Step: initialize model
Step: training setup (model=BottleneckMLP, profile=deep, control_mode=epochs, epochs=60, target_updates=None)
Step: training
TrnLoss=0.932 ValLoss=0.788 ValR2=0.181
TrnLoss=0.670 ValLoss=0.463 ValR2=0.518
TrnLoss=0.414 ValLoss=0.357 ValR2=0.629
TrnLoss=0.359 ValLoss=0.331 ValR2=0.655
TrnLoss=0.350 ValLoss=0.328 ValR2=0.659
TrnLoss=0.346 ValLoss=0.324 ValR2=0.663
TrnLoss=0.342 ValLoss=0.322 ValR2=0.665
TrnLoss=0.340 ValLoss=0.321 ValR2=0.666
TrnLoss=0.338 ValLoss=0.321 ValR2=0.666
TrnLoss=0.339 ValLoss=0.322 ValR2=0.665
TrnLoss=0.338 ValLoss=0.321 ValR2=0.666
TrnLoss=0.338 ValLoss=0.321 ValR2=0.666
TrnLoss=0.338 ValLoss=0.321 ValR2=0.666
TrnLoss=0.338 ValLoss=0.320 ValR2=0.667
TrnLoss=0.338 ValLoss=0.321 ValR2=0.666
TrnLoss=0.337 ValLoss=0.321 ValR2=0.666
TrnLoss=0.337 ValLoss=0.321 ValR2=0.666
TrnLoss=0.339 ValLoss=0.321 ValR2=0.666
TrnLoss=0.338 ValLoss=0.321 ValR2=0.666
TrnLoss=0.338 ValLoss=0.321 ValR2=0.667
TrnLoss=0.337 ValLoss=0.322 ValR2=0.665
TrnLoss=0.338 ValLoss=0.321 ValR2=0.666
Early stopping at epoch 22: no validation improvement for 8 epochs (best epoch=14, best val loss=0.320)
 35%|####5        | 21/60 [00:21<00:39,  1.02s/ep]
Step: evaluate test split
