=== [Causal Discovery] Fold 5 (5/5) ===
Step: load extraction data
Loading extraction data from: outputs/experiments/linear_sem_tabular_mlp_align/5/alignment_results.csv
Step: prepare ground-truth data
Running sample_150__baseline_150
Saved metadata to outputs/experiments/linear_sem_tabular_mlp_align/5/metadata.json
Test:  CI( 0 , 1 | () ) = 4.440892098500626e-16
Test:  CI( 0 , 2 | () ) = 0.8453411339083399
Test:  CI( 1 , 2 | () ) = 0.4280966274786988
Test:  CI( 0 , 3 | () ) = 4.821604870919316e-08
Test:  CI( 1 , 3 | () ) = 1.5968517424802542e-05
Test:  CI( 2 , 3 | () ) = 0.0011750109108108475
Test:  CI( 0 , 4 | () ) = 0.015077425799560285
Test:  CI( 1 , 4 | () ) = 0.05798475382832957
Test:  CI( 2 , 4 | () ) = 0.015105738772967614
Test:  CI( 3 , 4 | () ) = 0.2907402324924102
Test:  CI( 0 , 5 | () ) = 2.220446049250313e-15
Test:  CI( 1 , 5 | () ) = 5.56991494038428e-07
Test:  CI( 2 , 5 | () ) = 0.8667075753608688
Test:  CI( 3 , 5 | () ) = 0.4096241968949135
Test:  CI( 4 , 5 | () ) = 1.885744893570518e-10
Test:  CI( 0 , 3 | (1,) ) = 0.00028554751955001123
Test:  CI( 0 , 3 | (2,) ) = 2.138822918773542e-08
Test:  CI( 1 , 3 | (0,) ) = 0.11721021876910154
Test:  CI( 2 , 3 | (0,) ) = 0.00048674402581916354
Test:  CI( 0 , 5 | (1,) ) = 1.4290324479304672e-09
Test:  CI( 0 , 5 | (4,) ) = 0.0
Test:  CI( 1 , 5 | (0,) ) = 0.31430942311467724
Test:  CI( 4 , 5 | (0,) ) = 0.0
Saved adjacency matrix to outputs/experiments/linear_sem_tabular_mlp_align/5/learned_graph_adj.npy
Test:  CI( 0 , 1 | () ) = 2.220446049250313e-16
Test:  CI( 0 , 2 | () ) = 0.9979561505633732
Test:  CI( 1 , 2 | () ) = 0.9277345323830997
Test:  CI( 0 , 3 | () ) = 0.0
Test:  CI( 1 , 3 | () ) = 1.554312234475219e-14
Test:  CI( 2 , 3 | () ) = 0.771103973793879
Test:  CI( 0 , 4 | () ) = 0.10398807134598598
Test:  CI( 1 , 4 | () ) = 0.9268212698635716
Test:  CI( 2 , 4 | () ) = 1.5543122344752192e-15
Test:  CI( 3 , 4 | () ) = 0.304183555407894
Test:  CI( 0 , 5 | () ) = 0.0
Test:  CI( 1 , 5 | () ) = 0.0
Test:  CI( 2 , 5 | () ) = 0.924675567076775
Test:  CI( 3 , 5 | () ) = 0.0
Test:  CI( 4 , 5 | () ) = 0.37800954152860333
Test:  CI( 0 , 3 | (1,) ) = 0.0
Test:  CI( 1 , 3 | (0,) ) = 0.3018470038552761
Test:  CI( 0 , 5 | (1,) ) = 0.0
Test:  CI( 0 , 5 | (3,) ) = 0.02165809665839591
Test:  CI( 1 , 5 | (3,) ) = 0.0
Test:  CI( 3 , 5 | (1,) ) = 0.0
Saved metrics to outputs/experiments/linear_sem_tabular_mlp_align/5/performance_metrics.json
Saved baseline metrics to outputs/experiments/linear_sem_tabular_mlp_align/5/baseline_performance_metrics.json
Saved PAG-vs-PAG metrics to outputs/experiments/linear_sem_tabular_mlp_align/5/pag_vs_pag_metrics.json
Found 9 differences:
  1. Wrong orientation: 0 --- 3 (DAG: directed_ij, PAG: bidirected)
  2. Missing: 0 --- 4 (DAG: directed_ij)
  3. Extra: 0 --- 5 (PAG: bidirected)
  4. Missing: 1 --- 5 (DAG: directed_ij)
  5. Extra: 2 --- 3 (PAG: partial_ij)
  6. Missing: 2 --- 4 (DAG: directed_ij)
  7. Missing: 3 --- 4 (DAG: directed_ij)
  8. Missing: 3 --- 5 (DAG: directed_ij)
  9. Extra: 4 --- 5 (PAG: partial_ij)
Saved edge comparison details to outputs/experiments/linear_sem_tabular_mlp_align/5/edge_comparison.txt
Found 3 differences:
  1. Missing: 0 --- 4 (DAG: directed_ij)
  2. Wrong orientation: 1 --- 5 (DAG: directed_ij, PAG: bidirected)
  3. Missing: 3 --- 4 (DAG: directed_ij)
Found 3 partial orientation differences:
  1. Partial orientation: 0 --- 1 (DAG: directed_ij, PAG: partial_ij)
  2. Partial orientation: 0 --- 3 (DAG: directed_ij, PAG: partial_ij)
  3. Partial orientation: 2 --- 4 (DAG: directed_ij, PAG: partial_ij)
Saved baseline edge comparison details to outputs/experiments/linear_sem_tabular_mlp_align/5/edge_comparison_baseline.txt
Found 6 differences:
  1. Extra: 0 --- 5 (PAG: bidirected)
  2. Missing: 1 --- 5 (Reference PAG: bidirected)
  3. Extra: 2 --- 3 (PAG: partial_ij)
  4. Missing: 2 --- 4 (Reference PAG: partial_ij)
  5. Missing: 3 --- 5 (Reference PAG: directed_ij)
  6. Extra: 4 --- 5 (PAG: partial_ij)
Found 2 partial orientation differences:
  1. Partial orientation: 0 --- 1 (Reference PAG: partial_ij, PAG: directed_ij)
  2. Partial orientation: 0 --- 3 (Reference PAG: partial_ij, PAG: bidirected)
Saved PAG-vs-PAG edge comparison details to outputs/experiments/linear_sem_tabular_mlp_align/5/edge_comparison_pag_vs_pag.txt
Saved figure to outputs/experiments/linear_sem_tabular_mlp_align/5/pag_vs_dag.png
Saved baseline figure to outputs/experiments/linear_sem_tabular_mlp_align/5/baseline_pag_vs_dag.png
Saved combined DAG comparison to outputs/experiments/linear_sem_tabular_mlp_align/5/pags_vs_dag.png
Saved PAG-vs-PAG figure to outputs/experiments/linear_sem_tabular_mlp_align/5/pag_vs_pag.png
Saved adjacency matrix to outputs/experiments/linear_sem_tabular_mlp_align/5/learned_graph_adj.npy
Saved baseline adjacency matrix to outputs/experiments/linear_sem_tabular_mlp_align/5/baseline_graph_adj.npy
