=== [Train] Fold 4 (4/5) ===
Step: set random seed (5)
Step: build datasets
Step: initialize model
Step: training setup (model=ShallowMLP, profile=shallow, control_mode=epochs, epochs=40, target_updates=None)
Step: training
TrnLoss=0.931 ValLoss=0.815 ValR2=0.154
TrnLoss=0.739 ValLoss=0.618 ValR2=0.359
TrnLoss=0.550 ValLoss=0.474 ValR2=0.508
TrnLoss=0.434 ValLoss=0.397 ValR2=0.587
TrnLoss=0.380 ValLoss=0.368 ValR2=0.617
TrnLoss=0.353 ValLoss=0.352 ValR2=0.635
TrnLoss=0.340 ValLoss=0.341 ValR2=0.646
TrnLoss=0.329 ValLoss=0.332 ValR2=0.655
TrnLoss=0.321 ValLoss=0.325 ValR2=0.662
TrnLoss=0.314 ValLoss=0.319 ValR2=0.669
TrnLoss=0.307 ValLoss=0.314 ValR2=0.674
TrnLoss=0.302 ValLoss=0.309 ValR2=0.679
TrnLoss=0.296 ValLoss=0.304 ValR2=0.684
TrnLoss=0.291 ValLoss=0.300 ValR2=0.688
TrnLoss=0.286 ValLoss=0.298 ValR2=0.690
TrnLoss=0.283 ValLoss=0.295 ValR2=0.694
TrnLoss=0.279 ValLoss=0.293 ValR2=0.696
TrnLoss=0.278 ValLoss=0.292 ValR2=0.696
TrnLoss=0.276 ValLoss=0.291 ValR2=0.697
TrnLoss=0.276 ValLoss=0.292 ValR2=0.696
TrnLoss=0.275 ValLoss=0.291 ValR2=0.698
TrnLoss=0.274 ValLoss=0.290 ValR2=0.698
TrnLoss=0.274 ValLoss=0.290 ValR2=0.699
TrnLoss=0.273 ValLoss=0.290 ValR2=0.698
TrnLoss=0.272 ValLoss=0.290 ValR2=0.699
TrnLoss=0.271 ValLoss=0.289 ValR2=0.700
TrnLoss=0.271 ValLoss=0.290 ValR2=0.699
TrnLoss=0.271 ValLoss=0.289 ValR2=0.700
TrnLoss=0.270 ValLoss=0.288 ValR2=0.700
TrnLoss=0.270 ValLoss=0.290 ValR2=0.699
TrnLoss=0.270 ValLoss=0.288 ValR2=0.701
TrnLoss=0.269 ValLoss=0.288 ValR2=0.701
TrnLoss=0.269 ValLoss=0.288 ValR2=0.701
TrnLoss=0.269 ValLoss=0.288 ValR2=0.701
TrnLoss=0.269 ValLoss=0.287 ValR2=0.702
TrnLoss=0.269 ValLoss=0.287 ValR2=0.702
TrnLoss=0.269 ValLoss=0.288 ValR2=0.701
TrnLoss=0.269 ValLoss=0.286 ValR2=0.703
TrnLoss=0.269 ValLoss=0.287 ValR2=0.702
TrnLoss=0.268 ValLoss=0.286 ValR2=0.702
100%|#############| 40/40 [00:19<00:00,  2.01ep/s]
Step: evaluate test split
