=== [Causal Discovery] Fold 1 (1/5) ===
Step: load extraction data
Loading extraction data from: outputs/experiments/electrical_circuit_sample_450_shallow_mlp_align_observable_state/1/alignment_results.csv
Step: prepare ground-truth data
Running sample_450__baseline_450
Saved metadata to outputs/experiments/electrical_circuit_sample_450_shallow_mlp_align_observable_state/1/metadata.json
CI(0, 1 | ()) p=0.5287 -> indep=True
CI(0, 2 | ()) p=0.1956 -> indep=True
CI(1, 2 | ()) p=0.2119 -> indep=True
CI(0, 3 | ()) p=0 -> indep=False
CI(1, 3 | ()) p=0 -> indep=False
CI(2, 3 | ()) p=0.2444 -> indep=True
CI(0, 4 | ()) p=0 -> indep=False
CI(1, 4 | ()) p=0 -> indep=False
CI(2, 4 | ()) p=0.1512 -> indep=True
CI(3, 4 | ()) p=0 -> indep=False
CI(0, 5 | ()) p=0 -> indep=False
CI(1, 5 | ()) p=0 -> indep=False
CI(2, 5 | ()) p=8.882e-16 -> indep=False
CI(3, 5 | ()) p=0 -> indep=False
CI(4, 5 | ()) p=0 -> indep=False
CI(0, 3 | (1,)) p=0 -> indep=False
CI(1, 3 | (0,)) p=0 -> indep=False
CI(0, 4 | (1,)) p=0 -> indep=False
CI(0, 4 | (3,)) p=0.000442 -> indep=False
CI(1, 4 | (0,)) p=0 -> indep=False
CI(1, 4 | (3,)) p=4.525e-12 -> indep=False
CI(3, 4 | (0,)) p=0 -> indep=False
CI(3, 4 | (1,)) p=0 -> indep=False
CI(0, 5 | (1,)) p=0 -> indep=False
CI(0, 5 | (2,)) p=0 -> indep=False
CI(0, 5 | (3,)) p=0.3168 -> indep=True
CI(1, 5 | (2,)) p=0 -> indep=False
CI(1, 5 | (3,)) p=0.1432 -> indep=True
CI(2, 5 | (3,)) p=0 -> indep=False
CI(2, 5 | (4,)) p=0 -> indep=False
CI(3, 5 | (2,)) p=0 -> indep=False
CI(3, 5 | (4,)) p=5.852e-06 -> indep=False
CI(4, 5 | (2,)) p=0 -> indep=False
CI(4, 5 | (3,)) p=1.419e-11 -> indep=False
CI(0, 4 | (1, 3)) p=0.02993 -> indep=True
CI(1, 4 | (0, 3)) p=6.803e-08 -> indep=False
CI(3, 4 | (0, 1)) p=5.472e-13 -> indep=False
CI(4, 5 | (2, 3)) p=9.339e-06 -> indep=False
Saved adjacency matrix to outputs/experiments/electrical_circuit_sample_450_shallow_mlp_align_observable_state/1/learned_graph_adj.npy
CI(0, 1 | ()) p=0.04985 -> indep=True
CI(0, 2 | ()) p=0.5534 -> indep=True
CI(1, 2 | ()) p=0.7085 -> indep=True
CI(0, 3 | ()) p=0 -> indep=False
CI(1, 3 | ()) p=0 -> indep=False
CI(2, 3 | ()) p=0.249 -> indep=True
CI(0, 4 | ()) p=0 -> indep=False
CI(1, 4 | ()) p=0 -> indep=False
CI(2, 4 | ()) p=0.2518 -> indep=True
CI(3, 4 | ()) p=0 -> indep=False
CI(0, 5 | ()) p=0 -> indep=False
CI(1, 5 | ()) p=0 -> indep=False
CI(2, 5 | ()) p=1.589e-13 -> indep=False
CI(3, 5 | ()) p=0 -> indep=False
CI(4, 5 | ()) p=0 -> indep=False
CI(0, 3 | (1,)) p=0 -> indep=False
CI(1, 3 | (0,)) p=0 -> indep=False
CI(0, 4 | (1,)) p=0 -> indep=False
CI(0, 4 | (3,)) p=0.7464 -> indep=True
CI(1, 4 | (3,)) p=0.6763 -> indep=True
CI(0, 5 | (1,)) p=0 -> indep=False
CI(0, 5 | (2,)) p=0 -> indep=False
CI(0, 5 | (3,)) p=0.8379 -> indep=True
CI(1, 5 | (2,)) p=0 -> indep=False
CI(1, 5 | (3,)) p=0.8622 -> indep=True
CI(2, 5 | (3,)) p=0 -> indep=False
CI(2, 5 | (4,)) p=0 -> indep=False
CI(3, 5 | (2,)) p=0 -> indep=False
CI(3, 5 | (4,)) p=0.3025 -> indep=True
CI(4, 5 | (2,)) p=0 -> indep=False
Saved metrics to outputs/experiments/electrical_circuit_sample_450_shallow_mlp_align_observable_state/1/performance_metrics.json
Saved baseline metrics to outputs/experiments/electrical_circuit_sample_450_shallow_mlp_align_observable_state/1/baseline_performance_metrics.json
Saved PAG-vs-PAG metrics to outputs/experiments/electrical_circuit_sample_450_shallow_mlp_align_observable_state/1/pag_vs_pag_metrics.json
Found 3 differences:
  1. Extra: 1 --- 4 (PAG: directed_ij)
  2. Extra: 3 --- 5 (PAG: directed_ij)
  3. Wrong orientation: 4 --- 5 (DAG: directed_ij, PAG: bidirected)
Found 3 partial orientation differences:
  1. Partial orientation: 0 --- 3 (DAG: directed_ij, PAG: partial_ij)
  2. Partial orientation: 1 --- 3 (DAG: directed_ij, PAG: partial_ij)
  3. Partial orientation: 2 --- 5 (DAG: directed_ij, PAG: partial_ij)
Saved edge comparison details to outputs/experiments/electrical_circuit_sample_450_shallow_mlp_align_observable_state/1/edge_comparison.txt
No differences found - graphs match perfectly!
Found 3 partial orientation differences:
  1. Partial orientation: 0 --- 3 (DAG: directed_ij, PAG: partial_ij)
  2. Partial orientation: 1 --- 3 (DAG: directed_ij, PAG: partial_ij)
  3. Partial orientation: 2 --- 5 (DAG: directed_ij, PAG: partial_ij)
Saved baseline edge comparison details to outputs/experiments/electrical_circuit_sample_450_shallow_mlp_align_observable_state/1/edge_comparison_baseline.txt
Found 3 differences:
  1. Extra: 1 --- 4 (PAG: directed_ij)
  2. Extra: 3 --- 5 (PAG: directed_ij)
  3. Wrong orientation: 4 --- 5 (Reference PAG: directed_ij, PAG: bidirected)
Saved PAG-vs-PAG edge comparison details to outputs/experiments/electrical_circuit_sample_450_shallow_mlp_align_observable_state/1/edge_comparison_pag_vs_pag.txt
Saved figure to outputs/experiments/electrical_circuit_sample_450_shallow_mlp_align_observable_state/1/pag_vs_dag.png
Saved baseline figure to outputs/experiments/electrical_circuit_sample_450_shallow_mlp_align_observable_state/1/baseline_pag_vs_dag.png
Saved combined DAG comparison to outputs/experiments/electrical_circuit_sample_450_shallow_mlp_align_observable_state/1/pags_vs_dag.png
Saved PAG-vs-PAG figure to outputs/experiments/electrical_circuit_sample_450_shallow_mlp_align_observable_state/1/pag_vs_pag.png
Saved adjacency matrix to outputs/experiments/electrical_circuit_sample_450_shallow_mlp_align_observable_state/1/learned_graph_adj.npy
Saved baseline adjacency matrix to outputs/experiments/electrical_circuit_sample_450_shallow_mlp_align_observable_state/1/baseline_graph_adj.npy
