=== [Causal Discovery] Fold 1 (1/5) ===
Step: load extraction data
Loading extraction data from: outputs/experiments/layered_sparse_linear_sem_nodes_14_tabular_mlp_align/1/alignment_results.csv
Step: prepare ground-truth data
Running sample_150__baseline_150
Saved metadata to outputs/experiments/layered_sparse_linear_sem_nodes_14_tabular_mlp_align/1/metadata.json
Test:  CI( 0 , 1 | () ) = 0.5082035960380895
Test:  CI( 0 , 2 | () ) = 0.04820606300724117
Test:  CI( 1 , 2 | () ) = 0.7694054698268487
Test:  CI( 0 , 3 | () ) = 0.8761455671236209
Test:  CI( 1 , 3 | () ) = 0.5813006505791183
Test:  CI( 2 , 3 | () ) = 0.5867900584083339
Test:  CI( 0 , 4 | () ) = 0.7265153362697312
Test:  CI( 1 , 4 | () ) = 0.18647323494322632
Test:  CI( 2 , 4 | () ) = 0.04764304141745823
Test:  CI( 3 , 4 | () ) = 0.09344434171068627
Test:  CI( 0 , 5 | () ) = 0.12499124127969541
Test:  CI( 1 , 5 | () ) = 0.59856932212271
Test:  CI( 2 , 5 | () ) = 0.9963539748188526
Test:  CI( 3 , 5 | () ) = 0.06592900744800567
Test:  CI( 4 , 5 | () ) = 0.977116575221523
Test:  CI( 0 , 6 | () ) = 0.0
Test:  CI( 1 , 6 | () ) = 3.64175227751673e-08
Test:  CI( 2 , 6 | () ) = 0.02247497998015091
Test:  CI( 3 , 6 | () ) = 0.6013696871389302
Test:  CI( 4 , 6 | () ) = 0.3060093662885377
Test:  CI( 5 , 6 | () ) = 0.08847064762978296
Test:  CI( 0 , 7 | () ) = 8.881784197001252e-16
Test:  CI( 1 , 7 | () ) = 0.0
Test:  CI( 2 , 7 | () ) = 0.059811578546646205
Test:  CI( 3 , 7 | () ) = 0.7555908990107649
Test:  CI( 4 , 7 | () ) = 0.2806287883869243
Test:  CI( 5 , 7 | () ) = 0.341751075848856
Test:  CI( 6 , 7 | () ) = 0.0
Test:  CI( 0 , 8 | () ) = 7.804492607732527e-10
Test:  CI( 1 , 8 | () ) = 0.0
Test:  CI( 2 , 8 | () ) = 0.6728702324724329
Test:  CI( 3 , 8 | () ) = 2.462459553465024e-05
Test:  CI( 4 , 8 | () ) = 0.15320812712465726
Test:  CI( 5 , 8 | () ) = 0.30273216643359024
Test:  CI( 6 , 8 | () ) = 0.0
Test:  CI( 7 , 8 | () ) = 0.0
Test:  CI( 0 , 9 | () ) = 1.380708214426818e-09
Test:  CI( 1 , 9 | () ) = 0.0
Test:  CI( 2 , 9 | () ) = 0.5840204441621322
Test:  CI( 3 , 9 | () ) = 0.6619421010284154
Test:  CI( 4 , 9 | () ) = 0.3610470025154733
Test:  CI( 5 , 9 | () ) = 0.7524694891209518
Test:  CI( 6 , 9 | () ) = 0.0
Test:  CI( 7 , 9 | () ) = 0.0
Test:  CI( 8 , 9 | () ) = 0.0
Test:  CI( 0 , 10 | () ) = 3.656743685631625e-08
Test:  CI( 1 , 10 | () ) = 0.0
Test:  CI( 2 , 10 | () ) = 0.962005961968962
Test:  CI( 3 , 10 | () ) = 0.8129636439869352
Test:  CI( 4 , 10 | () ) = 0.003953343065210557
Test:  CI( 5 , 10 | () ) = 0.060069399931097944
Test:  CI( 6 , 10 | () ) = 0.0
Test:  CI( 7 , 10 | () ) = 0.0
Test:  CI( 8 , 10 | () ) = 0.0
Test:  CI( 9 , 10 | () ) = 0.0
Test:  CI( 0 , 11 | () ) = 0.0
Test:  CI( 1 , 11 | () ) = 0.0005549692216291202
Test:  CI( 2 , 11 | () ) = 0.03644046739301232
Test:  CI( 3 , 11 | () ) = 0.5442041167756972
Test:  CI( 4 , 11 | () ) = 0.49157159692927843
Test:  CI( 5 , 11 | () ) = 0.14923236566064424
Test:  CI( 6 , 11 | () ) = 0.0
Test:  CI( 7 , 11 | () ) = 0.0
Test:  CI( 8 , 11 | () ) = 0.0
Test:  CI( 9 , 11 | () ) = 0.0
Test:  CI( 10 , 11 | () ) = 0.0
Test:  CI( 0 , 12 | () ) = 2.264536158591568e-08
Test:  CI( 1 , 12 | () ) = 2.6645352591003757e-15
Test:  CI( 2 , 12 | () ) = 0.9627207447518031
Test:  CI( 3 , 12 | () ) = 5.9607874192124655e-12
Test:  CI( 4 , 12 | () ) = 0.07692788647552895
Test:  CI( 5 , 12 | () ) = 0.3827270978483803
Test:  CI( 6 , 12 | () ) = 0.0
Test:  CI( 7 , 12 | () ) = 0.0
Test:  CI( 8 , 12 | () ) = 0.0
Test:  CI( 9 , 12 | () ) = 0.0
Test:  CI( 10 , 12 | () ) = 0.0
Test:  CI( 11 , 12 | () ) = 0.0
Test:  CI( 0 , 13 | () ) = 6.349197168020737e-09
Test:  CI( 1 , 13 | () ) = 0.0
Test:  CI( 2 , 13 | () ) = 0.5620004321413534
Test:  CI( 3 , 13 | () ) = 0.44236152739595935
Test:  CI( 4 , 13 | () ) = 0.004049150548783853
Test:  CI( 5 , 13 | () ) = 0.09374434117375641
Test:  CI( 6 , 13 | () ) = 0.0
Test:  CI( 7 , 13 | () ) = 0.0
Test:  CI( 8 , 13 | () ) = 0.0
Test:  CI( 9 , 13 | () ) = 0.0
Test:  CI( 10 , 13 | () ) = 0.0
Test:  CI( 11 , 13 | () ) = 0.0
Test:  CI( 12 , 13 | () ) = 0.0
Test:  CI( 0 , 6 | (1,) ) = 0.0
Test:  CI( 1 , 6 | (0,) ) = 2.220446049250313e-16
Test:  CI( 0 , 7 | (1,) ) = 0.0
Test:  CI( 0 , 7 | (6,) ) = 0.0024186771461962575
Test:  CI( 1 , 7 | (0,) ) = 0.0
Test:  CI( 1 , 7 | (6,) ) = 0.0
Test:  CI( 6 , 7 | (0,) ) = 0.0
Test:  CI( 6 , 7 | (1,) ) = 0.0
Test:  CI( 0 , 8 | (1,) ) = 3.042011087472929e-14
Test:  CI( 0 , 8 | (3,) ) = 7.72937269744034e-11
Test:  CI( 0 , 8 | (6,) ) = 0.002784543518338678
Test:  CI( 0 , 8 | (7,) ) = 0.25544044703170954
Test:  CI( 1 , 8 | (3,) ) = 0.0
Test:  CI( 1 , 8 | (6,) ) = 6.807221453186685e-12
Test:  CI( 1 , 8 | (7,) ) = 0.07580940065164476
Test:  CI( 3 , 8 | (6,) ) = 2.433991452832629e-09
Test:  CI( 3 , 8 | (7,) ) = 0.0
Test:  CI( 6 , 8 | (3,) ) = 0.0
Test:  CI( 6 , 8 | (7,) ) = 0.8531353554398899
Test:  CI( 7 , 8 | (3,) ) = 0.0
Test:  CI( 0 , 9 | (8,) ) = 0.3177425786432322
Test:  CI( 1 , 9 | (8,) ) = 7.840062000274983e-05
Test:  CI( 1 , 9 | (6,) ) = 2.220446049250313e-16
Test:  CI( 1 , 9 | (7,) ) = 0.003139904635861779
Test:  CI( 6 , 9 | (8,) ) = 0.0019506324921376716
Test:  CI( 6 , 9 | (1,) ) = 0.0
Test:  CI( 6 , 9 | (7,) ) = 0.10282812743112091
Test:  CI( 7 , 9 | (8,) ) = 1.6342482922482304e-13
Test:  CI( 7 , 9 | (1,) ) = 0.0
Test:  CI( 8 , 9 | (1,) ) = 0.0
Test:  CI( 8 , 9 | (7,) ) = 0.0
Test:  CI( 0 , 10 | (1,) ) = 3.263833647793035e-11
Test:  CI( 0 , 10 | (4,) ) = 2.5949699056226905e-08
Test:  CI( 0 , 10 | (6,) ) = 0.0034292629692855847
Test:  CI( 0 , 10 | (7,) ) = 0.05048159497061944
Test:  CI( 1 , 10 | (4,) ) = 0.0
Test:  CI( 1 , 10 | (6,) ) = 3.6520342305834674e-11
Test:  CI( 1 , 10 | (7,) ) = 0.06294444134362132
Test:  CI( 4 , 10 | (8,) ) = 0.0007876486216209511
Test:  CI( 4 , 10 | (9,) ) = 3.6955549731487736e-11
Test:  CI( 4 , 10 | (6,) ) = 0.002473691104183162
Test:  CI( 4 , 10 | (7,) ) = 0.00017556002992602515
Test:  CI( 6 , 10 | (8,) ) = 0.0786655511614045
Test:  CI( 7 , 10 | (8,) ) = 1.7894119479500148e-06
Test:  CI( 7 , 10 | (9,) ) = 0.489572467287843
Test:  CI( 8 , 10 | (9,) ) = 0.5768920095976839
Test:  CI( 9 , 10 | (4,) ) = 0.0
Test:  CI( 0 , 11 | (1,) ) = 0.0
Test:  CI( 0 , 11 | (6,) ) = 3.67414758617457e-08
Test:  CI( 0 , 11 | (7,) ) = 0.0
Test:  CI( 0 , 11 | (8,) ) = 0.0
Test:  CI( 0 , 11 | (9,) ) = 0.0
Test:  CI( 0 , 11 | (10,) ) = 0.0
Test:  CI( 1 , 11 | (0,) ) = 3.3772142460364307e-07
Test:  CI( 1 , 11 | (6,) ) = 2.451542862935696e-06
Test:  CI( 1 , 11 | (7,) ) = 1.1406948718928334e-09
Test:  CI( 1 , 11 | (8,) ) = 0.005051142923045315
Test:  CI( 1 , 11 | (9,) ) = 0.0004550915597958394
Test:  CI( 1 , 11 | (10,) ) = 0.05197205165412
Test:  CI( 6 , 11 | (0,) ) = 0.0
Test:  CI( 6 , 11 | (7,) ) = 0.0
Test:  CI( 6 , 11 | (8,) ) = 0.0
Test:  CI( 6 , 11 | (9,) ) = 0.0
Test:  CI( 6 , 11 | (10,) ) = 0.0
Test:  CI( 7 , 11 | (0,) ) = 0.0
Test:  CI( 7 , 11 | (6,) ) = 0.0017275230533682073
Test:  CI( 7 , 11 | (8,) ) = 3.5644820428615276e-12
Test:  CI( 7 , 11 | (9,) ) = 7.238654120556021e-14
Test:  CI( 7 , 11 | (10,) ) = 2.220446049250313e-16
Test:  CI( 8 , 11 | (0,) ) = 4.89164264649844e-13
Test:  CI( 8 , 11 | (6,) ) = 0.0231794330064361
Test:  CI( 9 , 11 | (0,) ) = 1.432187701766452e-12
Test:  CI( 9 , 11 | (10,) ) = 0.00039785094216582273
Test:  CI( 9 , 11 | (6,) ) = 0.0013698715995609234
Test:  CI( 9 , 11 | (7,) ) = 0.040386319395736114
Test:  CI( 10 , 11 | (0,) ) = 5.097144928356556e-11
Test:  CI( 10 , 11 | (6,) ) = 0.021414998129532403
Test:  CI( 0 , 12 | (1,) ) = 1.1041123570976197e-10
Test:  CI( 0 , 12 | (3,) ) = 5.7267968145424675e-11
Test:  CI( 0 , 12 | (6,) ) = 0.022030927884062246
Test:  CI( 1 , 12 | (3,) ) = 0.0
Test:  CI( 1 , 12 | (6,) ) = 3.49292832435566e-08
Test:  CI( 1 , 12 | (7,) ) = 0.12075836870703283
Test:  CI( 3 , 12 | (6,) ) = 0.0
Test:  CI( 3 , 12 | (7,) ) = 0.0
Test:  CI( 3 , 12 | (8,) ) = 0.0
Test:  CI( 3 , 12 | (9,) ) = 0.0
Test:  CI( 3 , 12 | (10,) ) = 0.0
Test:  CI( 3 , 12 | (11,) ) = 0.0
Test:  CI( 6 , 12 | (3,) ) = 0.0
Test:  CI( 6 , 12 | (7,) ) = 0.7881893510887612
Test:  CI( 7 , 12 | (3,) ) = 0.0
Test:  CI( 7 , 12 | (8,) ) = 7.56248900612988e-07
Test:  CI( 7 , 12 | (9,) ) = 0.4037815058046146
Test:  CI( 8 , 12 | (11,) ) = 0.0
Test:  CI( 8 , 12 | (9,) ) = 0.0
Test:  CI( 8 , 12 | (10,) ) = 0.0
Test:  CI( 8 , 12 | (3,) ) = 0.0
Test:  CI( 9 , 12 | (8,) ) = 1.6455059537179295e-10
Test:  CI( 9 , 12 | (11,) ) = 0.0
Test:  CI( 9 , 12 | (10,) ) = 9.592613370301706e-10
Test:  CI( 9 , 12 | (3,) ) = 0.0
Test:  CI( 10 , 12 | (8,) ) = 2.2797843913568983e-05
Test:  CI( 10 , 12 | (9,) ) = 0.7813405813100567
Test:  CI( 11 , 12 | (8,) ) = 0.04998533486923429
Test:  CI( 0 , 13 | (1,) ) = 5.738520769682509e-12
Test:  CI( 0 , 13 | (4,) ) = 4.199046221842195e-09
Test:  CI( 0 , 13 | (6,) ) = 0.0016208947432438947
Test:  CI( 0 , 13 | (7,) ) = 0.23070214979054038
Test:  CI( 1 , 13 | (4,) ) = 2.220446049250313e-16
Test:  CI( 1 , 13 | (6,) ) = 1.4509078383184715e-09
Test:  CI( 1 , 13 | (7,) ) = 0.20066069225713568
Test:  CI( 4 , 13 | (6,) ) = 0.0018630134422867872
Test:  CI( 4 , 13 | (7,) ) = 0.00025942415349389236
Test:  CI( 4 , 13 | (8,) ) = 0.0012915851320882688
Test:  CI( 4 , 13 | (9,) ) = 9.753031871007067e-08
Test:  CI( 4 , 13 | (10,) ) = 0.5707151055312152
Test:  CI( 6 , 13 | (7,) ) = 0.8965352168762493
Test:  CI( 7 , 13 | (8,) ) = 2.5980237365885728e-06
Test:  CI( 7 , 13 | (9,) ) = 0.5737432799302509
Test:  CI( 8 , 13 | (9,) ) = 0.632710846667432
Test:  CI( 9 , 13 | (10,) ) = 2.3252804253193204e-06
Test:  CI( 9 , 13 | (11,) ) = 0.0
Test:  CI( 9 , 13 | (12,) ) = 0.0
Test:  CI( 10 , 13 | (9,) ) = 9.624814145681171e-08
Test:  CI( 10 , 13 | (11,) ) = 0.0
Test:  CI( 10 , 13 | (12,) ) = 0.0
Test:  CI( 11 , 13 | (9,) ) = 0.22493095790481
Test:  CI( 12 , 13 | (9,) ) = 0.39036553637785043
Test:  CI( 0 , 7 | (1, 6) ) = 0.37995653381111105
Test:  CI( 1 , 7 | (0, 6) ) = 0.0
Test:  CI( 6 , 7 | (0, 1) ) = 0.0
Test:  CI( 7 , 9 | (1, 6) ) = 0.0
Test:  CI( 7 , 11 | (0, 6) ) = 0.03906536836976637
Saved adjacency matrix to outputs/experiments/layered_sparse_linear_sem_nodes_14_tabular_mlp_align/1/learned_graph_adj.npy
Test:  CI( 0 , 1 | () ) = 0.9430256943397377
Test:  CI( 0 , 2 | () ) = 0.5843249468523508
Test:  CI( 1 , 2 | () ) = 0.9520708269271183
Test:  CI( 0 , 3 | () ) = 0.31116214349250315
Test:  CI( 1 , 3 | () ) = 0.22949201896775007
Test:  CI( 2 , 3 | () ) = 0.6909038558882081
Test:  CI( 0 , 4 | () ) = 0.5293957077439895
Test:  CI( 1 , 4 | () ) = 0.08304236369489848
Test:  CI( 2 , 4 | () ) = 0.2414519255354044
Test:  CI( 3 , 4 | () ) = 0.6115979454936196
Test:  CI( 0 , 5 | () ) = 0.5516771695500544
Test:  CI( 1 , 5 | () ) = 0.662455219905967
Test:  CI( 2 , 5 | () ) = 0.574161528609004
Test:  CI( 3 , 5 | () ) = 0.6620923208098151
Test:  CI( 4 , 5 | () ) = 0.5421922619621686
Test:  CI( 0 , 6 | () ) = 0.0
Test:  CI( 1 , 6 | () ) = 1.1300415216908277e-06
Test:  CI( 2 , 6 | () ) = 0.15282949836391335
Test:  CI( 3 , 6 | () ) = 0.5607094438817393
Test:  CI( 4 , 6 | () ) = 0.518511142013486
Test:  CI( 5 , 6 | () ) = 0.7695755251590397
Test:  CI( 0 , 7 | () ) = 7.105427357601002e-15
Test:  CI( 1 , 7 | () ) = 0.0
Test:  CI( 2 , 7 | () ) = 0.3009125772427854
Test:  CI( 3 , 7 | () ) = 0.4512759735240701
Test:  CI( 4 , 7 | () ) = 0.17019726010072178
Test:  CI( 5 , 7 | () ) = 0.8710436293269816
Test:  CI( 6 , 7 | () ) = 0.0
Test:  CI( 0 , 8 | () ) = 4.956035581926699e-13
Test:  CI( 1 , 8 | () ) = 1.3857803793371204e-12
Test:  CI( 2 , 8 | () ) = 1.3382556022900616e-05
Test:  CI( 3 , 8 | () ) = 0.009549260349078326
Test:  CI( 4 , 8 | () ) = 0.4249253767343948
Test:  CI( 5 , 8 | () ) = 0.9907253509082701
Test:  CI( 6 , 8 | () ) = 0.0
Test:  CI( 7 , 8 | () ) = 0.0
Test:  CI( 0 , 9 | () ) = 9.3958174574027e-12
Test:  CI( 1 , 9 | () ) = 5.5289106626332796e-14
Test:  CI( 2 , 9 | () ) = 8.959413121845117e-06
Test:  CI( 3 , 9 | () ) = 0.9594202888818659
Test:  CI( 4 , 9 | () ) = 0.37206704175584626
Test:  CI( 5 , 9 | () ) = 0.9889956885028215
Test:  CI( 6 , 9 | () ) = 0.0
Test:  CI( 7 , 9 | () ) = 0.0
Test:  CI( 8 , 9 | () ) = 0.0
Test:  CI( 0 , 10 | () ) = 1.1721246195861568e-10
Test:  CI( 1 , 10 | () ) = 5.012301684814702e-11
Test:  CI( 2 , 10 | () ) = 1.0749836562018444e-05
Test:  CI( 3 , 10 | () ) = 0.9486082680587988
Test:  CI( 4 , 10 | () ) = 0.2794445201527964
Test:  CI( 5 , 10 | () ) = 0.0939313342775625
Test:  CI( 6 , 10 | () ) = 0.0
Test:  CI( 7 , 10 | () ) = 0.0
Test:  CI( 8 , 10 | () ) = 0.0
Test:  CI( 9 , 10 | () ) = 0.0
Test:  CI( 0 , 11 | () ) = 0.0
Test:  CI( 1 , 11 | () ) = 0.001638386831845473
Test:  CI( 2 , 11 | () ) = 0.04202324886773634
Test:  CI( 3 , 11 | () ) = 0.8793264139922963
Test:  CI( 4 , 11 | () ) = 0.8219210687568053
Test:  CI( 5 , 11 | () ) = 0.9051157083780152
Test:  CI( 6 , 11 | () ) = 0.0
Test:  CI( 7 , 11 | () ) = 0.0
Test:  CI( 8 , 11 | () ) = 0.0
Test:  CI( 9 , 11 | () ) = 0.0
Test:  CI( 10 , 11 | () ) = 0.0
Test:  CI( 0 , 12 | () ) = 3.637978807091713e-12
Test:  CI( 1 , 12 | () ) = 4.918663254471767e-10
Test:  CI( 2 , 12 | () ) = 7.073562207238204e-05
Test:  CI( 3 , 12 | () ) = 4.631627509077418e-06
Test:  CI( 4 , 12 | () ) = 0.6564558787917378
Test:  CI( 5 , 12 | () ) = 0.928895443268051
Test:  CI( 6 , 12 | () ) = 0.0
Test:  CI( 7 , 12 | () ) = 0.0
Test:  CI( 8 , 12 | () ) = 0.0
Test:  CI( 9 , 12 | () ) = 0.0
Test:  CI( 10 , 12 | () ) = 0.0
Test:  CI( 11 , 12 | () ) = 0.0
Test:  CI( 0 , 13 | () ) = 1.1694645252191549e-11
Test:  CI( 1 , 13 | () ) = 2.1816215500791714e-10
Test:  CI( 2 , 13 | () ) = 5.868450064783204e-05
Test:  CI( 3 , 13 | () ) = 0.8858557607510598
Test:  CI( 4 , 13 | () ) = 0.26841650405723017
Test:  CI( 5 , 13 | () ) = 0.11860573886265424
Test:  CI( 6 , 13 | () ) = 0.0
Test:  CI( 7 , 13 | () ) = 0.0
Test:  CI( 8 , 13 | () ) = 0.0
Test:  CI( 9 , 13 | () ) = 0.0
Test:  CI( 10 , 13 | () ) = 0.0
Test:  CI( 11 , 13 | () ) = 0.0
Test:  CI( 12 , 13 | () ) = 0.0
Test:  CI( 0 , 6 | (1,) ) = 0.0
Test:  CI( 1 , 6 | (0,) ) = 4.440892098500626e-16
Test:  CI( 0 , 7 | (1,) ) = 0.0
Test:  CI( 0 , 7 | (6,) ) = 0.023238050413365796
Test:  CI( 1 , 7 | (6,) ) = 0.0
Test:  CI( 6 , 7 | (1,) ) = 0.0
Test:  CI( 0 , 8 | (1,) ) = 0.0
Test:  CI( 0 , 8 | (2,) ) = 5.262457136723242e-14
Test:  CI( 0 , 8 | (3,) ) = 9.545697565727096e-13
Test:  CI( 0 , 8 | (6,) ) = 0.1950733395167823
Test:  CI( 1 , 8 | (2,) ) = 1.5765166949677223e-14
Test:  CI( 1 , 8 | (3,) ) = 1.5765166949677223e-14
Test:  CI( 1 , 8 | (6,) ) = 5.323163092540995e-07
Test:  CI( 1 , 8 | (7,) ) = 0.2149861845564176
Test:  CI( 2 , 8 | (3,) ) = 5.417738843993547e-06
Test:  CI( 2 , 8 | (6,) ) = 5.218580789723148e-07
Test:  CI( 2 , 8 | (7,) ) = 6.217248937900877e-15
Test:  CI( 3 , 8 | (2,) ) = 0.0035907779363579806
Test:  CI( 3 , 8 | (6,) ) = 1.6578317911797313e-06
Test:  CI( 3 , 8 | (7,) ) = 2.55351295663786e-14
Test:  CI( 6 , 8 | (2,) ) = 0.0
Test:  CI( 6 , 8 | (3,) ) = 0.0
Test:  CI( 6 , 8 | (7,) ) = 0.19358507683555048
Test:  CI( 7 , 8 | (2,) ) = 0.0
Test:  CI( 7 , 8 | (3,) ) = 0.0
Test:  CI( 0 , 9 | (1,) ) = 0.0
Test:  CI( 0 , 9 | (2,) ) = 1.3091749906379846e-12
Test:  CI( 0 , 9 | (6,) ) = 0.02469378464574068
Test:  CI( 1 , 9 | (8,) ) = 0.01713977439445058
Test:  CI( 2 , 9 | (8,) ) = 0.3541869377646196
Test:  CI( 6 , 9 | (8,) ) = 0.009488639442680302
Test:  CI( 6 , 9 | (7,) ) = 0.22600697615824616
Test:  CI( 7 , 9 | (8,) ) = 1.997342098380983e-06
Test:  CI( 8 , 9 | (7,) ) = 0.0
Test:  CI( 0 , 10 | (1,) ) = 3.419486915845482e-14
Test:  CI( 0 , 10 | (2,) ) = 2.391109532595692e-11
Test:  CI( 0 , 10 | (6,) ) = 0.07037122485871228
Test:  CI( 1 , 10 | (2,) ) = 1.0955680807001045e-12
Test:  CI( 1 , 10 | (6,) ) = 1.5803650361467803e-05
Test:  CI( 1 , 10 | (7,) ) = 0.2686652649777381
Test:  CI( 2 , 10 | (8,) ) = 0.2807981886183335
Test:  CI( 6 , 10 | (8,) ) = 0.12845684482761865
Test:  CI( 7 , 10 | (8,) ) = 0.04004778485303606
Test:  CI( 8 , 10 | (9,) ) = 0.7218687542003817
Test:  CI( 0 , 11 | (1,) ) = 0.0
Test:  CI( 0 , 11 | (6,) ) = 5.051947749024066e-10
Test:  CI( 0 , 11 | (7,) ) = 0.0
Test:  CI( 0 , 11 | (8,) ) = 0.0
Test:  CI( 0 , 11 | (9,) ) = 0.0
Test:  CI( 0 , 11 | (10,) ) = 0.0
Test:  CI( 1 , 11 | (0,) ) = 1.0870565558818157e-08
Test:  CI( 1 , 11 | (6,) ) = 0.0001404562067583992
Test:  CI( 1 , 11 | (7,) ) = 5.059582885991176e-08
Test:  CI( 1 , 11 | (8,) ) = 0.01916344610402243
Test:  CI( 6 , 11 | (0,) ) = 0.0
Test:  CI( 6 , 11 | (7,) ) = 0.0
Test:  CI( 6 , 11 | (8,) ) = 0.0
Test:  CI( 6 , 11 | (9,) ) = 0.0
Test:  CI( 6 , 11 | (10,) ) = 0.0
Test:  CI( 7 , 11 | (0,) ) = 8.881784197001252e-16
Test:  CI( 7 , 11 | (6,) ) = 0.055159963887575936
Test:  CI( 8 , 11 | (0,) ) = 8.459899447643693e-14
Test:  CI( 8 , 11 | (9,) ) = 0.08616196227819839
Test:  CI( 9 , 11 | (0,) ) = 8.881784197001252e-16
Test:  CI( 9 , 11 | (10,) ) = 0.0004257535814242708
Test:  CI( 9 , 11 | (6,) ) = 0.6344563833518484
Test:  CI( 10 , 11 | (0,) ) = 1.2012613126444194e-13
Test:  CI( 10 , 11 | (6,) ) = 0.9638363674428039
Test:  CI( 0 , 12 | (1,) ) = 6.661338147750939e-16
Test:  CI( 0 , 12 | (2,) ) = 8.499867476530198e-13
Test:  CI( 0 , 12 | (3,) ) = 1.885602785023366e-12
Test:  CI( 0 , 12 | (6,) ) = 0.6110821884818713
Test:  CI( 1 , 12 | (2,) ) = 3.3153479961356425e-11
Test:  CI( 1 , 12 | (3,) ) = 1.1080025785759062e-13
Test:  CI( 1 , 12 | (6,) ) = 0.00010003940098823882
Test:  CI( 1 , 12 | (7,) ) = 0.23487762280881608
Test:  CI( 2 , 12 | (3,) ) = 8.730102426079966e-06
Test:  CI( 2 , 12 | (6,) ) = 3.3308108612351006e-05
Test:  CI( 2 , 12 | (7,) ) = 5.6819086990955725e-08
Test:  CI( 2 , 12 | (8,) ) = 0.2973456215456727
Test:  CI( 3 , 12 | (6,) ) = 5.1958437552457326e-14
Test:  CI( 3 , 12 | (7,) ) = 0.0
Test:  CI( 3 , 12 | (8,) ) = 0.0
Test:  CI( 3 , 12 | (9,) ) = 0.0
Test:  CI( 3 , 12 | (10,) ) = 0.0
Test:  CI( 3 , 12 | (11,) ) = 6.26119156521554e-11
Test:  CI( 6 , 12 | (3,) ) = 0.0
Test:  CI( 6 , 12 | (7,) ) = 0.2203423408359244
Test:  CI( 7 , 12 | (3,) ) = 0.0
Test:  CI( 7 , 12 | (8,) ) = 7.978708360667497e-09
Test:  CI( 7 , 12 | (9,) ) = 0.9660553516698385
Test:  CI( 8 , 12 | (11,) ) = 0.0
Test:  CI( 8 , 12 | (9,) ) = 0.0
Test:  CI( 8 , 12 | (10,) ) = 0.0
Test:  CI( 8 , 12 | (3,) ) = 0.0
Test:  CI( 9 , 12 | (8,) ) = 6.59709398220798e-10
Test:  CI( 9 , 12 | (11,) ) = 0.0
Test:  CI( 9 , 12 | (10,) ) = 1.4432899320127035e-14
Test:  CI( 9 , 12 | (3,) ) = 0.0
Test:  CI( 10 , 12 | (8,) ) = 0.00014496463411317606
Test:  CI( 10 , 12 | (9,) ) = 0.7968735248047429
Test:  CI( 11 , 12 | (8,) ) = 0.1349330397296684
Test:  CI( 0 , 13 | (1,) ) = 2.220446049250313e-15
Test:  CI( 0 , 13 | (2,) ) = 2.916333841085361e-12
Test:  CI( 0 , 13 | (6,) ) = 0.25564693634163516
Test:  CI( 1 , 13 | (2,) ) = 1.2082557176995579e-11
Test:  CI( 1 , 13 | (6,) ) = 5.656394265285414e-05
Test:  CI( 1 , 13 | (7,) ) = 0.09984387030542674
Test:  CI( 2 , 13 | (6,) ) = 1.8477366641178605e-05
Test:  CI( 2 , 13 | (7,) ) = 2.2870483284975762e-09
Test:  CI( 2 , 13 | (8,) ) = 0.7444561940653676
Test:  CI( 6 , 13 | (7,) ) = 0.34476501058105247
Test:  CI( 7 , 13 | (8,) ) = 0.0030630189664926366
Test:  CI( 7 , 13 | (9,) ) = 0.7684400431171905
Test:  CI( 8 , 13 | (9,) ) = 0.976156975786135
Test:  CI( 9 , 13 | (10,) ) = 4.941549591741534e-06
Test:  CI( 9 , 13 | (11,) ) = 0.0
Test:  CI( 9 , 13 | (12,) ) = 0.0
Test:  CI( 10 , 13 | (9,) ) = 1.1777911979038436e-11
Test:  CI( 10 , 13 | (11,) ) = 0.0
Test:  CI( 10 , 13 | (12,) ) = 0.0
Test:  CI( 11 , 13 | (9,) ) = 0.3664540515254322
Test:  CI( 12 , 13 | (9,) ) = 0.8346983384307669
Test:  CI( 2 , 8 | (3, 7) ) = 0.0
Test:  CI( 3 , 8 | (2, 7) ) = 0.0
Test:  CI( 7 , 8 | (2, 3) ) = 0.0
Test:  CI( 8 , 9 | (6, 7) ) = 0.0
Test:  CI( 8 , 12 | (9, 3) ) = 0.0
Saved metrics to outputs/experiments/layered_sparse_linear_sem_nodes_14_tabular_mlp_align/1/performance_metrics.json
Saved baseline metrics to outputs/experiments/layered_sparse_linear_sem_nodes_14_tabular_mlp_align/1/baseline_performance_metrics.json
Saved PAG-vs-PAG metrics to outputs/experiments/layered_sparse_linear_sem_nodes_14_tabular_mlp_align/1/pag_vs_pag_metrics.json
Found 14 differences:
  1. Wrong orientation: 1 --- 6 (DAG: directed_ij, PAG: bidirected)
  2. Wrong orientation: 1 --- 7 (DAG: directed_ij, PAG: bidirected)
  3. Extra: 1 --- 9 (PAG: bidirected)
  4. Missing: 2 --- 8 (DAG: directed_ij)
  5. Missing: 3 --- 9 (DAG: directed_ij)
  6. Missing: 5 --- 10 (DAG: directed_ij)
  7. Missing: 5 --- 13 (DAG: directed_ij)
  8. Wrong orientation: 6 --- 11 (DAG: directed_ij, PAG: bidirected)
  9. Extra: 7 --- 9 (PAG: directed_ij)
  10. Wrong orientation: 8 --- 9 (DAG: directed_ij, PAG: bidirected)
  11. Wrong orientation: 8 --- 12 (DAG: directed_ij, PAG: bidirected)
  12. Wrong orientation: 9 --- 10 (DAG: directed_ij, PAG: bidirected)
  13. Extra: 9 --- 12 (PAG: bidirected)
  14. Extra: 9 --- 13 (PAG: bidirected)
Found 5 partial orientation differences:
  1. Partial orientation: 0 --- 6 (DAG: directed_ij, PAG: partial_ij)
  2. Partial orientation: 0 --- 11 (DAG: directed_ij, PAG: partial_ij)
  3. Partial orientation: 3 --- 8 (DAG: directed_ij, PAG: partial_ij)
  4. Partial orientation: 3 --- 12 (DAG: directed_ij, PAG: partial_ij)
  5. Partial orientation: 4 --- 10 (DAG: directed_ij, PAG: partial_ij)
Saved edge comparison details to outputs/experiments/layered_sparse_linear_sem_nodes_14_tabular_mlp_align/1/edge_comparison.txt
Found 14 differences:
  1. Wrong orientation: 1 --- 6 (DAG: directed_ij, PAG: bidirected)
  2. Wrong orientation: 1 --- 7 (DAG: directed_ij, PAG: bidirected)
  3. Missing: 3 --- 9 (DAG: directed_ij)
  4. Missing: 4 --- 10 (DAG: directed_ij)
  5. Missing: 5 --- 10 (DAG: directed_ij)
  6. Missing: 5 --- 13 (DAG: directed_ij)
  7. Wrong orientation: 6 --- 11 (DAG: directed_ij, PAG: bidirected)
  8. Extra: 7 --- 9 (PAG: bidirected)
  9. Wrong orientation: 8 --- 9 (DAG: directed_ij, PAG: bidirected)
  10. Wrong orientation: 8 --- 12 (DAG: directed_ij, PAG: bidirected)
  11. Wrong orientation: 9 --- 10 (DAG: directed_ij, PAG: bidirected)
  12. Extra: 9 --- 12 (PAG: directed_ij)
  13. Extra: 9 --- 13 (PAG: directed_ij)
  14. Wrong orientation: 10 --- 13 (DAG: directed_ij, PAG: bidirected)
Found 5 partial orientation differences:
  1. Partial orientation: 0 --- 6 (DAG: directed_ij, PAG: partial_ij)
  2. Partial orientation: 0 --- 11 (DAG: directed_ij, PAG: partial_ij)
  3. Partial orientation: 2 --- 8 (DAG: directed_ij, PAG: partial_ij)
  4. Partial orientation: 3 --- 8 (DAG: directed_ij, PAG: partial_ij)
  5. Partial orientation: 3 --- 12 (DAG: directed_ij, PAG: partial_ij)
Saved baseline edge comparison details to outputs/experiments/layered_sparse_linear_sem_nodes_14_tabular_mlp_align/1/edge_comparison_baseline.txt
Found 7 differences:
  1. Extra: 1 --- 9 (PAG: bidirected)
  2. Missing: 2 --- 8 (Reference PAG: partial_ij)
  3. Extra: 4 --- 10 (PAG: partial_ij)
  4. Wrong orientation: 7 --- 9 (Reference PAG: bidirected, PAG: directed_ij)
  5. Wrong orientation: 9 --- 12 (Reference PAG: directed_ij, PAG: bidirected)
  6. Wrong orientation: 9 --- 13 (Reference PAG: directed_ij, PAG: bidirected)
  7. Wrong orientation: 10 --- 13 (Reference PAG: bidirected, PAG: directed_ij)
Saved PAG-vs-PAG edge comparison details to outputs/experiments/layered_sparse_linear_sem_nodes_14_tabular_mlp_align/1/edge_comparison_pag_vs_pag.txt
Saved figure to outputs/experiments/layered_sparse_linear_sem_nodes_14_tabular_mlp_align/1/pag_vs_dag.png
Saved baseline figure to outputs/experiments/layered_sparse_linear_sem_nodes_14_tabular_mlp_align/1/baseline_pag_vs_dag.png
Saved combined DAG comparison to outputs/experiments/layered_sparse_linear_sem_nodes_14_tabular_mlp_align/1/pags_vs_dag.png
Saved PAG-vs-PAG figure to outputs/experiments/layered_sparse_linear_sem_nodes_14_tabular_mlp_align/1/pag_vs_pag.png
Saved adjacency matrix to outputs/experiments/layered_sparse_linear_sem_nodes_14_tabular_mlp_align/1/learned_graph_adj.npy
Saved baseline adjacency matrix to outputs/experiments/layered_sparse_linear_sem_nodes_14_tabular_mlp_align/1/baseline_graph_adj.npy
