=== [Train] Fold 1 (1/5) ===
Step: set random seed (2)
Step: build datasets
Step: initialize model
Step: training setup (model=MLPModel, profile=deep, control_mode=epochs, epochs=60, target_updates=None)
Step: training
TrnLoss=0.302 ValLoss=0.203 ValR2=0.806
TrnLoss=0.114 ValLoss=0.081 ValR2=0.922
TrnLoss=0.099 ValLoss=0.071 ValR2=0.933
TrnLoss=0.094 ValLoss=0.068 ValR2=0.935
TrnLoss=0.092 ValLoss=0.067 ValR2=0.936
TrnLoss=0.090 ValLoss=0.066 ValR2=0.937
TrnLoss=0.087 ValLoss=0.066 ValR2=0.937
TrnLoss=0.087 ValLoss=0.065 ValR2=0.938
TrnLoss=0.084 ValLoss=0.064 ValR2=0.938
TrnLoss=0.083 ValLoss=0.065 ValR2=0.938
TrnLoss=0.082 ValLoss=0.064 ValR2=0.939
TrnLoss=0.083 ValLoss=0.064 ValR2=0.939
TrnLoss=0.081 ValLoss=0.064 ValR2=0.939
TrnLoss=0.083 ValLoss=0.064 ValR2=0.939
TrnLoss=0.081 ValLoss=0.064 ValR2=0.939
TrnLoss=0.081 ValLoss=0.064 ValR2=0.939
TrnLoss=0.080 ValLoss=0.063 ValR2=0.940
TrnLoss=0.079 ValLoss=0.064 ValR2=0.939
TrnLoss=0.080 ValLoss=0.063 ValR2=0.940
TrnLoss=0.078 ValLoss=0.064 ValR2=0.939
TrnLoss=0.078 ValLoss=0.064 ValR2=0.939
TrnLoss=0.079 ValLoss=0.063 ValR2=0.940
TrnLoss=0.077 ValLoss=0.063 ValR2=0.940
TrnLoss=0.078 ValLoss=0.063 ValR2=0.939
TrnLoss=0.078 ValLoss=0.064 ValR2=0.939
TrnLoss=0.077 ValLoss=0.063 ValR2=0.940
TrnLoss=0.078 ValLoss=0.064 ValR2=0.939
TrnLoss=0.077 ValLoss=0.064 ValR2=0.939
TrnLoss=0.079 ValLoss=0.064 ValR2=0.939
TrnLoss=0.075 ValLoss=0.063 ValR2=0.940
TrnLoss=0.077 ValLoss=0.063 ValR2=0.940
TrnLoss=0.077 ValLoss=0.064 ValR2=0.939
TrnLoss=0.076 ValLoss=0.063 ValR2=0.940
TrnLoss=0.076 ValLoss=0.064 ValR2=0.939
TrnLoss=0.076 ValLoss=0.063 ValR2=0.940
TrnLoss=0.077 ValLoss=0.063 ValR2=0.940
TrnLoss=0.076 ValLoss=0.063 ValR2=0.940
TrnLoss=0.074 ValLoss=0.063 ValR2=0.940
TrnLoss=0.074 ValLoss=0.063 ValR2=0.940
Early stopping at epoch 39: no validation improvement for 8 epochs (best epoch=31, best val loss=0.063)
 63%|########2    | 38/60 [00:21<00:12,  1.80ep/s]
Step: evaluate test split
