=== [Train] Fold 2 (2/5) ===
Step: set random seed (3)
Step: build datasets
Step: initialize model
Step: training setup (model=MLPModel, profile=deep, control_mode=epochs, epochs=60, target_updates=None)
Step: training
TrnLoss=0.859 ValLoss=0.836 ValR2=0.163
TrnLoss=0.794 ValLoss=0.781 ValR2=0.218
TrnLoss=0.781 ValLoss=0.775 ValR2=0.225
TrnLoss=0.770 ValLoss=0.777 ValR2=0.223
TrnLoss=0.771 ValLoss=0.776 ValR2=0.223
TrnLoss=0.771 ValLoss=0.778 ValR2=0.221
TrnLoss=0.767 ValLoss=0.779 ValR2=0.220
TrnLoss=0.762 ValLoss=0.777 ValR2=0.222
TrnLoss=0.760 ValLoss=0.777 ValR2=0.222
TrnLoss=0.762 ValLoss=0.778 ValR2=0.221
TrnLoss=0.756 ValLoss=0.777 ValR2=0.222
TrnLoss=0.756 ValLoss=0.777 ValR2=0.223
TrnLoss=0.755 ValLoss=0.780 ValR2=0.220
TrnLoss=0.754 ValLoss=0.778 ValR2=0.222
TrnLoss=0.750 ValLoss=0.778 ValR2=0.221
TrnLoss=0.752 ValLoss=0.777 ValR2=0.222
TrnLoss=0.751 ValLoss=0.780 ValR2=0.220
TrnLoss=0.752 ValLoss=0.780 ValR2=0.220
TrnLoss=0.749 ValLoss=0.777 ValR2=0.222
TrnLoss=0.747 ValLoss=0.779 ValR2=0.220
TrnLoss=0.745 ValLoss=0.781 ValR2=0.218
TrnLoss=0.747 ValLoss=0.781 ValR2=0.218
Early stopping at epoch 22: no validation improvement for 8 epochs (best epoch=3, best val loss=0.775)
 35%|####5        | 21/60 [00:19<00:36,  1.07ep/s]
Step: evaluate test split
