=== [Train] Fold 3 (3/5) ===
Step: set random seed (4)
Step: build datasets
Step: initialize model
Step: training setup (model=ShallowMLP, profile=shallow, control_mode=epochs, epochs=40, target_updates=None)
Step: training
TrnLoss=0.865 ValLoss=0.776 ValR2=0.262
TrnLoss=0.636 ValLoss=0.528 ValR2=0.498
TrnLoss=0.414 ValLoss=0.324 ValR2=0.693
TrnLoss=0.272 ValLoss=0.233 ValR2=0.778
TrnLoss=0.216 ValLoss=0.197 ValR2=0.813
TrnLoss=0.188 ValLoss=0.178 ValR2=0.831
TrnLoss=0.174 ValLoss=0.168 ValR2=0.840
TrnLoss=0.165 ValLoss=0.162 ValR2=0.846
TrnLoss=0.160 ValLoss=0.158 ValR2=0.850
TrnLoss=0.156 ValLoss=0.154 ValR2=0.854
TrnLoss=0.153 ValLoss=0.152 ValR2=0.856
TrnLoss=0.150 ValLoss=0.150 ValR2=0.858
TrnLoss=0.149 ValLoss=0.148 ValR2=0.859
TrnLoss=0.147 ValLoss=0.147 ValR2=0.860
TrnLoss=0.145 ValLoss=0.146 ValR2=0.862
TrnLoss=0.144 ValLoss=0.144 ValR2=0.863
TrnLoss=0.143 ValLoss=0.144 ValR2=0.863
TrnLoss=0.142 ValLoss=0.143 ValR2=0.864
TrnLoss=0.141 ValLoss=0.142 ValR2=0.865
TrnLoss=0.140 ValLoss=0.143 ValR2=0.865
TrnLoss=0.140 ValLoss=0.141 ValR2=0.866
TrnLoss=0.139 ValLoss=0.141 ValR2=0.866
TrnLoss=0.139 ValLoss=0.141 ValR2=0.866
TrnLoss=0.138 ValLoss=0.140 ValR2=0.867
TrnLoss=0.138 ValLoss=0.139 ValR2=0.868
TrnLoss=0.138 ValLoss=0.139 ValR2=0.868
TrnLoss=0.137 ValLoss=0.139 ValR2=0.868
TrnLoss=0.137 ValLoss=0.139 ValR2=0.868
TrnLoss=0.136 ValLoss=0.139 ValR2=0.868
TrnLoss=0.137 ValLoss=0.138 ValR2=0.869
TrnLoss=0.136 ValLoss=0.138 ValR2=0.869
TrnLoss=0.136 ValLoss=0.138 ValR2=0.869
TrnLoss=0.135 ValLoss=0.138 ValR2=0.869
TrnLoss=0.136 ValLoss=0.137 ValR2=0.869
TrnLoss=0.135 ValLoss=0.138 ValR2=0.868
TrnLoss=0.135 ValLoss=0.137 ValR2=0.870
TrnLoss=0.135 ValLoss=0.137 ValR2=0.870
TrnLoss=0.135 ValLoss=0.137 ValR2=0.870
TrnLoss=0.135 ValLoss=0.137 ValR2=0.870
TrnLoss=0.135 ValLoss=0.137 ValR2=0.870
100%|#############| 40/40 [00:19<00:00,  2.02ep/s]
Step: evaluate test split
