=== [Train] Fold 1 (1/5) ===
Step: set random seed (2)
Step: build datasets
Step: initialize model
Step: training setup (model=ShallowMLP, profile=shallow, control_mode=epochs, epochs=40, target_updates=None)
Step: training
TrnLoss=1.040 ValLoss=0.999 ValR2=-0.008
TrnLoss=0.986 ValLoss=0.957 ValR2=0.034
TrnLoss=0.952 ValLoss=0.931 ValR2=0.060
TrnLoss=0.935 ValLoss=0.921 ValR2=0.070
TrnLoss=0.930 ValLoss=0.919 ValR2=0.072
TrnLoss=0.930 ValLoss=0.919 ValR2=0.072
TrnLoss=0.930 ValLoss=0.919 ValR2=0.072
TrnLoss=0.928 ValLoss=0.919 ValR2=0.073
TrnLoss=0.929 ValLoss=0.918 ValR2=0.073
TrnLoss=0.927 ValLoss=0.918 ValR2=0.073
TrnLoss=0.926 ValLoss=0.918 ValR2=0.074
TrnLoss=0.927 ValLoss=0.917 ValR2=0.074
TrnLoss=0.926 ValLoss=0.918 ValR2=0.074
TrnLoss=0.924 ValLoss=0.917 ValR2=0.074
TrnLoss=0.924 ValLoss=0.917 ValR2=0.074
TrnLoss=0.928 ValLoss=0.917 ValR2=0.075
TrnLoss=0.925 ValLoss=0.917 ValR2=0.075
TrnLoss=0.926 ValLoss=0.917 ValR2=0.075
TrnLoss=0.924 ValLoss=0.916 ValR2=0.075
TrnLoss=0.926 ValLoss=0.916 ValR2=0.075
TrnLoss=0.923 ValLoss=0.916 ValR2=0.075
TrnLoss=0.923 ValLoss=0.916 ValR2=0.075
TrnLoss=0.923 ValLoss=0.916 ValR2=0.076
TrnLoss=0.924 ValLoss=0.916 ValR2=0.075
TrnLoss=0.925 ValLoss=0.916 ValR2=0.075
TrnLoss=0.923 ValLoss=0.916 ValR2=0.075
TrnLoss=0.923 ValLoss=0.916 ValR2=0.076
TrnLoss=0.922 ValLoss=0.916 ValR2=0.076
TrnLoss=0.923 ValLoss=0.916 ValR2=0.075
Early stopping at epoch 29: no validation improvement for 6 epochs (best epoch=23, best val loss=0.916)
 70%|#########1   | 28/40 [00:19<00:08,  1.44ep/s]
Step: evaluate test split
