=== [Causal Discovery] Fold 3 (3/5) ===
Step: load extraction data
Loading extraction data from: outputs/experiments/linear_sem_sample_50_shallow_mlp_align_observable_state/3/alignment_results.csv
Step: prepare ground-truth data
Key: (176, 6, 3, 3, 2, 10, 10000, 0.5, 2.0, 0.8, 0.1, 0.1, 1000, 3) - Generating new DAG and data...
Seed: 176, Fold: 3
Running sample_50__baseline_50
Saved metadata to outputs/experiments/linear_sem_sample_50_shallow_mlp_align_observable_state/3/metadata.json
Test:  CI( 0 , 1 | () ) = 1.1899866693365624e-05
Test:  CI( 0 , 2 | () ) = 0.10189189935174259
Test:  CI( 1 , 2 | () ) = 0.4740852172499659
Test:  CI( 0 , 3 | () ) = 0.0
Test:  CI( 1 , 3 | () ) = 1.4587493913031935e-05
Test:  CI( 2 , 3 | () ) = 0.10197883884118442
Test:  CI( 0 , 4 | () ) = 0.0015273372265822704
Test:  CI( 1 , 4 | () ) = 0.10363483118090056
Test:  CI( 2 , 4 | () ) = 0.0
Test:  CI( 3 , 4 | () ) = 0.0015704547519408418
Test:  CI( 0 , 5 | () ) = 0.0
Test:  CI( 1 , 5 | () ) = 2.771782803279166e-12
Test:  CI( 2 , 5 | () ) = 0.13412463261638097
Test:  CI( 3 , 5 | () ) = 0.0
Test:  CI( 4 , 5 | () ) = 0.0027498230988305394
Test:  CI( 0 , 3 | (1,) ) = 0.0
Test:  CI( 1 , 3 | (0,) ) = 0.5502969057743103
Test:  CI( 0 , 4 | (2,) ) = 0.0
Test:  CI( 0 , 4 | (3,) ) = 0.8225658427976872
Test:  CI( 2 , 4 | (3,) ) = 0.0
Test:  CI( 3 , 4 | (2,) ) = 0.0
Test:  CI( 0 , 5 | (1,) ) = 0.0
Test:  CI( 0 , 5 | (3,) ) = 0.2924208541587783
Test:  CI( 1 , 5 | (3,) ) = 0.0
Test:  CI( 1 , 5 | (4,) ) = 1.3970380408068195e-11
Test:  CI( 3 , 5 | (1,) ) = 0.0
Test:  CI( 3 , 5 | (4,) ) = 0.0
Test:  CI( 4 , 5 | (1,) ) = 0.00785332673294814
Test:  CI( 4 , 5 | (3,) ) = 0.9464731648400577
Saved adjacency matrix to outputs/experiments/linear_sem_sample_50_shallow_mlp_align_observable_state/3/learned_graph_adj.npy
Test:  CI( 0 , 1 | () ) = 9.6191340137608e-07
Test:  CI( 0 , 2 | () ) = 0.7133873545137142
Test:  CI( 1 , 2 | () ) = 0.972554018918887
Test:  CI( 0 , 3 | () ) = 0.0
Test:  CI( 1 , 3 | () ) = 0.0009092195753088728
Test:  CI( 2 , 3 | () ) = 0.8924076495009532
Test:  CI( 0 , 4 | () ) = 0.596691196565768
Test:  CI( 1 , 4 | () ) = 0.5973609529606774
Test:  CI( 2 , 4 | () ) = 1.382209902089926e-10
Test:  CI( 3 , 4 | () ) = 0.4018352119665005
Test:  CI( 0 , 5 | () ) = 0.0
Test:  CI( 1 , 5 | () ) = 5.6945941295794e-09
Test:  CI( 2 , 5 | () ) = 0.8579955945124362
Test:  CI( 3 , 5 | () ) = 0.0
Test:  CI( 4 , 5 | () ) = 0.9044361321219165
Test:  CI( 0 , 3 | (1,) ) = 0.0
Test:  CI( 1 , 3 | (0,) ) = 0.0579902842531419
Test:  CI( 0 , 5 | (1,) ) = 6.741274205523951e-13
Test:  CI( 0 , 5 | (3,) ) = 0.004207511766264993
Test:  CI( 1 , 5 | (0,) ) = 0.0037330917761055904
Test:  CI( 1 , 5 | (3,) ) = 3.2017710704934643e-09
Test:  CI( 3 , 5 | (0,) ) = 0.0003966067575931209
Test:  CI( 3 , 5 | (1,) ) = 0.0
Test:  CI( 0 , 5 | (1, 3) ) = 0.7487490315426393
Test:  CI( 1 , 5 | (0, 3) ) = 5.745805347068256e-07
Test:  CI( 3 , 5 | (0, 1) ) = 5.6089445088503e-08
Saved metrics to outputs/experiments/linear_sem_sample_50_shallow_mlp_align_observable_state/3/performance_metrics.json
Saved baseline metrics to outputs/experiments/linear_sem_sample_50_shallow_mlp_align_observable_state/3/baseline_performance_metrics.json
Saved PAG-vs-PAG metrics to outputs/experiments/linear_sem_sample_50_shallow_mlp_align_observable_state/3/pag_vs_pag_metrics.json
Found 2 differences:
  1. Missing: 0 --- 4 (DAG: directed_ij)
  2. Wrong orientation: 1 --- 5 (DAG: directed_ij, PAG: bidirected)
Found 3 partial orientation differences:
  1. Partial orientation: 0 --- 1 (DAG: directed_ij, PAG: partial_ij)
  2. Partial orientation: 0 --- 3 (DAG: directed_ij, PAG: partial_ij)
  3. Partial orientation: 2 --- 4 (DAG: directed_ij, PAG: partial_ij)
Saved edge comparison details to outputs/experiments/linear_sem_sample_50_shallow_mlp_align_observable_state/3/edge_comparison.txt
Found 2 differences:
  1. Missing: 0 --- 4 (DAG: directed_ij)
  2. Missing: 3 --- 4 (DAG: directed_ij)
Found 3 partial orientation differences:
  1. Partial orientation: 0 --- 1 (DAG: directed_ij, PAG: partial_ij)
  2. Partial orientation: 0 --- 3 (DAG: directed_ij, PAG: partial_ij)
  3. Partial orientation: 2 --- 4 (DAG: directed_ij, PAG: partial_ij)
Saved baseline edge comparison details to outputs/experiments/linear_sem_sample_50_shallow_mlp_align_observable_state/3/edge_comparison_baseline.txt
Found 2 differences:
  1. Wrong orientation: 1 --- 5 (Reference PAG: directed_ij, PAG: bidirected)
  2. Extra: 3 --- 4 (PAG: directed_ij)
Saved PAG-vs-PAG edge comparison details to outputs/experiments/linear_sem_sample_50_shallow_mlp_align_observable_state/3/edge_comparison_pag_vs_pag.txt
Saved figure to outputs/experiments/linear_sem_sample_50_shallow_mlp_align_observable_state/3/pag_vs_dag.png
Saved baseline figure to outputs/experiments/linear_sem_sample_50_shallow_mlp_align_observable_state/3/baseline_pag_vs_dag.png
Saved combined DAG comparison to outputs/experiments/linear_sem_sample_50_shallow_mlp_align_observable_state/3/pags_vs_dag.png
Saved PAG-vs-PAG figure to outputs/experiments/linear_sem_sample_50_shallow_mlp_align_observable_state/3/pag_vs_pag.png
Saved adjacency matrix to outputs/experiments/linear_sem_sample_50_shallow_mlp_align_observable_state/3/learned_graph_adj.npy
Saved baseline adjacency matrix to outputs/experiments/linear_sem_sample_50_shallow_mlp_align_observable_state/3/baseline_graph_adj.npy
