=== [Causal Discovery] Fold 3 (3/5) ===
Step: load extraction data
Loading extraction data from: outputs/experiments/electrical_circuit_shallow_mlp_align_parcorr_mismatch_observable_state/3/alignment_results.csv
Step: prepare ground-truth data
Running sample_150__baseline_150
Saved metadata to outputs/experiments/electrical_circuit_shallow_mlp_align_parcorr_mismatch_observable_state/3/metadata.json
Test:  CI( 0 , 1 | () ) = 0.18651807465807924
Test:  CI( 0 , 2 | () ) = 0.5876657507146259
Test:  CI( 1 , 2 | () ) = 0.008053161789335572
Test:  CI( 0 , 3 | () ) = 0.0
Test:  CI( 1 , 3 | () ) = 0.046281796448208956
Test:  CI( 2 , 3 | () ) = 0.22213551567472622
Test:  CI( 0 , 4 | () ) = 0.0
Test:  CI( 1 , 4 | () ) = 0.029456110261823376
Test:  CI( 2 , 4 | () ) = 0.23960895659410952
Test:  CI( 3 , 4 | () ) = 0.0
Test:  CI( 0 , 5 | () ) = 0.0
Test:  CI( 1 , 5 | () ) = 0.18325329108987765
Test:  CI( 2 , 5 | () ) = 0.36233795268040225
Test:  CI( 3 , 5 | () ) = 0.0
Test:  CI( 4 , 5 | () ) = 0.0
Test:  CI( 0 , 4 | (3,) ) = 0.15543742960586204
Test:  CI( 0 , 5 | (3,) ) = 0.00032933501984677704
Test:  CI( 0 , 5 | (4,) ) = 0.0004275216261628856
Test:  CI( 3 , 5 | (0,) ) = 0.0
Test:  CI( 3 , 5 | (4,) ) = 0.2555489852919366
Test:  CI( 4 , 5 | (0,) ) = 0.0
Saved adjacency matrix to outputs/experiments/electrical_circuit_shallow_mlp_align_parcorr_mismatch_observable_state/3/learned_graph_adj.npy
Test:  CI( 0 , 1 | () ) = 0.19385022448083888
Test:  CI( 0 , 2 | () ) = 0.9682119502956674
Test:  CI( 1 , 2 | () ) = 0.1771858898639267
Test:  CI( 0 , 3 | () ) = 0.0
Test:  CI( 1 , 3 | () ) = 0.10974904834109367
Test:  CI( 2 , 3 | () ) = 0.24686725509220642
Test:  CI( 0 , 4 | () ) = 0.0
Test:  CI( 1 , 4 | () ) = 0.10062719068010262
Test:  CI( 2 , 4 | () ) = 0.3263835762223706
Test:  CI( 3 , 4 | () ) = 0.0
Test:  CI( 0 , 5 | () ) = 0.0
Test:  CI( 1 , 5 | () ) = 0.027674457231469995
Test:  CI( 2 , 5 | () ) = 0.1684720778986264
Test:  CI( 3 , 5 | () ) = 0.0
Test:  CI( 4 , 5 | () ) = 0.0
Test:  CI( 0 , 4 | (3,) ) = 0.643288441454652
Test:  CI( 0 , 5 | (3,) ) = 0.03635468342059256
Test:  CI( 3 , 5 | (4,) ) = 0.13999678490224055
Saved metrics to outputs/experiments/electrical_circuit_shallow_mlp_align_parcorr_mismatch_observable_state/3/performance_metrics.json
Saved baseline metrics to outputs/experiments/electrical_circuit_shallow_mlp_align_parcorr_mismatch_observable_state/3/baseline_performance_metrics.json
Saved PAG-vs-PAG metrics to outputs/experiments/electrical_circuit_shallow_mlp_align_parcorr_mismatch_observable_state/3/pag_vs_pag_metrics.json
Found 5 differences:
  1. Wrong orientation: 0 --- 3 (DAG: directed_ij, PAG: bidirected)
  2. Extra: 0 --- 5 (PAG: bidirected)
  3. Extra: 1 --- 2 (PAG: partial_ij)
  4. Missing: 1 --- 3 (DAG: directed_ij)
  5. Missing: 2 --- 5 (DAG: directed_ij)
Saved edge comparison details to outputs/experiments/electrical_circuit_shallow_mlp_align_parcorr_mismatch_observable_state/3/edge_comparison.txt
Found 2 differences:
  1. Missing: 1 --- 3 (DAG: directed_ij)
  2. Missing: 2 --- 5 (DAG: directed_ij)
Found 1 partial orientation differences:
  1. Partial orientation: 0 --- 3 (DAG: directed_ij, PAG: partial_ij)
Saved baseline edge comparison details to outputs/experiments/electrical_circuit_shallow_mlp_align_parcorr_mismatch_observable_state/3/edge_comparison_baseline.txt
Found 2 differences:
  1. Extra: 0 --- 5 (PAG: bidirected)
  2. Extra: 1 --- 2 (PAG: partial_ij)
Found 1 partial orientation differences:
  1. Partial orientation: 0 --- 3 (Reference PAG: partial_ij, PAG: bidirected)
Saved PAG-vs-PAG edge comparison details to outputs/experiments/electrical_circuit_shallow_mlp_align_parcorr_mismatch_observable_state/3/edge_comparison_pag_vs_pag.txt
Saved figure to outputs/experiments/electrical_circuit_shallow_mlp_align_parcorr_mismatch_observable_state/3/pag_vs_dag.png
Saved baseline figure to outputs/experiments/electrical_circuit_shallow_mlp_align_parcorr_mismatch_observable_state/3/baseline_pag_vs_dag.png
Saved combined DAG comparison to outputs/experiments/electrical_circuit_shallow_mlp_align_parcorr_mismatch_observable_state/3/pags_vs_dag.png
Saved PAG-vs-PAG figure to outputs/experiments/electrical_circuit_shallow_mlp_align_parcorr_mismatch_observable_state/3/pag_vs_pag.png
Saved adjacency matrix to outputs/experiments/electrical_circuit_shallow_mlp_align_parcorr_mismatch_observable_state/3/learned_graph_adj.npy
Saved baseline adjacency matrix to outputs/experiments/electrical_circuit_shallow_mlp_align_parcorr_mismatch_observable_state/3/baseline_graph_adj.npy
