=== [Train] Fold 1 (1/5) ===
Step: set random seed (2)
Step: build datasets
Key: (48, 9, 6, 3, 2, 10, 10000, 0.5, 2.0, 0.8, 0.1, 0.1, 1000, 1) - Generating new DAG and data...
Seed: 48, Fold: 1
Step: initialize model
Step: training setup (model=ShallowMLP, profile=shallow, control_mode=epochs, epochs=40, target_updates=None)
Step: training
TrnLoss=0.981 ValLoss=0.960 ValR2=0.095
TrnLoss=0.809 ValLoss=0.744 ValR2=0.298
TrnLoss=0.591 ValLoss=0.489 ValR2=0.539
TrnLoss=0.391 ValLoss=0.333 ValR2=0.686
TrnLoss=0.298 ValLoss=0.277 ValR2=0.739
TrnLoss=0.257 ValLoss=0.249 ValR2=0.765
TrnLoss=0.237 ValLoss=0.233 ValR2=0.780
TrnLoss=0.224 ValLoss=0.221 ValR2=0.792
TrnLoss=0.216 ValLoss=0.213 ValR2=0.800
TrnLoss=0.209 ValLoss=0.207 ValR2=0.805
TrnLoss=0.206 ValLoss=0.204 ValR2=0.808
TrnLoss=0.204 ValLoss=0.202 ValR2=0.810
TrnLoss=0.202 ValLoss=0.200 ValR2=0.812
TrnLoss=0.201 ValLoss=0.199 ValR2=0.812
TrnLoss=0.200 ValLoss=0.198 ValR2=0.813
TrnLoss=0.199 ValLoss=0.198 ValR2=0.813
TrnLoss=0.199 ValLoss=0.197 ValR2=0.814
TrnLoss=0.198 ValLoss=0.197 ValR2=0.814
TrnLoss=0.198 ValLoss=0.196 ValR2=0.815
TrnLoss=0.197 ValLoss=0.196 ValR2=0.815
TrnLoss=0.197 ValLoss=0.196 ValR2=0.815
TrnLoss=0.196 ValLoss=0.195 ValR2=0.816
TrnLoss=0.196 ValLoss=0.195 ValR2=0.816
TrnLoss=0.196 ValLoss=0.195 ValR2=0.816
TrnLoss=0.196 ValLoss=0.194 ValR2=0.817
TrnLoss=0.195 ValLoss=0.195 ValR2=0.817
TrnLoss=0.196 ValLoss=0.194 ValR2=0.817
TrnLoss=0.195 ValLoss=0.194 ValR2=0.817
TrnLoss=0.195 ValLoss=0.194 ValR2=0.817
TrnLoss=0.195 ValLoss=0.193 ValR2=0.818
TrnLoss=0.195 ValLoss=0.193 ValR2=0.818
TrnLoss=0.194 ValLoss=0.193 ValR2=0.818
TrnLoss=0.194 ValLoss=0.193 ValR2=0.818
TrnLoss=0.194 ValLoss=0.193 ValR2=0.818
TrnLoss=0.194 ValLoss=0.193 ValR2=0.818
TrnLoss=0.193 ValLoss=0.193 ValR2=0.818
TrnLoss=0.193 ValLoss=0.192 ValR2=0.819
TrnLoss=0.193 ValLoss=0.193 ValR2=0.818
TrnLoss=0.194 ValLoss=0.192 ValR2=0.819
TrnLoss=0.193 ValLoss=0.192 ValR2=0.819
100%|#############| 40/40 [00:20<00:00,  1.99ep/s]
Step: evaluate test split
