=== [Causal Discovery] Fold 1 (1/5) ===
Step: load extraction data
Loading extraction data from: outputs/experiments/electrical_circuit_gated_mlp_align_observable_state/1/alignment_results.csv
Step: prepare ground-truth data
Running sample_150__baseline_150
Saved metadata to outputs/experiments/electrical_circuit_gated_mlp_align_observable_state/1/metadata.json
CI(0, 1 | ()) p=0.6959 -> indep=True
CI(0, 2 | ()) p=0.1295 -> indep=True
CI(1, 2 | ()) p=0.2459 -> indep=True
CI(0, 3 | ()) p=0 -> indep=False
CI(1, 3 | ()) p=8.595e-10 -> indep=False
CI(2, 3 | ()) p=0.3248 -> indep=True
CI(0, 4 | ()) p=0 -> indep=False
CI(1, 4 | ()) p=6.289e-10 -> indep=False
CI(2, 4 | ()) p=0.304 -> indep=True
CI(3, 4 | ()) p=0 -> indep=False
CI(0, 5 | ()) p=0 -> indep=False
CI(1, 5 | ()) p=2.17e-07 -> indep=False
CI(2, 5 | ()) p=0.3592 -> indep=True
CI(3, 5 | ()) p=0 -> indep=False
CI(4, 5 | ()) p=0 -> indep=False
CI(0, 3 | (1,)) p=0 -> indep=False
CI(1, 3 | (0,)) p=4.219e-14 -> indep=False
CI(0, 4 | (1,)) p=0 -> indep=False
CI(0, 4 | (3,)) p=7.146e-05 -> indep=False
CI(1, 4 | (0,)) p=4.674e-14 -> indep=False
CI(1, 4 | (3,)) p=0.1497 -> indep=True
CI(3, 4 | (0,)) p=7.445e-08 -> indep=False
CI(0, 5 | (1,)) p=0 -> indep=False
CI(0, 5 | (3,)) p=0.006509 -> indep=False
CI(0, 5 | (4,)) p=0.001913 -> indep=False
CI(1, 5 | (0,)) p=7.367e-13 -> indep=False
CI(1, 5 | (3,)) p=0.2183 -> indep=True
CI(3, 5 | (0,)) p=9.496e-06 -> indep=False
CI(3, 5 | (4,)) p=1.483e-05 -> indep=False
CI(4, 5 | (0,)) p=1.034e-05 -> indep=False
CI(4, 5 | (3,)) p=3.197e-05 -> indep=False
CI(0, 5 | (3, 4)) p=0.05805 -> indep=True
Saved adjacency matrix to outputs/experiments/electrical_circuit_gated_mlp_align_observable_state/1/learned_graph_adj.npy
CI(0, 1 | ()) p=0.5235 -> indep=True
CI(0, 2 | ()) p=0.07306 -> indep=True
CI(1, 2 | ()) p=0.5525 -> indep=True
CI(0, 3 | ()) p=0 -> indep=False
CI(1, 3 | ()) p=0 -> indep=False
CI(2, 3 | ()) p=0.3946 -> indep=True
CI(0, 4 | ()) p=0 -> indep=False
CI(1, 4 | ()) p=1.221e-14 -> indep=False
CI(2, 4 | ()) p=0.3665 -> indep=True
CI(3, 4 | ()) p=0 -> indep=False
CI(0, 5 | ()) p=0 -> indep=False
CI(1, 5 | ()) p=1.215e-11 -> indep=False
CI(2, 5 | ()) p=0.05136 -> indep=True
CI(3, 5 | ()) p=0 -> indep=False
CI(4, 5 | ()) p=0 -> indep=False
CI(0, 3 | (1,)) p=0 -> indep=False
CI(1, 3 | (0,)) p=7.772e-16 -> indep=False
CI(0, 4 | (1,)) p=0 -> indep=False
CI(0, 4 | (3,)) p=0.1802 -> indep=True
CI(1, 4 | (3,)) p=0.9389 -> indep=True
CI(0, 5 | (1,)) p=0 -> indep=False
CI(0, 5 | (3,)) p=0.4176 -> indep=True
CI(1, 5 | (3,)) p=0.8942 -> indep=True
CI(3, 5 | (4,)) p=0.2684 -> indep=True
Saved metrics to outputs/experiments/electrical_circuit_gated_mlp_align_observable_state/1/performance_metrics.json
Saved baseline metrics to outputs/experiments/electrical_circuit_gated_mlp_align_observable_state/1/baseline_performance_metrics.json
Saved PAG-vs-PAG metrics to outputs/experiments/electrical_circuit_gated_mlp_align_observable_state/1/pag_vs_pag_metrics.json
Found 4 differences:
  1. Wrong orientation: 0 --- 3 (DAG: directed_ij, PAG: bidirected)
  2. Extra: 0 --- 4 (PAG: bidirected)
  3. Missing: 2 --- 5 (DAG: directed_ij)
  4. Extra: 3 --- 5 (PAG: directed_ij)
Found 1 partial orientation differences:
  1. Partial orientation: 1 --- 3 (DAG: directed_ij, PAG: partial_ij)
Saved edge comparison details to outputs/experiments/electrical_circuit_gated_mlp_align_observable_state/1/edge_comparison.txt
Found 1 differences:
  1. Missing: 2 --- 5 (DAG: directed_ij)
Found 2 partial orientation differences:
  1. Partial orientation: 0 --- 3 (DAG: directed_ij, PAG: partial_ij)
  2. Partial orientation: 1 --- 3 (DAG: directed_ij, PAG: partial_ij)
Saved baseline edge comparison details to outputs/experiments/electrical_circuit_gated_mlp_align_observable_state/1/edge_comparison_baseline.txt
Found 2 differences:
  1. Extra: 0 --- 4 (PAG: bidirected)
  2. Extra: 3 --- 5 (PAG: directed_ij)
Found 1 partial orientation differences:
  1. Partial orientation: 0 --- 3 (Reference PAG: partial_ij, PAG: bidirected)
Saved PAG-vs-PAG edge comparison details to outputs/experiments/electrical_circuit_gated_mlp_align_observable_state/1/edge_comparison_pag_vs_pag.txt
Saved figure to outputs/experiments/electrical_circuit_gated_mlp_align_observable_state/1/pag_vs_dag.png
Saved baseline figure to outputs/experiments/electrical_circuit_gated_mlp_align_observable_state/1/baseline_pag_vs_dag.png
Saved combined DAG comparison to outputs/experiments/electrical_circuit_gated_mlp_align_observable_state/1/pags_vs_dag.png
Saved PAG-vs-PAG figure to outputs/experiments/electrical_circuit_gated_mlp_align_observable_state/1/pag_vs_pag.png
Saved adjacency matrix to outputs/experiments/electrical_circuit_gated_mlp_align_observable_state/1/learned_graph_adj.npy
Saved baseline adjacency matrix to outputs/experiments/electrical_circuit_gated_mlp_align_observable_state/1/baseline_graph_adj.npy
