=== [Causal Discovery] Fold 5 (5/5) ===
Step: load extraction data
Loading extraction data from: outputs/experiments/layered_sparse_linear_sem_nodes_10_shallow_mlp_align/5/alignment_results.csv
Step: prepare ground-truth data
Running sample_150__baseline_150
Saved metadata to outputs/experiments/layered_sparse_linear_sem_nodes_10_shallow_mlp_align/5/metadata.json
Test:  CI( 0 , 1 | () ) = 0.056282582589865626
Test:  CI( 0 , 2 | () ) = 0.27130809646908904
Test:  CI( 1 , 2 | () ) = 0.5585340478203651
Test:  CI( 0 , 3 | () ) = 0.9317629991729512
Test:  CI( 1 , 3 | () ) = 0.3622895733518967
Test:  CI( 2 , 3 | () ) = 0.385724529400038
Test:  CI( 0 , 4 | () ) = 0.0
Test:  CI( 1 , 4 | () ) = 0.003549533468087507
Test:  CI( 2 , 4 | () ) = 0.1697354636608268
Test:  CI( 3 , 4 | () ) = 0.6454747106512557
Test:  CI( 0 , 5 | () ) = 4.420397381466046e-11
Test:  CI( 1 , 5 | () ) = 2.049471703458039e-13
Test:  CI( 2 , 5 | () ) = 0.45902056973884076
Test:  CI( 3 , 5 | () ) = 0.6706290794587271
Test:  CI( 4 , 5 | () ) = 0.0
Test:  CI( 0 , 6 | () ) = 3.9167979082321835e-08
Test:  CI( 1 , 6 | () ) = 1.386222063803899e-07
Test:  CI( 2 , 6 | () ) = 0.0005460353127324513
Test:  CI( 3 , 6 | () ) = 0.00040173984335023505
Test:  CI( 4 , 6 | () ) = 0.0
Test:  CI( 5 , 6 | () ) = 0.0
Test:  CI( 0 , 7 | () ) = 0.0
Test:  CI( 1 , 7 | () ) = 0.2073288186405149
Test:  CI( 2 , 7 | () ) = 0.23377576755380258
Test:  CI( 3 , 7 | () ) = 0.7190672429299199
Test:  CI( 4 , 7 | () ) = 0.0
Test:  CI( 5 , 7 | () ) = 0.0
Test:  CI( 6 , 7 | () ) = 0.0
Test:  CI( 0 , 8 | () ) = 1.763322821091151e-11
Test:  CI( 1 , 8 | () ) = 4.658216035124951e-10
Test:  CI( 2 , 8 | () ) = 2.6781043716006536e-07
Test:  CI( 3 , 8 | () ) = 0.5137393348633257
Test:  CI( 4 , 8 | () ) = 0.0
Test:  CI( 5 , 8 | () ) = 0.0
Test:  CI( 6 , 8 | () ) = 0.0
Test:  CI( 7 , 8 | () ) = 0.0
Test:  CI( 0 , 9 | () ) = 5.583118749541427e-06
Test:  CI( 1 , 9 | () ) = 5.136095667035434e-05
Test:  CI( 2 , 9 | () ) = 0.0009155644340590463
Test:  CI( 3 , 9 | () ) = 1.0658141036401503e-14
Test:  CI( 4 , 9 | () ) = 0.0
Test:  CI( 5 , 9 | () ) = 0.0
Test:  CI( 6 , 9 | () ) = 0.0
Test:  CI( 7 , 9 | () ) = 4.034550471487819e-13
Test:  CI( 8 , 9 | () ) = 1.27675647831893e-13
Test:  CI( 0 , 4 | (1,) ) = 0.0
Test:  CI( 1 , 4 | (0,) ) = 3.552713678800501e-15
Test:  CI( 0 , 5 | (1,) ) = 0.0
Test:  CI( 0 , 5 | (4,) ) = 5.8771820521386076e-08
Test:  CI( 1 , 5 | (0,) ) = 0.0
Test:  CI( 1 , 5 | (4,) ) = 0.0
Test:  CI( 4 , 5 | (0,) ) = 0.0
Test:  CI( 4 , 5 | (1,) ) = 0.0
Test:  CI( 0 , 6 | (1,) ) = 2.275957200481571e-13
Test:  CI( 0 , 6 | (2,) ) = 7.152811676292004e-10
Test:  CI( 0 , 6 | (3,) ) = 1.0927870608412604e-08
Test:  CI( 0 , 6 | (4,) ) = 0.00046488411619027836
Test:  CI( 0 , 6 | (5,) ) = 0.8440729434622614
Test:  CI( 1 , 6 | (2,) ) = 1.1781327313720169e-07
Test:  CI( 1 , 6 | (3,) ) = 4.711393053469237e-09
Test:  CI( 1 , 6 | (4,) ) = 8.450893046907382e-06
Test:  CI( 1 , 6 | (5,) ) = 0.21809205847934598
Test:  CI( 2 , 6 | (3,) ) = 0.0008569032149152722
Test:  CI( 2 , 6 | (4,) ) = 1.0010881013045037e-11
Test:  CI( 2 , 6 | (5,) ) = 0.0
Test:  CI( 3 , 6 | (2,) ) = 0.0006312492277034121
Test:  CI( 3 , 6 | (4,) ) = 3.848861364064149e-06
Test:  CI( 3 , 6 | (5,) ) = 1.3322676295501878e-15
Test:  CI( 4 , 6 | (2,) ) = 0.0
Test:  CI( 4 , 6 | (3,) ) = 0.0
Test:  CI( 4 , 6 | (5,) ) = 0.6617060004985329
Test:  CI( 5 , 6 | (2,) ) = 0.0
Test:  CI( 5 , 6 | (3,) ) = 0.0
Test:  CI( 0 , 7 | (4,) ) = 0.0
Test:  CI( 0 , 7 | (5,) ) = 0.0
Test:  CI( 0 , 7 | (6,) ) = 0.0
Test:  CI( 4 , 7 | (0,) ) = 0.0
Test:  CI( 4 , 7 | (5,) ) = 0.0
Test:  CI( 4 , 7 | (6,) ) = 0.0
Test:  CI( 5 , 7 | (0,) ) = 0.0
Test:  CI( 5 , 7 | (4,) ) = 2.8071064130719137e-05
Test:  CI( 5 , 7 | (6,) ) = 2.7753577214184588e-11
Test:  CI( 6 , 7 | (0,) ) = 0.0
Test:  CI( 6 , 7 | (4,) ) = 0.004569334239919787
Test:  CI( 6 , 7 | (5,) ) = 0.7713210105702974
Test:  CI( 0 , 8 | (1,) ) = 0.0
Test:  CI( 0 , 8 | (2,) ) = 7.829514814261529e-12
Test:  CI( 0 , 8 | (4,) ) = 5.061805531814123e-05
Test:  CI( 0 , 8 | (5,) ) = 0.10642415558106277
Test:  CI( 1 , 8 | (2,) ) = 3.7636560534792807e-13
Test:  CI( 1 , 8 | (4,) ) = 8.074008128744481e-11
Test:  CI( 1 , 8 | (5,) ) = 0.19704309855809687
Test:  CI( 2 , 8 | (4,) ) = 1.575184427338172e-12
Test:  CI( 2 , 8 | (5,) ) = 0.0
Test:  CI( 2 , 8 | (6,) ) = 0.0
Test:  CI( 2 , 8 | (7,) ) = 2.3021873296613649e-10
Test:  CI( 4 , 8 | (2,) ) = 0.0
Test:  CI( 4 , 8 | (5,) ) = 0.0591072408097042
Test:  CI( 5 , 8 | (2,) ) = 0.0
Test:  CI( 5 , 8 | (6,) ) = 0.0
Test:  CI( 5 , 8 | (7,) ) = 0.0
Test:  CI( 6 , 8 | (2,) ) = 0.0
Test:  CI( 6 , 8 | (5,) ) = 0.0
Test:  CI( 6 , 8 | (7,) ) = 6.463002140133511e-07
Test:  CI( 7 , 8 | (2,) ) = 0.0
Test:  CI( 7 , 8 | (5,) ) = 0.09687998128042574
Test:  CI( 0 , 9 | (1,) ) = 1.5531267827384454e-08
Test:  CI( 0 , 9 | (2,) ) = 3.5370058504291535e-07
Test:  CI( 0 , 9 | (3,) ) = 3.1231644159746e-08
Test:  CI( 0 , 9 | (4,) ) = 0.010550778708549924
Test:  CI( 1 , 9 | (2,) ) = 5.722268958718857e-05
Test:  CI( 1 , 9 | (3,) ) = 9.51549172789612e-09
Test:  CI( 1 , 9 | (4,) ) = 0.004228414327977381
Test:  CI( 1 , 9 | (5,) ) = 0.24869402775907012
Test:  CI( 2 , 9 | (3,) ) = 0.0006499238803179264
Test:  CI( 2 , 9 | (4,) ) = 6.56762693118651e-08
Test:  CI( 2 , 9 | (5,) ) = 1.838975438595014e-08
Test:  CI( 2 , 9 | (6,) ) = 0.8662360524912485
Test:  CI( 3 , 9 | (4,) ) = 0.0
Test:  CI( 3 , 9 | (5,) ) = 0.0
Test:  CI( 3 , 9 | (6,) ) = 0.0
Test:  CI( 3 , 9 | (7,) ) = 0.0
Test:  CI( 3 , 9 | (8,) ) = 0.0
Test:  CI( 4 , 9 | (3,) ) = 0.0
Test:  CI( 4 , 9 | (5,) ) = 0.6255780956534651
Test:  CI( 5 , 9 | (8,) ) = 0.0
Test:  CI( 5 , 9 | (3,) ) = 0.0
Test:  CI( 5 , 9 | (6,) ) = 5.52891066263328e-13
Test:  CI( 5 , 9 | (7,) ) = 5.129230373768223e-13
Test:  CI( 6 , 9 | (8,) ) = 0.0
Test:  CI( 6 , 9 | (3,) ) = 0.0
Test:  CI( 6 , 9 | (5,) ) = 0.0
Test:  CI( 6 , 9 | (7,) ) = 0.0
Test:  CI( 7 , 9 | (8,) ) = 0.0026855394238891606
Test:  CI( 7 , 9 | (3,) ) = 0.0
Test:  CI( 7 , 9 | (5,) ) = 0.6920803739281141
Test:  CI( 8 , 9 | (3,) ) = 0.0
Test:  CI( 8 , 9 | (5,) ) = 4.0311043392193824e-08
Test:  CI( 8 , 9 | (6,) ) = 8.246881574969223e-06
Test:  CI( 0 , 5 | (1, 4) ) = 0.19682585805115171
Test:  CI( 1 , 5 | (0, 4) ) = 6.306066779870889e-13
Test:  CI( 4 , 5 | (0, 1) ) = 0.0
Test:  CI( 3 , 6 | (2, 5) ) = 0.0
Test:  CI( 5 , 7 | (0, 4) ) = 0.08902851899483877
Test:  CI( 6 , 8 | (2, 5) ) = 0.2400778383680655
Test:  CI( 3 , 9 | (5, 6) ) = 0.0
Test:  CI( 3 , 9 | (1, 5) ) = 0.0
Test:  CI( 3 , 9 | (4, 5) ) = 0.0
Test:  CI( 6 , 9 | (1, 5) ) = 0.0
Test:  CI( 6 , 9 | (4, 5) ) = 0.0
Test:  CI( 8 , 9 | (5, 6) ) = 2.1309212394626798e-08
Test:  CI( 8 , 9 | (1, 5) ) = 1.29248254321368e-08
Test:  CI( 8 , 9 | (4, 5) ) = 1.63721620705104e-08
Saved adjacency matrix to outputs/experiments/layered_sparse_linear_sem_nodes_10_shallow_mlp_align/5/learned_graph_adj.npy
Test:  CI( 0 , 1 | () ) = 0.06861577618195325
Test:  CI( 0 , 2 | () ) = 0.8042824377969224
Test:  CI( 1 , 2 | () ) = 0.7553982686809706
Test:  CI( 0 , 3 | () ) = 0.822026656881085
Test:  CI( 1 , 3 | () ) = 0.6992311557106836
Test:  CI( 2 , 3 | () ) = 0.4170342398151994
Test:  CI( 0 , 4 | () ) = 0.0
Test:  CI( 1 , 4 | () ) = 5.845013362204554e-11
Test:  CI( 2 , 4 | () ) = 0.9154409101189649
Test:  CI( 3 , 4 | () ) = 0.48185833784203247
Test:  CI( 0 , 5 | () ) = 4.218847493575595e-15
Test:  CI( 1 , 5 | () ) = 0.0
Test:  CI( 2 , 5 | () ) = 0.6280709351103284
Test:  CI( 3 , 5 | () ) = 0.7317848516485101
Test:  CI( 4 , 5 | () ) = 0.0
Test:  CI( 0 , 6 | () ) = 2.2729107485019995e-10
Test:  CI( 1 , 6 | () ) = 0.0
Test:  CI( 2 , 6 | () ) = 0.0011435029565174393
Test:  CI( 3 , 6 | () ) = 0.00010074348047339754
Test:  CI( 4 , 6 | () ) = 0.0
Test:  CI( 5 , 6 | () ) = 0.0
Test:  CI( 0 , 7 | () ) = 0.0
Test:  CI( 1 , 7 | () ) = 5.076409812510008e-07
Test:  CI( 2 , 7 | () ) = 0.798939230923505
Test:  CI( 3 , 7 | () ) = 0.7794325565926221
Test:  CI( 4 , 7 | () ) = 0.0
Test:  CI( 5 , 7 | () ) = 0.0
Test:  CI( 6 , 7 | () ) = 0.0
Test:  CI( 0 , 8 | () ) = 1.01045838363234e-11
Test:  CI( 1 , 8 | () ) = 0.0
Test:  CI( 2 , 8 | () ) = 0.00016984394950037007
Test:  CI( 3 , 8 | () ) = 0.8352874576414142
Test:  CI( 4 , 8 | () ) = 0.0
Test:  CI( 5 , 8 | () ) = 0.0
Test:  CI( 6 , 8 | () ) = 0.0
Test:  CI( 7 , 8 | () ) = 0.0
Test:  CI( 0 , 9 | () ) = 6.330158404121988e-07
Test:  CI( 1 , 9 | () ) = 1.5657253271683658e-11
Test:  CI( 2 , 9 | () ) = 0.029933682293486807
Test:  CI( 3 , 9 | () ) = 2.9753977059954195e-14
Test:  CI( 4 , 9 | () ) = 4.440892098500626e-16
Test:  CI( 5 , 9 | () ) = 0.0
Test:  CI( 6 , 9 | () ) = 0.0
Test:  CI( 7 , 9 | () ) = 1.4487102628635284e-09
Test:  CI( 8 , 9 | () ) = 1.1546319456101628e-14
Test:  CI( 0 , 4 | (1,) ) = 0.0
Test:  CI( 1 , 4 | (0,) ) = 0.0
Test:  CI( 0 , 5 | (1,) ) = 0.0
Test:  CI( 0 , 5 | (4,) ) = 0.0017932292753803925
Test:  CI( 1 , 5 | (0,) ) = 0.0
Test:  CI( 1 , 5 | (4,) ) = 0.0
Test:  CI( 4 , 5 | (0,) ) = 0.0
Test:  CI( 4 , 5 | (1,) ) = 0.0
Test:  CI( 0 , 6 | (1,) ) = 2.2473800598277194e-11
Test:  CI( 0 , 6 | (2,) ) = 2.276712152138316e-11
Test:  CI( 0 , 6 | (3,) ) = 3.5667691022922554e-11
Test:  CI( 0 , 6 | (4,) ) = 0.012109086067613406
Test:  CI( 1 , 6 | (2,) ) = 0.0
Test:  CI( 1 , 6 | (3,) ) = 0.0
Test:  CI( 1 , 6 | (4,) ) = 2.5007382831176983e-09
Test:  CI( 1 , 6 | (5,) ) = 0.6827024748509654
Test:  CI( 2 , 6 | (3,) ) = 0.00020361256140155604
Test:  CI( 2 , 6 | (4,) ) = 2.629449674440565e-06
Test:  CI( 2 , 6 | (5,) ) = 2.0037238535053348e-10
Test:  CI( 3 , 6 | (2,) ) = 1.8454754547647667e-05
Test:  CI( 3 , 6 | (4,) ) = 6.899201869803306e-07
Test:  CI( 3 , 6 | (5,) ) = 0.0
Test:  CI( 4 , 6 | (2,) ) = 0.0
Test:  CI( 4 , 6 | (3,) ) = 0.0
Test:  CI( 4 , 6 | (5,) ) = 0.5027272060008443
Test:  CI( 5 , 6 | (2,) ) = 0.0
Test:  CI( 5 , 6 | (3,) ) = 0.0
Test:  CI( 0 , 7 | (1,) ) = 0.0
Test:  CI( 0 , 7 | (4,) ) = 5.185189209111485e-06
Test:  CI( 0 , 7 | (5,) ) = 0.0
Test:  CI( 0 , 7 | (6,) ) = 0.0
Test:  CI( 1 , 7 | (0,) ) = 4.299324896095413e-09
Test:  CI( 1 , 7 | (4,) ) = 0.40747890536145803
Test:  CI( 4 , 7 | (0,) ) = 0.0
Test:  CI( 4 , 7 | (5,) ) = 0.0
Test:  CI( 4 , 7 | (6,) ) = 0.0
Test:  CI( 5 , 7 | (0,) ) = 1.896416357283215e-11
Test:  CI( 5 , 7 | (4,) ) = 0.597499781214601
Test:  CI( 6 , 7 | (0,) ) = 1.9859505950847733e-07
Test:  CI( 6 , 7 | (4,) ) = 0.43464956618480577
Test:  CI( 0 , 8 | (1,) ) = 1.6275869541004795e-13
Test:  CI( 0 , 8 | (2,) ) = 1.3928858066947214e-12
Test:  CI( 0 , 8 | (4,) ) = 0.10314110007187294
Test:  CI( 1 , 8 | (2,) ) = 0.0
Test:  CI( 1 , 8 | (4,) ) = 5.425861981933622e-10
Test:  CI( 1 , 8 | (5,) ) = 0.5437597009421287
Test:  CI( 2 , 8 | (4,) ) = 8.546929386454849e-09
Test:  CI( 2 , 8 | (5,) ) = 0.0
Test:  CI( 2 , 8 | (6,) ) = 0.0
Test:  CI( 2 , 8 | (7,) ) = 2.543600504667509e-06
Test:  CI( 4 , 8 | (2,) ) = 0.0
Test:  CI( 4 , 8 | (5,) ) = 0.31007297704513404
Test:  CI( 5 , 8 | (2,) ) = 0.0
Test:  CI( 5 , 8 | (6,) ) = 0.0
Test:  CI( 5 , 8 | (7,) ) = 0.0
Test:  CI( 6 , 8 | (2,) ) = 0.0
Test:  CI( 6 , 8 | (5,) ) = 1.2545179051137723e-07
Test:  CI( 6 , 8 | (7,) ) = 8.412603946794661e-12
Test:  CI( 7 , 8 | (2,) ) = 0.0
Test:  CI( 7 , 8 | (5,) ) = 0.8239443453281681
Test:  CI( 0 , 9 | (1,) ) = 3.128401859342489e-06
Test:  CI( 0 , 9 | (3,) ) = 2.7652351519691365e-09
Test:  CI( 0 , 9 | (4,) ) = 0.09411479884917062
Test:  CI( 1 , 9 | (3,) ) = 4.440892098500626e-16
Test:  CI( 1 , 9 | (4,) ) = 0.0001241664556075328
Test:  CI( 1 , 9 | (5,) ) = 0.8492081222205614
Test:  CI( 3 , 9 | (4,) ) = 0.0
Test:  CI( 3 , 9 | (5,) ) = 0.0
Test:  CI( 3 , 9 | (6,) ) = 0.0
Test:  CI( 3 , 9 | (7,) ) = 0.0
Test:  CI( 3 , 9 | (8,) ) = 0.0
Test:  CI( 4 , 9 | (3,) ) = 0.0
Test:  CI( 4 , 9 | (5,) ) = 0.8145391060205451
Test:  CI( 5 , 9 | (8,) ) = 9.614531393253856e-14
Test:  CI( 5 , 9 | (3,) ) = 0.0
Test:  CI( 5 , 9 | (6,) ) = 3.0023490701580613e-05
Test:  CI( 5 , 9 | (7,) ) = 0.0
Test:  CI( 6 , 9 | (8,) ) = 0.0
Test:  CI( 6 , 9 | (3,) ) = 0.0
Test:  CI( 6 , 9 | (5,) ) = 0.0
Test:  CI( 6 , 9 | (7,) ) = 0.0
Test:  CI( 7 , 9 | (8,) ) = 0.044245798913526535
Test:  CI( 8 , 9 | (3,) ) = 0.0
Test:  CI( 8 , 9 | (5,) ) = 0.011769382564125186
Test:  CI( 0 , 5 | (1, 4) ) = 0.7985103242833032
Test:  CI( 5 , 6 | (2, 3) ) = 0.0
Saved metrics to outputs/experiments/layered_sparse_linear_sem_nodes_10_shallow_mlp_align/5/performance_metrics.json
Saved baseline metrics to outputs/experiments/layered_sparse_linear_sem_nodes_10_shallow_mlp_align/5/baseline_performance_metrics.json
Saved PAG-vs-PAG metrics to outputs/experiments/layered_sparse_linear_sem_nodes_10_shallow_mlp_align/5/pag_vs_pag_metrics.json
Found 5 differences:
  1. Wrong orientation: 3 --- 6 (DAG: directed_ij, PAG: bidirected)
  2. Wrong orientation: 3 --- 9 (DAG: directed_ij, PAG: bidirected)
  3. Wrong orientation: 4 --- 7 (DAG: directed_ij, PAG: bidirected)
  4. Extra: 5 --- 9 (PAG: directed_ij)
  5. Extra: 8 --- 9 (PAG: bidirected)
Found 5 partial orientation differences:
  1. Partial orientation: 0 --- 4 (DAG: directed_ij, PAG: partial_ij)
  2. Partial orientation: 0 --- 7 (DAG: directed_ij, PAG: partial_ij)
  3. Partial orientation: 1 --- 4 (DAG: directed_ij, PAG: partial_ij)
  4. Partial orientation: 2 --- 6 (DAG: directed_ij, PAG: partial_ij)
  5. Partial orientation: 2 --- 8 (DAG: directed_ij, PAG: partial_ij)
Saved edge comparison details to outputs/experiments/layered_sparse_linear_sem_nodes_10_shallow_mlp_align/5/edge_comparison.txt
Found 5 differences:
  1. Wrong orientation: 0 --- 4 (DAG: directed_ij, PAG: bidirected)
  2. Wrong orientation: 0 --- 7 (DAG: directed_ij, PAG: bidirected)
  3. Extra: 5 --- 9 (PAG: directed_ij)
  4. Extra: 6 --- 8 (PAG: bidirected)
  5. Wrong orientation: 6 --- 9 (DAG: directed_ij, PAG: bidirected)
Found 5 partial orientation differences:
  1. Partial orientation: 1 --- 4 (DAG: directed_ij, PAG: partial_ij)
  2. Partial orientation: 2 --- 6 (DAG: directed_ij, PAG: partial_ij)
  3. Partial orientation: 2 --- 8 (DAG: directed_ij, PAG: partial_ij)
  4. Partial orientation: 3 --- 6 (DAG: directed_ij, PAG: partial_ij)
  5. Partial orientation: 3 --- 9 (DAG: directed_ij, PAG: partial_ij)
Saved baseline edge comparison details to outputs/experiments/layered_sparse_linear_sem_nodes_10_shallow_mlp_align/5/edge_comparison_baseline.txt
Found 4 differences:
  1. Wrong orientation: 4 --- 7 (Reference PAG: directed_ij, PAG: bidirected)
  2. Missing: 6 --- 8 (Reference PAG: bidirected)
  3. Wrong orientation: 6 --- 9 (Reference PAG: bidirected, PAG: directed_ij)
  4. Extra: 8 --- 9 (PAG: bidirected)
Found 4 partial orientation differences:
  1. Partial orientation: 0 --- 4 (Reference PAG: bidirected, PAG: partial_ij)
  2. Partial orientation: 0 --- 7 (Reference PAG: bidirected, PAG: partial_ij)
  3. Partial orientation: 3 --- 6 (Reference PAG: partial_ij, PAG: bidirected)
  4. Partial orientation: 3 --- 9 (Reference PAG: partial_ij, PAG: bidirected)
Saved PAG-vs-PAG edge comparison details to outputs/experiments/layered_sparse_linear_sem_nodes_10_shallow_mlp_align/5/edge_comparison_pag_vs_pag.txt
Saved figure to outputs/experiments/layered_sparse_linear_sem_nodes_10_shallow_mlp_align/5/pag_vs_dag.png
Saved baseline figure to outputs/experiments/layered_sparse_linear_sem_nodes_10_shallow_mlp_align/5/baseline_pag_vs_dag.png
Saved combined DAG comparison to outputs/experiments/layered_sparse_linear_sem_nodes_10_shallow_mlp_align/5/pags_vs_dag.png
Saved PAG-vs-PAG figure to outputs/experiments/layered_sparse_linear_sem_nodes_10_shallow_mlp_align/5/pag_vs_pag.png
Saved adjacency matrix to outputs/experiments/layered_sparse_linear_sem_nodes_10_shallow_mlp_align/5/learned_graph_adj.npy
Saved baseline adjacency matrix to outputs/experiments/layered_sparse_linear_sem_nodes_10_shallow_mlp_align/5/baseline_graph_adj.npy
