=== [Train] Fold 2 (2/5) ===
Step: set random seed (3)
Step: build datasets
Step: initialize model
Step: training setup (model=ShallowMLP, profile=shallow, control_mode=epochs, epochs=40, target_updates=None)
Step: training
TrnLoss=0.922 ValLoss=0.742 ValR2=0.228
TrnLoss=0.631 ValLoss=0.462 ValR2=0.519
TrnLoss=0.363 ValLoss=0.261 ValR2=0.728
TrnLoss=0.233 ValLoss=0.207 ValR2=0.785
TrnLoss=0.191 ValLoss=0.176 ValR2=0.817
TrnLoss=0.165 ValLoss=0.158 ValR2=0.835
TrnLoss=0.150 ValLoss=0.150 ValR2=0.844
TrnLoss=0.143 ValLoss=0.145 ValR2=0.849
TrnLoss=0.139 ValLoss=0.141 ValR2=0.854
TrnLoss=0.135 ValLoss=0.138 ValR2=0.857
TrnLoss=0.132 ValLoss=0.136 ValR2=0.859
TrnLoss=0.130 ValLoss=0.134 ValR2=0.860
TrnLoss=0.129 ValLoss=0.133 ValR2=0.861
TrnLoss=0.127 ValLoss=0.132 ValR2=0.863
TrnLoss=0.127 ValLoss=0.132 ValR2=0.863
TrnLoss=0.126 ValLoss=0.131 ValR2=0.864
TrnLoss=0.125 ValLoss=0.130 ValR2=0.864
TrnLoss=0.125 ValLoss=0.130 ValR2=0.865
TrnLoss=0.125 ValLoss=0.130 ValR2=0.865
TrnLoss=0.124 ValLoss=0.130 ValR2=0.865
TrnLoss=0.124 ValLoss=0.129 ValR2=0.866
TrnLoss=0.123 ValLoss=0.129 ValR2=0.866
TrnLoss=0.123 ValLoss=0.129 ValR2=0.866
TrnLoss=0.123 ValLoss=0.129 ValR2=0.866
TrnLoss=0.123 ValLoss=0.128 ValR2=0.867
TrnLoss=0.123 ValLoss=0.129 ValR2=0.866
TrnLoss=0.123 ValLoss=0.129 ValR2=0.866
TrnLoss=0.123 ValLoss=0.128 ValR2=0.867
TrnLoss=0.123 ValLoss=0.128 ValR2=0.867
TrnLoss=0.122 ValLoss=0.128 ValR2=0.867
TrnLoss=0.122 ValLoss=0.128 ValR2=0.867
TrnLoss=0.122 ValLoss=0.128 ValR2=0.867
TrnLoss=0.122 ValLoss=0.128 ValR2=0.867
TrnLoss=0.122 ValLoss=0.128 ValR2=0.867
TrnLoss=0.122 ValLoss=0.128 ValR2=0.867
TrnLoss=0.122 ValLoss=0.127 ValR2=0.867
TrnLoss=0.122 ValLoss=0.128 ValR2=0.867
TrnLoss=0.122 ValLoss=0.127 ValR2=0.868
TrnLoss=0.122 ValLoss=0.127 ValR2=0.868
TrnLoss=0.122 ValLoss=0.127 ValR2=0.868
100%|#############| 40/40 [00:19<00:00,  2.01ep/s]
Step: evaluate test split
