=== [Causal Discovery] Fold 3 (3/5) ===
Step: load extraction data
Loading extraction data from: outputs/experiments/layered_sparse_nonlinear_sem_tabular_mlp_align_observable_state/3/alignment_results.csv
Step: prepare ground-truth data
Running sample_150__baseline_150
Saved metadata to outputs/experiments/layered_sparse_nonlinear_sem_tabular_mlp_align_observable_state/3/metadata.json
CI(0, 1 | ()) p=0.07526 -> indep=True
CI(0, 2 | ()) p=0.0001746 -> indep=False
CI(1, 2 | ()) p=0.8301 -> indep=True
CI(0, 3 | ()) p=0 -> indep=False
CI(1, 3 | ()) p=0.05852 -> indep=True
CI(2, 3 | ()) p=9.871e-06 -> indep=False
CI(0, 4 | ()) p=3.733e-08 -> indep=False
CI(1, 4 | ()) p=1.562e-07 -> indep=False
CI(2, 4 | ()) p=0 -> indep=False
CI(3, 4 | ()) p=0.01558 -> indep=True
CI(0, 5 | ()) p=0.705 -> indep=True
CI(1, 5 | ()) p=0 -> indep=False
CI(2, 5 | ()) p=5.884e-15 -> indep=False
CI(3, 5 | ()) p=6.428e-08 -> indep=False
CI(4, 5 | ()) p=0.6383 -> indep=True
CI(0, 3 | (2,)) p=0 -> indep=False
CI(2, 3 | (0,)) p=0 -> indep=False
CI(0, 4 | (1,)) p=1.288e-07 -> indep=False
CI(0, 4 | (2,)) p=0.0006205 -> indep=False
CI(1, 4 | (0,)) p=3.578e-07 -> indep=False
CI(1, 4 | (2,)) p=0 -> indep=False
CI(2, 4 | (0,)) p=0 -> indep=False
CI(2, 4 | (1,)) p=0 -> indep=False
CI(1, 5 | (2,)) p=0 -> indep=False
CI(1, 5 | (3,)) p=0 -> indep=False
CI(2, 5 | (1,)) p=0 -> indep=False
CI(2, 5 | (3,)) p=2.459e-08 -> indep=False
CI(3, 5 | (1,)) p=2.601e-07 -> indep=False
CI(3, 5 | (2,)) p=0.0004686 -> indep=False
Saved adjacency matrix to outputs/experiments/layered_sparse_nonlinear_sem_tabular_mlp_align_observable_state/3/learned_graph_adj.npy
CI(0, 1 | ()) p=0.8781 -> indep=True
CI(0, 2 | ()) p=6.704e-11 -> indep=False
CI(1, 2 | ()) p=0.02191 -> indep=True
CI(0, 3 | ()) p=0.1761 -> indep=True
CI(1, 3 | ()) p=0.2984 -> indep=True
CI(2, 3 | ()) p=0.3529 -> indep=True
CI(0, 4 | ()) p=0.07238 -> indep=True
CI(1, 4 | ()) p=0.1242 -> indep=True
CI(2, 4 | ()) p=7.228e-06 -> indep=False
CI(3, 4 | ()) p=0.8616 -> indep=True
CI(0, 5 | ()) p=0.06678 -> indep=True
CI(1, 5 | ()) p=1.32e-05 -> indep=False
CI(2, 5 | ()) p=8.403e-08 -> indep=False
CI(3, 5 | ()) p=0.09234 -> indep=True
CI(4, 5 | ()) p=0.5661 -> indep=True
CI(1, 5 | (2,)) p=1.316e-05 -> indep=False
CI(2, 5 | (1,)) p=2.412e-06 -> indep=False
Saved metrics to outputs/experiments/layered_sparse_nonlinear_sem_tabular_mlp_align_observable_state/3/performance_metrics.json
Saved baseline metrics to outputs/experiments/layered_sparse_nonlinear_sem_tabular_mlp_align_observable_state/3/baseline_performance_metrics.json
Saved PAG-vs-PAG metrics to outputs/experiments/layered_sparse_nonlinear_sem_tabular_mlp_align_observable_state/3/pag_vs_pag_metrics.json
Found 9 differences:
  1. Wrong orientation: 0 --- 3 (DAG: directed_ij, PAG: bidirected)
  2. Extra: 0 --- 4 (PAG: bidirected)
  3. Missing: 1 --- 2 (DAG: directed_ij)
  4. Wrong orientation: 1 --- 4 (DAG: directed_ij, PAG: bidirected)
  5. Wrong orientation: 1 --- 5 (DAG: directed_ij, PAG: bidirected)
  6. Wrong orientation: 2 --- 3 (DAG: directed_ij, PAG: bidirected)
  7. Wrong orientation: 2 --- 4 (DAG: directed_ij, PAG: bidirected)
  8. Wrong orientation: 2 --- 5 (DAG: directed_ij, PAG: bidirected)
  9. Extra: 3 --- 5 (PAG: bidirected)
Found 1 partial orientation differences:
  1. Partial orientation: 0 --- 2 (DAG: directed_ij, PAG: partial_ij)
Saved edge comparison details to outputs/experiments/layered_sparse_nonlinear_sem_tabular_mlp_align_observable_state/3/edge_comparison.txt
Found 6 differences:
  1. Missing: 0 --- 3 (DAG: directed_ij)
  2. Missing: 1 --- 2 (DAG: directed_ij)
  3. Missing: 1 --- 4 (DAG: directed_ij)
  4. Missing: 2 --- 3 (DAG: directed_ij)
  5. Wrong orientation: 2 --- 4 (DAG: directed_ij, PAG: bidirected)
  6. Wrong orientation: 2 --- 5 (DAG: directed_ij, PAG: bidirected)
Found 2 partial orientation differences:
  1. Partial orientation: 0 --- 2 (DAG: directed_ij, PAG: partial_ij)
  2. Partial orientation: 1 --- 5 (DAG: directed_ij, PAG: partial_ij)
Saved baseline edge comparison details to outputs/experiments/layered_sparse_nonlinear_sem_tabular_mlp_align_observable_state/3/edge_comparison_baseline.txt
Found 5 differences:
  1. Extra: 0 --- 3 (PAG: bidirected)
  2. Extra: 0 --- 4 (PAG: bidirected)
  3. Extra: 1 --- 4 (PAG: bidirected)
  4. Extra: 2 --- 3 (PAG: bidirected)
  5. Extra: 3 --- 5 (PAG: bidirected)
Found 1 partial orientation differences:
  1. Partial orientation: 1 --- 5 (Reference PAG: partial_ij, PAG: bidirected)
Saved PAG-vs-PAG edge comparison details to outputs/experiments/layered_sparse_nonlinear_sem_tabular_mlp_align_observable_state/3/edge_comparison_pag_vs_pag.txt
Saved figure to outputs/experiments/layered_sparse_nonlinear_sem_tabular_mlp_align_observable_state/3/pag_vs_dag.png
Saved baseline figure to outputs/experiments/layered_sparse_nonlinear_sem_tabular_mlp_align_observable_state/3/baseline_pag_vs_dag.png
Saved combined DAG comparison to outputs/experiments/layered_sparse_nonlinear_sem_tabular_mlp_align_observable_state/3/pags_vs_dag.png
Saved PAG-vs-PAG figure to outputs/experiments/layered_sparse_nonlinear_sem_tabular_mlp_align_observable_state/3/pag_vs_pag.png
Saved adjacency matrix to outputs/experiments/layered_sparse_nonlinear_sem_tabular_mlp_align_observable_state/3/learned_graph_adj.npy
Saved baseline adjacency matrix to outputs/experiments/layered_sparse_nonlinear_sem_tabular_mlp_align_observable_state/3/baseline_graph_adj.npy
