=== [Causal Discovery] Fold 5 (5/5) ===
Step: load extraction data
Loading extraction data from: outputs/experiments/electrical_circuit_sample_1000_shallow_mlp_align_observable_state/5/alignment_results.csv
Step: prepare ground-truth data
Running sample_1000__baseline_1000
Saved metadata to outputs/experiments/electrical_circuit_sample_1000_shallow_mlp_align_observable_state/5/metadata.json
CI(0, 1 | ()) p=0.2532 -> indep=True
CI(0, 2 | ()) p=0.2304 -> indep=True
CI(1, 2 | ()) p=0.2981 -> indep=True
CI(0, 3 | ()) p=0 -> indep=False
CI(1, 3 | ()) p=0 -> indep=False
CI(2, 3 | ()) p=0.01187 -> indep=True
CI(0, 4 | ()) p=0 -> indep=False
CI(1, 4 | ()) p=0 -> indep=False
CI(2, 4 | ()) p=0.001525 -> indep=False
CI(3, 4 | ()) p=0 -> indep=False
CI(0, 5 | ()) p=0 -> indep=False
CI(1, 5 | ()) p=0 -> indep=False
CI(2, 5 | ()) p=0 -> indep=False
CI(3, 5 | ()) p=0 -> indep=False
CI(4, 5 | ()) p=0 -> indep=False
CI(0, 3 | (1,)) p=0 -> indep=False
CI(1, 3 | (0,)) p=0 -> indep=False
CI(0, 4 | (1,)) p=0 -> indep=False
CI(0, 4 | (2,)) p=0 -> indep=False
CI(0, 4 | (3,)) p=5.273e-08 -> indep=False
CI(1, 4 | (0,)) p=0 -> indep=False
CI(1, 4 | (2,)) p=0 -> indep=False
CI(1, 4 | (3,)) p=3.22e-15 -> indep=False
CI(2, 4 | (0,)) p=0.008178 -> indep=False
CI(2, 4 | (1,)) p=0.009879 -> indep=False
CI(2, 4 | (3,)) p=0 -> indep=False
CI(3, 4 | (0,)) p=0 -> indep=False
CI(3, 4 | (1,)) p=0 -> indep=False
CI(3, 4 | (2,)) p=0 -> indep=False
CI(0, 5 | (1,)) p=0 -> indep=False
CI(0, 5 | (2,)) p=0 -> indep=False
CI(0, 5 | (3,)) p=0.01745 -> indep=True
CI(1, 5 | (2,)) p=0 -> indep=False
CI(1, 5 | (3,)) p=0.2148 -> indep=True
CI(2, 5 | (3,)) p=0 -> indep=False
CI(2, 5 | (4,)) p=0 -> indep=False
CI(3, 5 | (2,)) p=0 -> indep=False
CI(3, 5 | (4,)) p=3.237e-13 -> indep=False
CI(4, 5 | (2,)) p=0 -> indep=False
CI(4, 5 | (3,)) p=5.884e-15 -> indep=False
CI(0, 4 | (1, 2)) p=0 -> indep=False
CI(0, 4 | (1, 3)) p=0 -> indep=False
CI(0, 4 | (2, 3)) p=9.101e-12 -> indep=False
CI(1, 4 | (0, 2)) p=0 -> indep=False
CI(1, 4 | (0, 3)) p=7.772e-16 -> indep=False
CI(1, 4 | (2, 3)) p=2.22e-16 -> indep=False
CI(2, 4 | (0, 1)) p=0 -> indep=False
CI(2, 4 | (0, 3)) p=0 -> indep=False
CI(2, 4 | (1, 3)) p=0 -> indep=False
CI(3, 4 | (0, 1)) p=0 -> indep=False
CI(3, 4 | (0, 2)) p=0 -> indep=False
CI(3, 4 | (1, 2)) p=0 -> indep=False
CI(4, 5 | (2, 3)) p=0 -> indep=False
CI(0, 4 | (1, 2, 3)) p=0 -> indep=False
CI(1, 4 | (0, 2, 3)) p=3.331e-16 -> indep=False
CI(2, 4 | (0, 1, 3)) p=0 -> indep=False
CI(3, 4 | (0, 1, 2)) p=0 -> indep=False
Saved adjacency matrix to outputs/experiments/electrical_circuit_sample_1000_shallow_mlp_align_observable_state/5/learned_graph_adj.npy
CI(0, 1 | ()) p=0.2754 -> indep=True
CI(0, 2 | ()) p=0.5647 -> indep=True
CI(1, 2 | ()) p=0.6152 -> indep=True
CI(0, 3 | ()) p=0 -> indep=False
CI(1, 3 | ()) p=0 -> indep=False
CI(2, 3 | ()) p=0.5848 -> indep=True
CI(0, 4 | ()) p=0 -> indep=False
CI(1, 4 | ()) p=0 -> indep=False
CI(2, 4 | ()) p=0.333 -> indep=True
CI(3, 4 | ()) p=0 -> indep=False
CI(0, 5 | ()) p=0 -> indep=False
CI(1, 5 | ()) p=0 -> indep=False
CI(2, 5 | ()) p=0 -> indep=False
CI(3, 5 | ()) p=0 -> indep=False
CI(4, 5 | ()) p=0 -> indep=False
CI(0, 3 | (1,)) p=0 -> indep=False
CI(1, 3 | (0,)) p=0 -> indep=False
CI(0, 4 | (1,)) p=0 -> indep=False
CI(0, 4 | (3,)) p=0.8781 -> indep=True
CI(1, 4 | (3,)) p=0.05606 -> indep=True
CI(0, 5 | (1,)) p=0 -> indep=False
CI(0, 5 | (2,)) p=0 -> indep=False
CI(0, 5 | (3,)) p=0.8546 -> indep=True
CI(1, 5 | (2,)) p=0 -> indep=False
CI(1, 5 | (3,)) p=0.3206 -> indep=True
CI(2, 5 | (3,)) p=0 -> indep=False
CI(2, 5 | (4,)) p=0 -> indep=False
CI(3, 5 | (2,)) p=0 -> indep=False
CI(3, 5 | (4,)) p=0.3831 -> indep=True
CI(4, 5 | (2,)) p=0 -> indep=False
Saved metrics to outputs/experiments/electrical_circuit_sample_1000_shallow_mlp_align_observable_state/5/performance_metrics.json
Saved baseline metrics to outputs/experiments/electrical_circuit_sample_1000_shallow_mlp_align_observable_state/5/baseline_performance_metrics.json
Saved PAG-vs-PAG metrics to outputs/experiments/electrical_circuit_sample_1000_shallow_mlp_align_observable_state/5/pag_vs_pag_metrics.json
Found 5 differences:
  1. Extra: 0 --- 4 (PAG: partial_ij)
  2. Extra: 1 --- 4 (PAG: partial_ij)
  3. Extra: 2 --- 4 (PAG: partial_ij)
  4. Extra: 3 --- 5 (PAG: directed_ij)
  5. Wrong orientation: 4 --- 5 (DAG: directed_ij, PAG: bidirected)
Found 4 partial orientation differences:
  1. Partial orientation: 0 --- 3 (DAG: directed_ij, PAG: partial_ij)
  2. Partial orientation: 1 --- 3 (DAG: directed_ij, PAG: partial_ij)
  3. Partial orientation: 2 --- 5 (DAG: directed_ij, PAG: partial_ij)
  4. Partial orientation: 3 --- 4 (DAG: directed_ij, PAG: partial_ij)
Saved edge comparison details to outputs/experiments/electrical_circuit_sample_1000_shallow_mlp_align_observable_state/5/edge_comparison.txt
No differences found - graphs match perfectly!
Found 3 partial orientation differences:
  1. Partial orientation: 0 --- 3 (DAG: directed_ij, PAG: partial_ij)
  2. Partial orientation: 1 --- 3 (DAG: directed_ij, PAG: partial_ij)
  3. Partial orientation: 2 --- 5 (DAG: directed_ij, PAG: partial_ij)
Saved baseline edge comparison details to outputs/experiments/electrical_circuit_sample_1000_shallow_mlp_align_observable_state/5/edge_comparison_baseline.txt
Found 5 differences:
  1. Extra: 0 --- 4 (PAG: partial_ij)
  2. Extra: 1 --- 4 (PAG: partial_ij)
  3. Extra: 2 --- 4 (PAG: partial_ij)
  4. Extra: 3 --- 5 (PAG: directed_ij)
  5. Wrong orientation: 4 --- 5 (Reference PAG: directed_ij, PAG: bidirected)
Found 1 partial orientation differences:
  1. Partial orientation: 3 --- 4 (Reference PAG: directed_ij, PAG: partial_ij)
Saved PAG-vs-PAG edge comparison details to outputs/experiments/electrical_circuit_sample_1000_shallow_mlp_align_observable_state/5/edge_comparison_pag_vs_pag.txt
Saved figure to outputs/experiments/electrical_circuit_sample_1000_shallow_mlp_align_observable_state/5/pag_vs_dag.png
Saved baseline figure to outputs/experiments/electrical_circuit_sample_1000_shallow_mlp_align_observable_state/5/baseline_pag_vs_dag.png
Saved combined DAG comparison to outputs/experiments/electrical_circuit_sample_1000_shallow_mlp_align_observable_state/5/pags_vs_dag.png
Saved PAG-vs-PAG figure to outputs/experiments/electrical_circuit_sample_1000_shallow_mlp_align_observable_state/5/pag_vs_pag.png
Saved adjacency matrix to outputs/experiments/electrical_circuit_sample_1000_shallow_mlp_align_observable_state/5/learned_graph_adj.npy
Saved baseline adjacency matrix to outputs/experiments/electrical_circuit_sample_1000_shallow_mlp_align_observable_state/5/baseline_graph_adj.npy
