=== [Train] Fold 3 (3/5) ===
Step: set random seed (4)
Step: build datasets
Key: (176, 6, 3, 3, 2, 10, 10000, 0.5, 2.0, 0.8, 0.1, 0.1, 1000, 3) - Generating new DAG and data...
Seed: 176, Fold: 3
Step: initialize model
Step: training setup (model=ShallowMLP, profile=shallow, control_mode=epochs, epochs=40, target_updates=None)
Step: training
TrnLoss=0.953 ValLoss=0.918 ValR2=0.135
TrnLoss=0.793 ValLoss=0.748 ValR2=0.296
TrnLoss=0.625 ValLoss=0.564 ValR2=0.469
TrnLoss=0.466 ValLoss=0.434 ValR2=0.591
TrnLoss=0.383 ValLoss=0.393 ValR2=0.630
TrnLoss=0.361 ValLoss=0.383 ValR2=0.640
TrnLoss=0.354 ValLoss=0.378 ValR2=0.644
TrnLoss=0.350 ValLoss=0.375 ValR2=0.647
TrnLoss=0.348 ValLoss=0.374 ValR2=0.648
TrnLoss=0.346 ValLoss=0.372 ValR2=0.650
TrnLoss=0.345 ValLoss=0.372 ValR2=0.650
TrnLoss=0.345 ValLoss=0.372 ValR2=0.650
TrnLoss=0.344 ValLoss=0.370 ValR2=0.652
TrnLoss=0.344 ValLoss=0.371 ValR2=0.651
TrnLoss=0.344 ValLoss=0.370 ValR2=0.651
TrnLoss=0.344 ValLoss=0.370 ValR2=0.652
TrnLoss=0.343 ValLoss=0.370 ValR2=0.652
TrnLoss=0.344 ValLoss=0.370 ValR2=0.652
TrnLoss=0.343 ValLoss=0.370 ValR2=0.652
TrnLoss=0.343 ValLoss=0.369 ValR2=0.653
TrnLoss=0.343 ValLoss=0.370 ValR2=0.652
TrnLoss=0.343 ValLoss=0.369 ValR2=0.653
TrnLoss=0.342 ValLoss=0.369 ValR2=0.653
TrnLoss=0.342 ValLoss=0.369 ValR2=0.653
TrnLoss=0.341 ValLoss=0.369 ValR2=0.653
TrnLoss=0.342 ValLoss=0.369 ValR2=0.653
TrnLoss=0.342 ValLoss=0.369 ValR2=0.653
TrnLoss=0.342 ValLoss=0.368 ValR2=0.653
TrnLoss=0.342 ValLoss=0.369 ValR2=0.653
TrnLoss=0.341 ValLoss=0.369 ValR2=0.653
TrnLoss=0.342 ValLoss=0.369 ValR2=0.653
TrnLoss=0.342 ValLoss=0.369 ValR2=0.653
TrnLoss=0.341 ValLoss=0.369 ValR2=0.653
TrnLoss=0.341 ValLoss=0.369 ValR2=0.653
Early stopping at epoch 34: no validation improvement for 6 epochs (best epoch=28, best val loss=0.368)
 82%|##########7  | 33/40 [00:22<00:04,  1.48ep/s]
Step: evaluate test split
