=== [Causal Discovery] Fold 1 (1/5) ===
Step: load extraction data
Loading extraction data from: outputs/experiments/electrical_circuit_sample_50_shallow_mlp_align_observable_state/1/alignment_results.csv
Step: prepare ground-truth data
Running sample_50__baseline_50
Saved metadata to outputs/experiments/electrical_circuit_sample_50_shallow_mlp_align_observable_state/1/metadata.json
CI(0, 1 | ()) p=0.6011 -> indep=True
CI(0, 2 | ()) p=0.4868 -> indep=True
CI(1, 2 | ()) p=0.7709 -> indep=True
CI(0, 3 | ()) p=0 -> indep=False
CI(1, 3 | ()) p=0.008079 -> indep=False
CI(2, 3 | ()) p=0.4946 -> indep=True
CI(0, 4 | ()) p=0 -> indep=False
CI(1, 4 | ()) p=0.007435 -> indep=False
CI(2, 4 | ()) p=0.5425 -> indep=True
CI(3, 4 | ()) p=0 -> indep=False
CI(0, 5 | ()) p=2.22e-16 -> indep=False
CI(1, 5 | ()) p=0.03357 -> indep=True
CI(2, 5 | ()) p=0.3622 -> indep=True
CI(3, 5 | ()) p=0 -> indep=False
CI(4, 5 | ()) p=0 -> indep=False
CI(0, 3 | (1,)) p=1.705e-10 -> indep=False
CI(1, 3 | (0,)) p=4.85e-05 -> indep=False
CI(0, 4 | (1,)) p=1.805e-10 -> indep=False
CI(0, 4 | (3,)) p=0.1838 -> indep=True
CI(1, 4 | (3,)) p=0.1237 -> indep=True
CI(0, 5 | (3,)) p=0.3666 -> indep=True
CI(3, 5 | (4,)) p=0.000626 -> indep=False
CI(4, 5 | (3,)) p=0.0001549 -> indep=False
CI(4, 5 | (0, 3)) p=0.0006707 -> indep=False
CI(4, 5 | (1, 3)) p=0.01981 -> indep=True
Saved adjacency matrix to outputs/experiments/electrical_circuit_sample_50_shallow_mlp_align_observable_state/1/learned_graph_adj.npy
CI(0, 1 | ()) p=0.6225 -> indep=True
CI(0, 2 | ()) p=0.5602 -> indep=True
CI(1, 2 | ()) p=0.578 -> indep=True
CI(0, 3 | ()) p=0 -> indep=False
CI(1, 3 | ()) p=3.217e-06 -> indep=False
CI(2, 3 | ()) p=0.7449 -> indep=True
CI(0, 4 | ()) p=1.285e-13 -> indep=False
CI(1, 4 | ()) p=1.668e-05 -> indep=False
CI(2, 4 | ()) p=0.745 -> indep=True
CI(3, 4 | ()) p=0 -> indep=False
CI(0, 5 | ()) p=5.118e-14 -> indep=False
CI(1, 5 | ()) p=0.0001712 -> indep=False
CI(2, 5 | ()) p=0.67 -> indep=True
CI(3, 5 | ()) p=0 -> indep=False
CI(4, 5 | ()) p=0 -> indep=False
CI(0, 3 | (1,)) p=4.695e-07 -> indep=False
CI(1, 3 | (0,)) p=9.605e-05 -> indep=False
CI(0, 4 | (1,)) p=1.334e-06 -> indep=False
CI(0, 4 | (3,)) p=0.6518 -> indep=True
CI(1, 4 | (3,)) p=0.9213 -> indep=True
CI(0, 5 | (1,)) p=4.537e-07 -> indep=False
CI(0, 5 | (3,)) p=0.171 -> indep=True
CI(1, 5 | (3,)) p=0.7243 -> indep=True
CI(3, 5 | (4,)) p=0.04235 -> indep=True
Saved metrics to outputs/experiments/electrical_circuit_sample_50_shallow_mlp_align_observable_state/1/performance_metrics.json
Saved baseline metrics to outputs/experiments/electrical_circuit_sample_50_shallow_mlp_align_observable_state/1/baseline_performance_metrics.json
Saved PAG-vs-PAG metrics to outputs/experiments/electrical_circuit_sample_50_shallow_mlp_align_observable_state/1/pag_vs_pag_metrics.json
Found 3 differences:
  1. Missing: 2 --- 5 (DAG: directed_ij)
  2. Extra: 3 --- 5 (PAG: bidirected)
  3. Missing: 4 --- 5 (DAG: directed_ij)
Found 2 partial orientation differences:
  1. Partial orientation: 0 --- 3 (DAG: directed_ij, PAG: partial_ij)
  2. Partial orientation: 1 --- 3 (DAG: directed_ij, PAG: partial_ij)
Saved edge comparison details to outputs/experiments/electrical_circuit_sample_50_shallow_mlp_align_observable_state/1/edge_comparison.txt
Found 1 differences:
  1. Missing: 2 --- 5 (DAG: directed_ij)
Found 2 partial orientation differences:
  1. Partial orientation: 0 --- 3 (DAG: directed_ij, PAG: partial_ij)
  2. Partial orientation: 1 --- 3 (DAG: directed_ij, PAG: partial_ij)
Saved baseline edge comparison details to outputs/experiments/electrical_circuit_sample_50_shallow_mlp_align_observable_state/1/edge_comparison_baseline.txt
Found 2 differences:
  1. Extra: 3 --- 5 (PAG: bidirected)
  2. Missing: 4 --- 5 (Reference PAG: directed_ij)
Saved PAG-vs-PAG edge comparison details to outputs/experiments/electrical_circuit_sample_50_shallow_mlp_align_observable_state/1/edge_comparison_pag_vs_pag.txt
Saved figure to outputs/experiments/electrical_circuit_sample_50_shallow_mlp_align_observable_state/1/pag_vs_dag.png
Saved baseline figure to outputs/experiments/electrical_circuit_sample_50_shallow_mlp_align_observable_state/1/baseline_pag_vs_dag.png
Saved combined DAG comparison to outputs/experiments/electrical_circuit_sample_50_shallow_mlp_align_observable_state/1/pags_vs_dag.png
Saved PAG-vs-PAG figure to outputs/experiments/electrical_circuit_sample_50_shallow_mlp_align_observable_state/1/pag_vs_pag.png
Saved adjacency matrix to outputs/experiments/electrical_circuit_sample_50_shallow_mlp_align_observable_state/1/learned_graph_adj.npy
Saved baseline adjacency matrix to outputs/experiments/electrical_circuit_sample_50_shallow_mlp_align_observable_state/1/baseline_graph_adj.npy
