=== [Causal Discovery] Fold 1 (1/5) ===
Step: load extraction data
Loading extraction data from: outputs/experiments/linear_sem_sample_750_shallow_mlp_align_observable_state/1/alignment_results.csv
Step: prepare ground-truth data
Key: (176, 6, 3, 3, 2, 10, 10000, 0.5, 2.0, 0.8, 0.1, 0.1, 1000, 1) - Generating new DAG and data...
Seed: 176, Fold: 1
Running sample_750__baseline_750
Saved metadata to outputs/experiments/linear_sem_sample_750_shallow_mlp_align_observable_state/1/metadata.json
Test:  CI( 0 , 1 | () ) = 0.0
Test:  CI( 0 , 2 | () ) = 0.11352733348546473
Test:  CI( 1 , 2 | () ) = 0.3766453919498418
Test:  CI( 0 , 3 | () ) = 0.0
Test:  CI( 1 , 3 | () ) = 0.0
Test:  CI( 2 , 3 | () ) = 0.2514655577056839
Test:  CI( 0 , 4 | () ) = 0.0
Test:  CI( 1 , 4 | () ) = 9.240620202355387e-08
Test:  CI( 2 , 4 | () ) = 0.0
Test:  CI( 3 , 4 | () ) = 2.220446049250313e-16
Test:  CI( 0 , 5 | () ) = 0.0
Test:  CI( 1 , 5 | () ) = 0.0
Test:  CI( 2 , 5 | () ) = 0.34025995100846185
Test:  CI( 3 , 5 | () ) = 0.0
Test:  CI( 4 , 5 | () ) = 7.327471962526033e-15
Test:  CI( 0 , 3 | (1,) ) = 0.0
Test:  CI( 1 , 3 | (0,) ) = 0.1145369893075574
Test:  CI( 0 , 4 | (1,) ) = 1.0001111050428335e-11
Test:  CI( 0 , 4 | (2,) ) = 0.0
Test:  CI( 0 , 4 | (3,) ) = 8.659739592076221e-15
Test:  CI( 1 , 4 | (0,) ) = 0.6876902306197379
Test:  CI( 2 , 4 | (0,) ) = 0.0
Test:  CI( 2 , 4 | (3,) ) = 0.0
Test:  CI( 3 , 4 | (0,) ) = 5.424549698318515e-13
Test:  CI( 3 , 4 | (2,) ) = 0.0
Test:  CI( 0 , 5 | (1,) ) = 0.0
Test:  CI( 0 , 5 | (3,) ) = 2.2084552216083964e-05
Test:  CI( 0 , 5 | (4,) ) = 0.0
Test:  CI( 1 , 5 | (0,) ) = 0.0
Test:  CI( 1 , 5 | (3,) ) = 0.0
Test:  CI( 1 , 5 | (4,) ) = 0.0
Test:  CI( 3 , 5 | (0,) ) = 0.3558554247706893
Test:  CI( 4 , 5 | (0,) ) = 0.19509320240953
Test:  CI( 0 , 4 | (2, 3) ) = 0.0
Test:  CI( 2 , 4 | (0, 3) ) = 0.0
Test:  CI( 3 , 4 | (0, 2) ) = 0.0003675666599887162
Saved adjacency matrix to outputs/experiments/linear_sem_sample_750_shallow_mlp_align_observable_state/1/learned_graph_adj.npy
Test:  CI( 0 , 1 | () ) = 0.0
Test:  CI( 0 , 2 | () ) = 0.9530270596834236
Test:  CI( 1 , 2 | () ) = 0.11903621997503233
Test:  CI( 0 , 3 | () ) = 0.0
Test:  CI( 1 , 3 | () ) = 0.0
Test:  CI( 2 , 3 | () ) = 0.43156200815212475
Test:  CI( 0 , 4 | () ) = 2.8435490451172996e-07
Test:  CI( 1 , 4 | () ) = 0.004120609525473773
Test:  CI( 2 , 4 | () ) = 0.0
Test:  CI( 3 , 4 | () ) = 0.10317848665250162
Test:  CI( 0 , 5 | () ) = 0.0
Test:  CI( 1 , 5 | () ) = 0.0
Test:  CI( 2 , 5 | () ) = 0.16312426997919793
Test:  CI( 3 , 5 | () ) = 0.0
Test:  CI( 4 , 5 | () ) = 0.4530660664155097
Test:  CI( 0 , 3 | (1,) ) = 0.0
Test:  CI( 1 , 3 | (0,) ) = 0.9891437913340215
Test:  CI( 0 , 4 | (1,) ) = 2.0832406816717608e-05
Test:  CI( 0 , 4 | (2,) ) = 3.6290970228947117e-12
Test:  CI( 1 , 4 | (0,) ) = 0.7799163724325491
Test:  CI( 2 , 4 | (0,) ) = 0.0
Test:  CI( 0 , 5 | (1,) ) = 0.0
Test:  CI( 0 , 5 | (3,) ) = 1.8321134898080516e-07
Test:  CI( 1 , 5 | (0,) ) = 0.0
Test:  CI( 1 , 5 | (3,) ) = 0.0
Test:  CI( 3 , 5 | (0,) ) = 0.0
Test:  CI( 3 , 5 | (1,) ) = 0.0
Test:  CI( 1 , 5 | (0, 3) ) = 0.0
Saved metrics to outputs/experiments/linear_sem_sample_750_shallow_mlp_align_observable_state/1/performance_metrics.json
Saved baseline metrics to outputs/experiments/linear_sem_sample_750_shallow_mlp_align_observable_state/1/baseline_performance_metrics.json
Saved PAG-vs-PAG metrics to outputs/experiments/linear_sem_sample_750_shallow_mlp_align_observable_state/1/pag_vs_pag_metrics.json
Found 2 differences:
  1. Extra: 0 --- 5 (PAG: partial_ij)
  2. Missing: 3 --- 5 (DAG: directed_ij)
Found 6 partial orientation differences:
  1. Partial orientation: 0 --- 1 (DAG: directed_ij, PAG: partial_ij)
  2. Partial orientation: 0 --- 3 (DAG: directed_ij, PAG: partial_ij)
  3. Partial orientation: 0 --- 4 (DAG: directed_ij, PAG: partial_ij)
  4. Partial orientation: 1 --- 5 (DAG: directed_ij, PAG: partial_ij)
  5. Partial orientation: 2 --- 4 (DAG: directed_ij, PAG: partial_ij)
  6. Partial orientation: 3 --- 4 (DAG: directed_ij, PAG: partial_ij)
Saved edge comparison details to outputs/experiments/linear_sem_sample_750_shallow_mlp_align_observable_state/1/edge_comparison.txt
Found 5 differences:
  1. Wrong orientation: 0 --- 3 (DAG: directed_ij, PAG: bidirected)
  2. Wrong orientation: 0 --- 4 (DAG: directed_ij, PAG: bidirected)
  3. Extra: 0 --- 5 (PAG: bidirected)
  4. Wrong orientation: 1 --- 5 (DAG: directed_ij, PAG: bidirected)
  5. Missing: 3 --- 4 (DAG: directed_ij)
Found 2 partial orientation differences:
  1. Partial orientation: 2 --- 4 (DAG: directed_ij, PAG: partial_ij)
  2. Partial orientation: 3 --- 5 (DAG: directed_ij, PAG: partial_ij)
Saved baseline edge comparison details to outputs/experiments/linear_sem_sample_750_shallow_mlp_align_observable_state/1/edge_comparison_baseline.txt
Found 2 differences:
  1. Extra: 3 --- 4 (PAG: partial_ij)
  2. Missing: 3 --- 5 (Reference PAG: partial_ij)
Found 5 partial orientation differences:
  1. Partial orientation: 0 --- 1 (Reference PAG: directed_ij, PAG: partial_ij)
  2. Partial orientation: 0 --- 3 (Reference PAG: bidirected, PAG: partial_ij)
  3. Partial orientation: 0 --- 4 (Reference PAG: bidirected, PAG: partial_ij)
  4. Partial orientation: 0 --- 5 (Reference PAG: bidirected, PAG: partial_ij)
  5. Partial orientation: 1 --- 5 (Reference PAG: bidirected, PAG: partial_ij)
Saved PAG-vs-PAG edge comparison details to outputs/experiments/linear_sem_sample_750_shallow_mlp_align_observable_state/1/edge_comparison_pag_vs_pag.txt
Saved figure to outputs/experiments/linear_sem_sample_750_shallow_mlp_align_observable_state/1/pag_vs_dag.png
Saved baseline figure to outputs/experiments/linear_sem_sample_750_shallow_mlp_align_observable_state/1/baseline_pag_vs_dag.png
Saved combined DAG comparison to outputs/experiments/linear_sem_sample_750_shallow_mlp_align_observable_state/1/pags_vs_dag.png
Saved PAG-vs-PAG figure to outputs/experiments/linear_sem_sample_750_shallow_mlp_align_observable_state/1/pag_vs_pag.png
Saved adjacency matrix to outputs/experiments/linear_sem_sample_750_shallow_mlp_align_observable_state/1/learned_graph_adj.npy
Saved baseline adjacency matrix to outputs/experiments/linear_sem_sample_750_shallow_mlp_align_observable_state/1/baseline_graph_adj.npy
