[2026-04-24 02:10:43,975][dowhy.causal_model][INFO] - Model to find the causal effect of treatment ['X0'] on outcome ['X1']
[2026-04-24 02:10:43,975][dowhy.causal_identifier.auto_identifier][INFO] - Causal effect can be identified.
[2026-04-24 02:10:43,976][dowhy.causal_identifier.auto_identifier][INFO] - Instrumental variables for treatment and outcome:[]
[2026-04-24 02:10:43,976][dowhy.causal_identifier.auto_identifier][INFO] - Frontdoor variables for treatment and outcome:[]
[2026-04-24 02:10:43,977][dowhy.causal_model][INFO] - linear_regression
[2026-04-24 02:10:43,977][dowhy.causal_estimator][INFO] - INFO: Using Linear Regression Estimator
[2026-04-24 02:10:43,977][dowhy.causal_estimator][INFO] - b: X1~X0
[2026-04-24 02:10:43,983][dowhy.causal_model][INFO] - Model to find the causal effect of treatment ['X0'] on outcome ['X2']
[2026-04-24 02:10:43,983][dowhy.causal_identifier.auto_identifier][WARNING] - No directed path from treatment to outcome. Causal Effect is zero.
[2026-04-24 02:10:43,983][dowhy.causal_model][INFO] - linear_regression
[2026-04-24 02:10:43,983][dowhy.causal_estimator][INFO] - INFO: Using Linear Regression Estimator
[2026-04-24 02:10:43,983][dowhy.causal_estimator][WARNING] - No directed path from ['X0'] to ['X2'].
[2026-04-24 02:10:43,985][dowhy.causal_model][INFO] - Model to find the causal effect of treatment ['X0'] on outcome ['X3']
[2026-04-24 02:10:43,985][dowhy.causal_identifier.auto_identifier][INFO] - Causal effect can be identified.
[2026-04-24 02:10:43,985][dowhy.causal_identifier.auto_identifier][INFO] - Instrumental variables for treatment and outcome:[]
[2026-04-24 02:10:43,986][dowhy.causal_identifier.auto_identifier][INFO] - Frontdoor variables for treatment and outcome:[]
[2026-04-24 02:10:43,986][dowhy.causal_model][INFO] - linear_regression
[2026-04-24 02:10:43,986][dowhy.causal_estimator][INFO] - INFO: Using Linear Regression Estimator
[2026-04-24 02:10:43,986][dowhy.causal_estimator][INFO] - b: X3~X0
[2026-04-24 02:10:43,992][dowhy.causal_model][INFO] - Model to find the causal effect of treatment ['X0'] on outcome ['X4']
[2026-04-24 02:10:43,992][dowhy.causal_identifier.auto_identifier][INFO] - Causal effect can be identified.
[2026-04-24 02:10:43,992][dowhy.causal_identifier.auto_identifier][INFO] - Instrumental variables for treatment and outcome:[]
[2026-04-24 02:10:43,993][dowhy.causal_identifier.auto_identifier][INFO] - Frontdoor variables for treatment and outcome:[]
[2026-04-24 02:10:43,993][dowhy.causal_model][INFO] - linear_regression
[2026-04-24 02:10:43,993][dowhy.causal_estimator][INFO] - INFO: Using Linear Regression Estimator
[2026-04-24 02:10:43,993][dowhy.causal_estimator][INFO] - b: X4~X0+X0*X2
[2026-04-24 02:10:44,000][dowhy.causal_model][INFO] - Model to find the causal effect of treatment ['X0'] on outcome ['X5']
[2026-04-24 02:10:44,001][dowhy.causal_identifier.auto_identifier][INFO] - Causal effect can be identified.
[2026-04-24 02:10:44,001][dowhy.causal_identifier.auto_identifier][INFO] - Instrumental variables for treatment and outcome:[]
[2026-04-24 02:10:44,002][dowhy.causal_identifier.auto_identifier][INFO] - Frontdoor variables for treatment and outcome:['X4', 'X3', 'X1']
[2026-04-24 02:10:44,003][dowhy.causal_identifier.auto_identifier][INFO] - Causal effect can be identified.
[2026-04-24 02:10:44,004][dowhy.causal_identifier.auto_identifier][INFO] - Causal effect can be identified.
[2026-04-24 02:10:44,004][dowhy.causal_model][INFO] - linear_regression
[2026-04-24 02:10:44,004][dowhy.causal_estimator][INFO] - INFO: Using Linear Regression Estimator
[2026-04-24 02:10:44,004][dowhy.causal_estimator][INFO] - b: X5~X0
[2026-04-24 02:10:44,059][dowhy.causal_model][INFO] - Model to find the causal effect of treatment ['X1'] on outcome ['X0']
[2026-04-24 02:10:44,059][dowhy.causal_identifier.auto_identifier][WARNING] - No directed path from treatment to outcome. Causal Effect is zero.
[2026-04-24 02:10:44,059][dowhy.causal_model][INFO] - linear_regression
[2026-04-24 02:10:44,059][dowhy.causal_estimator][INFO] - INFO: Using Linear Regression Estimator
[2026-04-24 02:10:44,059][dowhy.causal_estimator][WARNING] - No directed path from ['X1'] to ['X0'].
[2026-04-24 02:10:44,061][dowhy.causal_model][INFO] - Model to find the causal effect of treatment ['X1'] on outcome ['X2']
[2026-04-24 02:10:44,061][dowhy.causal_identifier.auto_identifier][WARNING] - No directed path from treatment to outcome. Causal Effect is zero.
[2026-04-24 02:10:44,061][dowhy.causal_model][INFO] - linear_regression
[2026-04-24 02:10:44,061][dowhy.causal_estimator][INFO] - INFO: Using Linear Regression Estimator
[2026-04-24 02:10:44,061][dowhy.causal_estimator][WARNING] - No directed path from ['X1'] to ['X2'].
[2026-04-24 02:10:44,063][dowhy.causal_model][INFO] - Model to find the causal effect of treatment ['X1'] on outcome ['X3']
[2026-04-24 02:10:44,063][dowhy.causal_identifier.auto_identifier][WARNING] - No directed path from treatment to outcome. Causal Effect is zero.
[2026-04-24 02:10:44,063][dowhy.causal_model][INFO] - linear_regression
[2026-04-24 02:10:44,063][dowhy.causal_estimator][INFO] - INFO: Using Linear Regression Estimator
[2026-04-24 02:10:44,063][dowhy.causal_estimator][WARNING] - No directed path from ['X1'] to ['X3'].
[2026-04-24 02:10:44,065][dowhy.causal_model][INFO] - Model to find the causal effect of treatment ['X1'] on outcome ['X4']
[2026-04-24 02:10:44,065][dowhy.causal_identifier.auto_identifier][WARNING] - No directed path from treatment to outcome. Causal Effect is zero.
[2026-04-24 02:10:44,065][dowhy.causal_model][INFO] - linear_regression
[2026-04-24 02:10:44,065][dowhy.causal_estimator][INFO] - INFO: Using Linear Regression Estimator
[2026-04-24 02:10:44,065][dowhy.causal_estimator][WARNING] - No directed path from ['X1'] to ['X4'].
[2026-04-24 02:10:44,067][dowhy.causal_model][INFO] - Model to find the causal effect of treatment ['X1'] on outcome ['X5']
[2026-04-24 02:10:44,067][dowhy.causal_identifier.auto_identifier][INFO] - Causal effect can be identified.
[2026-04-24 02:10:44,068][dowhy.causal_identifier.auto_identifier][INFO] - Instrumental variables for treatment and outcome:[]
[2026-04-24 02:10:44,068][dowhy.causal_identifier.auto_identifier][INFO] - Frontdoor variables for treatment and outcome:[]
[2026-04-24 02:10:44,068][dowhy.causal_model][INFO] - linear_regression
[2026-04-24 02:10:44,068][dowhy.causal_estimator][INFO] - INFO: Using Linear Regression Estimator
[2026-04-24 02:10:44,068][dowhy.causal_estimator][INFO] - b: X5~X1+X0+X1*X3
[2026-04-24 02:10:44,125][dowhy.causal_model][INFO] - Model to find the causal effect of treatment ['X2'] on outcome ['X0']
[2026-04-24 02:10:44,125][dowhy.causal_identifier.auto_identifier][WARNING] - No directed path from treatment to outcome. Causal Effect is zero.
[2026-04-24 02:10:44,125][dowhy.causal_model][INFO] - linear_regression
[2026-04-24 02:10:44,125][dowhy.causal_estimator][INFO] - INFO: Using Linear Regression Estimator
[2026-04-24 02:10:44,125][dowhy.causal_estimator][WARNING] - No directed path from ['X2'] to ['X0'].
[2026-04-24 02:10:44,127][dowhy.causal_model][INFO] - Model to find the causal effect of treatment ['X2'] on outcome ['X1']
[2026-04-24 02:10:44,127][dowhy.causal_identifier.auto_identifier][WARNING] - No directed path from treatment to outcome. Causal Effect is zero.
[2026-04-24 02:10:44,127][dowhy.causal_model][INFO] - linear_regression
[2026-04-24 02:10:44,127][dowhy.causal_estimator][INFO] - INFO: Using Linear Regression Estimator
[2026-04-24 02:10:44,127][dowhy.causal_estimator][WARNING] - No directed path from ['X2'] to ['X1'].
[2026-04-24 02:10:44,129][dowhy.causal_model][INFO] - Model to find the causal effect of treatment ['X2'] on outcome ['X3']
[2026-04-24 02:10:44,129][dowhy.causal_identifier.auto_identifier][WARNING] - No directed path from treatment to outcome. Causal Effect is zero.
[2026-04-24 02:10:44,129][dowhy.causal_model][INFO] - linear_regression
[2026-04-24 02:10:44,129][dowhy.causal_estimator][INFO] - INFO: Using Linear Regression Estimator
[2026-04-24 02:10:44,129][dowhy.causal_estimator][WARNING] - No directed path from ['X2'] to ['X3'].
[2026-04-24 02:10:44,131][dowhy.causal_model][INFO] - Model to find the causal effect of treatment ['X2'] on outcome ['X4']
[2026-04-24 02:10:44,132][dowhy.causal_identifier.auto_identifier][INFO] - Causal effect can be identified.
[2026-04-24 02:10:44,132][dowhy.causal_identifier.auto_identifier][INFO] - Instrumental variables for treatment and outcome:[]
[2026-04-24 02:10:44,132][dowhy.causal_identifier.auto_identifier][INFO] - Frontdoor variables for treatment and outcome:[]
[2026-04-24 02:10:44,133][dowhy.causal_model][INFO] - linear_regression
[2026-04-24 02:10:44,133][dowhy.causal_estimator][INFO] - INFO: Using Linear Regression Estimator
[2026-04-24 02:10:44,133][dowhy.causal_estimator][INFO] - b: X4~X2+X2*X0+X2*X3
[2026-04-24 02:10:44,141][dowhy.causal_model][INFO] - Model to find the causal effect of treatment ['X2'] on outcome ['X5']
[2026-04-24 02:10:44,141][dowhy.causal_identifier.auto_identifier][WARNING] - No directed path from treatment to outcome. Causal Effect is zero.
[2026-04-24 02:10:44,141][dowhy.causal_model][INFO] - linear_regression
[2026-04-24 02:10:44,141][dowhy.causal_estimator][INFO] - INFO: Using Linear Regression Estimator
[2026-04-24 02:10:44,141][dowhy.causal_estimator][WARNING] - No directed path from ['X2'] to ['X5'].
[2026-04-24 02:10:44,195][dowhy.causal_model][INFO] - Model to find the causal effect of treatment ['X3'] on outcome ['X0']
[2026-04-24 02:10:44,195][dowhy.causal_identifier.auto_identifier][WARNING] - No directed path from treatment to outcome. Causal Effect is zero.
[2026-04-24 02:10:44,195][dowhy.causal_model][INFO] - linear_regression
[2026-04-24 02:10:44,195][dowhy.causal_estimator][INFO] - INFO: Using Linear Regression Estimator
[2026-04-24 02:10:44,195][dowhy.causal_estimator][WARNING] - No directed path from ['X3'] to ['X0'].
[2026-04-24 02:10:44,197][dowhy.causal_model][INFO] - Model to find the causal effect of treatment ['X3'] on outcome ['X1']
[2026-04-24 02:10:44,197][dowhy.causal_identifier.auto_identifier][WARNING] - No directed path from treatment to outcome. Causal Effect is zero.
[2026-04-24 02:10:44,197][dowhy.causal_model][INFO] - linear_regression
[2026-04-24 02:10:44,197][dowhy.causal_estimator][INFO] - INFO: Using Linear Regression Estimator
[2026-04-24 02:10:44,197][dowhy.causal_estimator][WARNING] - No directed path from ['X3'] to ['X1'].
[2026-04-24 02:10:44,199][dowhy.causal_model][INFO] - Model to find the causal effect of treatment ['X3'] on outcome ['X2']
[2026-04-24 02:10:44,199][dowhy.causal_identifier.auto_identifier][WARNING] - No directed path from treatment to outcome. Causal Effect is zero.
[2026-04-24 02:10:44,199][dowhy.causal_model][INFO] - linear_regression
[2026-04-24 02:10:44,199][dowhy.causal_estimator][INFO] - INFO: Using Linear Regression Estimator
[2026-04-24 02:10:44,199][dowhy.causal_estimator][WARNING] - No directed path from ['X3'] to ['X2'].
[2026-04-24 02:10:44,201][dowhy.causal_model][INFO] - Model to find the causal effect of treatment ['X3'] on outcome ['X4']
[2026-04-24 02:10:44,201][dowhy.causal_identifier.auto_identifier][INFO] - Causal effect can be identified.
[2026-04-24 02:10:44,202][dowhy.causal_identifier.auto_identifier][INFO] - Instrumental variables for treatment and outcome:[]
[2026-04-24 02:10:44,202][dowhy.causal_identifier.auto_identifier][INFO] - Frontdoor variables for treatment and outcome:[]
[2026-04-24 02:10:44,202][dowhy.causal_model][INFO] - linear_regression
[2026-04-24 02:10:44,202][dowhy.causal_estimator][INFO] - INFO: Using Linear Regression Estimator
[2026-04-24 02:10:44,203][dowhy.causal_estimator][INFO] - b: X4~X3+X0+X3*X2
[2026-04-24 02:10:44,211][dowhy.causal_model][INFO] - Model to find the causal effect of treatment ['X3'] on outcome ['X5']
[2026-04-24 02:10:44,212][dowhy.causal_identifier.auto_identifier][INFO] - Causal effect can be identified.
[2026-04-24 02:10:44,212][dowhy.causal_identifier.auto_identifier][INFO] - Instrumental variables for treatment and outcome:[]
[2026-04-24 02:10:44,212][dowhy.causal_identifier.auto_identifier][INFO] - Frontdoor variables for treatment and outcome:[]
[2026-04-24 02:10:44,213][dowhy.causal_model][INFO] - linear_regression
[2026-04-24 02:10:44,213][dowhy.causal_estimator][INFO] - INFO: Using Linear Regression Estimator
[2026-04-24 02:10:44,213][dowhy.causal_estimator][INFO] - b: X5~X3+X0+X3*X1
[2026-04-24 02:10:44,271][dowhy.causal_model][INFO] - Model to find the causal effect of treatment ['X4'] on outcome ['X0']
[2026-04-24 02:10:44,271][dowhy.causal_identifier.auto_identifier][WARNING] - No directed path from treatment to outcome. Causal Effect is zero.
[2026-04-24 02:10:44,271][dowhy.causal_model][INFO] - linear_regression
[2026-04-24 02:10:44,271][dowhy.causal_estimator][INFO] - INFO: Using Linear Regression Estimator
[2026-04-24 02:10:44,271][dowhy.causal_estimator][WARNING] - No directed path from ['X4'] to ['X0'].
[2026-04-24 02:10:44,273][dowhy.causal_model][INFO] - Model to find the causal effect of treatment ['X4'] on outcome ['X1']
[2026-04-24 02:10:44,273][dowhy.causal_identifier.auto_identifier][WARNING] - No directed path from treatment to outcome. Causal Effect is zero.
[2026-04-24 02:10:44,273][dowhy.causal_model][INFO] - linear_regression
[2026-04-24 02:10:44,273][dowhy.causal_estimator][INFO] - INFO: Using Linear Regression Estimator
[2026-04-24 02:10:44,273][dowhy.causal_estimator][WARNING] - No directed path from ['X4'] to ['X1'].
[2026-04-24 02:10:44,275][dowhy.causal_model][INFO] - Model to find the causal effect of treatment ['X4'] on outcome ['X2']
[2026-04-24 02:10:44,275][dowhy.causal_identifier.auto_identifier][WARNING] - No directed path from treatment to outcome. Causal Effect is zero.
[2026-04-24 02:10:44,275][dowhy.causal_model][INFO] - linear_regression
[2026-04-24 02:10:44,275][dowhy.causal_estimator][INFO] - INFO: Using Linear Regression Estimator
[2026-04-24 02:10:44,275][dowhy.causal_estimator][WARNING] - No directed path from ['X4'] to ['X2'].
[2026-04-24 02:10:44,276][dowhy.causal_model][INFO] - Model to find the causal effect of treatment ['X4'] on outcome ['X3']
[2026-04-24 02:10:44,277][dowhy.causal_identifier.auto_identifier][WARNING] - No directed path from treatment to outcome. Causal Effect is zero.
[2026-04-24 02:10:44,277][dowhy.causal_model][INFO] - linear_regression
[2026-04-24 02:10:44,277][dowhy.causal_estimator][INFO] - INFO: Using Linear Regression Estimator
[2026-04-24 02:10:44,277][dowhy.causal_estimator][WARNING] - No directed path from ['X4'] to ['X3'].
[2026-04-24 02:10:44,278][dowhy.causal_model][INFO] - Model to find the causal effect of treatment ['X4'] on outcome ['X5']
[2026-04-24 02:10:44,278][dowhy.causal_identifier.auto_identifier][WARNING] - No directed path from treatment to outcome. Causal Effect is zero.
[2026-04-24 02:10:44,278][dowhy.causal_model][INFO] - linear_regression
[2026-04-24 02:10:44,278][dowhy.causal_estimator][INFO] - INFO: Using Linear Regression Estimator
[2026-04-24 02:10:44,278][dowhy.causal_estimator][WARNING] - No directed path from ['X4'] to ['X5'].
[2026-04-24 02:10:44,324][dowhy.causal_model][INFO] - Model to find the causal effect of treatment ['X5'] on outcome ['X0']
[2026-04-24 02:10:44,324][dowhy.causal_identifier.auto_identifier][WARNING] - No directed path from treatment to outcome. Causal Effect is zero.
[2026-04-24 02:10:44,324][dowhy.causal_model][INFO] - linear_regression
[2026-04-24 02:10:44,324][dowhy.causal_estimator][INFO] - INFO: Using Linear Regression Estimator
[2026-04-24 02:10:44,324][dowhy.causal_estimator][WARNING] - No directed path from ['X5'] to ['X0'].
[2026-04-24 02:10:44,325][dowhy.causal_model][INFO] - Model to find the causal effect of treatment ['X5'] on outcome ['X1']
[2026-04-24 02:10:44,325][dowhy.causal_identifier.auto_identifier][WARNING] - No directed path from treatment to outcome. Causal Effect is zero.
[2026-04-24 02:10:44,326][dowhy.causal_model][INFO] - linear_regression
[2026-04-24 02:10:44,326][dowhy.causal_estimator][INFO] - INFO: Using Linear Regression Estimator
[2026-04-24 02:10:44,326][dowhy.causal_estimator][WARNING] - No directed path from ['X5'] to ['X1'].
[2026-04-24 02:10:44,327][dowhy.causal_model][INFO] - Model to find the causal effect of treatment ['X5'] on outcome ['X2']
[2026-04-24 02:10:44,327][dowhy.causal_identifier.auto_identifier][WARNING] - No directed path from treatment to outcome. Causal Effect is zero.
[2026-04-24 02:10:44,327][dowhy.causal_model][INFO] - linear_regression
[2026-04-24 02:10:44,327][dowhy.causal_estimator][INFO] - INFO: Using Linear Regression Estimator
[2026-04-24 02:10:44,327][dowhy.causal_estimator][WARNING] - No directed path from ['X5'] to ['X2'].
[2026-04-24 02:10:44,329][dowhy.causal_model][INFO] - Model to find the causal effect of treatment ['X5'] on outcome ['X3']
[2026-04-24 02:10:44,329][dowhy.causal_identifier.auto_identifier][WARNING] - No directed path from treatment to outcome. Causal Effect is zero.
[2026-04-24 02:10:44,329][dowhy.causal_model][INFO] - linear_regression
[2026-04-24 02:10:44,329][dowhy.causal_estimator][INFO] - INFO: Using Linear Regression Estimator
[2026-04-24 02:10:44,329][dowhy.causal_estimator][WARNING] - No directed path from ['X5'] to ['X3'].
[2026-04-24 02:10:44,331][dowhy.causal_model][INFO] - Model to find the causal effect of treatment ['X5'] on outcome ['X4']
[2026-04-24 02:10:44,331][dowhy.causal_identifier.auto_identifier][WARNING] - No directed path from treatment to outcome. Causal Effect is zero.
[2026-04-24 02:10:44,331][dowhy.causal_model][INFO] - linear_regression
[2026-04-24 02:10:44,331][dowhy.causal_estimator][INFO] - INFO: Using Linear Regression Estimator
[2026-04-24 02:10:44,331][dowhy.causal_estimator][WARNING] - No directed path from ['X5'] to ['X4'].
[2026-04-24 02:10:44,409][dowhy.causal_model][INFO] - Model to find the causal effect of treatment ['X0'] on outcome ['X1']
[2026-04-24 02:10:44,410][dowhy.causal_identifier.auto_identifier][INFO] - Causal effect can be identified.
[2026-04-24 02:10:44,410][dowhy.causal_identifier.auto_identifier][INFO] - Instrumental variables for treatment and outcome:[]
[2026-04-24 02:10:44,410][dowhy.causal_identifier.auto_identifier][INFO] - Frontdoor variables for treatment and outcome:[]
[2026-04-24 02:10:44,410][dowhy.causal_model][INFO] - linear_regression
[2026-04-24 02:10:44,410][dowhy.causal_estimator][INFO] - INFO: Using Linear Regression Estimator
[2026-04-24 02:10:44,410][dowhy.causal_estimator][INFO] - b: X1~X0
[2026-04-24 02:10:44,417][dowhy.causal_model][INFO] - Model to find the causal effect of treatment ['X0'] on outcome ['X2']
[2026-04-24 02:10:44,417][dowhy.causal_identifier.auto_identifier][WARNING] - No directed path from treatment to outcome. Causal Effect is zero.
[2026-04-24 02:10:44,417][dowhy.causal_model][INFO] - linear_regression
[2026-04-24 02:10:44,417][dowhy.causal_estimator][INFO] - INFO: Using Linear Regression Estimator
[2026-04-24 02:10:44,417][dowhy.causal_estimator][WARNING] - No directed path from ['X0'] to ['X2'].
[2026-04-24 02:10:44,419][dowhy.causal_model][INFO] - Model to find the causal effect of treatment ['X0'] on outcome ['X3']
[2026-04-24 02:10:44,419][dowhy.causal_identifier.auto_identifier][INFO] - Causal effect can be identified.
[2026-04-24 02:10:44,420][dowhy.causal_identifier.auto_identifier][INFO] - Instrumental variables for treatment and outcome:[]
[2026-04-24 02:10:44,420][dowhy.causal_identifier.auto_identifier][INFO] - Frontdoor variables for treatment and outcome:[]
[2026-04-24 02:10:44,420][dowhy.causal_model][INFO] - linear_regression
[2026-04-24 02:10:44,420][dowhy.causal_estimator][INFO] - INFO: Using Linear Regression Estimator
[2026-04-24 02:10:44,420][dowhy.causal_estimator][INFO] - b: X3~X0
[2026-04-24 02:10:44,427][dowhy.causal_model][INFO] - Model to find the causal effect of treatment ['X0'] on outcome ['X4']
[2026-04-24 02:10:44,427][dowhy.causal_identifier.auto_identifier][INFO] - Causal effect can be identified.
[2026-04-24 02:10:44,428][dowhy.causal_identifier.auto_identifier][INFO] - Instrumental variables for treatment and outcome:[]
[2026-04-24 02:10:44,428][dowhy.causal_identifier.auto_identifier][INFO] - Frontdoor variables for treatment and outcome:[]
[2026-04-24 02:10:44,428][dowhy.causal_model][INFO] - linear_regression
[2026-04-24 02:10:44,428][dowhy.causal_estimator][INFO] - INFO: Using Linear Regression Estimator
[2026-04-24 02:10:44,429][dowhy.causal_estimator][INFO] - b: X4~X0+X0*X2
[2026-04-24 02:10:44,437][dowhy.causal_model][INFO] - Model to find the causal effect of treatment ['X0'] on outcome ['X5']
[2026-04-24 02:10:44,437][dowhy.causal_identifier.auto_identifier][INFO] - Causal effect can be identified.
[2026-04-24 02:10:44,437][dowhy.causal_identifier.auto_identifier][INFO] - Instrumental variables for treatment and outcome:[]
[2026-04-24 02:10:44,438][dowhy.causal_identifier.auto_identifier][INFO] - Frontdoor variables for treatment and outcome:['X4', 'X3', 'X1']
[2026-04-24 02:10:44,439][dowhy.causal_identifier.auto_identifier][INFO] - Causal effect can be identified.
[2026-04-24 02:10:44,440][dowhy.causal_identifier.auto_identifier][INFO] - Causal effect can be identified.
[2026-04-24 02:10:44,440][dowhy.causal_model][INFO] - linear_regression
[2026-04-24 02:10:44,440][dowhy.causal_estimator][INFO] - INFO: Using Linear Regression Estimator
[2026-04-24 02:10:44,440][dowhy.causal_estimator][INFO] - b: X5~X0
[2026-04-24 02:10:44,496][dowhy.causal_model][INFO] - Model to find the causal effect of treatment ['X1'] on outcome ['X0']
[2026-04-24 02:10:44,496][dowhy.causal_identifier.auto_identifier][WARNING] - No directed path from treatment to outcome. Causal Effect is zero.
[2026-04-24 02:10:44,496][dowhy.causal_model][INFO] - linear_regression
[2026-04-24 02:10:44,496][dowhy.causal_estimator][INFO] - INFO: Using Linear Regression Estimator
[2026-04-24 02:10:44,496][dowhy.causal_estimator][WARNING] - No directed path from ['X1'] to ['X0'].
[2026-04-24 02:10:44,498][dowhy.causal_model][INFO] - Model to find the causal effect of treatment ['X1'] on outcome ['X2']
[2026-04-24 02:10:44,498][dowhy.causal_identifier.auto_identifier][WARNING] - No directed path from treatment to outcome. Causal Effect is zero.
[2026-04-24 02:10:44,498][dowhy.causal_model][INFO] - linear_regression
[2026-04-24 02:10:44,498][dowhy.causal_estimator][INFO] - INFO: Using Linear Regression Estimator
[2026-04-24 02:10:44,498][dowhy.causal_estimator][WARNING] - No directed path from ['X1'] to ['X2'].
[2026-04-24 02:10:44,500][dowhy.causal_model][INFO] - Model to find the causal effect of treatment ['X1'] on outcome ['X3']
[2026-04-24 02:10:44,500][dowhy.causal_identifier.auto_identifier][WARNING] - No directed path from treatment to outcome. Causal Effect is zero.
[2026-04-24 02:10:44,500][dowhy.causal_model][INFO] - linear_regression
[2026-04-24 02:10:44,500][dowhy.causal_estimator][INFO] - INFO: Using Linear Regression Estimator
[2026-04-24 02:10:44,500][dowhy.causal_estimator][WARNING] - No directed path from ['X1'] to ['X3'].
[2026-04-24 02:10:44,501][dowhy.causal_model][INFO] - Model to find the causal effect of treatment ['X1'] on outcome ['X4']
[2026-04-24 02:10:44,501][dowhy.causal_identifier.auto_identifier][WARNING] - No directed path from treatment to outcome. Causal Effect is zero.
[2026-04-24 02:10:44,502][dowhy.causal_model][INFO] - linear_regression
[2026-04-24 02:10:44,502][dowhy.causal_estimator][INFO] - INFO: Using Linear Regression Estimator
[2026-04-24 02:10:44,502][dowhy.causal_estimator][WARNING] - No directed path from ['X1'] to ['X4'].
[2026-04-24 02:10:44,503][dowhy.causal_model][INFO] - Model to find the causal effect of treatment ['X1'] on outcome ['X5']
[2026-04-24 02:10:44,504][dowhy.causal_identifier.auto_identifier][INFO] - Causal effect can be identified.
[2026-04-24 02:10:44,505][dowhy.causal_identifier.auto_identifier][INFO] - Instrumental variables for treatment and outcome:[]
[2026-04-24 02:10:44,505][dowhy.causal_identifier.auto_identifier][INFO] - Frontdoor variables for treatment and outcome:[]
[2026-04-24 02:10:44,505][dowhy.causal_model][INFO] - linear_regression
[2026-04-24 02:10:44,505][dowhy.causal_estimator][INFO] - INFO: Using Linear Regression Estimator
[2026-04-24 02:10:44,505][dowhy.causal_estimator][INFO] - b: X5~X1+X0+X1*X3
[2026-04-24 02:10:44,558][dowhy.causal_model][INFO] - Model to find the causal effect of treatment ['X2'] on outcome ['X0']
[2026-04-24 02:10:44,558][dowhy.causal_identifier.auto_identifier][WARNING] - No directed path from treatment to outcome. Causal Effect is zero.
[2026-04-24 02:10:44,558][dowhy.causal_model][INFO] - linear_regression
[2026-04-24 02:10:44,558][dowhy.causal_estimator][INFO] - INFO: Using Linear Regression Estimator
[2026-04-24 02:10:44,558][dowhy.causal_estimator][WARNING] - No directed path from ['X2'] to ['X0'].
[2026-04-24 02:10:44,560][dowhy.causal_model][INFO] - Model to find the causal effect of treatment ['X2'] on outcome ['X1']
[2026-04-24 02:10:44,560][dowhy.causal_identifier.auto_identifier][WARNING] - No directed path from treatment to outcome. Causal Effect is zero.
[2026-04-24 02:10:44,560][dowhy.causal_model][INFO] - linear_regression
[2026-04-24 02:10:44,560][dowhy.causal_estimator][INFO] - INFO: Using Linear Regression Estimator
[2026-04-24 02:10:44,560][dowhy.causal_estimator][WARNING] - No directed path from ['X2'] to ['X1'].
[2026-04-24 02:10:44,562][dowhy.causal_model][INFO] - Model to find the causal effect of treatment ['X2'] on outcome ['X3']
[2026-04-24 02:10:44,562][dowhy.causal_identifier.auto_identifier][WARNING] - No directed path from treatment to outcome. Causal Effect is zero.
[2026-04-24 02:10:44,562][dowhy.causal_model][INFO] - linear_regression
[2026-04-24 02:10:44,562][dowhy.causal_estimator][INFO] - INFO: Using Linear Regression Estimator
[2026-04-24 02:10:44,562][dowhy.causal_estimator][WARNING] - No directed path from ['X2'] to ['X3'].
[2026-04-24 02:10:44,564][dowhy.causal_model][INFO] - Model to find the causal effect of treatment ['X2'] on outcome ['X4']
[2026-04-24 02:10:44,565][dowhy.causal_identifier.auto_identifier][INFO] - Causal effect can be identified.
[2026-04-24 02:10:44,565][dowhy.causal_identifier.auto_identifier][INFO] - Instrumental variables for treatment and outcome:[]
[2026-04-24 02:10:44,566][dowhy.causal_identifier.auto_identifier][INFO] - Frontdoor variables for treatment and outcome:[]
[2026-04-24 02:10:44,566][dowhy.causal_model][INFO] - linear_regression
[2026-04-24 02:10:44,566][dowhy.causal_estimator][INFO] - INFO: Using Linear Regression Estimator
[2026-04-24 02:10:44,566][dowhy.causal_estimator][INFO] - b: X4~X2+X2*X0+X2*X3
[2026-04-24 02:10:44,574][dowhy.causal_model][INFO] - Model to find the causal effect of treatment ['X2'] on outcome ['X5']
[2026-04-24 02:10:44,574][dowhy.causal_identifier.auto_identifier][WARNING] - No directed path from treatment to outcome. Causal Effect is zero.
[2026-04-24 02:10:44,574][dowhy.causal_model][INFO] - linear_regression
[2026-04-24 02:10:44,574][dowhy.causal_estimator][INFO] - INFO: Using Linear Regression Estimator
[2026-04-24 02:10:44,574][dowhy.causal_estimator][WARNING] - No directed path from ['X2'] to ['X5'].
[2026-04-24 02:10:44,629][dowhy.causal_model][INFO] - Model to find the causal effect of treatment ['X3'] on outcome ['X0']
[2026-04-24 02:10:44,629][dowhy.causal_identifier.auto_identifier][WARNING] - No directed path from treatment to outcome. Causal Effect is zero.
[2026-04-24 02:10:44,629][dowhy.causal_model][INFO] - linear_regression
[2026-04-24 02:10:44,629][dowhy.causal_estimator][INFO] - INFO: Using Linear Regression Estimator
[2026-04-24 02:10:44,629][dowhy.causal_estimator][WARNING] - No directed path from ['X3'] to ['X0'].
[2026-04-24 02:10:44,631][dowhy.causal_model][INFO] - Model to find the causal effect of treatment ['X3'] on outcome ['X1']
[2026-04-24 02:10:44,631][dowhy.causal_identifier.auto_identifier][WARNING] - No directed path from treatment to outcome. Causal Effect is zero.
[2026-04-24 02:10:44,631][dowhy.causal_model][INFO] - linear_regression
[2026-04-24 02:10:44,631][dowhy.causal_estimator][INFO] - INFO: Using Linear Regression Estimator
[2026-04-24 02:10:44,631][dowhy.causal_estimator][WARNING] - No directed path from ['X3'] to ['X1'].
[2026-04-24 02:10:44,633][dowhy.causal_model][INFO] - Model to find the causal effect of treatment ['X3'] on outcome ['X2']
[2026-04-24 02:10:44,633][dowhy.causal_identifier.auto_identifier][WARNING] - No directed path from treatment to outcome. Causal Effect is zero.
[2026-04-24 02:10:44,633][dowhy.causal_model][INFO] - linear_regression
[2026-04-24 02:10:44,633][dowhy.causal_estimator][INFO] - INFO: Using Linear Regression Estimator
[2026-04-24 02:10:44,633][dowhy.causal_estimator][WARNING] - No directed path from ['X3'] to ['X2'].
[2026-04-24 02:10:44,635][dowhy.causal_model][INFO] - Model to find the causal effect of treatment ['X3'] on outcome ['X4']
[2026-04-24 02:10:44,635][dowhy.causal_identifier.auto_identifier][INFO] - Causal effect can be identified.
[2026-04-24 02:10:44,636][dowhy.causal_identifier.auto_identifier][INFO] - Instrumental variables for treatment and outcome:[]
[2026-04-24 02:10:44,636][dowhy.causal_identifier.auto_identifier][INFO] - Frontdoor variables for treatment and outcome:[]
[2026-04-24 02:10:44,636][dowhy.causal_model][INFO] - linear_regression
[2026-04-24 02:10:44,636][dowhy.causal_estimator][INFO] - INFO: Using Linear Regression Estimator
[2026-04-24 02:10:44,637][dowhy.causal_estimator][INFO] - b: X4~X3+X0+X3*X2
[2026-04-24 02:10:44,646][dowhy.causal_model][INFO] - Model to find the causal effect of treatment ['X3'] on outcome ['X5']
[2026-04-24 02:10:44,647][dowhy.causal_identifier.auto_identifier][INFO] - Causal effect can be identified.
[2026-04-24 02:10:44,647][dowhy.causal_identifier.auto_identifier][INFO] - Instrumental variables for treatment and outcome:[]
[2026-04-24 02:10:44,647][dowhy.causal_identifier.auto_identifier][INFO] - Frontdoor variables for treatment and outcome:[]
[2026-04-24 02:10:44,647][dowhy.causal_model][INFO] - linear_regression
[2026-04-24 02:10:44,647][dowhy.causal_estimator][INFO] - INFO: Using Linear Regression Estimator
[2026-04-24 02:10:44,648][dowhy.causal_estimator][INFO] - b: X5~X3+X0+X3*X1
[2026-04-24 02:10:44,706][dowhy.causal_model][INFO] - Model to find the causal effect of treatment ['X4'] on outcome ['X0']
[2026-04-24 02:10:44,706][dowhy.causal_identifier.auto_identifier][WARNING] - No directed path from treatment to outcome. Causal Effect is zero.
[2026-04-24 02:10:44,706][dowhy.causal_model][INFO] - linear_regression
[2026-04-24 02:10:44,706][dowhy.causal_estimator][INFO] - INFO: Using Linear Regression Estimator
[2026-04-24 02:10:44,706][dowhy.causal_estimator][WARNING] - No directed path from ['X4'] to ['X0'].
[2026-04-24 02:10:44,708][dowhy.causal_model][INFO] - Model to find the causal effect of treatment ['X4'] on outcome ['X1']
[2026-04-24 02:10:44,708][dowhy.causal_identifier.auto_identifier][WARNING] - No directed path from treatment to outcome. Causal Effect is zero.
[2026-04-24 02:10:44,708][dowhy.causal_model][INFO] - linear_regression
[2026-04-24 02:10:44,708][dowhy.causal_estimator][INFO] - INFO: Using Linear Regression Estimator
[2026-04-24 02:10:44,708][dowhy.causal_estimator][WARNING] - No directed path from ['X4'] to ['X1'].
[2026-04-24 02:10:44,709][dowhy.causal_model][INFO] - Model to find the causal effect of treatment ['X4'] on outcome ['X2']
[2026-04-24 02:10:44,709][dowhy.causal_identifier.auto_identifier][WARNING] - No directed path from treatment to outcome. Causal Effect is zero.
[2026-04-24 02:10:44,709][dowhy.causal_model][INFO] - linear_regression
[2026-04-24 02:10:44,709][dowhy.causal_estimator][INFO] - INFO: Using Linear Regression Estimator
[2026-04-24 02:10:44,709][dowhy.causal_estimator][WARNING] - No directed path from ['X4'] to ['X2'].
[2026-04-24 02:10:44,711][dowhy.causal_model][INFO] - Model to find the causal effect of treatment ['X4'] on outcome ['X3']
[2026-04-24 02:10:44,711][dowhy.causal_identifier.auto_identifier][WARNING] - No directed path from treatment to outcome. Causal Effect is zero.
[2026-04-24 02:10:44,711][dowhy.causal_model][INFO] - linear_regression
[2026-04-24 02:10:44,711][dowhy.causal_estimator][INFO] - INFO: Using Linear Regression Estimator
[2026-04-24 02:10:44,711][dowhy.causal_estimator][WARNING] - No directed path from ['X4'] to ['X3'].
[2026-04-24 02:10:44,713][dowhy.causal_model][INFO] - Model to find the causal effect of treatment ['X4'] on outcome ['X5']
[2026-04-24 02:10:44,713][dowhy.causal_identifier.auto_identifier][WARNING] - No directed path from treatment to outcome. Causal Effect is zero.
[2026-04-24 02:10:44,713][dowhy.causal_model][INFO] - linear_regression
[2026-04-24 02:10:44,713][dowhy.causal_estimator][INFO] - INFO: Using Linear Regression Estimator
[2026-04-24 02:10:44,713][dowhy.causal_estimator][WARNING] - No directed path from ['X4'] to ['X5'].
[2026-04-24 02:10:44,758][dowhy.causal_model][INFO] - Model to find the causal effect of treatment ['X5'] on outcome ['X0']
[2026-04-24 02:10:44,758][dowhy.causal_identifier.auto_identifier][WARNING] - No directed path from treatment to outcome. Causal Effect is zero.
[2026-04-24 02:10:44,758][dowhy.causal_model][INFO] - linear_regression
[2026-04-24 02:10:44,759][dowhy.causal_estimator][INFO] - INFO: Using Linear Regression Estimator
[2026-04-24 02:10:44,759][dowhy.causal_estimator][WARNING] - No directed path from ['X5'] to ['X0'].
[2026-04-24 02:10:44,760][dowhy.causal_model][INFO] - Model to find the causal effect of treatment ['X5'] on outcome ['X1']
[2026-04-24 02:10:44,760][dowhy.causal_identifier.auto_identifier][WARNING] - No directed path from treatment to outcome. Causal Effect is zero.
[2026-04-24 02:10:44,760][dowhy.causal_model][INFO] - linear_regression
[2026-04-24 02:10:44,760][dowhy.causal_estimator][INFO] - INFO: Using Linear Regression Estimator
[2026-04-24 02:10:44,760][dowhy.causal_estimator][WARNING] - No directed path from ['X5'] to ['X1'].
[2026-04-24 02:10:44,762][dowhy.causal_model][INFO] - Model to find the causal effect of treatment ['X5'] on outcome ['X2']
[2026-04-24 02:10:44,762][dowhy.causal_identifier.auto_identifier][WARNING] - No directed path from treatment to outcome. Causal Effect is zero.
[2026-04-24 02:10:44,762][dowhy.causal_model][INFO] - linear_regression
[2026-04-24 02:10:44,762][dowhy.causal_estimator][INFO] - INFO: Using Linear Regression Estimator
[2026-04-24 02:10:44,762][dowhy.causal_estimator][WARNING] - No directed path from ['X5'] to ['X2'].
[2026-04-24 02:10:44,764][dowhy.causal_model][INFO] - Model to find the causal effect of treatment ['X5'] on outcome ['X3']
[2026-04-24 02:10:44,764][dowhy.causal_identifier.auto_identifier][WARNING] - No directed path from treatment to outcome. Causal Effect is zero.
[2026-04-24 02:10:44,764][dowhy.causal_model][INFO] - linear_regression
[2026-04-24 02:10:44,764][dowhy.causal_estimator][INFO] - INFO: Using Linear Regression Estimator
[2026-04-24 02:10:44,764][dowhy.causal_estimator][WARNING] - No directed path from ['X5'] to ['X3'].
[2026-04-24 02:10:44,766][dowhy.causal_model][INFO] - Model to find the causal effect of treatment ['X5'] on outcome ['X4']
[2026-04-24 02:10:44,766][dowhy.causal_identifier.auto_identifier][WARNING] - No directed path from treatment to outcome. Causal Effect is zero.
[2026-04-24 02:10:44,766][dowhy.causal_model][INFO] - linear_regression
[2026-04-24 02:10:44,766][dowhy.causal_estimator][INFO] - INFO: Using Linear Regression Estimator
[2026-04-24 02:10:44,766][dowhy.causal_estimator][WARNING] - No directed path from ['X5'] to ['X4'].
[2026-04-24 02:10:44,847][dowhy.causal_model][INFO] - Model to find the causal effect of treatment ['X0'] on outcome ['X1']
[2026-04-24 02:10:44,847][dowhy.causal_identifier.auto_identifier][INFO] - Causal effect can be identified.
[2026-04-24 02:10:44,848][dowhy.causal_identifier.auto_identifier][INFO] - Instrumental variables for treatment and outcome:[]
[2026-04-24 02:10:44,848][dowhy.causal_identifier.auto_identifier][INFO] - Frontdoor variables for treatment and outcome:[]
[2026-04-24 02:10:44,848][dowhy.causal_model][INFO] - linear_regression
[2026-04-24 02:10:44,848][dowhy.causal_estimator][INFO] - INFO: Using Linear Regression Estimator
[2026-04-24 02:10:44,848][dowhy.causal_estimator][INFO] - b: X1~X0
[2026-04-24 02:10:44,855][dowhy.causal_model][INFO] - Model to find the causal effect of treatment ['X0'] on outcome ['X2']
[2026-04-24 02:10:44,855][dowhy.causal_identifier.auto_identifier][WARNING] - No directed path from treatment to outcome. Causal Effect is zero.
[2026-04-24 02:10:44,855][dowhy.causal_model][INFO] - linear_regression
[2026-04-24 02:10:44,855][dowhy.causal_estimator][INFO] - INFO: Using Linear Regression Estimator
[2026-04-24 02:10:44,855][dowhy.causal_estimator][WARNING] - No directed path from ['X0'] to ['X2'].
[2026-04-24 02:10:44,857][dowhy.causal_model][INFO] - Model to find the causal effect of treatment ['X0'] on outcome ['X3']
[2026-04-24 02:10:44,857][dowhy.causal_identifier.auto_identifier][INFO] - Causal effect can be identified.
[2026-04-24 02:10:44,858][dowhy.causal_identifier.auto_identifier][INFO] - Instrumental variables for treatment and outcome:[]
[2026-04-24 02:10:44,858][dowhy.causal_identifier.auto_identifier][INFO] - Frontdoor variables for treatment and outcome:[]
[2026-04-24 02:10:44,858][dowhy.causal_model][INFO] - linear_regression
[2026-04-24 02:10:44,858][dowhy.causal_estimator][INFO] - INFO: Using Linear Regression Estimator
[2026-04-24 02:10:44,858][dowhy.causal_estimator][INFO] - b: X3~X0
[2026-04-24 02:10:44,865][dowhy.causal_model][INFO] - Model to find the causal effect of treatment ['X0'] on outcome ['X4']
[2026-04-24 02:10:44,865][dowhy.causal_identifier.auto_identifier][INFO] - Causal effect can be identified.
[2026-04-24 02:10:44,866][dowhy.causal_identifier.auto_identifier][INFO] - Instrumental variables for treatment and outcome:[]
[2026-04-24 02:10:44,866][dowhy.causal_identifier.auto_identifier][INFO] - Frontdoor variables for treatment and outcome:[]
[2026-04-24 02:10:44,866][dowhy.causal_model][INFO] - linear_regression
[2026-04-24 02:10:44,866][dowhy.causal_estimator][INFO] - INFO: Using Linear Regression Estimator
[2026-04-24 02:10:44,866][dowhy.causal_estimator][INFO] - b: X4~X0+X0*X2
[2026-04-24 02:10:44,874][dowhy.causal_model][INFO] - Model to find the causal effect of treatment ['X0'] on outcome ['X5']
[2026-04-24 02:10:44,874][dowhy.causal_identifier.auto_identifier][INFO] - Causal effect can be identified.
[2026-04-24 02:10:44,875][dowhy.causal_identifier.auto_identifier][INFO] - Instrumental variables for treatment and outcome:[]
[2026-04-24 02:10:44,875][dowhy.causal_identifier.auto_identifier][INFO] - Frontdoor variables for treatment and outcome:['X4', 'X3', 'X1']
[2026-04-24 02:10:44,876][dowhy.causal_identifier.auto_identifier][INFO] - Causal effect can be identified.
[2026-04-24 02:10:44,877][dowhy.causal_identifier.auto_identifier][INFO] - Causal effect can be identified.
[2026-04-24 02:10:44,877][dowhy.causal_model][INFO] - linear_regression
[2026-04-24 02:10:44,878][dowhy.causal_estimator][INFO] - INFO: Using Linear Regression Estimator
[2026-04-24 02:10:44,878][dowhy.causal_estimator][INFO] - b: X5~X0
[2026-04-24 02:10:44,934][dowhy.causal_model][INFO] - Model to find the causal effect of treatment ['X1'] on outcome ['X0']
[2026-04-24 02:10:44,934][dowhy.causal_identifier.auto_identifier][WARNING] - No directed path from treatment to outcome. Causal Effect is zero.
[2026-04-24 02:10:44,934][dowhy.causal_model][INFO] - linear_regression
[2026-04-24 02:10:44,934][dowhy.causal_estimator][INFO] - INFO: Using Linear Regression Estimator
[2026-04-24 02:10:44,934][dowhy.causal_estimator][WARNING] - No directed path from ['X1'] to ['X0'].
[2026-04-24 02:10:44,936][dowhy.causal_model][INFO] - Model to find the causal effect of treatment ['X1'] on outcome ['X2']
[2026-04-24 02:10:44,936][dowhy.causal_identifier.auto_identifier][WARNING] - No directed path from treatment to outcome. Causal Effect is zero.
[2026-04-24 02:10:44,936][dowhy.causal_model][INFO] - linear_regression
[2026-04-24 02:10:44,936][dowhy.causal_estimator][INFO] - INFO: Using Linear Regression Estimator
[2026-04-24 02:10:44,936][dowhy.causal_estimator][WARNING] - No directed path from ['X1'] to ['X2'].
[2026-04-24 02:10:44,937][dowhy.causal_model][INFO] - Model to find the causal effect of treatment ['X1'] on outcome ['X3']
[2026-04-24 02:10:44,937][dowhy.causal_identifier.auto_identifier][WARNING] - No directed path from treatment to outcome. Causal Effect is zero.
[2026-04-24 02:10:44,938][dowhy.causal_model][INFO] - linear_regression
[2026-04-24 02:10:44,938][dowhy.causal_estimator][INFO] - INFO: Using Linear Regression Estimator
[2026-04-24 02:10:44,938][dowhy.causal_estimator][WARNING] - No directed path from ['X1'] to ['X3'].
[2026-04-24 02:10:44,939][dowhy.causal_model][INFO] - Model to find the causal effect of treatment ['X1'] on outcome ['X4']
[2026-04-24 02:10:44,939][dowhy.causal_identifier.auto_identifier][WARNING] - No directed path from treatment to outcome. Causal Effect is zero.
[2026-04-24 02:10:44,939][dowhy.causal_model][INFO] - linear_regression
[2026-04-24 02:10:44,939][dowhy.causal_estimator][INFO] - INFO: Using Linear Regression Estimator
[2026-04-24 02:10:44,939][dowhy.causal_estimator][WARNING] - No directed path from ['X1'] to ['X4'].
[2026-04-24 02:10:44,941][dowhy.causal_model][INFO] - Model to find the causal effect of treatment ['X1'] on outcome ['X5']
[2026-04-24 02:10:44,942][dowhy.causal_identifier.auto_identifier][INFO] - Causal effect can be identified.
[2026-04-24 02:10:44,942][dowhy.causal_identifier.auto_identifier][INFO] - Instrumental variables for treatment and outcome:[]
[2026-04-24 02:10:44,942][dowhy.causal_identifier.auto_identifier][INFO] - Frontdoor variables for treatment and outcome:[]
[2026-04-24 02:10:44,942][dowhy.causal_model][INFO] - linear_regression
[2026-04-24 02:10:44,942][dowhy.causal_estimator][INFO] - INFO: Using Linear Regression Estimator
[2026-04-24 02:10:44,943][dowhy.causal_estimator][INFO] - b: X5~X1+X0+X1*X3
[2026-04-24 02:10:44,999][dowhy.causal_model][INFO] - Model to find the causal effect of treatment ['X2'] on outcome ['X0']
[2026-04-24 02:10:44,999][dowhy.causal_identifier.auto_identifier][WARNING] - No directed path from treatment to outcome. Causal Effect is zero.
[2026-04-24 02:10:44,999][dowhy.causal_model][INFO] - linear_regression
[2026-04-24 02:10:44,999][dowhy.causal_estimator][INFO] - INFO: Using Linear Regression Estimator
[2026-04-24 02:10:44,999][dowhy.causal_estimator][WARNING] - No directed path from ['X2'] to ['X0'].
[2026-04-24 02:10:45,001][dowhy.causal_model][INFO] - Model to find the causal effect of treatment ['X2'] on outcome ['X1']
[2026-04-24 02:10:45,001][dowhy.causal_identifier.auto_identifier][WARNING] - No directed path from treatment to outcome. Causal Effect is zero.
[2026-04-24 02:10:45,001][dowhy.causal_model][INFO] - linear_regression
[2026-04-24 02:10:45,001][dowhy.causal_estimator][INFO] - INFO: Using Linear Regression Estimator
[2026-04-24 02:10:45,001][dowhy.causal_estimator][WARNING] - No directed path from ['X2'] to ['X1'].
[2026-04-24 02:10:45,003][dowhy.causal_model][INFO] - Model to find the causal effect of treatment ['X2'] on outcome ['X3']
[2026-04-24 02:10:45,003][dowhy.causal_identifier.auto_identifier][WARNING] - No directed path from treatment to outcome. Causal Effect is zero.
[2026-04-24 02:10:45,003][dowhy.causal_model][INFO] - linear_regression
[2026-04-24 02:10:45,003][dowhy.causal_estimator][INFO] - INFO: Using Linear Regression Estimator
[2026-04-24 02:10:45,003][dowhy.causal_estimator][WARNING] - No directed path from ['X2'] to ['X3'].
[2026-04-24 02:10:45,005][dowhy.causal_model][INFO] - Model to find the causal effect of treatment ['X2'] on outcome ['X4']
[2026-04-24 02:10:45,006][dowhy.causal_identifier.auto_identifier][INFO] - Causal effect can be identified.
[2026-04-24 02:10:45,006][dowhy.causal_identifier.auto_identifier][INFO] - Instrumental variables for treatment and outcome:[]
[2026-04-24 02:10:45,006][dowhy.causal_identifier.auto_identifier][INFO] - Frontdoor variables for treatment and outcome:[]
[2026-04-24 02:10:45,006][dowhy.causal_model][INFO] - linear_regression
[2026-04-24 02:10:45,006][dowhy.causal_estimator][INFO] - INFO: Using Linear Regression Estimator
[2026-04-24 02:10:45,007][dowhy.causal_estimator][INFO] - b: X4~X2+X2*X0+X2*X3
[2026-04-24 02:10:45,015][dowhy.causal_model][INFO] - Model to find the causal effect of treatment ['X2'] on outcome ['X5']
[2026-04-24 02:10:45,015][dowhy.causal_identifier.auto_identifier][WARNING] - No directed path from treatment to outcome. Causal Effect is zero.
[2026-04-24 02:10:45,015][dowhy.causal_model][INFO] - linear_regression
[2026-04-24 02:10:45,015][dowhy.causal_estimator][INFO] - INFO: Using Linear Regression Estimator
[2026-04-24 02:10:45,015][dowhy.causal_estimator][WARNING] - No directed path from ['X2'] to ['X5'].
[2026-04-24 02:10:45,068][dowhy.causal_model][INFO] - Model to find the causal effect of treatment ['X3'] on outcome ['X0']
[2026-04-24 02:10:45,068][dowhy.causal_identifier.auto_identifier][WARNING] - No directed path from treatment to outcome. Causal Effect is zero.
[2026-04-24 02:10:45,068][dowhy.causal_model][INFO] - linear_regression
[2026-04-24 02:10:45,068][dowhy.causal_estimator][INFO] - INFO: Using Linear Regression Estimator
[2026-04-24 02:10:45,068][dowhy.causal_estimator][WARNING] - No directed path from ['X3'] to ['X0'].
[2026-04-24 02:10:45,070][dowhy.causal_model][INFO] - Model to find the causal effect of treatment ['X3'] on outcome ['X1']
[2026-04-24 02:10:45,070][dowhy.causal_identifier.auto_identifier][WARNING] - No directed path from treatment to outcome. Causal Effect is zero.
[2026-04-24 02:10:45,070][dowhy.causal_model][INFO] - linear_regression
[2026-04-24 02:10:45,070][dowhy.causal_estimator][INFO] - INFO: Using Linear Regression Estimator
[2026-04-24 02:10:45,070][dowhy.causal_estimator][WARNING] - No directed path from ['X3'] to ['X1'].
[2026-04-24 02:10:45,072][dowhy.causal_model][INFO] - Model to find the causal effect of treatment ['X3'] on outcome ['X2']
[2026-04-24 02:10:45,072][dowhy.causal_identifier.auto_identifier][WARNING] - No directed path from treatment to outcome. Causal Effect is zero.
[2026-04-24 02:10:45,072][dowhy.causal_model][INFO] - linear_regression
[2026-04-24 02:10:45,072][dowhy.causal_estimator][INFO] - INFO: Using Linear Regression Estimator
[2026-04-24 02:10:45,072][dowhy.causal_estimator][WARNING] - No directed path from ['X3'] to ['X2'].
[2026-04-24 02:10:45,074][dowhy.causal_model][INFO] - Model to find the causal effect of treatment ['X3'] on outcome ['X4']
[2026-04-24 02:10:45,074][dowhy.causal_identifier.auto_identifier][INFO] - Causal effect can be identified.
[2026-04-24 02:10:45,075][dowhy.causal_identifier.auto_identifier][INFO] - Instrumental variables for treatment and outcome:[]
[2026-04-24 02:10:45,075][dowhy.causal_identifier.auto_identifier][INFO] - Frontdoor variables for treatment and outcome:[]
[2026-04-24 02:10:45,075][dowhy.causal_model][INFO] - linear_regression
[2026-04-24 02:10:45,075][dowhy.causal_estimator][INFO] - INFO: Using Linear Regression Estimator
[2026-04-24 02:10:45,076][dowhy.causal_estimator][INFO] - b: X4~X3+X0+X3*X2
[2026-04-24 02:10:45,085][dowhy.causal_model][INFO] - Model to find the causal effect of treatment ['X3'] on outcome ['X5']
[2026-04-24 02:10:45,085][dowhy.causal_identifier.auto_identifier][INFO] - Causal effect can be identified.
[2026-04-24 02:10:45,086][dowhy.causal_identifier.auto_identifier][INFO] - Instrumental variables for treatment and outcome:[]
[2026-04-24 02:10:45,086][dowhy.causal_identifier.auto_identifier][INFO] - Frontdoor variables for treatment and outcome:[]
[2026-04-24 02:10:45,086][dowhy.causal_model][INFO] - linear_regression
[2026-04-24 02:10:45,086][dowhy.causal_estimator][INFO] - INFO: Using Linear Regression Estimator
[2026-04-24 02:10:45,086][dowhy.causal_estimator][INFO] - b: X5~X3+X0+X3*X1
[2026-04-24 02:10:45,142][dowhy.causal_model][INFO] - Model to find the causal effect of treatment ['X4'] on outcome ['X0']
[2026-04-24 02:10:45,142][dowhy.causal_identifier.auto_identifier][WARNING] - No directed path from treatment to outcome. Causal Effect is zero.
[2026-04-24 02:10:45,142][dowhy.causal_model][INFO] - linear_regression
[2026-04-24 02:10:45,142][dowhy.causal_estimator][INFO] - INFO: Using Linear Regression Estimator
[2026-04-24 02:10:45,142][dowhy.causal_estimator][WARNING] - No directed path from ['X4'] to ['X0'].
[2026-04-24 02:10:45,143][dowhy.causal_model][INFO] - Model to find the causal effect of treatment ['X4'] on outcome ['X1']
[2026-04-24 02:10:45,143][dowhy.causal_identifier.auto_identifier][WARNING] - No directed path from treatment to outcome. Causal Effect is zero.
[2026-04-24 02:10:45,143][dowhy.causal_model][INFO] - linear_regression
[2026-04-24 02:10:45,143][dowhy.causal_estimator][INFO] - INFO: Using Linear Regression Estimator
[2026-04-24 02:10:45,144][dowhy.causal_estimator][WARNING] - No directed path from ['X4'] to ['X1'].
[2026-04-24 02:10:45,145][dowhy.causal_model][INFO] - Model to find the causal effect of treatment ['X4'] on outcome ['X2']
[2026-04-24 02:10:45,145][dowhy.causal_identifier.auto_identifier][WARNING] - No directed path from treatment to outcome. Causal Effect is zero.
[2026-04-24 02:10:45,145][dowhy.causal_model][INFO] - linear_regression
[2026-04-24 02:10:45,145][dowhy.causal_estimator][INFO] - INFO: Using Linear Regression Estimator
[2026-04-24 02:10:45,145][dowhy.causal_estimator][WARNING] - No directed path from ['X4'] to ['X2'].
[2026-04-24 02:10:45,147][dowhy.causal_model][INFO] - Model to find the causal effect of treatment ['X4'] on outcome ['X3']
[2026-04-24 02:10:45,147][dowhy.causal_identifier.auto_identifier][WARNING] - No directed path from treatment to outcome. Causal Effect is zero.
[2026-04-24 02:10:45,147][dowhy.causal_model][INFO] - linear_regression
[2026-04-24 02:10:45,147][dowhy.causal_estimator][INFO] - INFO: Using Linear Regression Estimator
[2026-04-24 02:10:45,147][dowhy.causal_estimator][WARNING] - No directed path from ['X4'] to ['X3'].
[2026-04-24 02:10:45,149][dowhy.causal_model][INFO] - Model to find the causal effect of treatment ['X4'] on outcome ['X5']
[2026-04-24 02:10:45,149][dowhy.causal_identifier.auto_identifier][WARNING] - No directed path from treatment to outcome. Causal Effect is zero.
[2026-04-24 02:10:45,149][dowhy.causal_model][INFO] - linear_regression
[2026-04-24 02:10:45,149][dowhy.causal_estimator][INFO] - INFO: Using Linear Regression Estimator
[2026-04-24 02:10:45,149][dowhy.causal_estimator][WARNING] - No directed path from ['X4'] to ['X5'].
[2026-04-24 02:10:45,192][dowhy.causal_model][INFO] - Model to find the causal effect of treatment ['X5'] on outcome ['X0']
[2026-04-24 02:10:45,192][dowhy.causal_identifier.auto_identifier][WARNING] - No directed path from treatment to outcome. Causal Effect is zero.
[2026-04-24 02:10:45,192][dowhy.causal_model][INFO] - linear_regression
[2026-04-24 02:10:45,192][dowhy.causal_estimator][INFO] - INFO: Using Linear Regression Estimator
[2026-04-24 02:10:45,192][dowhy.causal_estimator][WARNING] - No directed path from ['X5'] to ['X0'].
[2026-04-24 02:10:45,194][dowhy.causal_model][INFO] - Model to find the causal effect of treatment ['X5'] on outcome ['X1']
[2026-04-24 02:10:45,194][dowhy.causal_identifier.auto_identifier][WARNING] - No directed path from treatment to outcome. Causal Effect is zero.
[2026-04-24 02:10:45,194][dowhy.causal_model][INFO] - linear_regression
[2026-04-24 02:10:45,194][dowhy.causal_estimator][INFO] - INFO: Using Linear Regression Estimator
[2026-04-24 02:10:45,194][dowhy.causal_estimator][WARNING] - No directed path from ['X5'] to ['X1'].
[2026-04-24 02:10:45,196][dowhy.causal_model][INFO] - Model to find the causal effect of treatment ['X5'] on outcome ['X2']
[2026-04-24 02:10:45,196][dowhy.causal_identifier.auto_identifier][WARNING] - No directed path from treatment to outcome. Causal Effect is zero.
[2026-04-24 02:10:45,196][dowhy.causal_model][INFO] - linear_regression
[2026-04-24 02:10:45,196][dowhy.causal_estimator][INFO] - INFO: Using Linear Regression Estimator
[2026-04-24 02:10:45,196][dowhy.causal_estimator][WARNING] - No directed path from ['X5'] to ['X2'].
[2026-04-24 02:10:45,197][dowhy.causal_model][INFO] - Model to find the causal effect of treatment ['X5'] on outcome ['X3']
[2026-04-24 02:10:45,197][dowhy.causal_identifier.auto_identifier][WARNING] - No directed path from treatment to outcome. Causal Effect is zero.
[2026-04-24 02:10:45,198][dowhy.causal_model][INFO] - linear_regression
[2026-04-24 02:10:45,198][dowhy.causal_estimator][INFO] - INFO: Using Linear Regression Estimator
[2026-04-24 02:10:45,198][dowhy.causal_estimator][WARNING] - No directed path from ['X5'] to ['X3'].
[2026-04-24 02:10:45,199][dowhy.causal_model][INFO] - Model to find the causal effect of treatment ['X5'] on outcome ['X4']
[2026-04-24 02:10:45,199][dowhy.causal_identifier.auto_identifier][WARNING] - No directed path from treatment to outcome. Causal Effect is zero.
[2026-04-24 02:10:45,199][dowhy.causal_model][INFO] - linear_regression
[2026-04-24 02:10:45,199][dowhy.causal_estimator][INFO] - INFO: Using Linear Regression Estimator
[2026-04-24 02:10:45,199][dowhy.causal_estimator][WARNING] - No directed path from ['X5'] to ['X4'].
[2026-04-24 02:10:45,282][dowhy.causal_model][INFO] - Model to find the causal effect of treatment ['X0'] on outcome ['X1']
[2026-04-24 02:10:45,283][dowhy.causal_identifier.auto_identifier][INFO] - Causal effect can be identified.
[2026-04-24 02:10:45,283][dowhy.causal_identifier.auto_identifier][INFO] - Instrumental variables for treatment and outcome:[]
[2026-04-24 02:10:45,283][dowhy.causal_identifier.auto_identifier][INFO] - Frontdoor variables for treatment and outcome:[]
[2026-04-24 02:10:45,283][dowhy.causal_model][INFO] - linear_regression
[2026-04-24 02:10:45,283][dowhy.causal_estimator][INFO] - INFO: Using Linear Regression Estimator
[2026-04-24 02:10:45,283][dowhy.causal_estimator][INFO] - b: X1~X0
[2026-04-24 02:10:45,290][dowhy.causal_model][INFO] - Model to find the causal effect of treatment ['X0'] on outcome ['X2']
[2026-04-24 02:10:45,290][dowhy.causal_identifier.auto_identifier][WARNING] - No directed path from treatment to outcome. Causal Effect is zero.
[2026-04-24 02:10:45,290][dowhy.causal_model][INFO] - linear_regression
[2026-04-24 02:10:45,290][dowhy.causal_estimator][INFO] - INFO: Using Linear Regression Estimator
[2026-04-24 02:10:45,290][dowhy.causal_estimator][WARNING] - No directed path from ['X0'] to ['X2'].
[2026-04-24 02:10:45,292][dowhy.causal_model][INFO] - Model to find the causal effect of treatment ['X0'] on outcome ['X3']
[2026-04-24 02:10:45,293][dowhy.causal_identifier.auto_identifier][INFO] - Causal effect can be identified.
[2026-04-24 02:10:45,293][dowhy.causal_identifier.auto_identifier][INFO] - Instrumental variables for treatment and outcome:[]
[2026-04-24 02:10:45,293][dowhy.causal_identifier.auto_identifier][INFO] - Frontdoor variables for treatment and outcome:[]
[2026-04-24 02:10:45,293][dowhy.causal_model][INFO] - linear_regression
[2026-04-24 02:10:45,293][dowhy.causal_estimator][INFO] - INFO: Using Linear Regression Estimator
[2026-04-24 02:10:45,293][dowhy.causal_estimator][INFO] - b: X3~X0
[2026-04-24 02:10:45,300][dowhy.causal_model][INFO] - Model to find the causal effect of treatment ['X0'] on outcome ['X4']
[2026-04-24 02:10:45,300][dowhy.causal_identifier.auto_identifier][INFO] - Causal effect can be identified.
[2026-04-24 02:10:45,301][dowhy.causal_identifier.auto_identifier][INFO] - Instrumental variables for treatment and outcome:[]
[2026-04-24 02:10:45,301][dowhy.causal_identifier.auto_identifier][INFO] - Frontdoor variables for treatment and outcome:[]
[2026-04-24 02:10:45,301][dowhy.causal_model][INFO] - linear_regression
[2026-04-24 02:10:45,301][dowhy.causal_estimator][INFO] - INFO: Using Linear Regression Estimator
[2026-04-24 02:10:45,302][dowhy.causal_estimator][INFO] - b: X4~X0+X0*X2
[2026-04-24 02:10:45,310][dowhy.causal_model][INFO] - Model to find the causal effect of treatment ['X0'] on outcome ['X5']
[2026-04-24 02:10:45,310][dowhy.causal_identifier.auto_identifier][INFO] - Causal effect can be identified.
[2026-04-24 02:10:45,310][dowhy.causal_identifier.auto_identifier][INFO] - Instrumental variables for treatment and outcome:[]
[2026-04-24 02:10:45,311][dowhy.causal_identifier.auto_identifier][INFO] - Frontdoor variables for treatment and outcome:['X4', 'X3', 'X1']
[2026-04-24 02:10:45,312][dowhy.causal_identifier.auto_identifier][INFO] - Causal effect can be identified.
[2026-04-24 02:10:45,313][dowhy.causal_identifier.auto_identifier][INFO] - Causal effect can be identified.
[2026-04-24 02:10:45,313][dowhy.causal_model][INFO] - linear_regression
[2026-04-24 02:10:45,313][dowhy.causal_estimator][INFO] - INFO: Using Linear Regression Estimator
[2026-04-24 02:10:45,313][dowhy.causal_estimator][INFO] - b: X5~X0
[2026-04-24 02:10:45,368][dowhy.causal_model][INFO] - Model to find the causal effect of treatment ['X1'] on outcome ['X0']
[2026-04-24 02:10:45,368][dowhy.causal_identifier.auto_identifier][WARNING] - No directed path from treatment to outcome. Causal Effect is zero.
[2026-04-24 02:10:45,368][dowhy.causal_model][INFO] - linear_regression
[2026-04-24 02:10:45,368][dowhy.causal_estimator][INFO] - INFO: Using Linear Regression Estimator
[2026-04-24 02:10:45,368][dowhy.causal_estimator][WARNING] - No directed path from ['X1'] to ['X0'].
[2026-04-24 02:10:45,369][dowhy.causal_model][INFO] - Model to find the causal effect of treatment ['X1'] on outcome ['X2']
[2026-04-24 02:10:45,369][dowhy.causal_identifier.auto_identifier][WARNING] - No directed path from treatment to outcome. Causal Effect is zero.
[2026-04-24 02:10:45,369][dowhy.causal_model][INFO] - linear_regression
[2026-04-24 02:10:45,369][dowhy.causal_estimator][INFO] - INFO: Using Linear Regression Estimator
[2026-04-24 02:10:45,370][dowhy.causal_estimator][WARNING] - No directed path from ['X1'] to ['X2'].
[2026-04-24 02:10:45,371][dowhy.causal_model][INFO] - Model to find the causal effect of treatment ['X1'] on outcome ['X3']
[2026-04-24 02:10:45,371][dowhy.causal_identifier.auto_identifier][WARNING] - No directed path from treatment to outcome. Causal Effect is zero.
[2026-04-24 02:10:45,371][dowhy.causal_model][INFO] - linear_regression
[2026-04-24 02:10:45,371][dowhy.causal_estimator][INFO] - INFO: Using Linear Regression Estimator
[2026-04-24 02:10:45,371][dowhy.causal_estimator][WARNING] - No directed path from ['X1'] to ['X3'].
[2026-04-24 02:10:45,373][dowhy.causal_model][INFO] - Model to find the causal effect of treatment ['X1'] on outcome ['X4']
[2026-04-24 02:10:45,373][dowhy.causal_identifier.auto_identifier][WARNING] - No directed path from treatment to outcome. Causal Effect is zero.
[2026-04-24 02:10:45,373][dowhy.causal_model][INFO] - linear_regression
[2026-04-24 02:10:45,373][dowhy.causal_estimator][INFO] - INFO: Using Linear Regression Estimator
[2026-04-24 02:10:45,373][dowhy.causal_estimator][WARNING] - No directed path from ['X1'] to ['X4'].
[2026-04-24 02:10:45,375][dowhy.causal_model][INFO] - Model to find the causal effect of treatment ['X1'] on outcome ['X5']
[2026-04-24 02:10:45,376][dowhy.causal_identifier.auto_identifier][INFO] - Causal effect can be identified.
[2026-04-24 02:10:45,376][dowhy.causal_identifier.auto_identifier][INFO] - Instrumental variables for treatment and outcome:[]
[2026-04-24 02:10:45,376][dowhy.causal_identifier.auto_identifier][INFO] - Frontdoor variables for treatment and outcome:[]
[2026-04-24 02:10:45,376][dowhy.causal_model][INFO] - linear_regression
[2026-04-24 02:10:45,376][dowhy.causal_estimator][INFO] - INFO: Using Linear Regression Estimator
[2026-04-24 02:10:45,377][dowhy.causal_estimator][INFO] - b: X5~X1+X0+X1*X3
[2026-04-24 02:10:45,431][dowhy.causal_model][INFO] - Model to find the causal effect of treatment ['X2'] on outcome ['X0']
[2026-04-24 02:10:45,431][dowhy.causal_identifier.auto_identifier][WARNING] - No directed path from treatment to outcome. Causal Effect is zero.
[2026-04-24 02:10:45,431][dowhy.causal_model][INFO] - linear_regression
[2026-04-24 02:10:45,432][dowhy.causal_estimator][INFO] - INFO: Using Linear Regression Estimator
[2026-04-24 02:10:45,432][dowhy.causal_estimator][WARNING] - No directed path from ['X2'] to ['X0'].
[2026-04-24 02:10:45,433][dowhy.causal_model][INFO] - Model to find the causal effect of treatment ['X2'] on outcome ['X1']
[2026-04-24 02:10:45,433][dowhy.causal_identifier.auto_identifier][WARNING] - No directed path from treatment to outcome. Causal Effect is zero.
[2026-04-24 02:10:45,433][dowhy.causal_model][INFO] - linear_regression
[2026-04-24 02:10:45,433][dowhy.causal_estimator][INFO] - INFO: Using Linear Regression Estimator
[2026-04-24 02:10:45,433][dowhy.causal_estimator][WARNING] - No directed path from ['X2'] to ['X1'].
[2026-04-24 02:10:45,435][dowhy.causal_model][INFO] - Model to find the causal effect of treatment ['X2'] on outcome ['X3']
[2026-04-24 02:10:45,435][dowhy.causal_identifier.auto_identifier][WARNING] - No directed path from treatment to outcome. Causal Effect is zero.
[2026-04-24 02:10:45,435][dowhy.causal_model][INFO] - linear_regression
[2026-04-24 02:10:45,435][dowhy.causal_estimator][INFO] - INFO: Using Linear Regression Estimator
[2026-04-24 02:10:45,435][dowhy.causal_estimator][WARNING] - No directed path from ['X2'] to ['X3'].
[2026-04-24 02:10:45,437][dowhy.causal_model][INFO] - Model to find the causal effect of treatment ['X2'] on outcome ['X4']
[2026-04-24 02:10:45,438][dowhy.causal_identifier.auto_identifier][INFO] - Causal effect can be identified.
[2026-04-24 02:10:45,439][dowhy.causal_identifier.auto_identifier][INFO] - Instrumental variables for treatment and outcome:[]
[2026-04-24 02:10:45,439][dowhy.causal_identifier.auto_identifier][INFO] - Frontdoor variables for treatment and outcome:[]
[2026-04-24 02:10:45,439][dowhy.causal_model][INFO] - linear_regression
[2026-04-24 02:10:45,439][dowhy.causal_estimator][INFO] - INFO: Using Linear Regression Estimator
[2026-04-24 02:10:45,439][dowhy.causal_estimator][INFO] - b: X4~X2+X2*X0+X2*X3
[2026-04-24 02:10:45,447][dowhy.causal_model][INFO] - Model to find the causal effect of treatment ['X2'] on outcome ['X5']
[2026-04-24 02:10:45,447][dowhy.causal_identifier.auto_identifier][WARNING] - No directed path from treatment to outcome. Causal Effect is zero.
[2026-04-24 02:10:45,447][dowhy.causal_model][INFO] - linear_regression
[2026-04-24 02:10:45,447][dowhy.causal_estimator][INFO] - INFO: Using Linear Regression Estimator
[2026-04-24 02:10:45,447][dowhy.causal_estimator][WARNING] - No directed path from ['X2'] to ['X5'].
[2026-04-24 02:10:45,503][dowhy.causal_model][INFO] - Model to find the causal effect of treatment ['X3'] on outcome ['X0']
[2026-04-24 02:10:45,503][dowhy.causal_identifier.auto_identifier][WARNING] - No directed path from treatment to outcome. Causal Effect is zero.
[2026-04-24 02:10:45,503][dowhy.causal_model][INFO] - linear_regression
[2026-04-24 02:10:45,503][dowhy.causal_estimator][INFO] - INFO: Using Linear Regression Estimator
[2026-04-24 02:10:45,503][dowhy.causal_estimator][WARNING] - No directed path from ['X3'] to ['X0'].
[2026-04-24 02:10:45,505][dowhy.causal_model][INFO] - Model to find the causal effect of treatment ['X3'] on outcome ['X1']
[2026-04-24 02:10:45,505][dowhy.causal_identifier.auto_identifier][WARNING] - No directed path from treatment to outcome. Causal Effect is zero.
[2026-04-24 02:10:45,505][dowhy.causal_model][INFO] - linear_regression
[2026-04-24 02:10:45,505][dowhy.causal_estimator][INFO] - INFO: Using Linear Regression Estimator
[2026-04-24 02:10:45,505][dowhy.causal_estimator][WARNING] - No directed path from ['X3'] to ['X1'].
[2026-04-24 02:10:45,507][dowhy.causal_model][INFO] - Model to find the causal effect of treatment ['X3'] on outcome ['X2']
[2026-04-24 02:10:45,507][dowhy.causal_identifier.auto_identifier][WARNING] - No directed path from treatment to outcome. Causal Effect is zero.
[2026-04-24 02:10:45,507][dowhy.causal_model][INFO] - linear_regression
[2026-04-24 02:10:45,507][dowhy.causal_estimator][INFO] - INFO: Using Linear Regression Estimator
[2026-04-24 02:10:45,507][dowhy.causal_estimator][WARNING] - No directed path from ['X3'] to ['X2'].
[2026-04-24 02:10:45,508][dowhy.causal_model][INFO] - Model to find the causal effect of treatment ['X3'] on outcome ['X4']
[2026-04-24 02:10:45,509][dowhy.causal_identifier.auto_identifier][INFO] - Causal effect can be identified.
[2026-04-24 02:10:45,510][dowhy.causal_identifier.auto_identifier][INFO] - Instrumental variables for treatment and outcome:[]
[2026-04-24 02:10:45,510][dowhy.causal_identifier.auto_identifier][INFO] - Frontdoor variables for treatment and outcome:[]
[2026-04-24 02:10:45,510][dowhy.causal_model][INFO] - linear_regression
[2026-04-24 02:10:45,510][dowhy.causal_estimator][INFO] - INFO: Using Linear Regression Estimator
[2026-04-24 02:10:45,510][dowhy.causal_estimator][INFO] - b: X4~X3+X0+X3*X2
[2026-04-24 02:10:45,520][dowhy.causal_model][INFO] - Model to find the causal effect of treatment ['X3'] on outcome ['X5']
[2026-04-24 02:10:45,521][dowhy.causal_identifier.auto_identifier][INFO] - Causal effect can be identified.
[2026-04-24 02:10:45,521][dowhy.causal_identifier.auto_identifier][INFO] - Instrumental variables for treatment and outcome:[]
[2026-04-24 02:10:45,521][dowhy.causal_identifier.auto_identifier][INFO] - Frontdoor variables for treatment and outcome:[]
[2026-04-24 02:10:45,521][dowhy.causal_model][INFO] - linear_regression
[2026-04-24 02:10:45,521][dowhy.causal_estimator][INFO] - INFO: Using Linear Regression Estimator
[2026-04-24 02:10:45,522][dowhy.causal_estimator][INFO] - b: X5~X3+X0+X3*X1
[2026-04-24 02:10:45,578][dowhy.causal_model][INFO] - Model to find the causal effect of treatment ['X4'] on outcome ['X0']
[2026-04-24 02:10:45,578][dowhy.causal_identifier.auto_identifier][WARNING] - No directed path from treatment to outcome. Causal Effect is zero.
[2026-04-24 02:10:45,578][dowhy.causal_model][INFO] - linear_regression
[2026-04-24 02:10:45,579][dowhy.causal_estimator][INFO] - INFO: Using Linear Regression Estimator
[2026-04-24 02:10:45,579][dowhy.causal_estimator][WARNING] - No directed path from ['X4'] to ['X0'].
[2026-04-24 02:10:45,580][dowhy.causal_model][INFO] - Model to find the causal effect of treatment ['X4'] on outcome ['X1']
[2026-04-24 02:10:45,580][dowhy.causal_identifier.auto_identifier][WARNING] - No directed path from treatment to outcome. Causal Effect is zero.
[2026-04-24 02:10:45,580][dowhy.causal_model][INFO] - linear_regression
[2026-04-24 02:10:45,580][dowhy.causal_estimator][INFO] - INFO: Using Linear Regression Estimator
[2026-04-24 02:10:45,580][dowhy.causal_estimator][WARNING] - No directed path from ['X4'] to ['X1'].
[2026-04-24 02:10:45,582][dowhy.causal_model][INFO] - Model to find the causal effect of treatment ['X4'] on outcome ['X2']
[2026-04-24 02:10:45,582][dowhy.causal_identifier.auto_identifier][WARNING] - No directed path from treatment to outcome. Causal Effect is zero.
[2026-04-24 02:10:45,582][dowhy.causal_model][INFO] - linear_regression
[2026-04-24 02:10:45,582][dowhy.causal_estimator][INFO] - INFO: Using Linear Regression Estimator
[2026-04-24 02:10:45,582][dowhy.causal_estimator][WARNING] - No directed path from ['X4'] to ['X2'].
[2026-04-24 02:10:45,584][dowhy.causal_model][INFO] - Model to find the causal effect of treatment ['X4'] on outcome ['X3']
[2026-04-24 02:10:45,584][dowhy.causal_identifier.auto_identifier][WARNING] - No directed path from treatment to outcome. Causal Effect is zero.
[2026-04-24 02:10:45,584][dowhy.causal_model][INFO] - linear_regression
[2026-04-24 02:10:45,584][dowhy.causal_estimator][INFO] - INFO: Using Linear Regression Estimator
[2026-04-24 02:10:45,584][dowhy.causal_estimator][WARNING] - No directed path from ['X4'] to ['X3'].
[2026-04-24 02:10:45,585][dowhy.causal_model][INFO] - Model to find the causal effect of treatment ['X4'] on outcome ['X5']
[2026-04-24 02:10:45,585][dowhy.causal_identifier.auto_identifier][WARNING] - No directed path from treatment to outcome. Causal Effect is zero.
[2026-04-24 02:10:45,585][dowhy.causal_model][INFO] - linear_regression
[2026-04-24 02:10:45,585][dowhy.causal_estimator][INFO] - INFO: Using Linear Regression Estimator
[2026-04-24 02:10:45,586][dowhy.causal_estimator][WARNING] - No directed path from ['X4'] to ['X5'].
[2026-04-24 02:10:45,631][dowhy.causal_model][INFO] - Model to find the causal effect of treatment ['X5'] on outcome ['X0']
[2026-04-24 02:10:45,631][dowhy.causal_identifier.auto_identifier][WARNING] - No directed path from treatment to outcome. Causal Effect is zero.
[2026-04-24 02:10:45,631][dowhy.causal_model][INFO] - linear_regression
[2026-04-24 02:10:45,632][dowhy.causal_estimator][INFO] - INFO: Using Linear Regression Estimator
[2026-04-24 02:10:45,632][dowhy.causal_estimator][WARNING] - No directed path from ['X5'] to ['X0'].
[2026-04-24 02:10:45,633][dowhy.causal_model][INFO] - Model to find the causal effect of treatment ['X5'] on outcome ['X1']
[2026-04-24 02:10:45,633][dowhy.causal_identifier.auto_identifier][WARNING] - No directed path from treatment to outcome. Causal Effect is zero.
[2026-04-24 02:10:45,633][dowhy.causal_model][INFO] - linear_regression
[2026-04-24 02:10:45,633][dowhy.causal_estimator][INFO] - INFO: Using Linear Regression Estimator
[2026-04-24 02:10:45,633][dowhy.causal_estimator][WARNING] - No directed path from ['X5'] to ['X1'].
[2026-04-24 02:10:45,635][dowhy.causal_model][INFO] - Model to find the causal effect of treatment ['X5'] on outcome ['X2']
[2026-04-24 02:10:45,635][dowhy.causal_identifier.auto_identifier][WARNING] - No directed path from treatment to outcome. Causal Effect is zero.
[2026-04-24 02:10:45,635][dowhy.causal_model][INFO] - linear_regression
[2026-04-24 02:10:45,635][dowhy.causal_estimator][INFO] - INFO: Using Linear Regression Estimator
[2026-04-24 02:10:45,635][dowhy.causal_estimator][WARNING] - No directed path from ['X5'] to ['X2'].
[2026-04-24 02:10:45,637][dowhy.causal_model][INFO] - Model to find the causal effect of treatment ['X5'] on outcome ['X3']
[2026-04-24 02:10:45,637][dowhy.causal_identifier.auto_identifier][WARNING] - No directed path from treatment to outcome. Causal Effect is zero.
[2026-04-24 02:10:45,637][dowhy.causal_model][INFO] - linear_regression
[2026-04-24 02:10:45,637][dowhy.causal_estimator][INFO] - INFO: Using Linear Regression Estimator
[2026-04-24 02:10:45,637][dowhy.causal_estimator][WARNING] - No directed path from ['X5'] to ['X3'].
[2026-04-24 02:10:45,638][dowhy.causal_model][INFO] - Model to find the causal effect of treatment ['X5'] on outcome ['X4']
[2026-04-24 02:10:45,638][dowhy.causal_identifier.auto_identifier][WARNING] - No directed path from treatment to outcome. Causal Effect is zero.
[2026-04-24 02:10:45,638][dowhy.causal_model][INFO] - linear_regression
[2026-04-24 02:10:45,638][dowhy.causal_estimator][INFO] - INFO: Using Linear Regression Estimator
[2026-04-24 02:10:45,638][dowhy.causal_estimator][WARNING] - No directed path from ['X5'] to ['X4'].
[2026-04-24 02:10:45,720][dowhy.causal_model][INFO] - Model to find the causal effect of treatment ['X0'] on outcome ['X1']
[2026-04-24 02:10:45,720][dowhy.causal_identifier.auto_identifier][INFO] - Causal effect can be identified.
[2026-04-24 02:10:45,720][dowhy.causal_identifier.auto_identifier][INFO] - Instrumental variables for treatment and outcome:[]
[2026-04-24 02:10:45,720][dowhy.causal_identifier.auto_identifier][INFO] - Frontdoor variables for treatment and outcome:[]
[2026-04-24 02:10:45,720][dowhy.causal_model][INFO] - linear_regression
[2026-04-24 02:10:45,720][dowhy.causal_estimator][INFO] - INFO: Using Linear Regression Estimator
[2026-04-24 02:10:45,721][dowhy.causal_estimator][INFO] - b: X1~X0
[2026-04-24 02:10:45,727][dowhy.causal_model][INFO] - Model to find the causal effect of treatment ['X0'] on outcome ['X2']
[2026-04-24 02:10:45,728][dowhy.causal_identifier.auto_identifier][WARNING] - No directed path from treatment to outcome. Causal Effect is zero.
[2026-04-24 02:10:45,728][dowhy.causal_model][INFO] - linear_regression
[2026-04-24 02:10:45,728][dowhy.causal_estimator][INFO] - INFO: Using Linear Regression Estimator
[2026-04-24 02:10:45,728][dowhy.causal_estimator][WARNING] - No directed path from ['X0'] to ['X2'].
[2026-04-24 02:10:45,730][dowhy.causal_model][INFO] - Model to find the causal effect of treatment ['X0'] on outcome ['X3']
[2026-04-24 02:10:45,730][dowhy.causal_identifier.auto_identifier][INFO] - Causal effect can be identified.
[2026-04-24 02:10:45,731][dowhy.causal_identifier.auto_identifier][INFO] - Instrumental variables for treatment and outcome:[]
[2026-04-24 02:10:45,731][dowhy.causal_identifier.auto_identifier][INFO] - Frontdoor variables for treatment and outcome:[]
[2026-04-24 02:10:45,731][dowhy.causal_model][INFO] - linear_regression
[2026-04-24 02:10:45,731][dowhy.causal_estimator][INFO] - INFO: Using Linear Regression Estimator
[2026-04-24 02:10:45,731][dowhy.causal_estimator][INFO] - b: X3~X0
[2026-04-24 02:10:45,738][dowhy.causal_model][INFO] - Model to find the causal effect of treatment ['X0'] on outcome ['X4']
[2026-04-24 02:10:45,738][dowhy.causal_identifier.auto_identifier][INFO] - Causal effect can be identified.
[2026-04-24 02:10:45,739][dowhy.causal_identifier.auto_identifier][INFO] - Instrumental variables for treatment and outcome:[]
[2026-04-24 02:10:45,739][dowhy.causal_identifier.auto_identifier][INFO] - Frontdoor variables for treatment and outcome:[]
[2026-04-24 02:10:45,739][dowhy.causal_model][INFO] - linear_regression
[2026-04-24 02:10:45,739][dowhy.causal_estimator][INFO] - INFO: Using Linear Regression Estimator
[2026-04-24 02:10:45,740][dowhy.causal_estimator][INFO] - b: X4~X0+X0*X2
[2026-04-24 02:10:45,748][dowhy.causal_model][INFO] - Model to find the causal effect of treatment ['X0'] on outcome ['X5']
[2026-04-24 02:10:45,748][dowhy.causal_identifier.auto_identifier][INFO] - Causal effect can be identified.
[2026-04-24 02:10:45,748][dowhy.causal_identifier.auto_identifier][INFO] - Instrumental variables for treatment and outcome:[]
[2026-04-24 02:10:45,749][dowhy.causal_identifier.auto_identifier][INFO] - Frontdoor variables for treatment and outcome:['X4', 'X3', 'X1']
[2026-04-24 02:10:45,750][dowhy.causal_identifier.auto_identifier][INFO] - Causal effect can be identified.
[2026-04-24 02:10:45,751][dowhy.causal_identifier.auto_identifier][INFO] - Causal effect can be identified.
[2026-04-24 02:10:45,751][dowhy.causal_model][INFO] - linear_regression
[2026-04-24 02:10:45,751][dowhy.causal_estimator][INFO] - INFO: Using Linear Regression Estimator
[2026-04-24 02:10:45,751][dowhy.causal_estimator][INFO] - b: X5~X0
[2026-04-24 02:10:45,803][dowhy.causal_model][INFO] - Model to find the causal effect of treatment ['X1'] on outcome ['X0']
[2026-04-24 02:10:45,803][dowhy.causal_identifier.auto_identifier][WARNING] - No directed path from treatment to outcome. Causal Effect is zero.
[2026-04-24 02:10:45,804][dowhy.causal_model][INFO] - linear_regression
[2026-04-24 02:10:45,804][dowhy.causal_estimator][INFO] - INFO: Using Linear Regression Estimator
[2026-04-24 02:10:45,804][dowhy.causal_estimator][WARNING] - No directed path from ['X1'] to ['X0'].
[2026-04-24 02:10:45,805][dowhy.causal_model][INFO] - Model to find the causal effect of treatment ['X1'] on outcome ['X2']
[2026-04-24 02:10:45,805][dowhy.causal_identifier.auto_identifier][WARNING] - No directed path from treatment to outcome. Causal Effect is zero.
[2026-04-24 02:10:45,805][dowhy.causal_model][INFO] - linear_regression
[2026-04-24 02:10:45,805][dowhy.causal_estimator][INFO] - INFO: Using Linear Regression Estimator
[2026-04-24 02:10:45,805][dowhy.causal_estimator][WARNING] - No directed path from ['X1'] to ['X2'].
[2026-04-24 02:10:45,807][dowhy.causal_model][INFO] - Model to find the causal effect of treatment ['X1'] on outcome ['X3']
[2026-04-24 02:10:45,807][dowhy.causal_identifier.auto_identifier][WARNING] - No directed path from treatment to outcome. Causal Effect is zero.
[2026-04-24 02:10:45,807][dowhy.causal_model][INFO] - linear_regression
[2026-04-24 02:10:45,807][dowhy.causal_estimator][INFO] - INFO: Using Linear Regression Estimator
[2026-04-24 02:10:45,807][dowhy.causal_estimator][WARNING] - No directed path from ['X1'] to ['X3'].
[2026-04-24 02:10:45,809][dowhy.causal_model][INFO] - Model to find the causal effect of treatment ['X1'] on outcome ['X4']
[2026-04-24 02:10:45,809][dowhy.causal_identifier.auto_identifier][WARNING] - No directed path from treatment to outcome. Causal Effect is zero.
[2026-04-24 02:10:45,809][dowhy.causal_model][INFO] - linear_regression
[2026-04-24 02:10:45,809][dowhy.causal_estimator][INFO] - INFO: Using Linear Regression Estimator
[2026-04-24 02:10:45,809][dowhy.causal_estimator][WARNING] - No directed path from ['X1'] to ['X4'].
[2026-04-24 02:10:45,810][dowhy.causal_model][INFO] - Model to find the causal effect of treatment ['X1'] on outcome ['X5']
[2026-04-24 02:10:45,811][dowhy.causal_identifier.auto_identifier][INFO] - Causal effect can be identified.
[2026-04-24 02:10:45,812][dowhy.causal_identifier.auto_identifier][INFO] - Instrumental variables for treatment and outcome:[]
[2026-04-24 02:10:45,812][dowhy.causal_identifier.auto_identifier][INFO] - Frontdoor variables for treatment and outcome:[]
[2026-04-24 02:10:45,812][dowhy.causal_model][INFO] - linear_regression
[2026-04-24 02:10:45,812][dowhy.causal_estimator][INFO] - INFO: Using Linear Regression Estimator
[2026-04-24 02:10:45,812][dowhy.causal_estimator][INFO] - b: X5~X1+X0+X1*X3
[2026-04-24 02:10:45,868][dowhy.causal_model][INFO] - Model to find the causal effect of treatment ['X2'] on outcome ['X0']
[2026-04-24 02:10:45,868][dowhy.causal_identifier.auto_identifier][WARNING] - No directed path from treatment to outcome. Causal Effect is zero.
[2026-04-24 02:10:45,868][dowhy.causal_model][INFO] - linear_regression
[2026-04-24 02:10:45,868][dowhy.causal_estimator][INFO] - INFO: Using Linear Regression Estimator
[2026-04-24 02:10:45,868][dowhy.causal_estimator][WARNING] - No directed path from ['X2'] to ['X0'].
[2026-04-24 02:10:45,870][dowhy.causal_model][INFO] - Model to find the causal effect of treatment ['X2'] on outcome ['X1']
[2026-04-24 02:10:45,870][dowhy.causal_identifier.auto_identifier][WARNING] - No directed path from treatment to outcome. Causal Effect is zero.
[2026-04-24 02:10:45,870][dowhy.causal_model][INFO] - linear_regression
[2026-04-24 02:10:45,870][dowhy.causal_estimator][INFO] - INFO: Using Linear Regression Estimator
[2026-04-24 02:10:45,870][dowhy.causal_estimator][WARNING] - No directed path from ['X2'] to ['X1'].
[2026-04-24 02:10:45,871][dowhy.causal_model][INFO] - Model to find the causal effect of treatment ['X2'] on outcome ['X3']
[2026-04-24 02:10:45,871][dowhy.causal_identifier.auto_identifier][WARNING] - No directed path from treatment to outcome. Causal Effect is zero.
[2026-04-24 02:10:45,872][dowhy.causal_model][INFO] - linear_regression
[2026-04-24 02:10:45,872][dowhy.causal_estimator][INFO] - INFO: Using Linear Regression Estimator
[2026-04-24 02:10:45,872][dowhy.causal_estimator][WARNING] - No directed path from ['X2'] to ['X3'].
[2026-04-24 02:10:45,873][dowhy.causal_model][INFO] - Model to find the causal effect of treatment ['X2'] on outcome ['X4']
[2026-04-24 02:10:45,874][dowhy.causal_identifier.auto_identifier][INFO] - Causal effect can be identified.
[2026-04-24 02:10:45,875][dowhy.causal_identifier.auto_identifier][INFO] - Instrumental variables for treatment and outcome:[]
[2026-04-24 02:10:45,875][dowhy.causal_identifier.auto_identifier][INFO] - Frontdoor variables for treatment and outcome:[]
[2026-04-24 02:10:45,875][dowhy.causal_model][INFO] - linear_regression
[2026-04-24 02:10:45,875][dowhy.causal_estimator][INFO] - INFO: Using Linear Regression Estimator
[2026-04-24 02:10:45,876][dowhy.causal_estimator][INFO] - b: X4~X2+X2*X0+X2*X3
[2026-04-24 02:10:45,883][dowhy.causal_model][INFO] - Model to find the causal effect of treatment ['X2'] on outcome ['X5']
[2026-04-24 02:10:45,883][dowhy.causal_identifier.auto_identifier][WARNING] - No directed path from treatment to outcome. Causal Effect is zero.
[2026-04-24 02:10:45,884][dowhy.causal_model][INFO] - linear_regression
[2026-04-24 02:10:45,884][dowhy.causal_estimator][INFO] - INFO: Using Linear Regression Estimator
[2026-04-24 02:10:45,884][dowhy.causal_estimator][WARNING] - No directed path from ['X2'] to ['X5'].
[2026-04-24 02:10:45,935][dowhy.causal_model][INFO] - Model to find the causal effect of treatment ['X3'] on outcome ['X0']
[2026-04-24 02:10:45,935][dowhy.causal_identifier.auto_identifier][WARNING] - No directed path from treatment to outcome. Causal Effect is zero.
[2026-04-24 02:10:45,935][dowhy.causal_model][INFO] - linear_regression
[2026-04-24 02:10:45,935][dowhy.causal_estimator][INFO] - INFO: Using Linear Regression Estimator
[2026-04-24 02:10:45,935][dowhy.causal_estimator][WARNING] - No directed path from ['X3'] to ['X0'].
[2026-04-24 02:10:45,936][dowhy.causal_model][INFO] - Model to find the causal effect of treatment ['X3'] on outcome ['X1']
[2026-04-24 02:10:45,937][dowhy.causal_identifier.auto_identifier][WARNING] - No directed path from treatment to outcome. Causal Effect is zero.
[2026-04-24 02:10:45,937][dowhy.causal_model][INFO] - linear_regression
[2026-04-24 02:10:45,937][dowhy.causal_estimator][INFO] - INFO: Using Linear Regression Estimator
[2026-04-24 02:10:45,937][dowhy.causal_estimator][WARNING] - No directed path from ['X3'] to ['X1'].
[2026-04-24 02:10:45,939][dowhy.causal_model][INFO] - Model to find the causal effect of treatment ['X3'] on outcome ['X2']
[2026-04-24 02:10:45,939][dowhy.causal_identifier.auto_identifier][WARNING] - No directed path from treatment to outcome. Causal Effect is zero.
[2026-04-24 02:10:45,939][dowhy.causal_model][INFO] - linear_regression
[2026-04-24 02:10:45,939][dowhy.causal_estimator][INFO] - INFO: Using Linear Regression Estimator
[2026-04-24 02:10:45,939][dowhy.causal_estimator][WARNING] - No directed path from ['X3'] to ['X2'].
[2026-04-24 02:10:45,940][dowhy.causal_model][INFO] - Model to find the causal effect of treatment ['X3'] on outcome ['X4']
[2026-04-24 02:10:45,941][dowhy.causal_identifier.auto_identifier][INFO] - Causal effect can be identified.
[2026-04-24 02:10:45,942][dowhy.causal_identifier.auto_identifier][INFO] - Instrumental variables for treatment and outcome:[]
[2026-04-24 02:10:45,942][dowhy.causal_identifier.auto_identifier][INFO] - Frontdoor variables for treatment and outcome:[]
[2026-04-24 02:10:45,942][dowhy.causal_model][INFO] - linear_regression
[2026-04-24 02:10:45,942][dowhy.causal_estimator][INFO] - INFO: Using Linear Regression Estimator
[2026-04-24 02:10:45,942][dowhy.causal_estimator][INFO] - b: X4~X3+X0+X3*X2
[2026-04-24 02:10:45,951][dowhy.causal_model][INFO] - Model to find the causal effect of treatment ['X3'] on outcome ['X5']
[2026-04-24 02:10:45,952][dowhy.causal_identifier.auto_identifier][INFO] - Causal effect can be identified.
[2026-04-24 02:10:45,952][dowhy.causal_identifier.auto_identifier][INFO] - Instrumental variables for treatment and outcome:[]
[2026-04-24 02:10:45,953][dowhy.causal_identifier.auto_identifier][INFO] - Frontdoor variables for treatment and outcome:[]
[2026-04-24 02:10:45,953][dowhy.causal_model][INFO] - linear_regression
[2026-04-24 02:10:45,953][dowhy.causal_estimator][INFO] - INFO: Using Linear Regression Estimator
[2026-04-24 02:10:45,953][dowhy.causal_estimator][INFO] - b: X5~X3+X0+X3*X1
[2026-04-24 02:10:46,009][dowhy.causal_model][INFO] - Model to find the causal effect of treatment ['X4'] on outcome ['X0']
[2026-04-24 02:10:46,009][dowhy.causal_identifier.auto_identifier][WARNING] - No directed path from treatment to outcome. Causal Effect is zero.
[2026-04-24 02:10:46,009][dowhy.causal_model][INFO] - linear_regression
[2026-04-24 02:10:46,009][dowhy.causal_estimator][INFO] - INFO: Using Linear Regression Estimator
[2026-04-24 02:10:46,009][dowhy.causal_estimator][WARNING] - No directed path from ['X4'] to ['X0'].
[2026-04-24 02:10:46,011][dowhy.causal_model][INFO] - Model to find the causal effect of treatment ['X4'] on outcome ['X1']
[2026-04-24 02:10:46,011][dowhy.causal_identifier.auto_identifier][WARNING] - No directed path from treatment to outcome. Causal Effect is zero.
[2026-04-24 02:10:46,011][dowhy.causal_model][INFO] - linear_regression
[2026-04-24 02:10:46,011][dowhy.causal_estimator][INFO] - INFO: Using Linear Regression Estimator
[2026-04-24 02:10:46,011][dowhy.causal_estimator][WARNING] - No directed path from ['X4'] to ['X1'].
[2026-04-24 02:10:46,013][dowhy.causal_model][INFO] - Model to find the causal effect of treatment ['X4'] on outcome ['X2']
[2026-04-24 02:10:46,013][dowhy.causal_identifier.auto_identifier][WARNING] - No directed path from treatment to outcome. Causal Effect is zero.
[2026-04-24 02:10:46,013][dowhy.causal_model][INFO] - linear_regression
[2026-04-24 02:10:46,013][dowhy.causal_estimator][INFO] - INFO: Using Linear Regression Estimator
[2026-04-24 02:10:46,013][dowhy.causal_estimator][WARNING] - No directed path from ['X4'] to ['X2'].
[2026-04-24 02:10:46,014][dowhy.causal_model][INFO] - Model to find the causal effect of treatment ['X4'] on outcome ['X3']
[2026-04-24 02:10:46,014][dowhy.causal_identifier.auto_identifier][WARNING] - No directed path from treatment to outcome. Causal Effect is zero.
[2026-04-24 02:10:46,015][dowhy.causal_model][INFO] - linear_regression
[2026-04-24 02:10:46,015][dowhy.causal_estimator][INFO] - INFO: Using Linear Regression Estimator
[2026-04-24 02:10:46,015][dowhy.causal_estimator][WARNING] - No directed path from ['X4'] to ['X3'].
[2026-04-24 02:10:46,016][dowhy.causal_model][INFO] - Model to find the causal effect of treatment ['X4'] on outcome ['X5']
[2026-04-24 02:10:46,016][dowhy.causal_identifier.auto_identifier][WARNING] - No directed path from treatment to outcome. Causal Effect is zero.
[2026-04-24 02:10:46,016][dowhy.causal_model][INFO] - linear_regression
[2026-04-24 02:10:46,016][dowhy.causal_estimator][INFO] - INFO: Using Linear Regression Estimator
[2026-04-24 02:10:46,016][dowhy.causal_estimator][WARNING] - No directed path from ['X4'] to ['X5'].
[2026-04-24 02:10:46,061][dowhy.causal_model][INFO] - Model to find the causal effect of treatment ['X5'] on outcome ['X0']
[2026-04-24 02:10:46,062][dowhy.causal_identifier.auto_identifier][WARNING] - No directed path from treatment to outcome. Causal Effect is zero.
[2026-04-24 02:10:46,062][dowhy.causal_model][INFO] - linear_regression
[2026-04-24 02:10:46,062][dowhy.causal_estimator][INFO] - INFO: Using Linear Regression Estimator
[2026-04-24 02:10:46,062][dowhy.causal_estimator][WARNING] - No directed path from ['X5'] to ['X0'].
[2026-04-24 02:10:46,063][dowhy.causal_model][INFO] - Model to find the causal effect of treatment ['X5'] on outcome ['X1']
[2026-04-24 02:10:46,063][dowhy.causal_identifier.auto_identifier][WARNING] - No directed path from treatment to outcome. Causal Effect is zero.
[2026-04-24 02:10:46,063][dowhy.causal_model][INFO] - linear_regression
[2026-04-24 02:10:46,063][dowhy.causal_estimator][INFO] - INFO: Using Linear Regression Estimator
[2026-04-24 02:10:46,063][dowhy.causal_estimator][WARNING] - No directed path from ['X5'] to ['X1'].
[2026-04-24 02:10:46,065][dowhy.causal_model][INFO] - Model to find the causal effect of treatment ['X5'] on outcome ['X2']
[2026-04-24 02:10:46,065][dowhy.causal_identifier.auto_identifier][WARNING] - No directed path from treatment to outcome. Causal Effect is zero.
[2026-04-24 02:10:46,065][dowhy.causal_model][INFO] - linear_regression
[2026-04-24 02:10:46,065][dowhy.causal_estimator][INFO] - INFO: Using Linear Regression Estimator
[2026-04-24 02:10:46,065][dowhy.causal_estimator][WARNING] - No directed path from ['X5'] to ['X2'].
[2026-04-24 02:10:46,067][dowhy.causal_model][INFO] - Model to find the causal effect of treatment ['X5'] on outcome ['X3']
[2026-04-24 02:10:46,067][dowhy.causal_identifier.auto_identifier][WARNING] - No directed path from treatment to outcome. Causal Effect is zero.
[2026-04-24 02:10:46,067][dowhy.causal_model][INFO] - linear_regression
[2026-04-24 02:10:46,067][dowhy.causal_estimator][INFO] - INFO: Using Linear Regression Estimator
[2026-04-24 02:10:46,067][dowhy.causal_estimator][WARNING] - No directed path from ['X5'] to ['X3'].
[2026-04-24 02:10:46,068][dowhy.causal_model][INFO] - Model to find the causal effect of treatment ['X5'] on outcome ['X4']
[2026-04-24 02:10:46,068][dowhy.causal_identifier.auto_identifier][WARNING] - No directed path from treatment to outcome. Causal Effect is zero.
[2026-04-24 02:10:46,068][dowhy.causal_model][INFO] - linear_regression
[2026-04-24 02:10:46,069][dowhy.causal_estimator][INFO] - INFO: Using Linear Regression Estimator
[2026-04-24 02:10:46,069][dowhy.causal_estimator][WARNING] - No directed path from ['X5'] to ['X4'].
