=== [Train] Fold 1 (1/5) ===
Step: set random seed (2)
Step: build datasets
Key: (176, 6, 3, 3, 2, 10, 10000, 0.5, 2.0, 0.8, 0.1, 0.1, 1000, 1) - Generating new DAG and data...
Seed: 176, Fold: 1
Step: initialize model
Step: training setup (model=MLPModel, profile=deep, control_mode=epochs, epochs=60, target_updates=None)
Step: training
TrnLoss=0.497 ValLoss=0.407 ValR2=0.576
TrnLoss=0.373 ValLoss=0.326 ValR2=0.661
TrnLoss=0.358 ValLoss=0.322 ValR2=0.665
TrnLoss=0.359 ValLoss=0.322 ValR2=0.665
TrnLoss=0.357 ValLoss=0.322 ValR2=0.665
TrnLoss=0.355 ValLoss=0.322 ValR2=0.665
TrnLoss=0.353 ValLoss=0.322 ValR2=0.665
TrnLoss=0.353 ValLoss=0.322 ValR2=0.665
TrnLoss=0.353 ValLoss=0.320 ValR2=0.667
TrnLoss=0.353 ValLoss=0.323 ValR2=0.664
TrnLoss=0.352 ValLoss=0.322 ValR2=0.665
TrnLoss=0.353 ValLoss=0.321 ValR2=0.666
TrnLoss=0.350 ValLoss=0.321 ValR2=0.666
TrnLoss=0.351 ValLoss=0.322 ValR2=0.665
TrnLoss=0.351 ValLoss=0.321 ValR2=0.666
TrnLoss=0.350 ValLoss=0.322 ValR2=0.665
TrnLoss=0.349 ValLoss=0.322 ValR2=0.666
TrnLoss=0.352 ValLoss=0.323 ValR2=0.664
TrnLoss=0.352 ValLoss=0.322 ValR2=0.665
TrnLoss=0.348 ValLoss=0.321 ValR2=0.666
TrnLoss=0.347 ValLoss=0.322 ValR2=0.665
TrnLoss=0.350 ValLoss=0.322 ValR2=0.665
Early stopping at epoch 22: no validation improvement for 8 epochs (best epoch=9, best val loss=0.320)
 35%|####5        | 21/60 [00:19<00:36,  1.06ep/s]
Step: evaluate test split
