=== [Causal Discovery] Fold 1 (1/5) ===
Step: load extraction data
Loading extraction data from: outputs/experiments/fork_collider_nonlinear_sem_shallow_mlp_align_observable_state/1/alignment_results.csv
Step: prepare ground-truth data
Running sample_150__baseline_150
Saved metadata to outputs/experiments/fork_collider_nonlinear_sem_shallow_mlp_align_observable_state/1/metadata.json
CI(0, 1 | ()) p=0.4457 -> indep=True
CI(0, 2 | ()) p=0.0004149 -> indep=False
CI(1, 2 | ()) p=0.0247 -> indep=True
CI(0, 3 | ()) p=0.001469 -> indep=False
CI(1, 3 | ()) p=0.001298 -> indep=False
CI(2, 3 | ()) p=0 -> indep=False
CI(0, 4 | ()) p=0.001132 -> indep=False
CI(1, 4 | ()) p=0.05358 -> indep=True
CI(2, 4 | ()) p=0 -> indep=False
CI(3, 4 | ()) p=0 -> indep=False
CI(0, 5 | ()) p=0.0004901 -> indep=False
CI(1, 5 | ()) p=0.1035 -> indep=True
CI(2, 5 | ()) p=0 -> indep=False
CI(3, 5 | ()) p=0 -> indep=False
CI(4, 5 | ()) p=0 -> indep=False
CI(0, 3 | (1,)) p=0.0002887 -> indep=False
CI(0, 3 | (2,)) p=4.969e-05 -> indep=False
CI(1, 3 | (0,)) p=1.873e-05 -> indep=False
CI(1, 3 | (2,)) p=1.99e-10 -> indep=False
CI(2, 3 | (0,)) p=0 -> indep=False
CI(2, 3 | (1,)) p=0 -> indep=False
CI(0, 4 | (2,)) p=0.01089 -> indep=True
CI(2, 4 | (3,)) p=0.000293 -> indep=False
CI(3, 4 | (2,)) p=0.1337 -> indep=True
CI(0, 5 | (2,)) p=0.02724 -> indep=True
CI(2, 5 | (3,)) p=0.0002003 -> indep=False
CI(2, 5 | (4,)) p=0.684 -> indep=True
CI(3, 5 | (4,)) p=0.2956 -> indep=True
CI(0, 3 | (1, 2)) p=0.000805 -> indep=False
CI(1, 3 | (0, 2)) p=3.255e-07 -> indep=False
CI(2, 3 | (0, 1)) p=0 -> indep=False
Saved adjacency matrix to outputs/experiments/fork_collider_nonlinear_sem_shallow_mlp_align_observable_state/1/learned_graph_adj.npy
CI(0, 1 | ()) p=0.4506 -> indep=True
CI(0, 2 | ()) p=6.33e-07 -> indep=False
CI(1, 2 | ()) p=0.002686 -> indep=False
CI(0, 3 | ()) p=0.4031 -> indep=True
CI(1, 3 | ()) p=0.369 -> indep=True
CI(2, 3 | ()) p=0.002002 -> indep=False
CI(0, 4 | ()) p=0.2311 -> indep=True
CI(1, 4 | ()) p=0.2824 -> indep=True
CI(2, 4 | ()) p=0.06418 -> indep=True
CI(3, 4 | ()) p=0.0001812 -> indep=False
CI(0, 5 | ()) p=0.4143 -> indep=True
CI(1, 5 | ()) p=0.04619 -> indep=True
CI(2, 5 | ()) p=0.9242 -> indep=True
CI(3, 5 | ()) p=0.9142 -> indep=True
CI(4, 5 | ()) p=2.695e-11 -> indep=False
CI(0, 2 | (1,)) p=1.349e-07 -> indep=False
CI(1, 2 | (0,)) p=0.01716 -> indep=True
Saved metrics to outputs/experiments/fork_collider_nonlinear_sem_shallow_mlp_align_observable_state/1/performance_metrics.json
Saved baseline metrics to outputs/experiments/fork_collider_nonlinear_sem_shallow_mlp_align_observable_state/1/baseline_performance_metrics.json
Saved PAG-vs-PAG metrics to outputs/experiments/fork_collider_nonlinear_sem_shallow_mlp_align_observable_state/1/pag_vs_pag_metrics.json
Found 4 differences:
  1. Extra: 0 --- 3 (PAG: partial_ij)
  2. Missing: 1 --- 2 (DAG: directed_ij)
  3. Extra: 1 --- 3 (PAG: partial_ij)
  4. Missing: 3 --- 4 (DAG: directed_ij)
Found 2 partial orientation differences:
  1. Partial orientation: 0 --- 2 (DAG: directed_ij, PAG: partial_ij)
  2. Partial orientation: 2 --- 3 (DAG: directed_ij, PAG: partial_ij)
Saved edge comparison details to outputs/experiments/fork_collider_nonlinear_sem_shallow_mlp_align_observable_state/1/edge_comparison.txt
Found 5 differences:
  1. Missing: 1 --- 2 (DAG: directed_ij)
  2. Wrong orientation: 2 --- 3 (DAG: directed_ij, PAG: bidirected)
  3. Missing: 2 --- 4 (DAG: directed_ij)
  4. Wrong orientation: 3 --- 4 (DAG: directed_ij, PAG: bidirected)
  5. Wrong orientation: 4 --- 5 (DAG: directed_ij, PAG: bidirected)
Found 1 partial orientation differences:
  1. Partial orientation: 0 --- 2 (DAG: directed_ij, PAG: partial_ij)
Saved baseline edge comparison details to outputs/experiments/fork_collider_nonlinear_sem_shallow_mlp_align_observable_state/1/edge_comparison_baseline.txt
Found 5 differences:
  1. Extra: 0 --- 3 (PAG: partial_ij)
  2. Extra: 1 --- 3 (PAG: partial_ij)
  3. Extra: 2 --- 4 (PAG: directed_ij)
  4. Missing: 3 --- 4 (Reference PAG: bidirected)
  5. Wrong orientation: 4 --- 5 (Reference PAG: bidirected, PAG: directed_ij)
Found 1 partial orientation differences:
  1. Partial orientation: 2 --- 3 (Reference PAG: bidirected, PAG: partial_ij)
Saved PAG-vs-PAG edge comparison details to outputs/experiments/fork_collider_nonlinear_sem_shallow_mlp_align_observable_state/1/edge_comparison_pag_vs_pag.txt
Saved figure to outputs/experiments/fork_collider_nonlinear_sem_shallow_mlp_align_observable_state/1/pag_vs_dag.png
Saved baseline figure to outputs/experiments/fork_collider_nonlinear_sem_shallow_mlp_align_observable_state/1/baseline_pag_vs_dag.png
Saved combined DAG comparison to outputs/experiments/fork_collider_nonlinear_sem_shallow_mlp_align_observable_state/1/pags_vs_dag.png
Saved PAG-vs-PAG figure to outputs/experiments/fork_collider_nonlinear_sem_shallow_mlp_align_observable_state/1/pag_vs_pag.png
Saved adjacency matrix to outputs/experiments/fork_collider_nonlinear_sem_shallow_mlp_align_observable_state/1/learned_graph_adj.npy
Saved baseline adjacency matrix to outputs/experiments/fork_collider_nonlinear_sem_shallow_mlp_align_observable_state/1/baseline_graph_adj.npy
