=== [Train] Fold 5 (5/5) ===
Step: set random seed (6)
Step: build datasets
Step: initialize model
Step: training setup (model=ShallowMLP, profile=shallow, control_mode=epochs, epochs=40, target_updates=None)
Step: training
TrnLoss=0.981 ValLoss=0.929 ValR2=0.066
TrnLoss=0.900 ValLoss=0.868 ValR2=0.128
TrnLoss=0.840 ValLoss=0.816 ValR2=0.180
TrnLoss=0.791 ValLoss=0.777 ValR2=0.218
TrnLoss=0.757 ValLoss=0.756 ValR2=0.241
TrnLoss=0.741 ValLoss=0.743 ValR2=0.253
TrnLoss=0.729 ValLoss=0.734 ValR2=0.262
TrnLoss=0.722 ValLoss=0.729 ValR2=0.267
TrnLoss=0.717 ValLoss=0.726 ValR2=0.270
TrnLoss=0.715 ValLoss=0.725 ValR2=0.271
TrnLoss=0.711 ValLoss=0.723 ValR2=0.273
TrnLoss=0.712 ValLoss=0.722 ValR2=0.274
TrnLoss=0.710 ValLoss=0.721 ValR2=0.275
TrnLoss=0.709 ValLoss=0.721 ValR2=0.276
TrnLoss=0.710 ValLoss=0.721 ValR2=0.275
TrnLoss=0.707 ValLoss=0.721 ValR2=0.276
TrnLoss=0.709 ValLoss=0.720 ValR2=0.277
TrnLoss=0.707 ValLoss=0.720 ValR2=0.276
TrnLoss=0.707 ValLoss=0.720 ValR2=0.276
TrnLoss=0.706 ValLoss=0.720 ValR2=0.277
TrnLoss=0.705 ValLoss=0.719 ValR2=0.277
TrnLoss=0.705 ValLoss=0.719 ValR2=0.277
TrnLoss=0.705 ValLoss=0.719 ValR2=0.277
TrnLoss=0.704 ValLoss=0.720 ValR2=0.277
TrnLoss=0.704 ValLoss=0.719 ValR2=0.278
TrnLoss=0.704 ValLoss=0.719 ValR2=0.277
TrnLoss=0.703 ValLoss=0.719 ValR2=0.277
TrnLoss=0.705 ValLoss=0.719 ValR2=0.278
TrnLoss=0.704 ValLoss=0.719 ValR2=0.277
TrnLoss=0.702 ValLoss=0.719 ValR2=0.278
TrnLoss=0.702 ValLoss=0.719 ValR2=0.277
TrnLoss=0.702 ValLoss=0.719 ValR2=0.277
TrnLoss=0.702 ValLoss=0.718 ValR2=0.278
TrnLoss=0.702 ValLoss=0.719 ValR2=0.277
TrnLoss=0.704 ValLoss=0.719 ValR2=0.278
TrnLoss=0.702 ValLoss=0.719 ValR2=0.277
TrnLoss=0.702 ValLoss=0.719 ValR2=0.278
TrnLoss=0.702 ValLoss=0.718 ValR2=0.278
TrnLoss=0.702 ValLoss=0.719 ValR2=0.278
Early stopping at epoch 39: no validation improvement for 6 epochs (best epoch=33, best val loss=0.718)
 95%|############3| 38/40 [00:19<00:01,  1.92ep/s]
Step: evaluate test split
