=== [Causal Discovery] Fold 5 (5/5) ===
Step: load extraction data
Loading extraction data from: outputs/experiments/electrical_circuit_input_gradients_deep_mlp_align_observable_state/5/alignment_results.csv
Step: prepare ground-truth data
Running sample_150__baseline_150
Saved metadata to outputs/experiments/electrical_circuit_input_gradients_deep_mlp_align_observable_state/5/metadata.json
CI(0, 1 | ()) p=0.00478 -> indep=False
CI(0, 2 | ()) p=0 -> indep=False
CI(1, 2 | ()) p=0 -> indep=False
CI(0, 3 | ()) p=0 -> indep=False
CI(1, 3 | ()) p=0 -> indep=False
CI(2, 3 | ()) p=0 -> indep=False
CI(0, 4 | ()) p=0 -> indep=False
CI(1, 4 | ()) p=0 -> indep=False
CI(2, 4 | ()) p=0 -> indep=False
CI(3, 4 | ()) p=0 -> indep=False
CI(0, 5 | ()) p=0 -> indep=False
CI(1, 5 | ()) p=0 -> indep=False
CI(2, 5 | ()) p=0 -> indep=False
CI(3, 5 | ()) p=0 -> indep=False
CI(4, 5 | ()) p=0 -> indep=False
CI(0, 2 | (1,)) p=1.11e-16 -> indep=False
CI(1, 2 | (0,)) p=1.29e-11 -> indep=False
CI(0, 3 | (1,)) p=0 -> indep=False
CI(0, 3 | (2,)) p=2.564e-10 -> indep=False
CI(1, 3 | (0,)) p=1.31e-05 -> indep=False
CI(1, 3 | (2,)) p=4.162e-06 -> indep=False
CI(2, 3 | (0,)) p=0.004106 -> indep=False
CI(2, 3 | (1,)) p=1.299e-14 -> indep=False
CI(0, 4 | (1,)) p=0 -> indep=False
CI(0, 4 | (2,)) p=2.588e-10 -> indep=False
CI(0, 4 | (3,)) p=0.1876 -> indep=True
CI(1, 4 | (2,)) p=4.179e-06 -> indep=False
CI(1, 4 | (3,)) p=0.8338 -> indep=True
CI(2, 4 | (3,)) p=0.333 -> indep=True
CI(0, 5 | (1,)) p=0 -> indep=False
CI(0, 5 | (2,)) p=1.696e-09 -> indep=False
CI(0, 5 | (3,)) p=0.02301 -> indep=True
CI(1, 5 | (2,)) p=5.947e-06 -> indep=False
CI(1, 5 | (3,)) p=0.001286 -> indep=False
CI(1, 5 | (4,)) p=0.001295 -> indep=False
CI(2, 5 | (1,)) p=8.472e-13 -> indep=False
CI(2, 5 | (3,)) p=0.01514 -> indep=True
CI(3, 5 | (1,)) p=0 -> indep=False
CI(3, 5 | (4,)) p=0.3592 -> indep=True
CI(4, 5 | (1,)) p=0 -> indep=False
CI(1, 3 | (0, 2)) p=0.03385 -> indep=True
Saved adjacency matrix to outputs/experiments/electrical_circuit_input_gradients_deep_mlp_align_observable_state/5/learned_graph_adj.npy
CI(0, 1 | ()) p=0.302 -> indep=True
CI(0, 2 | ()) p=0.29 -> indep=True
CI(1, 2 | ()) p=0.1505 -> indep=True
CI(0, 3 | ()) p=0 -> indep=False
CI(1, 3 | ()) p=2.096e-13 -> indep=False
CI(2, 3 | ()) p=0.6757 -> indep=True
CI(0, 4 | ()) p=0 -> indep=False
CI(1, 4 | ()) p=8.122e-11 -> indep=False
CI(2, 4 | ()) p=0.2804 -> indep=True
CI(3, 4 | ()) p=0 -> indep=False
CI(0, 5 | ()) p=0 -> indep=False
CI(1, 5 | ()) p=2.004e-11 -> indep=False
CI(2, 5 | ()) p=0.009257 -> indep=False
CI(3, 5 | ()) p=0 -> indep=False
CI(4, 5 | ()) p=0 -> indep=False
CI(0, 3 | (1,)) p=0 -> indep=False
CI(1, 3 | (0,)) p=2.953e-14 -> indep=False
CI(0, 4 | (1,)) p=0 -> indep=False
CI(0, 4 | (3,)) p=0.1805 -> indep=True
CI(1, 4 | (3,)) p=0.177 -> indep=True
CI(0, 5 | (1,)) p=0 -> indep=False
CI(0, 5 | (2,)) p=0 -> indep=False
CI(0, 5 | (3,)) p=0.2636 -> indep=True
CI(1, 5 | (2,)) p=3.965e-08 -> indep=False
CI(1, 5 | (3,)) p=0.07342 -> indep=True
CI(2, 5 | (3,)) p=3.942e-09 -> indep=False
CI(2, 5 | (4,)) p=6.661e-16 -> indep=False
CI(3, 5 | (2,)) p=3.331e-16 -> indep=False
CI(3, 5 | (4,)) p=0.2966 -> indep=True
CI(4, 5 | (2,)) p=0 -> indep=False
Saved metrics to outputs/experiments/electrical_circuit_input_gradients_deep_mlp_align_observable_state/5/performance_metrics.json
Saved baseline metrics to outputs/experiments/electrical_circuit_input_gradients_deep_mlp_align_observable_state/5/baseline_performance_metrics.json
Saved PAG-vs-PAG metrics to outputs/experiments/electrical_circuit_input_gradients_deep_mlp_align_observable_state/5/pag_vs_pag_metrics.json
Found 7 differences:
  1. Extra: 0 --- 1 (PAG: partial_ij)
  2. Extra: 0 --- 2 (PAG: partial_ij)
  3. Extra: 1 --- 2 (PAG: bidirected)
  4. Missing: 1 --- 3 (DAG: directed_ij)
  5. Extra: 1 --- 5 (PAG: bidirected)
  6. Extra: 2 --- 3 (PAG: directed_ij)
  7. Missing: 2 --- 5 (DAG: directed_ij)
Saved edge comparison details to outputs/experiments/electrical_circuit_input_gradients_deep_mlp_align_observable_state/5/edge_comparison.txt
No differences found - graphs match perfectly!
Found 3 partial orientation differences:
  1. Partial orientation: 0 --- 3 (DAG: directed_ij, PAG: partial_ij)
  2. Partial orientation: 1 --- 3 (DAG: directed_ij, PAG: partial_ij)
  3. Partial orientation: 2 --- 5 (DAG: directed_ij, PAG: partial_ij)
Saved baseline edge comparison details to outputs/experiments/electrical_circuit_input_gradients_deep_mlp_align_observable_state/5/edge_comparison_baseline.txt
Found 7 differences:
  1. Extra: 0 --- 1 (PAG: partial_ij)
  2. Extra: 0 --- 2 (PAG: partial_ij)
  3. Extra: 1 --- 2 (PAG: bidirected)
  4. Missing: 1 --- 3 (Reference PAG: partial_ij)
  5. Extra: 1 --- 5 (PAG: bidirected)
  6. Extra: 2 --- 3 (PAG: directed_ij)
  7. Missing: 2 --- 5 (Reference PAG: partial_ij)
Found 1 partial orientation differences:
  1. Partial orientation: 0 --- 3 (Reference PAG: partial_ij, PAG: directed_ij)
Saved PAG-vs-PAG edge comparison details to outputs/experiments/electrical_circuit_input_gradients_deep_mlp_align_observable_state/5/edge_comparison_pag_vs_pag.txt
Saved figure to outputs/experiments/electrical_circuit_input_gradients_deep_mlp_align_observable_state/5/pag_vs_dag.png
Saved baseline figure to outputs/experiments/electrical_circuit_input_gradients_deep_mlp_align_observable_state/5/baseline_pag_vs_dag.png
Saved combined DAG comparison to outputs/experiments/electrical_circuit_input_gradients_deep_mlp_align_observable_state/5/pags_vs_dag.png
Saved PAG-vs-PAG figure to outputs/experiments/electrical_circuit_input_gradients_deep_mlp_align_observable_state/5/pag_vs_pag.png
Saved adjacency matrix to outputs/experiments/electrical_circuit_input_gradients_deep_mlp_align_observable_state/5/learned_graph_adj.npy
Saved baseline adjacency matrix to outputs/experiments/electrical_circuit_input_gradients_deep_mlp_align_observable_state/5/baseline_graph_adj.npy
