=== [Train] Fold 1 (1/5) ===
Step: set random seed (2)
Step: build datasets
Step: initialize model
Step: training setup (model=GatedMLP, profile=deep, control_mode=epochs, epochs=60, target_updates=None)
Step: training
TrnLoss=1.012 ValLoss=1.115 ValR2=0.004
TrnLoss=0.984 ValLoss=1.070 ValR2=0.044
TrnLoss=0.862 ValLoss=0.784 ValR2=0.299
TrnLoss=0.506 ValLoss=0.387 ValR2=0.653
TrnLoss=0.285 ValLoss=0.258 ValR2=0.770
TrnLoss=0.211 ValLoss=0.190 ValR2=0.830
TrnLoss=0.173 ValLoss=0.158 ValR2=0.859
TrnLoss=0.161 ValLoss=0.147 ValR2=0.869
TrnLoss=0.148 ValLoss=0.138 ValR2=0.877
TrnLoss=0.144 ValLoss=0.130 ValR2=0.884
TrnLoss=0.142 ValLoss=0.131 ValR2=0.883
TrnLoss=0.137 ValLoss=0.124 ValR2=0.889
TrnLoss=0.136 ValLoss=0.127 ValR2=0.887
TrnLoss=0.135 ValLoss=0.120 ValR2=0.893
TrnLoss=0.132 ValLoss=0.118 ValR2=0.894
TrnLoss=0.128 ValLoss=0.119 ValR2=0.894
TrnLoss=0.131 ValLoss=0.118 ValR2=0.894
TrnLoss=0.131 ValLoss=0.116 ValR2=0.896
TrnLoss=0.128 ValLoss=0.114 ValR2=0.898
TrnLoss=0.125 ValLoss=0.119 ValR2=0.893
TrnLoss=0.126 ValLoss=0.111 ValR2=0.901
TrnLoss=0.123 ValLoss=0.109 ValR2=0.903
TrnLoss=0.122 ValLoss=0.120 ValR2=0.892
TrnLoss=0.121 ValLoss=0.111 ValR2=0.901
TrnLoss=0.123 ValLoss=0.108 ValR2=0.903
TrnLoss=0.123 ValLoss=0.108 ValR2=0.904
TrnLoss=0.120 ValLoss=0.105 ValR2=0.906
TrnLoss=0.121 ValLoss=0.107 ValR2=0.905
TrnLoss=0.119 ValLoss=0.103 ValR2=0.908
TrnLoss=0.121 ValLoss=0.102 ValR2=0.909
TrnLoss=0.123 ValLoss=0.106 ValR2=0.905
TrnLoss=0.115 ValLoss=0.100 ValR2=0.910
TrnLoss=0.115 ValLoss=0.097 ValR2=0.913
TrnLoss=0.116 ValLoss=0.100 ValR2=0.911
TrnLoss=0.112 ValLoss=0.095 ValR2=0.915
TrnLoss=0.110 ValLoss=0.099 ValR2=0.912
TrnLoss=0.111 ValLoss=0.093 ValR2=0.917
TrnLoss=0.107 ValLoss=0.090 ValR2=0.920
TrnLoss=0.108 ValLoss=0.091 ValR2=0.919
TrnLoss=0.107 ValLoss=0.089 ValR2=0.921
TrnLoss=0.106 ValLoss=0.091 ValR2=0.919
TrnLoss=0.102 ValLoss=0.086 ValR2=0.923
TrnLoss=0.106 ValLoss=0.086 ValR2=0.923
TrnLoss=0.100 ValLoss=0.084 ValR2=0.925
TrnLoss=0.108 ValLoss=0.083 ValR2=0.926
TrnLoss=0.107 ValLoss=0.083 ValR2=0.926
TrnLoss=0.103 ValLoss=0.082 ValR2=0.927
TrnLoss=0.100 ValLoss=0.077 ValR2=0.931
TrnLoss=0.104 ValLoss=0.079 ValR2=0.930
TrnLoss=0.096 ValLoss=0.078 ValR2=0.930
TrnLoss=0.099 ValLoss=0.077 ValR2=0.931
TrnLoss=0.103 ValLoss=0.085 ValR2=0.924
TrnLoss=0.098 ValLoss=0.075 ValR2=0.933
TrnLoss=0.099 ValLoss=0.081 ValR2=0.928
TrnLoss=0.097 ValLoss=0.077 ValR2=0.932
TrnLoss=0.097 ValLoss=0.078 ValR2=0.930
TrnLoss=0.099 ValLoss=0.077 ValR2=0.931
TrnLoss=0.095 ValLoss=0.076 ValR2=0.932
TrnLoss=0.097 ValLoss=0.077 ValR2=0.931
TrnLoss=0.105 ValLoss=0.072 ValR2=0.936
100%|#############| 60/60 [00:22<00:00,  2.63ep/s]
Step: evaluate test split
