=== [Train] Fold 3 (3/5) ===
Step: set random seed (4)
Step: build datasets
Step: initialize model
Step: training setup (model=MLPModel, profile=deep, control_mode=epochs, epochs=60, target_updates=None)
Step: training
TrnLoss=0.888 ValLoss=0.825 ValR2=0.161
TrnLoss=0.791 ValLoss=0.779 ValR2=0.208
TrnLoss=0.783 ValLoss=0.769 ValR2=0.218
TrnLoss=0.778 ValLoss=0.770 ValR2=0.218
TrnLoss=0.772 ValLoss=0.770 ValR2=0.217
TrnLoss=0.766 ValLoss=0.769 ValR2=0.218
TrnLoss=0.764 ValLoss=0.770 ValR2=0.217
TrnLoss=0.764 ValLoss=0.770 ValR2=0.218
TrnLoss=0.762 ValLoss=0.769 ValR2=0.218
TrnLoss=0.756 ValLoss=0.769 ValR2=0.218
TrnLoss=0.755 ValLoss=0.771 ValR2=0.217
TrnLoss=0.756 ValLoss=0.771 ValR2=0.217
TrnLoss=0.756 ValLoss=0.769 ValR2=0.218
TrnLoss=0.753 ValLoss=0.769 ValR2=0.218
TrnLoss=0.751 ValLoss=0.771 ValR2=0.216
TrnLoss=0.749 ValLoss=0.771 ValR2=0.216
TrnLoss=0.751 ValLoss=0.771 ValR2=0.216
TrnLoss=0.749 ValLoss=0.772 ValR2=0.215
TrnLoss=0.746 ValLoss=0.773 ValR2=0.214
TrnLoss=0.747 ValLoss=0.774 ValR2=0.214
TrnLoss=0.749 ValLoss=0.772 ValR2=0.215
TrnLoss=0.743 ValLoss=0.777 ValR2=0.211
Early stopping at epoch 22: no validation improvement for 8 epochs (best epoch=6, best val loss=0.769)
 35%|####5        | 21/60 [00:19<00:36,  1.08ep/s]
Step: evaluate test split
