=== [Causal Discovery] Fold 4 (4/5) ===
Step: load extraction data
Loading extraction data from: outputs/experiments/linear_sem_gated_mlp_align/4/alignment_results.csv
Step: prepare ground-truth data
Running sample_150__baseline_150
Saved metadata to outputs/experiments/linear_sem_gated_mlp_align/4/metadata.json
Test:  CI( 0 , 1 | () ) = 2.7700064464397656e-12
Test:  CI( 0 , 2 | () ) = 0.7083409962596083
Test:  CI( 1 , 2 | () ) = 0.15487120682989142
Test:  CI( 0 , 3 | () ) = 0.0
Test:  CI( 1 , 3 | () ) = 1.6434387370978243e-06
Test:  CI( 2 , 3 | () ) = 0.11110720897629789
Test:  CI( 0 , 4 | () ) = 0.24239294673050416
Test:  CI( 1 , 4 | () ) = 0.5368464990297059
Test:  CI( 2 , 4 | () ) = 0.77991824361597
Test:  CI( 3 , 4 | () ) = 3.2889069245811697e-10
Test:  CI( 0 , 5 | () ) = 0.011672015139646774
Test:  CI( 1 , 5 | () ) = 0.30563507104652365
Test:  CI( 2 , 5 | () ) = 0.018027967968004655
Test:  CI( 3 , 5 | () ) = 1.226327211556466e-06
Test:  CI( 4 , 5 | () ) = 0.0
Test:  CI( 0 , 3 | (1,) ) = 0.0
Test:  CI( 1 , 3 | (0,) ) = 0.996358646723253
Test:  CI( 3 , 5 | (4,) ) = 0.00032266908464140265
Test:  CI( 4 , 5 | (3,) ) = 0.0
Saved adjacency matrix to outputs/experiments/linear_sem_gated_mlp_align/4/learned_graph_adj.npy
Test:  CI( 0 , 1 | () ) = 5.284661597215745e-14
Test:  CI( 0 , 2 | () ) = 0.48254803838416294
Test:  CI( 1 , 2 | () ) = 0.3727229912142844
Test:  CI( 0 , 3 | () ) = 0.0
Test:  CI( 1 , 3 | () ) = 4.083980487123995e-09
Test:  CI( 2 , 3 | () ) = 0.5284952673568628
Test:  CI( 0 , 4 | () ) = 0.0029065372622993912
Test:  CI( 1 , 4 | () ) = 0.022327002264191265
Test:  CI( 2 , 4 | () ) = 0.0
Test:  CI( 3 , 4 | () ) = 0.88277469749512
Test:  CI( 0 , 5 | () ) = 0.0
Test:  CI( 1 , 5 | () ) = 0.0
Test:  CI( 2 , 5 | () ) = 0.38124764998489136
Test:  CI( 3 , 5 | () ) = 0.0
Test:  CI( 4 , 5 | () ) = 0.32695494798309155
Test:  CI( 0 , 3 | (1,) ) = 0.0
Test:  CI( 1 , 3 | (0,) ) = 0.1420539357932109
Test:  CI( 0 , 4 | (2,) ) = 0.001307119839652593
Test:  CI( 2 , 4 | (0,) ) = 0.0
Test:  CI( 0 , 5 | (1,) ) = 0.0
Test:  CI( 0 , 5 | (3,) ) = 0.0013390350669650886
Test:  CI( 1 , 5 | (0,) ) = 2.8858009368804005e-06
Test:  CI( 1 , 5 | (3,) ) = 0.0
Test:  CI( 3 , 5 | (0,) ) = 0.0
Test:  CI( 3 , 5 | (1,) ) = 0.0
Test:  CI( 0 , 5 | (1, 3) ) = 0.6108421917704789
Saved metrics to outputs/experiments/linear_sem_gated_mlp_align/4/performance_metrics.json
Saved baseline metrics to outputs/experiments/linear_sem_gated_mlp_align/4/baseline_performance_metrics.json
Saved PAG-vs-PAG metrics to outputs/experiments/linear_sem_gated_mlp_align/4/pag_vs_pag_metrics.json
Found 6 differences:
  1. Missing: 0 --- 4 (DAG: directed_ij)
  2. Missing: 1 --- 5 (DAG: directed_ij)
  3. Missing: 2 --- 4 (DAG: directed_ij)
  4. Wrong orientation: 3 --- 4 (DAG: directed_ij, PAG: bidirected)
  5. Wrong orientation: 3 --- 5 (DAG: directed_ij, PAG: bidirected)
  6. Extra: 4 --- 5 (PAG: partial_ij)
Found 2 partial orientation differences:
  1. Partial orientation: 0 --- 1 (DAG: directed_ij, PAG: partial_ij)
  2. Partial orientation: 0 --- 3 (DAG: directed_ij, PAG: partial_ij)
Saved edge comparison details to outputs/experiments/linear_sem_gated_mlp_align/4/edge_comparison.txt
Found 4 differences:
  1. Wrong orientation: 0 --- 1 (DAG: directed_ij, PAG: bidirected)
  2. Wrong orientation: 0 --- 3 (DAG: directed_ij, PAG: bidirected)
  3. Wrong orientation: 0 --- 4 (DAG: directed_ij, PAG: bidirected)
  4. Missing: 3 --- 4 (DAG: directed_ij)
Found 1 partial orientation differences:
  1. Partial orientation: 2 --- 4 (DAG: directed_ij, PAG: partial_ij)
Saved baseline edge comparison details to outputs/experiments/linear_sem_gated_mlp_align/4/edge_comparison_baseline.txt
Found 6 differences:
  1. Missing: 0 --- 4 (Reference PAG: bidirected)
  2. Missing: 1 --- 5 (Reference PAG: directed_ij)
  3. Missing: 2 --- 4 (Reference PAG: partial_ij)
  4. Extra: 3 --- 4 (PAG: bidirected)
  5. Wrong orientation: 3 --- 5 (Reference PAG: directed_ij, PAG: bidirected)
  6. Extra: 4 --- 5 (PAG: partial_ij)
Found 2 partial orientation differences:
  1. Partial orientation: 0 --- 1 (Reference PAG: bidirected, PAG: partial_ij)
  2. Partial orientation: 0 --- 3 (Reference PAG: bidirected, PAG: partial_ij)
Saved PAG-vs-PAG edge comparison details to outputs/experiments/linear_sem_gated_mlp_align/4/edge_comparison_pag_vs_pag.txt
Saved figure to outputs/experiments/linear_sem_gated_mlp_align/4/pag_vs_dag.png
Saved baseline figure to outputs/experiments/linear_sem_gated_mlp_align/4/baseline_pag_vs_dag.png
Saved combined DAG comparison to outputs/experiments/linear_sem_gated_mlp_align/4/pags_vs_dag.png
Saved PAG-vs-PAG figure to outputs/experiments/linear_sem_gated_mlp_align/4/pag_vs_pag.png
Saved adjacency matrix to outputs/experiments/linear_sem_gated_mlp_align/4/learned_graph_adj.npy
Saved baseline adjacency matrix to outputs/experiments/linear_sem_gated_mlp_align/4/baseline_graph_adj.npy
