=== [Causal Discovery] Fold 3 (3/5) ===
Step: load extraction data
Loading extraction data from: outputs/experiments/fork_collider_nonlinear_sem_shallow_mlp_align_observable_state/3/alignment_results.csv
Step: prepare ground-truth data
Running sample_150__baseline_150
Saved metadata to outputs/experiments/fork_collider_nonlinear_sem_shallow_mlp_align_observable_state/3/metadata.json
CI(0, 1 | ()) p=0.0721 -> indep=True
CI(0, 2 | ()) p=0.0002724 -> indep=False
CI(1, 2 | ()) p=0.8525 -> indep=True
CI(0, 3 | ()) p=3.196e-05 -> indep=False
CI(1, 3 | ()) p=0.3368 -> indep=True
CI(2, 3 | ()) p=0 -> indep=False
CI(0, 4 | ()) p=7.396e-05 -> indep=False
CI(1, 4 | ()) p=0.4239 -> indep=True
CI(2, 4 | ()) p=0 -> indep=False
CI(3, 4 | ()) p=0 -> indep=False
CI(0, 5 | ()) p=1.413e-10 -> indep=False
CI(1, 5 | ()) p=0.6748 -> indep=True
CI(2, 5 | ()) p=0 -> indep=False
CI(3, 5 | ()) p=0 -> indep=False
CI(4, 5 | ()) p=0 -> indep=False
CI(0, 3 | (2,)) p=0.008355 -> indep=False
CI(2, 3 | (0,)) p=0 -> indep=False
CI(0, 4 | (2,)) p=0.4513 -> indep=True
CI(2, 4 | (3,)) p=4.757e-05 -> indep=False
CI(3, 4 | (2,)) p=8.238e-05 -> indep=False
CI(0, 5 | (2,)) p=1.039e-07 -> indep=False
CI(0, 5 | (3,)) p=1.743e-05 -> indep=False
CI(0, 5 | (4,)) p=3.818e-06 -> indep=False
CI(2, 5 | (0,)) p=0 -> indep=False
CI(2, 5 | (3,)) p=0.09234 -> indep=True
CI(3, 5 | (0,)) p=0 -> indep=False
CI(3, 5 | (4,)) p=0.006409 -> indep=False
CI(4, 5 | (0,)) p=0 -> indep=False
CI(4, 5 | (3,)) p=0.03981 -> indep=True
Saved adjacency matrix to outputs/experiments/fork_collider_nonlinear_sem_shallow_mlp_align_observable_state/3/learned_graph_adj.npy
CI(0, 1 | ()) p=0.8781 -> indep=True
CI(0, 2 | ()) p=6.704e-11 -> indep=False
CI(1, 2 | ()) p=0.02191 -> indep=True
CI(0, 3 | ()) p=0.06474 -> indep=True
CI(1, 3 | ()) p=0.08161 -> indep=True
CI(2, 3 | ()) p=0.004215 -> indep=False
CI(0, 4 | ()) p=0.263 -> indep=True
CI(1, 4 | ()) p=0.115 -> indep=True
CI(2, 4 | ()) p=0.002173 -> indep=False
CI(3, 4 | ()) p=0.3425 -> indep=True
CI(0, 5 | ()) p=0.897 -> indep=True
CI(1, 5 | ()) p=0.792 -> indep=True
CI(2, 5 | ()) p=0.008005 -> indep=False
CI(3, 5 | ()) p=0.2167 -> indep=True
CI(4, 5 | ()) p=1.151e-09 -> indep=False
CI(2, 5 | (4,)) p=0.3061 -> indep=True
Saved metrics to outputs/experiments/fork_collider_nonlinear_sem_shallow_mlp_align_observable_state/3/performance_metrics.json
Saved baseline metrics to outputs/experiments/fork_collider_nonlinear_sem_shallow_mlp_align_observable_state/3/baseline_performance_metrics.json
Saved PAG-vs-PAG metrics to outputs/experiments/fork_collider_nonlinear_sem_shallow_mlp_align_observable_state/3/pag_vs_pag_metrics.json
Found 7 differences:
  1. Wrong orientation: 0 --- 2 (DAG: directed_ij, PAG: bidirected)
  2. Extra: 0 --- 3 (PAG: bidirected)
  3. Extra: 0 --- 5 (PAG: bidirected)
  4. Missing: 1 --- 2 (DAG: directed_ij)
  5. Wrong orientation: 3 --- 4 (DAG: directed_ij, PAG: bidirected)
  6. Extra: 3 --- 5 (PAG: directed_ij)
  7. Missing: 4 --- 5 (DAG: directed_ij)
Found 1 partial orientation differences:
  1. Partial orientation: 2 --- 3 (DAG: directed_ij, PAG: partial_ij)
Saved edge comparison details to outputs/experiments/fork_collider_nonlinear_sem_shallow_mlp_align_observable_state/3/edge_comparison.txt
Found 4 differences:
  1. Missing: 1 --- 2 (DAG: directed_ij)
  2. Wrong orientation: 2 --- 3 (DAG: directed_ij, PAG: bidirected)
  3. Wrong orientation: 2 --- 4 (DAG: directed_ij, PAG: bidirected)
  4. Missing: 3 --- 4 (DAG: directed_ij)
Found 1 partial orientation differences:
  1. Partial orientation: 0 --- 2 (DAG: directed_ij, PAG: partial_ij)
Saved baseline edge comparison details to outputs/experiments/fork_collider_nonlinear_sem_shallow_mlp_align_observable_state/3/edge_comparison_baseline.txt
Found 6 differences:
  1. Extra: 0 --- 3 (PAG: bidirected)
  2. Extra: 0 --- 5 (PAG: bidirected)
  3. Wrong orientation: 2 --- 4 (Reference PAG: bidirected, PAG: directed_ij)
  4. Extra: 3 --- 4 (PAG: bidirected)
  5. Extra: 3 --- 5 (PAG: directed_ij)
  6. Missing: 4 --- 5 (Reference PAG: directed_ij)
Found 2 partial orientation differences:
  1. Partial orientation: 0 --- 2 (Reference PAG: partial_ij, PAG: bidirected)
  2. Partial orientation: 2 --- 3 (Reference PAG: bidirected, PAG: partial_ij)
Saved PAG-vs-PAG edge comparison details to outputs/experiments/fork_collider_nonlinear_sem_shallow_mlp_align_observable_state/3/edge_comparison_pag_vs_pag.txt
Saved figure to outputs/experiments/fork_collider_nonlinear_sem_shallow_mlp_align_observable_state/3/pag_vs_dag.png
Saved baseline figure to outputs/experiments/fork_collider_nonlinear_sem_shallow_mlp_align_observable_state/3/baseline_pag_vs_dag.png
Saved combined DAG comparison to outputs/experiments/fork_collider_nonlinear_sem_shallow_mlp_align_observable_state/3/pags_vs_dag.png
Saved PAG-vs-PAG figure to outputs/experiments/fork_collider_nonlinear_sem_shallow_mlp_align_observable_state/3/pag_vs_pag.png
Saved adjacency matrix to outputs/experiments/fork_collider_nonlinear_sem_shallow_mlp_align_observable_state/3/learned_graph_adj.npy
Saved baseline adjacency matrix to outputs/experiments/fork_collider_nonlinear_sem_shallow_mlp_align_observable_state/3/baseline_graph_adj.npy
