=== [Train] Fold 2 (2/5) ===
Step: set random seed (3)
Step: build datasets
Step: initialize model
Step: training setup (model=GatedMLP, profile=deep, control_mode=epochs, epochs=60, target_updates=None)
Step: training
TrnLoss=0.998 ValLoss=0.949 ValR2=0.007
TrnLoss=0.975 ValLoss=0.887 ValR2=0.072
TrnLoss=0.808 ValLoss=0.553 ValR2=0.421
TrnLoss=0.475 ValLoss=0.300 ValR2=0.686
TrnLoss=0.293 ValLoss=0.206 ValR2=0.784
TrnLoss=0.207 ValLoss=0.147 ValR2=0.846
TrnLoss=0.172 ValLoss=0.121 ValR2=0.873
TrnLoss=0.151 ValLoss=0.111 ValR2=0.884
TrnLoss=0.139 ValLoss=0.108 ValR2=0.887
TrnLoss=0.146 ValLoss=0.105 ValR2=0.890
TrnLoss=0.139 ValLoss=0.105 ValR2=0.890
TrnLoss=0.137 ValLoss=0.102 ValR2=0.893
TrnLoss=0.134 ValLoss=0.103 ValR2=0.892
TrnLoss=0.136 ValLoss=0.101 ValR2=0.894
TrnLoss=0.132 ValLoss=0.100 ValR2=0.895
TrnLoss=0.133 ValLoss=0.100 ValR2=0.895
TrnLoss=0.132 ValLoss=0.102 ValR2=0.893
TrnLoss=0.125 ValLoss=0.097 ValR2=0.898
TrnLoss=0.131 ValLoss=0.103 ValR2=0.892
TrnLoss=0.124 ValLoss=0.098 ValR2=0.897
TrnLoss=0.126 ValLoss=0.096 ValR2=0.900
TrnLoss=0.125 ValLoss=0.095 ValR2=0.900
TrnLoss=0.125 ValLoss=0.095 ValR2=0.900
TrnLoss=0.123 ValLoss=0.094 ValR2=0.901
TrnLoss=0.124 ValLoss=0.098 ValR2=0.898
TrnLoss=0.122 ValLoss=0.096 ValR2=0.900
TrnLoss=0.122 ValLoss=0.097 ValR2=0.898
TrnLoss=0.121 ValLoss=0.095 ValR2=0.901
TrnLoss=0.118 ValLoss=0.095 ValR2=0.901
TrnLoss=0.119 ValLoss=0.095 ValR2=0.900
TrnLoss=0.117 ValLoss=0.094 ValR2=0.901
TrnLoss=0.121 ValLoss=0.092 ValR2=0.903
TrnLoss=0.117 ValLoss=0.095 ValR2=0.901
TrnLoss=0.117 ValLoss=0.091 ValR2=0.905
TrnLoss=0.116 ValLoss=0.092 ValR2=0.904
TrnLoss=0.119 ValLoss=0.091 ValR2=0.905
TrnLoss=0.113 ValLoss=0.090 ValR2=0.905
TrnLoss=0.117 ValLoss=0.093 ValR2=0.903
TrnLoss=0.115 ValLoss=0.092 ValR2=0.904
TrnLoss=0.118 ValLoss=0.090 ValR2=0.906
TrnLoss=0.115 ValLoss=0.092 ValR2=0.904
TrnLoss=0.115 ValLoss=0.090 ValR2=0.905
TrnLoss=0.114 ValLoss=0.091 ValR2=0.905
TrnLoss=0.113 ValLoss=0.087 ValR2=0.908
TrnLoss=0.109 ValLoss=0.087 ValR2=0.908
TrnLoss=0.112 ValLoss=0.088 ValR2=0.908
TrnLoss=0.110 ValLoss=0.088 ValR2=0.908
TrnLoss=0.111 ValLoss=0.085 ValR2=0.910
TrnLoss=0.111 ValLoss=0.085 ValR2=0.910
TrnLoss=0.108 ValLoss=0.085 ValR2=0.911
TrnLoss=0.107 ValLoss=0.084 ValR2=0.912
TrnLoss=0.110 ValLoss=0.081 ValR2=0.915
TrnLoss=0.109 ValLoss=0.080 ValR2=0.916
TrnLoss=0.106 ValLoss=0.083 ValR2=0.913
TrnLoss=0.105 ValLoss=0.078 ValR2=0.918
TrnLoss=0.100 ValLoss=0.077 ValR2=0.920
TrnLoss=0.100 ValLoss=0.075 ValR2=0.921
TrnLoss=0.102 ValLoss=0.075 ValR2=0.921
TrnLoss=0.097 ValLoss=0.076 ValR2=0.920
TrnLoss=0.099 ValLoss=0.074 ValR2=0.923
100%|#############| 60/60 [00:22<00:00,  2.65ep/s]
Step: evaluate test split
