=== [Train] Fold 1 (1/5) ===
Step: set random seed (2)
Step: build datasets
Step: initialize model
Step: training setup (model=MLPModel, profile=deep, control_mode=epochs, epochs=60, target_updates=None)
Step: training
TrnLoss=0.835 ValLoss=0.817 ValR2=0.175
TrnLoss=0.782 ValLoss=0.757 ValR2=0.236
TrnLoss=0.770 ValLoss=0.754 ValR2=0.239
TrnLoss=0.770 ValLoss=0.755 ValR2=0.238
TrnLoss=0.768 ValLoss=0.754 ValR2=0.239
TrnLoss=0.766 ValLoss=0.754 ValR2=0.239
TrnLoss=0.767 ValLoss=0.754 ValR2=0.239
TrnLoss=0.762 ValLoss=0.754 ValR2=0.239
TrnLoss=0.765 ValLoss=0.756 ValR2=0.237
TrnLoss=0.765 ValLoss=0.754 ValR2=0.239
TrnLoss=0.763 ValLoss=0.755 ValR2=0.238
TrnLoss=0.763 ValLoss=0.753 ValR2=0.240
TrnLoss=0.762 ValLoss=0.755 ValR2=0.239
TrnLoss=0.763 ValLoss=0.755 ValR2=0.238
TrnLoss=0.761 ValLoss=0.754 ValR2=0.239
TrnLoss=0.762 ValLoss=0.755 ValR2=0.238
TrnLoss=0.762 ValLoss=0.754 ValR2=0.239
TrnLoss=0.760 ValLoss=0.754 ValR2=0.239
TrnLoss=0.759 ValLoss=0.753 ValR2=0.240
TrnLoss=0.759 ValLoss=0.755 ValR2=0.239
TrnLoss=0.760 ValLoss=0.755 ValR2=0.239
TrnLoss=0.758 ValLoss=0.754 ValR2=0.239
TrnLoss=0.758 ValLoss=0.754 ValR2=0.239
TrnLoss=0.760 ValLoss=0.754 ValR2=0.240
TrnLoss=0.761 ValLoss=0.754 ValR2=0.239
TrnLoss=0.759 ValLoss=0.754 ValR2=0.239
TrnLoss=0.757 ValLoss=0.753 ValR2=0.240
Early stopping at epoch 27: no validation improvement for 8 epochs (best epoch=19, best val loss=0.753)
 43%|#####6       | 26/60 [00:20<00:26,  1.28ep/s]
Step: evaluate test split
