=== [Train] Fold 3 (3/5) ===
Step: set random seed (4)
Step: build datasets
Step: initialize model
Step: training setup (model=ShallowMLP, profile=shallow, control_mode=epochs, epochs=40, target_updates=None)
Step: training
TrnLoss=1.004 ValLoss=0.997 ValR2=0.019
TrnLoss=0.967 ValLoss=0.980 ValR2=0.034
TrnLoss=0.955 ValLoss=0.967 ValR2=0.047
TrnLoss=0.945 ValLoss=0.963 ValR2=0.052
TrnLoss=0.941 ValLoss=0.962 ValR2=0.052
TrnLoss=0.940 ValLoss=0.961 ValR2=0.053
TrnLoss=0.939 ValLoss=0.961 ValR2=0.053
TrnLoss=0.936 ValLoss=0.961 ValR2=0.053
TrnLoss=0.936 ValLoss=0.961 ValR2=0.053
TrnLoss=0.937 ValLoss=0.962 ValR2=0.052
TrnLoss=0.936 ValLoss=0.961 ValR2=0.053
TrnLoss=0.935 ValLoss=0.961 ValR2=0.053
TrnLoss=0.935 ValLoss=0.961 ValR2=0.053
TrnLoss=0.935 ValLoss=0.961 ValR2=0.053
TrnLoss=0.936 ValLoss=0.961 ValR2=0.054
Early stopping at epoch 15: no validation improvement for 6 epochs (best epoch=9, best val loss=0.961)
 35%|####5        | 14/40 [00:18<00:34,  1.33s/ep]
Step: evaluate test split
