=== [Train] Fold 2 (2/5) ===
Step: set random seed (3)
Step: build datasets
Step: initialize model
Step: training setup (model=ShallowMLP, profile=shallow, control_mode=epochs, epochs=40, target_updates=None)
Step: training
TrnLoss=0.999 ValLoss=0.965 ValR2=0.034
TrnLoss=0.937 ValLoss=0.913 ValR2=0.086
TrnLoss=0.884 ValLoss=0.861 ValR2=0.138
TrnLoss=0.836 ValLoss=0.819 ValR2=0.180
TrnLoss=0.803 ValLoss=0.796 ValR2=0.203
TrnLoss=0.787 ValLoss=0.788 ValR2=0.212
TrnLoss=0.781 ValLoss=0.784 ValR2=0.215
TrnLoss=0.776 ValLoss=0.783 ValR2=0.216
TrnLoss=0.774 ValLoss=0.779 ValR2=0.220
TrnLoss=0.773 ValLoss=0.778 ValR2=0.221
TrnLoss=0.771 ValLoss=0.778 ValR2=0.221
TrnLoss=0.771 ValLoss=0.777 ValR2=0.222
TrnLoss=0.768 ValLoss=0.777 ValR2=0.223
TrnLoss=0.769 ValLoss=0.777 ValR2=0.223
TrnLoss=0.769 ValLoss=0.776 ValR2=0.223
TrnLoss=0.768 ValLoss=0.777 ValR2=0.223
TrnLoss=0.767 ValLoss=0.775 ValR2=0.224
TrnLoss=0.767 ValLoss=0.776 ValR2=0.223
TrnLoss=0.766 ValLoss=0.776 ValR2=0.224
TrnLoss=0.766 ValLoss=0.776 ValR2=0.224
TrnLoss=0.765 ValLoss=0.775 ValR2=0.224
TrnLoss=0.763 ValLoss=0.775 ValR2=0.224
TrnLoss=0.764 ValLoss=0.776 ValR2=0.224
Early stopping at epoch 23: no validation improvement for 6 epochs (best epoch=17, best val loss=0.775)
 55%|#######1     | 22/40 [00:19<00:15,  1.15ep/s]
Step: evaluate test split
