=== [Causal Discovery] Fold 5 (5/5) ===
Step: load extraction data
Loading extraction data from: outputs/experiments/layered_sparse_nonlinear_sem_shallow_mlp_align/5/alignment_results.csv
Step: prepare ground-truth data
Running sample_150__baseline_150
Saved metadata to outputs/experiments/layered_sparse_nonlinear_sem_shallow_mlp_align/5/metadata.json
CI(0, 1 | ()) p=0.4938 -> indep=True
CI(0, 2 | ()) p=0.0001789 -> indep=False
CI(1, 2 | ()) p=0.09232 -> indep=True
CI(0, 3 | ()) p=8.404e-14 -> indep=False
CI(1, 3 | ()) p=0.07961 -> indep=True
CI(2, 3 | ()) p=9.463e-07 -> indep=False
CI(0, 4 | ()) p=0.02229 -> indep=True
CI(1, 4 | ()) p=0.007032 -> indep=False
CI(2, 4 | ()) p=0 -> indep=False
CI(3, 4 | ()) p=0.0004185 -> indep=False
CI(0, 5 | ()) p=0.08677 -> indep=True
CI(1, 5 | ()) p=0 -> indep=False
CI(2, 5 | ()) p=0 -> indep=False
CI(3, 5 | ()) p=2.28e-06 -> indep=False
CI(4, 5 | ()) p=0.04401 -> indep=True
CI(0, 3 | (2,)) p=0 -> indep=False
CI(2, 3 | (0,)) p=0 -> indep=False
CI(1, 4 | (2,)) p=0 -> indep=False
CI(1, 4 | (3,)) p=0.001226 -> indep=False
CI(2, 4 | (1,)) p=0 -> indep=False
CI(2, 4 | (3,)) p=0 -> indep=False
CI(3, 4 | (1,)) p=3.722e-06 -> indep=False
CI(3, 4 | (2,)) p=0.4505 -> indep=True
CI(1, 5 | (2,)) p=0 -> indep=False
CI(1, 5 | (3,)) p=0 -> indep=False
CI(2, 5 | (1,)) p=0 -> indep=False
CI(2, 5 | (3,)) p=1.322e-11 -> indep=False
CI(3, 5 | (1,)) p=6.698e-05 -> indep=False
CI(3, 5 | (2,)) p=0.314 -> indep=True
Saved adjacency matrix to outputs/experiments/layered_sparse_nonlinear_sem_shallow_mlp_align/5/learned_graph_adj.npy
CI(0, 1 | ()) p=0.3054 -> indep=True
CI(0, 2 | ()) p=0.0001984 -> indep=False
CI(1, 2 | ()) p=0.1071 -> indep=True
CI(0, 3 | ()) p=0.4012 -> indep=True
CI(1, 3 | ()) p=0.1941 -> indep=True
CI(2, 3 | ()) p=0.8749 -> indep=True
CI(0, 4 | ()) p=0.1063 -> indep=True
CI(1, 4 | ()) p=0.176 -> indep=True
CI(2, 4 | ()) p=1.056e-06 -> indep=False
CI(3, 4 | ()) p=0.8927 -> indep=True
CI(0, 5 | ()) p=0.965 -> indep=True
CI(1, 5 | ()) p=1.11e-16 -> indep=False
CI(2, 5 | ()) p=1.63e-05 -> indep=False
CI(3, 5 | ()) p=0.09191 -> indep=True
CI(4, 5 | ()) p=0.195 -> indep=True
CI(1, 5 | (2,)) p=1.221e-15 -> indep=False
CI(2, 5 | (1,)) p=0.00017 -> indep=False
Saved metrics to outputs/experiments/layered_sparse_nonlinear_sem_shallow_mlp_align/5/performance_metrics.json
Saved baseline metrics to outputs/experiments/layered_sparse_nonlinear_sem_shallow_mlp_align/5/baseline_performance_metrics.json
Saved PAG-vs-PAG metrics to outputs/experiments/layered_sparse_nonlinear_sem_shallow_mlp_align/5/pag_vs_pag_metrics.json
Found 7 differences:
  1. Wrong orientation: 0 --- 2 (DAG: directed_ij, PAG: bidirected)
  2. Wrong orientation: 0 --- 3 (DAG: directed_ij, PAG: bidirected)
  3. Missing: 1 --- 2 (DAG: directed_ij)
  4. Wrong orientation: 1 --- 4 (DAG: directed_ij, PAG: bidirected)
  5. Wrong orientation: 1 --- 5 (DAG: directed_ij, PAG: bidirected)
  6. Wrong orientation: 2 --- 4 (DAG: directed_ij, PAG: bidirected)
  7. Wrong orientation: 2 --- 5 (DAG: directed_ij, PAG: bidirected)
Saved edge comparison details to outputs/experiments/layered_sparse_nonlinear_sem_shallow_mlp_align/5/edge_comparison.txt
Found 6 differences:
  1. Missing: 0 --- 3 (DAG: directed_ij)
  2. Missing: 1 --- 2 (DAG: directed_ij)
  3. Missing: 1 --- 4 (DAG: directed_ij)
  4. Missing: 2 --- 3 (DAG: directed_ij)
  5. Wrong orientation: 2 --- 4 (DAG: directed_ij, PAG: bidirected)
  6. Wrong orientation: 2 --- 5 (DAG: directed_ij, PAG: bidirected)
Found 2 partial orientation differences:
  1. Partial orientation: 0 --- 2 (DAG: directed_ij, PAG: partial_ij)
  2. Partial orientation: 1 --- 5 (DAG: directed_ij, PAG: partial_ij)
Saved baseline edge comparison details to outputs/experiments/layered_sparse_nonlinear_sem_shallow_mlp_align/5/edge_comparison_baseline.txt
Found 3 differences:
  1. Extra: 0 --- 3 (PAG: bidirected)
  2. Extra: 1 --- 4 (PAG: bidirected)
  3. Extra: 2 --- 3 (PAG: directed_ij)
Found 2 partial orientation differences:
  1. Partial orientation: 0 --- 2 (Reference PAG: partial_ij, PAG: bidirected)
  2. Partial orientation: 1 --- 5 (Reference PAG: partial_ij, PAG: bidirected)
Saved PAG-vs-PAG edge comparison details to outputs/experiments/layered_sparse_nonlinear_sem_shallow_mlp_align/5/edge_comparison_pag_vs_pag.txt
Saved figure to outputs/experiments/layered_sparse_nonlinear_sem_shallow_mlp_align/5/pag_vs_dag.png
Saved baseline figure to outputs/experiments/layered_sparse_nonlinear_sem_shallow_mlp_align/5/baseline_pag_vs_dag.png
Saved combined DAG comparison to outputs/experiments/layered_sparse_nonlinear_sem_shallow_mlp_align/5/pags_vs_dag.png
Saved PAG-vs-PAG figure to outputs/experiments/layered_sparse_nonlinear_sem_shallow_mlp_align/5/pag_vs_pag.png
Saved adjacency matrix to outputs/experiments/layered_sparse_nonlinear_sem_shallow_mlp_align/5/learned_graph_adj.npy
Saved baseline adjacency matrix to outputs/experiments/layered_sparse_nonlinear_sem_shallow_mlp_align/5/baseline_graph_adj.npy
