=== [Train] Fold 4 (4/5) ===
Step: set random seed (5)
Step: build datasets
Step: initialize model
Step: training setup (model=MLPModel, profile=deep, control_mode=epochs, epochs=60, target_updates=None)
Step: training
TrnLoss=0.816 ValLoss=0.761 ValR2=0.227
TrnLoss=0.738 ValLoss=0.703 ValR2=0.286
TrnLoss=0.725 ValLoss=0.697 ValR2=0.292
TrnLoss=0.723 ValLoss=0.697 ValR2=0.292
TrnLoss=0.720 ValLoss=0.697 ValR2=0.292
TrnLoss=0.721 ValLoss=0.698 ValR2=0.291
TrnLoss=0.720 ValLoss=0.700 ValR2=0.289
TrnLoss=0.719 ValLoss=0.698 ValR2=0.291
TrnLoss=0.718 ValLoss=0.699 ValR2=0.290
TrnLoss=0.716 ValLoss=0.700 ValR2=0.289
TrnLoss=0.714 ValLoss=0.698 ValR2=0.291
TrnLoss=0.715 ValLoss=0.700 ValR2=0.289
TrnLoss=0.713 ValLoss=0.699 ValR2=0.290
TrnLoss=0.713 ValLoss=0.700 ValR2=0.289
TrnLoss=0.715 ValLoss=0.700 ValR2=0.289
TrnLoss=0.715 ValLoss=0.699 ValR2=0.290
TrnLoss=0.713 ValLoss=0.699 ValR2=0.290
TrnLoss=0.712 ValLoss=0.700 ValR2=0.289
TrnLoss=0.710 ValLoss=0.700 ValR2=0.290
TrnLoss=0.712 ValLoss=0.700 ValR2=0.289
TrnLoss=0.712 ValLoss=0.701 ValR2=0.288
TrnLoss=0.711 ValLoss=0.698 ValR2=0.291
Early stopping at epoch 22: no validation improvement for 8 epochs (best epoch=4, best val loss=0.697)
 35%|####5        | 21/60 [00:19<00:36,  1.07ep/s]
Step: evaluate test split
