=== [Causal Discovery] Fold 4 (4/5) ===
Step: load extraction data
Loading extraction data from: outputs/experiments/linear_sem_input_gradients_residual_mlp_align_observable_state/4/alignment_results.csv
Step: prepare ground-truth data
Running sample_150__baseline_150
Saved metadata to outputs/experiments/linear_sem_input_gradients_residual_mlp_align_observable_state/4/metadata.json
Test:  CI( 0 , 1 | () ) = 0.0
Test:  CI( 0 , 2 | () ) = 0.19752231606292026
Test:  CI( 1 , 2 | () ) = 0.6512775043792669
Test:  CI( 0 , 3 | () ) = 0.0
Test:  CI( 1 , 3 | () ) = 0.0
Test:  CI( 2 , 3 | () ) = 0.3473247738848304
Test:  CI( 0 , 4 | () ) = 0.0003671055616327745
Test:  CI( 1 , 4 | () ) = 0.014216254879008572
Test:  CI( 2 , 4 | () ) = 0.0
Test:  CI( 3 , 4 | () ) = 0.0013667404585204768
Test:  CI( 0 , 5 | () ) = 0.0
Test:  CI( 1 , 5 | () ) = 0.0
Test:  CI( 2 , 5 | () ) = 0.4512061232510942
Test:  CI( 3 , 5 | () ) = 0.0
Test:  CI( 4 , 5 | () ) = 0.0025772939242851844
Test:  CI( 0 , 3 | (1,) ) = 0.0
Test:  CI( 1 , 3 | (0,) ) = 0.3869933177614111
Test:  CI( 0 , 4 | (2,) ) = 0.0
Test:  CI( 0 , 4 | (3,) ) = 0.0
Test:  CI( 2 , 4 | (0,) ) = 0.0
Test:  CI( 2 , 4 | (3,) ) = 0.0
Test:  CI( 3 , 4 | (0,) ) = 0.0
Test:  CI( 3 , 4 | (2,) ) = 0.0
Test:  CI( 0 , 5 | (1,) ) = 0.0
Test:  CI( 0 , 5 | (3,) ) = 0.4749903645172877
Test:  CI( 1 , 5 | (3,) ) = 0.0
Test:  CI( 1 , 5 | (4,) ) = 0.0
Test:  CI( 3 , 5 | (1,) ) = 0.0
Test:  CI( 3 , 5 | (4,) ) = 0.0
Test:  CI( 4 , 5 | (1,) ) = 0.0566420616263168
Test:  CI( 3 , 4 | (0, 2) ) = 0
Saved adjacency matrix to outputs/experiments/linear_sem_input_gradients_residual_mlp_align_observable_state/4/learned_graph_adj.npy
Test:  CI( 0 , 1 | () ) = 5.284661597215745e-14
Test:  CI( 0 , 2 | () ) = 0.48254803838416294
Test:  CI( 1 , 2 | () ) = 0.3727229912142844
Test:  CI( 0 , 3 | () ) = 0.0
Test:  CI( 1 , 3 | () ) = 4.083980487123995e-09
Test:  CI( 2 , 3 | () ) = 0.5284952673568628
Test:  CI( 0 , 4 | () ) = 0.0029065372622993912
Test:  CI( 1 , 4 | () ) = 0.022327002264191265
Test:  CI( 2 , 4 | () ) = 0.0
Test:  CI( 3 , 4 | () ) = 0.88277469749512
Test:  CI( 0 , 5 | () ) = 0.0
Test:  CI( 1 , 5 | () ) = 0.0
Test:  CI( 2 , 5 | () ) = 0.38124764998489136
Test:  CI( 3 , 5 | () ) = 0.0
Test:  CI( 4 , 5 | () ) = 0.32695494798309155
Test:  CI( 0 , 3 | (1,) ) = 0.0
Test:  CI( 1 , 3 | (0,) ) = 0.1420539357932109
Test:  CI( 0 , 4 | (2,) ) = 0.001307119839652593
Test:  CI( 2 , 4 | (0,) ) = 0.0
Test:  CI( 0 , 5 | (1,) ) = 0.0
Test:  CI( 0 , 5 | (3,) ) = 0.0013390350669650886
Test:  CI( 1 , 5 | (0,) ) = 2.8858009368804005e-06
Test:  CI( 1 , 5 | (3,) ) = 0.0
Test:  CI( 3 , 5 | (0,) ) = 0.0
Test:  CI( 3 , 5 | (1,) ) = 0.0
Test:  CI( 0 , 5 | (1, 3) ) = 0.6108421917704789
Saved metrics to outputs/experiments/linear_sem_input_gradients_residual_mlp_align_observable_state/4/performance_metrics.json
Saved baseline metrics to outputs/experiments/linear_sem_input_gradients_residual_mlp_align_observable_state/4/baseline_performance_metrics.json
Saved PAG-vs-PAG metrics to outputs/experiments/linear_sem_input_gradients_residual_mlp_align_observable_state/4/pag_vs_pag_metrics.json
Found 5 differences:
  1. Wrong orientation: 0 --- 1 (DAG: directed_ij, PAG: bidirected)
  2. Wrong orientation: 0 --- 4 (DAG: directed_ij, PAG: bidirected)
  3. Wrong orientation: 1 --- 5 (DAG: directed_ij, PAG: bidirected)
  4. Wrong orientation: 3 --- 4 (DAG: directed_ij, PAG: bidirected)
  5. Wrong orientation: 3 --- 5 (DAG: directed_ij, PAG: bidirected)
Found 1 partial orientation differences:
  1. Partial orientation: 2 --- 4 (DAG: directed_ij, PAG: partial_ij)
Saved edge comparison details to outputs/experiments/linear_sem_input_gradients_residual_mlp_align_observable_state/4/edge_comparison.txt
Found 4 differences:
  1. Wrong orientation: 0 --- 1 (DAG: directed_ij, PAG: bidirected)
  2. Wrong orientation: 0 --- 3 (DAG: directed_ij, PAG: bidirected)
  3. Wrong orientation: 0 --- 4 (DAG: directed_ij, PAG: bidirected)
  4. Missing: 3 --- 4 (DAG: directed_ij)
Found 1 partial orientation differences:
  1. Partial orientation: 2 --- 4 (DAG: directed_ij, PAG: partial_ij)
Saved baseline edge comparison details to outputs/experiments/linear_sem_input_gradients_residual_mlp_align_observable_state/4/edge_comparison_baseline.txt
Found 4 differences:
  1. Wrong orientation: 0 --- 3 (Reference PAG: bidirected, PAG: directed_ij)
  2. Wrong orientation: 1 --- 5 (Reference PAG: directed_ij, PAG: bidirected)
  3. Extra: 3 --- 4 (PAG: bidirected)
  4. Wrong orientation: 3 --- 5 (Reference PAG: directed_ij, PAG: bidirected)
Saved PAG-vs-PAG edge comparison details to outputs/experiments/linear_sem_input_gradients_residual_mlp_align_observable_state/4/edge_comparison_pag_vs_pag.txt
Saved figure to outputs/experiments/linear_sem_input_gradients_residual_mlp_align_observable_state/4/pag_vs_dag.png
Saved baseline figure to outputs/experiments/linear_sem_input_gradients_residual_mlp_align_observable_state/4/baseline_pag_vs_dag.png
Saved combined DAG comparison to outputs/experiments/linear_sem_input_gradients_residual_mlp_align_observable_state/4/pags_vs_dag.png
Saved PAG-vs-PAG figure to outputs/experiments/linear_sem_input_gradients_residual_mlp_align_observable_state/4/pag_vs_pag.png
Saved adjacency matrix to outputs/experiments/linear_sem_input_gradients_residual_mlp_align_observable_state/4/learned_graph_adj.npy
Saved baseline adjacency matrix to outputs/experiments/linear_sem_input_gradients_residual_mlp_align_observable_state/4/baseline_graph_adj.npy
