=== [Causal Discovery] Fold 1 (1/5) ===
Step: load extraction data
Loading extraction data from: outputs/experiments/linear_sem_sample_50_shallow_mlp_align_observable_state/1/alignment_results.csv
Step: prepare ground-truth data
Key: (176, 6, 3, 3, 2, 10, 10000, 0.5, 2.0, 0.8, 0.1, 0.1, 1000, 1) - Generating new DAG and data...
Seed: 176, Fold: 1
Running sample_50__baseline_50
Saved metadata to outputs/experiments/linear_sem_sample_50_shallow_mlp_align_observable_state/1/metadata.json
Test:  CI( 0 , 1 | () ) = 9.121592370320286e-13
Test:  CI( 0 , 2 | () ) = 0.9998844866869072
Test:  CI( 1 , 2 | () ) = 0.04870777671091098
Test:  CI( 0 , 3 | () ) = 0.0
Test:  CI( 1 , 3 | () ) = 1.1535217225855376e-12
Test:  CI( 2 , 3 | () ) = 0.9170477960155987
Test:  CI( 0 , 4 | () ) = 0.05225699687999752
Test:  CI( 1 , 4 | () ) = 0.0003507382084764199
Test:  CI( 2 , 4 | () ) = 0.0
Test:  CI( 3 , 4 | () ) = 0.06901956020818756
Test:  CI( 0 , 5 | () ) = 0.0
Test:  CI( 1 , 5 | () ) = 0.0
Test:  CI( 2 , 5 | () ) = 0.6288551830087061
Test:  CI( 3 , 5 | () ) = 0.0
Test:  CI( 4 , 5 | () ) = 0.01703433566217294
Test:  CI( 0 , 3 | (1,) ) = 0.0
Test:  CI( 1 , 3 | (0,) ) = 0.9161947781419426
Test:  CI( 1 , 4 | (2,) ) = 2.9252156252823625e-12
Test:  CI( 2 , 4 | (1,) ) = 0.0
Test:  CI( 0 , 5 | (1,) ) = 0.0
Test:  CI( 0 , 5 | (3,) ) = 0.4304871410758684
Test:  CI( 1 , 5 | (3,) ) = 0.0
Test:  CI( 3 , 5 | (1,) ) = 0.0
Saved adjacency matrix to outputs/experiments/linear_sem_sample_50_shallow_mlp_align_observable_state/1/learned_graph_adj.npy
Test:  CI( 0 , 1 | () ) = 1.7141797363784406e-06
Test:  CI( 0 , 2 | () ) = 0.8544525168681687
Test:  CI( 1 , 2 | () ) = 0.43157589687361586
Test:  CI( 0 , 3 | () ) = 0.0
Test:  CI( 1 , 3 | () ) = 0.0006669439874511518
Test:  CI( 2 , 3 | () ) = 0.9398605032621079
Test:  CI( 0 , 4 | () ) = 0.20748992995323245
Test:  CI( 1 , 4 | () ) = 0.19338605181006674
Test:  CI( 2 , 4 | () ) = 1.136164318182864e-08
Test:  CI( 3 , 4 | () ) = 0.8253766225592902
Test:  CI( 0 , 5 | () ) = 0.0
Test:  CI( 1 , 5 | () ) = 2.7848700456800657e-08
Test:  CI( 2 , 5 | () ) = 0.6685909499370759
Test:  CI( 3 , 5 | () ) = 0.0
Test:  CI( 4 , 5 | () ) = 0.8013431046837958
Test:  CI( 0 , 3 | (1,) ) = 0.0
Test:  CI( 1 , 3 | (0,) ) = 0.2215373968953238
Test:  CI( 0 , 5 | (1,) ) = 1.156408302449563e-12
Test:  CI( 0 , 5 | (3,) ) = 0.006639575706860246
Test:  CI( 1 , 5 | (0,) ) = 0.00851160734964762
Test:  CI( 1 , 5 | (3,) ) = 9.376706544550473e-08
Test:  CI( 3 , 5 | (0,) ) = 9.266974941413153e-06
Test:  CI( 3 , 5 | (1,) ) = 0.0
Test:  CI( 0 , 5 | (1, 3) ) = 0.46280217383760847
Test:  CI( 1 , 5 | (0, 3) ) = 6.6966017084890694e-06
Test:  CI( 3 , 5 | (0, 1) ) = 5.934668978468949e-09
Saved metrics to outputs/experiments/linear_sem_sample_50_shallow_mlp_align_observable_state/1/performance_metrics.json
Saved baseline metrics to outputs/experiments/linear_sem_sample_50_shallow_mlp_align_observable_state/1/baseline_performance_metrics.json
Saved PAG-vs-PAG metrics to outputs/experiments/linear_sem_sample_50_shallow_mlp_align_observable_state/1/pag_vs_pag_metrics.json
Found 4 differences:
  1. Missing: 0 --- 4 (DAG: directed_ij)
  2. Extra: 1 --- 4 (PAG: bidirected)
  3. Wrong orientation: 1 --- 5 (DAG: directed_ij, PAG: bidirected)
  4. Missing: 3 --- 4 (DAG: directed_ij)
Found 3 partial orientation differences:
  1. Partial orientation: 0 --- 1 (DAG: directed_ij, PAG: partial_ij)
  2. Partial orientation: 0 --- 3 (DAG: directed_ij, PAG: partial_ij)
  3. Partial orientation: 2 --- 4 (DAG: directed_ij, PAG: partial_ij)
Saved edge comparison details to outputs/experiments/linear_sem_sample_50_shallow_mlp_align_observable_state/1/edge_comparison.txt
Found 2 differences:
  1. Missing: 0 --- 4 (DAG: directed_ij)
  2. Missing: 3 --- 4 (DAG: directed_ij)
Found 3 partial orientation differences:
  1. Partial orientation: 0 --- 1 (DAG: directed_ij, PAG: partial_ij)
  2. Partial orientation: 0 --- 3 (DAG: directed_ij, PAG: partial_ij)
  3. Partial orientation: 2 --- 4 (DAG: directed_ij, PAG: partial_ij)
Saved baseline edge comparison details to outputs/experiments/linear_sem_sample_50_shallow_mlp_align_observable_state/1/edge_comparison_baseline.txt
Found 2 differences:
  1. Extra: 1 --- 4 (PAG: bidirected)
  2. Wrong orientation: 1 --- 5 (Reference PAG: directed_ij, PAG: bidirected)
Saved PAG-vs-PAG edge comparison details to outputs/experiments/linear_sem_sample_50_shallow_mlp_align_observable_state/1/edge_comparison_pag_vs_pag.txt
Saved figure to outputs/experiments/linear_sem_sample_50_shallow_mlp_align_observable_state/1/pag_vs_dag.png
Saved baseline figure to outputs/experiments/linear_sem_sample_50_shallow_mlp_align_observable_state/1/baseline_pag_vs_dag.png
Saved combined DAG comparison to outputs/experiments/linear_sem_sample_50_shallow_mlp_align_observable_state/1/pags_vs_dag.png
Saved PAG-vs-PAG figure to outputs/experiments/linear_sem_sample_50_shallow_mlp_align_observable_state/1/pag_vs_pag.png
Saved adjacency matrix to outputs/experiments/linear_sem_sample_50_shallow_mlp_align_observable_state/1/learned_graph_adj.npy
Saved baseline adjacency matrix to outputs/experiments/linear_sem_sample_50_shallow_mlp_align_observable_state/1/baseline_graph_adj.npy
