=== [Causal Discovery] Fold 1 (1/5) ===
Step: load extraction data
Loading extraction data from: outputs/experiments/electrical_circuit_input_gradients_shallow_mlp_align_observable_state/1/alignment_results.csv
Step: prepare ground-truth data
Running sample_150__baseline_150
Saved metadata to outputs/experiments/electrical_circuit_input_gradients_shallow_mlp_align_observable_state/1/metadata.json
CI(0, 1 | ()) p=0 -> indep=False
CI(0, 2 | ()) p=0 -> indep=False
CI(1, 2 | ()) p=0 -> indep=False
CI(0, 3 | ()) p=0 -> indep=False
CI(1, 3 | ()) p=0 -> indep=False
CI(2, 3 | ()) p=0 -> indep=False
CI(0, 4 | ()) p=0 -> indep=False
CI(1, 4 | ()) p=0 -> indep=False
CI(2, 4 | ()) p=0 -> indep=False
CI(3, 4 | ()) p=0 -> indep=False
CI(0, 5 | ()) p=0 -> indep=False
CI(1, 5 | ()) p=0 -> indep=False
CI(2, 5 | ()) p=0 -> indep=False
CI(3, 5 | ()) p=0 -> indep=False
CI(4, 5 | ()) p=0 -> indep=False
CI(0, 2 | (1,)) p=1.048e-12 -> indep=False
CI(1, 2 | (0,)) p=2.887e-06 -> indep=False
CI(0, 3 | (1,)) p=0 -> indep=False
CI(0, 3 | (2,)) p=6.908e-13 -> indep=False
CI(1, 3 | (0,)) p=0.004634 -> indep=False
CI(1, 3 | (2,)) p=2.239e-05 -> indep=False
CI(2, 3 | (0,)) p=0.007169 -> indep=False
CI(2, 3 | (1,)) p=4.325e-10 -> indep=False
CI(0, 4 | (1,)) p=0 -> indep=False
CI(0, 4 | (2,)) p=7.392e-13 -> indep=False
CI(0, 4 | (3,)) p=0.000106 -> indep=False
CI(1, 4 | (0,)) p=0.004743 -> indep=False
CI(1, 4 | (2,)) p=2.294e-05 -> indep=False
CI(1, 4 | (3,)) p=0.07281 -> indep=True
CI(2, 4 | (0,)) p=0.007398 -> indep=False
CI(2, 4 | (3,)) p=0.03682 -> indep=True
CI(3, 4 | (0,)) p=0.001952 -> indep=False
CI(0, 5 | (1,)) p=0 -> indep=False
CI(0, 5 | (2,)) p=3.23e-12 -> indep=False
CI(0, 5 | (3,)) p=2.784e-08 -> indep=False
CI(0, 5 | (4,)) p=2.166e-08 -> indep=False
CI(1, 5 | (0,)) p=0.005181 -> indep=False
CI(1, 5 | (2,)) p=3.655e-05 -> indep=False
CI(1, 5 | (3,)) p=0.0842 -> indep=True
CI(2, 5 | (0,)) p=0.008153 -> indep=False
CI(2, 5 | (3,)) p=0.0002077 -> indep=False
CI(2, 5 | (4,)) p=0.0001368 -> indep=False
CI(3, 5 | (0,)) p=0.001511 -> indep=False
CI(3, 5 | (2,)) p=8.305e-12 -> indep=False
CI(3, 5 | (4,)) p=0.01165 -> indep=True
CI(4, 5 | (0,)) p=0.001477 -> indep=False
CI(4, 5 | (2,)) p=8.507e-12 -> indep=False
Saved adjacency matrix to outputs/experiments/electrical_circuit_input_gradients_shallow_mlp_align_observable_state/1/learned_graph_adj.npy
CI(0, 1 | ()) p=0.5235 -> indep=True
CI(0, 2 | ()) p=0.07306 -> indep=True
CI(1, 2 | ()) p=0.5525 -> indep=True
CI(0, 3 | ()) p=0 -> indep=False
CI(1, 3 | ()) p=0 -> indep=False
CI(2, 3 | ()) p=0.3946 -> indep=True
CI(0, 4 | ()) p=0 -> indep=False
CI(1, 4 | ()) p=1.221e-14 -> indep=False
CI(2, 4 | ()) p=0.3665 -> indep=True
CI(3, 4 | ()) p=0 -> indep=False
CI(0, 5 | ()) p=0 -> indep=False
CI(1, 5 | ()) p=1.215e-11 -> indep=False
CI(2, 5 | ()) p=0.05136 -> indep=True
CI(3, 5 | ()) p=0 -> indep=False
CI(4, 5 | ()) p=0 -> indep=False
CI(0, 3 | (1,)) p=0 -> indep=False
CI(1, 3 | (0,)) p=7.772e-16 -> indep=False
CI(0, 4 | (1,)) p=0 -> indep=False
CI(0, 4 | (3,)) p=0.1802 -> indep=True
CI(1, 4 | (3,)) p=0.9389 -> indep=True
CI(0, 5 | (1,)) p=0 -> indep=False
CI(0, 5 | (3,)) p=0.4176 -> indep=True
CI(1, 5 | (3,)) p=0.8942 -> indep=True
CI(3, 5 | (4,)) p=0.2684 -> indep=True
Saved metrics to outputs/experiments/electrical_circuit_input_gradients_shallow_mlp_align_observable_state/1/performance_metrics.json
Saved baseline metrics to outputs/experiments/electrical_circuit_input_gradients_shallow_mlp_align_observable_state/1/baseline_performance_metrics.json
Saved PAG-vs-PAG metrics to outputs/experiments/electrical_circuit_input_gradients_shallow_mlp_align_observable_state/1/pag_vs_pag_metrics.json
Found 8 differences:
  1. Extra: 0 --- 1 (PAG: bidirected)
  2. Extra: 0 --- 2 (PAG: bidirected)
  3. Wrong orientation: 0 --- 3 (DAG: directed_ij, PAG: bidirected)
  4. Extra: 0 --- 4 (PAG: bidirected)
  5. Extra: 0 --- 5 (PAG: bidirected)
  6. Extra: 1 --- 2 (PAG: partial_ij)
  7. Extra: 2 --- 3 (PAG: bidirected)
  8. Wrong orientation: 2 --- 5 (DAG: directed_ij, PAG: bidirected)
Found 1 partial orientation differences:
  1. Partial orientation: 1 --- 3 (DAG: directed_ij, PAG: partial_ij)
Saved edge comparison details to outputs/experiments/electrical_circuit_input_gradients_shallow_mlp_align_observable_state/1/edge_comparison.txt
Found 1 differences:
  1. Missing: 2 --- 5 (DAG: directed_ij)
Found 2 partial orientation differences:
  1. Partial orientation: 0 --- 3 (DAG: directed_ij, PAG: partial_ij)
  2. Partial orientation: 1 --- 3 (DAG: directed_ij, PAG: partial_ij)
Saved baseline edge comparison details to outputs/experiments/electrical_circuit_input_gradients_shallow_mlp_align_observable_state/1/edge_comparison_baseline.txt
Found 7 differences:
  1. Extra: 0 --- 1 (PAG: bidirected)
  2. Extra: 0 --- 2 (PAG: bidirected)
  3. Extra: 0 --- 4 (PAG: bidirected)
  4. Extra: 0 --- 5 (PAG: bidirected)
  5. Extra: 1 --- 2 (PAG: partial_ij)
  6. Extra: 2 --- 3 (PAG: bidirected)
  7. Extra: 2 --- 5 (PAG: bidirected)
Found 1 partial orientation differences:
  1. Partial orientation: 0 --- 3 (Reference PAG: partial_ij, PAG: bidirected)
Saved PAG-vs-PAG edge comparison details to outputs/experiments/electrical_circuit_input_gradients_shallow_mlp_align_observable_state/1/edge_comparison_pag_vs_pag.txt
Saved figure to outputs/experiments/electrical_circuit_input_gradients_shallow_mlp_align_observable_state/1/pag_vs_dag.png
Saved baseline figure to outputs/experiments/electrical_circuit_input_gradients_shallow_mlp_align_observable_state/1/baseline_pag_vs_dag.png
Saved combined DAG comparison to outputs/experiments/electrical_circuit_input_gradients_shallow_mlp_align_observable_state/1/pags_vs_dag.png
Saved PAG-vs-PAG figure to outputs/experiments/electrical_circuit_input_gradients_shallow_mlp_align_observable_state/1/pag_vs_pag.png
Saved adjacency matrix to outputs/experiments/electrical_circuit_input_gradients_shallow_mlp_align_observable_state/1/learned_graph_adj.npy
Saved baseline adjacency matrix to outputs/experiments/electrical_circuit_input_gradients_shallow_mlp_align_observable_state/1/baseline_graph_adj.npy
