=== [Train] Fold 3 (3/5) ===
Step: set random seed (4)
Step: build datasets
Step: initialize model
Step: training setup (model=ResidualMLP, profile=residual, control_mode=epochs, epochs=80, target_updates=None)
Step: training
TrnLoss=0.625 ValLoss=0.341 ValR2=0.684
TrnLoss=0.216 ValLoss=0.119 ValR2=0.890
TrnLoss=0.113 ValLoss=0.101 ValR2=0.906
TrnLoss=0.096 ValLoss=0.086 ValR2=0.920
TrnLoss=0.086 ValLoss=0.079 ValR2=0.926
TrnLoss=0.081 ValLoss=0.079 ValR2=0.926
TrnLoss=0.078 ValLoss=0.076 ValR2=0.930
TrnLoss=0.074 ValLoss=0.073 ValR2=0.933
TrnLoss=0.072 ValLoss=0.072 ValR2=0.934
TrnLoss=0.071 ValLoss=0.071 ValR2=0.934
TrnLoss=0.070 ValLoss=0.069 ValR2=0.936
TrnLoss=0.069 ValLoss=0.071 ValR2=0.934
TrnLoss=0.068 ValLoss=0.069 ValR2=0.936
TrnLoss=0.068 ValLoss=0.071 ValR2=0.934
TrnLoss=0.067 ValLoss=0.069 ValR2=0.936
TrnLoss=0.066 ValLoss=0.068 ValR2=0.937
TrnLoss=0.065 ValLoss=0.069 ValR2=0.937
TrnLoss=0.065 ValLoss=0.068 ValR2=0.937
TrnLoss=0.064 ValLoss=0.068 ValR2=0.937
TrnLoss=0.065 ValLoss=0.068 ValR2=0.937
TrnLoss=0.065 ValLoss=0.067 ValR2=0.938
TrnLoss=0.064 ValLoss=0.067 ValR2=0.938
TrnLoss=0.064 ValLoss=0.068 ValR2=0.937
TrnLoss=0.064 ValLoss=0.067 ValR2=0.938
TrnLoss=0.065 ValLoss=0.068 ValR2=0.937
TrnLoss=0.063 ValLoss=0.070 ValR2=0.935
TrnLoss=0.064 ValLoss=0.067 ValR2=0.938
TrnLoss=0.064 ValLoss=0.067 ValR2=0.938
TrnLoss=0.063 ValLoss=0.069 ValR2=0.937
TrnLoss=0.064 ValLoss=0.067 ValR2=0.938
TrnLoss=0.063 ValLoss=0.067 ValR2=0.938
TrnLoss=0.064 ValLoss=0.067 ValR2=0.938
TrnLoss=0.063 ValLoss=0.068 ValR2=0.937
TrnLoss=0.063 ValLoss=0.070 ValR2=0.935
TrnLoss=0.064 ValLoss=0.067 ValR2=0.938
TrnLoss=0.063 ValLoss=0.067 ValR2=0.938
TrnLoss=0.064 ValLoss=0.067 ValR2=0.938
TrnLoss=0.063 ValLoss=0.067 ValR2=0.938
Early stopping at epoch 38: no validation improvement for 10 epochs (best epoch=28, best val loss=0.067)
 46%|######       | 37/80 [00:20<00:24,  1.78ep/s]
Step: evaluate test split
