=== [Causal Discovery] Fold 2 (2/5) ===
Step: load extraction data
Loading extraction data from: outputs/experiments/linear_sem_nodes_7_shallow_mlp_align_observable_state/2/alignment_results.csv
Step: prepare ground-truth data
Running sample_150__baseline_150
Saved metadata to outputs/experiments/linear_sem_nodes_7_shallow_mlp_align_observable_state/2/metadata.json
Test:  CI( 0 , 1 | () ) = 0.0
Test:  CI( 0 , 2 | () ) = 0.0
Test:  CI( 1 , 2 | () ) = 0.0
Test:  CI( 0 , 3 | () ) = 0.0
Test:  CI( 1 , 3 | () ) = 0.0
Test:  CI( 2 , 3 | () ) = 0.0
Test:  CI( 0 , 4 | () ) = 0.0
Test:  CI( 1 , 4 | () ) = 0.0
Test:  CI( 2 , 4 | () ) = 0.0
Test:  CI( 3 , 4 | () ) = 2.220446049250313e-16
Test:  CI( 0 , 5 | () ) = 0.0
Test:  CI( 1 , 5 | () ) = 0.0
Test:  CI( 2 , 5 | () ) = 0.0
Test:  CI( 3 , 5 | () ) = 0.0
Test:  CI( 4 , 5 | () ) = 0.0
Test:  CI( 0 , 6 | () ) = 0.0
Test:  CI( 1 , 6 | () ) = 0.0
Test:  CI( 2 , 6 | () ) = 0.0
Test:  CI( 3 , 6 | () ) = 0.0
Test:  CI( 4 , 6 | () ) = 0.0
Test:  CI( 5 , 6 | () ) = 0.0
Test:  CI( 0 , 2 | (1,) ) = 4.671818487622659e-13
Test:  CI( 1 , 2 | (0,) ) = 0.1477002045188911
Test:  CI( 0 , 3 | (1,) ) = 0.0
Test:  CI( 0 , 3 | (2,) ) = 0.0
Test:  CI( 1 , 3 | (0,) ) = 0.23478292056376127
Test:  CI( 2 , 3 | (0,) ) = 0.6650343413342961
Test:  CI( 0 , 4 | (1,) ) = 0.9305159535423719
Test:  CI( 1 , 4 | (2,) ) = 0.0
Test:  CI( 1 , 4 | (3,) ) = 0.0
Test:  CI( 2 , 4 | (1,) ) = 0.0
Test:  CI( 2 , 4 | (3,) ) = 0.0
Test:  CI( 3 , 4 | (1,) ) = 0.7612928255162554
Test:  CI( 0 , 5 | (1,) ) = 0.0
Test:  CI( 0 , 5 | (2,) ) = 0.0
Test:  CI( 0 , 5 | (3,) ) = 0.0
Test:  CI( 0 , 5 | (4,) ) = 0.0
Test:  CI( 1 , 5 | (0,) ) = 0.0
Test:  CI( 1 , 5 | (2,) ) = 0.0
Test:  CI( 1 , 5 | (3,) ) = 0.0
Test:  CI( 1 , 5 | (4,) ) = 0.0
Test:  CI( 2 , 5 | (0,) ) = 0.1586588231028001
Test:  CI( 3 , 5 | (0,) ) = 0.2211642262084501
Test:  CI( 4 , 5 | (0,) ) = 0.0
Test:  CI( 4 , 5 | (1,) ) = 0.8609404378617145
Test:  CI( 0 , 6 | (1,) ) = 0.0
Test:  CI( 0 , 6 | (2,) ) = 4.440892098500626e-16
Test:  CI( 0 , 6 | (3,) ) = 0.0
Test:  CI( 0 , 6 | (4,) ) = 0.0
Test:  CI( 0 , 6 | (5,) ) = 2.928768338961163e-13
Test:  CI( 1 , 6 | (0,) ) = 0.5465746763633992
Test:  CI( 2 , 6 | (0,) ) = 0.0
Test:  CI( 2 , 6 | (3,) ) = 0.0
Test:  CI( 2 , 6 | (4,) ) = 0.0
Test:  CI( 2 , 6 | (5,) ) = 0.0
Test:  CI( 3 , 6 | (0,) ) = 6.9533268032273554e-12
Test:  CI( 3 , 6 | (2,) ) = 0.0
Test:  CI( 3 , 6 | (4,) ) = 0.0
Test:  CI( 3 , 6 | (5,) ) = 0.0
Test:  CI( 4 , 6 | (0,) ) = 5.111466805374221e-13
Test:  CI( 4 , 6 | (2,) ) = 0.3855739557648925
Test:  CI( 5 , 6 | (0,) ) = 0.5936769600955734
Test:  CI( 3 , 6 | (0, 2) ) = 0.0
Saved adjacency matrix to outputs/experiments/linear_sem_nodes_7_shallow_mlp_align_observable_state/2/learned_graph_adj.npy
Test:  CI( 0 , 1 | () ) = 0.0
Test:  CI( 0 , 2 | () ) = 0.0
Test:  CI( 1 , 2 | () ) = 0.0
Test:  CI( 0 , 3 | () ) = 0.0
Test:  CI( 1 , 3 | () ) = 0.0
Test:  CI( 2 , 3 | () ) = 0.0
Test:  CI( 0 , 4 | () ) = 0.0
Test:  CI( 1 , 4 | () ) = 0.0
Test:  CI( 2 , 4 | () ) = 0.0
Test:  CI( 3 , 4 | () ) = 0.0
Test:  CI( 0 , 5 | () ) = 0.0
Test:  CI( 1 , 5 | () ) = 0.0
Test:  CI( 2 , 5 | () ) = 0.0
Test:  CI( 3 , 5 | () ) = 0.0
Test:  CI( 4 , 5 | () ) = 0.0
Test:  CI( 0 , 6 | () ) = 0.0
Test:  CI( 1 , 6 | () ) = 0.0
Test:  CI( 2 , 6 | () ) = 0.0
Test:  CI( 3 , 6 | () ) = 0.0
Test:  CI( 4 , 6 | () ) = 0.0
Test:  CI( 5 , 6 | () ) = 0.0
Test:  CI( 0 , 2 | (1,) ) = 0.0
Test:  CI( 1 , 2 | (0,) ) = 0.4401287411908088
Test:  CI( 0 , 3 | (1,) ) = 0.0
Test:  CI( 0 , 3 | (2,) ) = 0.0
Test:  CI( 1 , 3 | (0,) ) = 0.9058152385573912
Test:  CI( 2 , 3 | (0,) ) = 0.8633517439755591
Test:  CI( 0 , 4 | (1,) ) = 0.04719440651642648
Test:  CI( 1 , 4 | (2,) ) = 0.0
Test:  CI( 1 , 4 | (3,) ) = 0.0
Test:  CI( 2 , 4 | (1,) ) = 0.0
Test:  CI( 2 , 4 | (3,) ) = 0.0
Test:  CI( 3 , 4 | (1,) ) = 0.121563748709822
Test:  CI( 0 , 5 | (1,) ) = 0.0
Test:  CI( 0 , 5 | (2,) ) = 0.0
Test:  CI( 0 , 5 | (3,) ) = 0.0
Test:  CI( 0 , 5 | (4,) ) = 0.0
Test:  CI( 1 , 5 | (0,) ) = 0.0
Test:  CI( 1 , 5 | (2,) ) = 0.0
Test:  CI( 1 , 5 | (3,) ) = 0.0
Test:  CI( 1 , 5 | (4,) ) = 0.0
Test:  CI( 2 , 5 | (0,) ) = 0.3325776823419928
Test:  CI( 3 , 5 | (0,) ) = 0.6425317128184806
Test:  CI( 4 , 5 | (0,) ) = 6.661338147750939e-16
Test:  CI( 4 , 5 | (1,) ) = 0.4668225852276695
Test:  CI( 0 , 6 | (1,) ) = 0.0
Test:  CI( 0 , 6 | (2,) ) = 1.736887589309788e-08
Test:  CI( 0 , 6 | (3,) ) = 7.94830867789642e-12
Test:  CI( 0 , 6 | (4,) ) = 1.7763568394002505e-15
Test:  CI( 0 , 6 | (5,) ) = 0.0
Test:  CI( 1 , 6 | (0,) ) = 0.16339217101744508
Test:  CI( 2 , 6 | (0,) ) = 0.0
Test:  CI( 2 , 6 | (3,) ) = 0.0
Test:  CI( 2 , 6 | (4,) ) = 0.0
Test:  CI( 2 , 6 | (5,) ) = 0.0
Test:  CI( 3 , 6 | (0,) ) = 1.7492920889594643e-08
Test:  CI( 3 , 6 | (2,) ) = 0.0
Test:  CI( 3 , 6 | (4,) ) = 0.0
Test:  CI( 3 , 6 | (5,) ) = 0.0
Test:  CI( 4 , 6 | (0,) ) = 3.7681744990969435e-07
Test:  CI( 4 , 6 | (2,) ) = 0.011236983949562962
Test:  CI( 5 , 6 | (0,) ) = 0.12110004852147371
Test:  CI( 3 , 6 | (0, 2) ) = 0.0
Saved metrics to outputs/experiments/linear_sem_nodes_7_shallow_mlp_align_observable_state/2/performance_metrics.json
Saved baseline metrics to outputs/experiments/linear_sem_nodes_7_shallow_mlp_align_observable_state/2/baseline_performance_metrics.json
Saved PAG-vs-PAG metrics to outputs/experiments/linear_sem_nodes_7_shallow_mlp_align_observable_state/2/pag_vs_pag_metrics.json
Found 5 differences:
  1. Wrong orientation: 0 --- 2 (DAG: directed_ij, PAG: bidirected)
  2. Missing: 0 --- 4 (DAG: directed_ij)
  3. Extra: 0 --- 6 (PAG: bidirected)
  4. Wrong orientation: 2 --- 4 (DAG: directed_ij, PAG: bidirected)
  5. Wrong orientation: 3 --- 6 (DAG: directed_ij, PAG: bidirected)
Found 1 partial orientation differences:
  1. Partial orientation: 1 --- 5 (DAG: directed_ij, PAG: partial_ij)
Saved edge comparison details to outputs/experiments/linear_sem_nodes_7_shallow_mlp_align_observable_state/2/edge_comparison.txt
Found 5 differences:
  1. Wrong orientation: 0 --- 2 (DAG: directed_ij, PAG: bidirected)
  2. Missing: 0 --- 4 (DAG: directed_ij)
  3. Extra: 0 --- 6 (PAG: bidirected)
  4. Wrong orientation: 2 --- 4 (DAG: directed_ij, PAG: bidirected)
  5. Wrong orientation: 3 --- 6 (DAG: directed_ij, PAG: bidirected)
Found 1 partial orientation differences:
  1. Partial orientation: 1 --- 5 (DAG: directed_ij, PAG: partial_ij)
Saved baseline edge comparison details to outputs/experiments/linear_sem_nodes_7_shallow_mlp_align_observable_state/2/edge_comparison_baseline.txt
No differences found - graphs match perfectly!
Saved PAG-vs-PAG edge comparison details to outputs/experiments/linear_sem_nodes_7_shallow_mlp_align_observable_state/2/edge_comparison_pag_vs_pag.txt
Saved figure to outputs/experiments/linear_sem_nodes_7_shallow_mlp_align_observable_state/2/pag_vs_dag.png
Saved baseline figure to outputs/experiments/linear_sem_nodes_7_shallow_mlp_align_observable_state/2/baseline_pag_vs_dag.png
Saved combined DAG comparison to outputs/experiments/linear_sem_nodes_7_shallow_mlp_align_observable_state/2/pags_vs_dag.png
Saved PAG-vs-PAG figure to outputs/experiments/linear_sem_nodes_7_shallow_mlp_align_observable_state/2/pag_vs_pag.png
Saved adjacency matrix to outputs/experiments/linear_sem_nodes_7_shallow_mlp_align_observable_state/2/learned_graph_adj.npy
Saved baseline adjacency matrix to outputs/experiments/linear_sem_nodes_7_shallow_mlp_align_observable_state/2/baseline_graph_adj.npy
