=== [Causal Discovery] Fold 2 (2/5) ===
Step: load extraction data
Loading extraction data from: outputs/experiments/chain_linear_sem_shallow_mlp_align_observable_state/2/alignment_results.csv
Step: prepare ground-truth data
Running sample_150__baseline_150
Saved metadata to outputs/experiments/chain_linear_sem_shallow_mlp_align_observable_state/2/metadata.json
Test:  CI( 0 , 1 | () ) = 0.0
Test:  CI( 0 , 2 | () ) = 0.0
Test:  CI( 1 , 2 | () ) = 0.0
Test:  CI( 0 , 3 | () ) = 0.0
Test:  CI( 1 , 3 | () ) = 0.0
Test:  CI( 2 , 3 | () ) = 0.0
Test:  CI( 0 , 4 | () ) = 0.0
Test:  CI( 1 , 4 | () ) = 0.0
Test:  CI( 2 , 4 | () ) = 0.0
Test:  CI( 3 , 4 | () ) = 0.0
Test:  CI( 0 , 5 | () ) = 0.0
Test:  CI( 1 , 5 | () ) = 0.0
Test:  CI( 2 , 5 | () ) = 0.0
Test:  CI( 3 , 5 | () ) = 0.0
Test:  CI( 4 , 5 | () ) = 0.0
Test:  CI( 0 , 2 | (1,) ) = 0.8094375932662303
Test:  CI( 0 , 3 | (1,) ) = 0.5924342604714823
Test:  CI( 1 , 3 | (2,) ) = 2.185585046277083e-12
Test:  CI( 2 , 3 | (1,) ) = 0.0
Test:  CI( 0 , 4 | (1,) ) = 0.5484794174942125
Test:  CI( 1 , 4 | (2,) ) = 0.4219453279374501
Test:  CI( 2 , 4 | (3,) ) = 2.171222465596756e-06
Test:  CI( 3 , 4 | (2,) ) = 3.1953309309606936e-07
Test:  CI( 0 , 5 | (1,) ) = 0.30764492692434997
Test:  CI( 1 , 5 | (2,) ) = 0.21748123901288174
Test:  CI( 2 , 5 | (3,) ) = 0.23584312864230395
Test:  CI( 3 , 5 | (4,) ) = 0.003916885730905761
Test:  CI( 4 , 5 | (3,) ) = 0.0
Saved adjacency matrix to outputs/experiments/chain_linear_sem_shallow_mlp_align_observable_state/2/learned_graph_adj.npy
Test:  CI( 0 , 1 | () ) = 0.0
Test:  CI( 0 , 2 | () ) = 0.0
Test:  CI( 1 , 2 | () ) = 0.0
Test:  CI( 0 , 3 | () ) = 1.8562928971732617e-13
Test:  CI( 1 , 3 | () ) = 0.0
Test:  CI( 2 , 3 | () ) = 0.0
Test:  CI( 0 , 4 | () ) = 9.749544949144706e-09
Test:  CI( 1 , 4 | () ) = 8.83182416089312e-12
Test:  CI( 2 , 4 | () ) = 0.0
Test:  CI( 3 , 4 | () ) = 0.0
Test:  CI( 0 , 5 | () ) = 1.2256424515300068e-06
Test:  CI( 1 , 5 | () ) = 2.541775057096629e-08
Test:  CI( 2 , 5 | () ) = 1.0412781747959343e-11
Test:  CI( 3 , 5 | () ) = 0.0
Test:  CI( 4 , 5 | () ) = 0.0
Test:  CI( 0 , 2 | (1,) ) = 0.765058782219252
Test:  CI( 0 , 3 | (1,) ) = 0.5041249367389202
Test:  CI( 1 , 3 | (2,) ) = 0.267627734979069
Test:  CI( 0 , 4 | (1,) ) = 0.8800574921939539
Test:  CI( 1 , 4 | (2,) ) = 0.3352238703319279
Test:  CI( 2 , 4 | (3,) ) = 0.5574385476204822
Test:  CI( 0 , 5 | (1,) ) = 0.7259802947047036
Test:  CI( 1 , 5 | (2,) ) = 0.31283022491881307
Test:  CI( 2 , 5 | (3,) ) = 0.7532057138970343
Test:  CI( 3 , 5 | (4,) ) = 0.7659009195477506
Saved metrics to outputs/experiments/chain_linear_sem_shallow_mlp_align_observable_state/2/performance_metrics.json
Saved baseline metrics to outputs/experiments/chain_linear_sem_shallow_mlp_align_observable_state/2/baseline_performance_metrics.json
Saved PAG-vs-PAG metrics to outputs/experiments/chain_linear_sem_shallow_mlp_align_observable_state/2/pag_vs_pag_metrics.json
Found 5 differences:
  1. Extra: 1 --- 3 (PAG: directed_ij)
  2. Extra: 2 --- 4 (PAG: directed_ij)
  3. Wrong orientation: 3 --- 4 (DAG: directed_ij, PAG: bidirected)
  4. Extra: 3 --- 5 (PAG: bidirected)
  5. Wrong orientation: 4 --- 5 (DAG: directed_ij, PAG: bidirected)
Found 2 partial orientation differences:
  1. Partial orientation: 0 --- 1 (DAG: directed_ij, PAG: partial_ij)
  2. Partial orientation: 2 --- 3 (DAG: directed_ij, PAG: partial_ij)
Saved edge comparison details to outputs/experiments/chain_linear_sem_shallow_mlp_align_observable_state/2/edge_comparison.txt
No differences found - graphs match perfectly!
Found 1 partial orientation differences:
  1. Partial orientation: 0 --- 1 (DAG: directed_ij, PAG: partial_ij)
Saved baseline edge comparison details to outputs/experiments/chain_linear_sem_shallow_mlp_align_observable_state/2/edge_comparison_baseline.txt
Found 5 differences:
  1. Extra: 1 --- 3 (PAG: directed_ij)
  2. Extra: 2 --- 4 (PAG: directed_ij)
  3. Wrong orientation: 3 --- 4 (Reference PAG: directed_ij, PAG: bidirected)
  4. Extra: 3 --- 5 (PAG: bidirected)
  5. Wrong orientation: 4 --- 5 (Reference PAG: directed_ij, PAG: bidirected)
Found 1 partial orientation differences:
  1. Partial orientation: 2 --- 3 (Reference PAG: directed_ij, PAG: partial_ij)
Saved PAG-vs-PAG edge comparison details to outputs/experiments/chain_linear_sem_shallow_mlp_align_observable_state/2/edge_comparison_pag_vs_pag.txt
Saved figure to outputs/experiments/chain_linear_sem_shallow_mlp_align_observable_state/2/pag_vs_dag.png
Saved baseline figure to outputs/experiments/chain_linear_sem_shallow_mlp_align_observable_state/2/baseline_pag_vs_dag.png
Saved combined DAG comparison to outputs/experiments/chain_linear_sem_shallow_mlp_align_observable_state/2/pags_vs_dag.png
Saved PAG-vs-PAG figure to outputs/experiments/chain_linear_sem_shallow_mlp_align_observable_state/2/pag_vs_pag.png
Saved adjacency matrix to outputs/experiments/chain_linear_sem_shallow_mlp_align_observable_state/2/learned_graph_adj.npy
Saved baseline adjacency matrix to outputs/experiments/chain_linear_sem_shallow_mlp_align_observable_state/2/baseline_graph_adj.npy
