=== [Causal Discovery] Fold 5 (5/5) ===
Step: load extraction data
Loading extraction data from: outputs/experiments/linear_sem_sample_300_shallow_mlp_align_observable_state/5/alignment_results.csv
Step: prepare ground-truth data
Key: (176, 6, 3, 3, 2, 10, 10000, 0.5, 2.0, 0.8, 0.1, 0.1, 1000, 5) - Generating new DAG and data...
Seed: 176, Fold: 5
Running sample_300__baseline_300
Saved metadata to outputs/experiments/linear_sem_sample_300_shallow_mlp_align_observable_state/5/metadata.json
Test:  CI( 0 , 1 | () ) = 0.0
Test:  CI( 0 , 2 | () ) = 0.8945270636757623
Test:  CI( 1 , 2 | () ) = 0.9809256371214754
Test:  CI( 0 , 3 | () ) = 0.0
Test:  CI( 1 , 3 | () ) = 0.0
Test:  CI( 2 , 3 | () ) = 0.8187883197644625
Test:  CI( 0 , 4 | () ) = 0.00015010335437404265
Test:  CI( 1 , 4 | () ) = 0.05036632304092614
Test:  CI( 2 , 4 | () ) = 0.0
Test:  CI( 3 , 4 | () ) = 0.00010326604714383514
Test:  CI( 0 , 5 | () ) = 0.0
Test:  CI( 1 , 5 | () ) = 0.0
Test:  CI( 2 , 5 | () ) = 0.9746627494830926
Test:  CI( 3 , 5 | () ) = 0.0
Test:  CI( 4 , 5 | () ) = 0.000634965391218989
Test:  CI( 0 , 3 | (1,) ) = 0.0
Test:  CI( 1 , 3 | (0,) ) = 0.0003504575903761076
Test:  CI( 0 , 4 | (2,) ) = 0.0
Test:  CI( 0 , 4 | (3,) ) = 0.01595621791066182
Test:  CI( 2 , 4 | (3,) ) = 0.0
Test:  CI( 3 , 4 | (2,) ) = 0.0
Test:  CI( 0 , 5 | (1,) ) = 0.0
Test:  CI( 0 , 5 | (3,) ) = 0.010631451210875609
Test:  CI( 1 , 5 | (3,) ) = 0.0
Test:  CI( 1 , 5 | (4,) ) = 0.0
Test:  CI( 3 , 5 | (1,) ) = 0.0
Test:  CI( 3 , 5 | (4,) ) = 0.0
Test:  CI( 4 , 5 | (1,) ) = 0.0018745074985024868
Test:  CI( 4 , 5 | (3,) ) = 0.3849009185609935
Saved adjacency matrix to outputs/experiments/linear_sem_sample_300_shallow_mlp_align_observable_state/5/learned_graph_adj.npy
Test:  CI( 0 , 1 | () ) = 0.0
Test:  CI( 0 , 2 | () ) = 0.748287949099554
Test:  CI( 1 , 2 | () ) = 0.9100044564100767
Test:  CI( 0 , 3 | () ) = 0.0
Test:  CI( 1 , 3 | () ) = 0.0
Test:  CI( 2 , 3 | () ) = 0.6515711135798496
Test:  CI( 0 , 4 | () ) = 0.12111908842578023
Test:  CI( 1 , 4 | () ) = 0.7764830058638377
Test:  CI( 2 , 4 | () ) = 0.0
Test:  CI( 3 , 4 | () ) = 0.022957118950825528
Test:  CI( 0 , 5 | () ) = 0.0
Test:  CI( 1 , 5 | () ) = 0.0
Test:  CI( 2 , 5 | () ) = 0.9388814274490129
Test:  CI( 3 , 5 | () ) = 0.0
Test:  CI( 4 , 5 | () ) = 0.22688744843541775
Test:  CI( 0 , 3 | (1,) ) = 0.0
Test:  CI( 1 , 3 | (0,) ) = 0.37184501035560213
Test:  CI( 0 , 5 | (1,) ) = 0.0
Test:  CI( 0 , 5 | (3,) ) = 9.542675202922624e-06
Test:  CI( 1 , 5 | (0,) ) = 0.0
Test:  CI( 1 , 5 | (3,) ) = 0.0
Test:  CI( 3 , 5 | (0,) ) = 0.0
Test:  CI( 3 , 5 | (1,) ) = 0.0
Test:  CI( 0 , 5 | (1, 3) ) = 0.12740747152469556
Test:  CI( 1 , 5 | (0, 3) ) = 0.0
Test:  CI( 3 , 5 | (0, 1) ) = 0.0
Saved metrics to outputs/experiments/linear_sem_sample_300_shallow_mlp_align_observable_state/5/performance_metrics.json
Saved baseline metrics to outputs/experiments/linear_sem_sample_300_shallow_mlp_align_observable_state/5/baseline_performance_metrics.json
Saved PAG-vs-PAG metrics to outputs/experiments/linear_sem_sample_300_shallow_mlp_align_observable_state/5/pag_vs_pag_metrics.json
Found 4 differences:
  1. Missing: 0 --- 4 (DAG: directed_ij)
  2. Extra: 1 --- 3 (PAG: bidirected)
  3. Wrong orientation: 1 --- 5 (DAG: directed_ij, PAG: bidirected)
  4. Wrong orientation: 3 --- 4 (DAG: directed_ij, PAG: bidirected)
Found 3 partial orientation differences:
  1. Partial orientation: 0 --- 1 (DAG: directed_ij, PAG: partial_ij)
  2. Partial orientation: 0 --- 3 (DAG: directed_ij, PAG: partial_ij)
  3. Partial orientation: 2 --- 4 (DAG: directed_ij, PAG: partial_ij)
Saved edge comparison details to outputs/experiments/linear_sem_sample_300_shallow_mlp_align_observable_state/5/edge_comparison.txt
Found 2 differences:
  1. Missing: 0 --- 4 (DAG: directed_ij)
  2. Missing: 3 --- 4 (DAG: directed_ij)
Found 3 partial orientation differences:
  1. Partial orientation: 0 --- 1 (DAG: directed_ij, PAG: partial_ij)
  2. Partial orientation: 0 --- 3 (DAG: directed_ij, PAG: partial_ij)
  3. Partial orientation: 2 --- 4 (DAG: directed_ij, PAG: partial_ij)
Saved baseline edge comparison details to outputs/experiments/linear_sem_sample_300_shallow_mlp_align_observable_state/5/edge_comparison_baseline.txt
Found 3 differences:
  1. Extra: 1 --- 3 (PAG: bidirected)
  2. Wrong orientation: 1 --- 5 (Reference PAG: directed_ij, PAG: bidirected)
  3. Extra: 3 --- 4 (PAG: bidirected)
Saved PAG-vs-PAG edge comparison details to outputs/experiments/linear_sem_sample_300_shallow_mlp_align_observable_state/5/edge_comparison_pag_vs_pag.txt
Saved figure to outputs/experiments/linear_sem_sample_300_shallow_mlp_align_observable_state/5/pag_vs_dag.png
Saved baseline figure to outputs/experiments/linear_sem_sample_300_shallow_mlp_align_observable_state/5/baseline_pag_vs_dag.png
Saved combined DAG comparison to outputs/experiments/linear_sem_sample_300_shallow_mlp_align_observable_state/5/pags_vs_dag.png
Saved PAG-vs-PAG figure to outputs/experiments/linear_sem_sample_300_shallow_mlp_align_observable_state/5/pag_vs_pag.png
Saved adjacency matrix to outputs/experiments/linear_sem_sample_300_shallow_mlp_align_observable_state/5/learned_graph_adj.npy
Saved baseline adjacency matrix to outputs/experiments/linear_sem_sample_300_shallow_mlp_align_observable_state/5/baseline_graph_adj.npy
