=== [Train] Fold 1 (1/5) ===
Step: set random seed (2)
Step: build datasets
Key: (391, 7, 4, 3, 2, 10, 10000, 0.5, 2.0, 0.8, 0.1, 0.1, 1000, 1) - Generating new DAG and data...
Seed: 391, Fold: 1
Step: initialize model
Step: training setup (model=ShallowMLP, profile=shallow, control_mode=epochs, epochs=40, target_updates=None)
Step: training
TrnLoss=0.899 ValLoss=0.740 ValR2=0.240
TrnLoss=0.641 ValLoss=0.478 ValR2=0.510
TrnLoss=0.382 ValLoss=0.255 ValR2=0.738
TrnLoss=0.197 ValLoss=0.138 ValR2=0.858
TrnLoss=0.125 ValLoss=0.114 ValR2=0.883
TrnLoss=0.105 ValLoss=0.096 ValR2=0.901
TrnLoss=0.092 ValLoss=0.084 ValR2=0.913
TrnLoss=0.082 ValLoss=0.075 ValR2=0.923
TrnLoss=0.074 ValLoss=0.068 ValR2=0.930
TrnLoss=0.069 ValLoss=0.064 ValR2=0.934
TrnLoss=0.065 ValLoss=0.062 ValR2=0.936
TrnLoss=0.064 ValLoss=0.061 ValR2=0.938
TrnLoss=0.062 ValLoss=0.060 ValR2=0.938
TrnLoss=0.062 ValLoss=0.059 ValR2=0.939
TrnLoss=0.061 ValLoss=0.059 ValR2=0.940
TrnLoss=0.060 ValLoss=0.058 ValR2=0.940
TrnLoss=0.060 ValLoss=0.058 ValR2=0.940
TrnLoss=0.060 ValLoss=0.058 ValR2=0.941
TrnLoss=0.060 ValLoss=0.058 ValR2=0.941
TrnLoss=0.059 ValLoss=0.058 ValR2=0.941
TrnLoss=0.059 ValLoss=0.057 ValR2=0.941
TrnLoss=0.059 ValLoss=0.057 ValR2=0.941
TrnLoss=0.059 ValLoss=0.057 ValR2=0.941
TrnLoss=0.059 ValLoss=0.057 ValR2=0.941
TrnLoss=0.059 ValLoss=0.057 ValR2=0.941
TrnLoss=0.059 ValLoss=0.057 ValR2=0.942
TrnLoss=0.059 ValLoss=0.057 ValR2=0.941
TrnLoss=0.058 ValLoss=0.057 ValR2=0.942
TrnLoss=0.058 ValLoss=0.057 ValR2=0.942
TrnLoss=0.058 ValLoss=0.057 ValR2=0.942
TrnLoss=0.058 ValLoss=0.057 ValR2=0.942
TrnLoss=0.058 ValLoss=0.057 ValR2=0.942
TrnLoss=0.058 ValLoss=0.057 ValR2=0.942
TrnLoss=0.058 ValLoss=0.057 ValR2=0.942
TrnLoss=0.058 ValLoss=0.056 ValR2=0.942
TrnLoss=0.058 ValLoss=0.056 ValR2=0.942
TrnLoss=0.058 ValLoss=0.056 ValR2=0.942
TrnLoss=0.058 ValLoss=0.056 ValR2=0.942
TrnLoss=0.058 ValLoss=0.056 ValR2=0.942
TrnLoss=0.058 ValLoss=0.056 ValR2=0.942
100%|#############| 40/40 [00:20<00:00,  2.00ep/s]
Step: evaluate test split
