=== [Train] Fold 1 (1/5) ===
Step: set random seed (2)
Step: build datasets
Step: initialize model
Step: training setup (model=ShallowMLP, profile=shallow, control_mode=epochs, epochs=40, target_updates=None)
Step: training
TrnLoss=0.985 ValLoss=1.022 ValR2=0.039
TrnLoss=0.945 ValLoss=0.976 ValR2=0.083
TrnLoss=0.900 ValLoss=0.922 ValR2=0.133
TrnLoss=0.853 ValLoss=0.874 ValR2=0.179
TrnLoss=0.819 ValLoss=0.847 ValR2=0.204
TrnLoss=0.802 ValLoss=0.840 ValR2=0.210
TrnLoss=0.795 ValLoss=0.837 ValR2=0.214
TrnLoss=0.793 ValLoss=0.834 ValR2=0.216
TrnLoss=0.791 ValLoss=0.833 ValR2=0.217
TrnLoss=0.790 ValLoss=0.833 ValR2=0.217
TrnLoss=0.789 ValLoss=0.832 ValR2=0.218
TrnLoss=0.789 ValLoss=0.832 ValR2=0.218
TrnLoss=0.785 ValLoss=0.831 ValR2=0.218
TrnLoss=0.788 ValLoss=0.831 ValR2=0.219
TrnLoss=0.786 ValLoss=0.832 ValR2=0.218
TrnLoss=0.785 ValLoss=0.830 ValR2=0.219
TrnLoss=0.783 ValLoss=0.831 ValR2=0.219
TrnLoss=0.785 ValLoss=0.831 ValR2=0.219
TrnLoss=0.785 ValLoss=0.831 ValR2=0.219
TrnLoss=0.783 ValLoss=0.830 ValR2=0.220
TrnLoss=0.784 ValLoss=0.831 ValR2=0.219
TrnLoss=0.782 ValLoss=0.830 ValR2=0.220
TrnLoss=0.781 ValLoss=0.830 ValR2=0.219
TrnLoss=0.782 ValLoss=0.830 ValR2=0.220
TrnLoss=0.781 ValLoss=0.831 ValR2=0.219
TrnLoss=0.782 ValLoss=0.830 ValR2=0.219
Early stopping at epoch 26: no validation improvement for 6 epochs (best epoch=20, best val loss=0.830)
 62%|########1    | 25/40 [00:19<00:11,  1.29ep/s]
Step: evaluate test split
