=== [Causal Discovery] Fold 5 (5/5) ===
Step: load extraction data
Loading extraction data from: outputs/experiments/layered_sparse_linear_sem_nodes_12_shallow_mlp_align/5/alignment_results.csv
Step: prepare ground-truth data
Running sample_150__baseline_150
Saved metadata to outputs/experiments/layered_sparse_linear_sem_nodes_12_shallow_mlp_align/5/metadata.json
Test:  CI( 0 , 1 | () ) = 0.18377988041487114
Test:  CI( 0 , 2 | () ) = 0.19267749485528096
Test:  CI( 1 , 2 | () ) = 0.22989467120076768
Test:  CI( 0 , 3 | () ) = 0.7267573768223206
Test:  CI( 1 , 3 | () ) = 0.19170256080645398
Test:  CI( 2 , 3 | () ) = 0.09814143243112783
Test:  CI( 0 , 4 | () ) = 0.983438839447822
Test:  CI( 1 , 4 | () ) = 0.37750030138905455
Test:  CI( 2 , 4 | () ) = 0.40795309363263366
Test:  CI( 3 , 4 | () ) = 0.46662268101977733
Test:  CI( 0 , 5 | () ) = 0.0
Test:  CI( 1 , 5 | () ) = 0.0004823588835904946
Test:  CI( 2 , 5 | () ) = 0.007154615374971751
Test:  CI( 3 , 5 | () ) = 0.46764935084164216
Test:  CI( 4 , 5 | () ) = 0.5652051589613296
Test:  CI( 0 , 6 | () ) = 2.1917800907544915e-11
Test:  CI( 1 , 6 | () ) = 5.075939668586216e-13
Test:  CI( 2 , 6 | () ) = 0.034155024085514185
Test:  CI( 3 , 6 | () ) = 0.895456764913388
Test:  CI( 4 , 6 | () ) = 0.40224997045948463
Test:  CI( 5 , 6 | () ) = 0.0
Test:  CI( 0 , 7 | () ) = 5.280365011905985e-08
Test:  CI( 1 , 7 | () ) = 1.305895169778637e-08
Test:  CI( 2 , 7 | () ) = 7.335843044131707e-11
Test:  CI( 3 , 7 | () ) = 1.492326885532691e-05
Test:  CI( 4 , 7 | () ) = 0.7216390546692695
Test:  CI( 5 , 7 | () ) = 0.0
Test:  CI( 6 , 7 | () ) = 0.0
Test:  CI( 0 , 8 | () ) = 3.27039371139648e-08
Test:  CI( 1 , 8 | () ) = 1.7349077729988949e-10
Test:  CI( 2 , 8 | () ) = 1.220816781000167e-10
Test:  CI( 3 , 8 | () ) = 0.14426674002709117
Test:  CI( 4 , 8 | () ) = 0.7728741662251803
Test:  CI( 5 , 8 | () ) = 0.0
Test:  CI( 6 , 8 | () ) = 0.0
Test:  CI( 7 , 8 | () ) = 0.0
Test:  CI( 0 , 9 | () ) = 0.06344011128307625
Test:  CI( 1 , 9 | () ) = 4.865117197994095e-10
Test:  CI( 2 , 9 | () ) = 0.0004394710974464644
Test:  CI( 3 , 9 | () ) = 0.9590581478468785
Test:  CI( 4 , 9 | () ) = 0.6645837814064626
Test:  CI( 5 , 9 | () ) = 0.0
Test:  CI( 6 , 9 | () ) = 0.0
Test:  CI( 7 , 9 | () ) = 0.0
Test:  CI( 8 , 9 | () ) = 0.0
Test:  CI( 0 , 10 | () ) = 2.4073555922043965e-06
Test:  CI( 1 , 10 | () ) = 4.368277697341938e-07
Test:  CI( 2 , 10 | () ) = 0.0
Test:  CI( 3 , 10 | () ) = 0.00032197444477843895
Test:  CI( 4 , 10 | () ) = 0.9063870896929025
Test:  CI( 5 , 10 | () ) = 0.0
Test:  CI( 6 , 10 | () ) = 0.0
Test:  CI( 7 , 10 | () ) = 0.0
Test:  CI( 8 , 10 | () ) = 0.0
Test:  CI( 9 , 10 | () ) = 0.0
Test:  CI( 0 , 11 | () ) = 1.0762425617372173e-07
Test:  CI( 1 , 11 | () ) = 1.0032188191289038e-08
Test:  CI( 2 , 11 | () ) = 1.8196046447371828e-08
Test:  CI( 3 , 11 | () ) = 0.2680703303011134
Test:  CI( 4 , 11 | () ) = 0.00016844964251605532
Test:  CI( 5 , 11 | () ) = 0.0
Test:  CI( 6 , 11 | () ) = 0.0
Test:  CI( 7 , 11 | () ) = 0.0
Test:  CI( 8 , 11 | () ) = 0.0
Test:  CI( 9 , 11 | () ) = 0.0
Test:  CI( 10 , 11 | () ) = 0.0
Test:  CI( 0 , 5 | (1,) ) = 0.0
Test:  CI( 0 , 5 | (2,) ) = 0.0
Test:  CI( 1 , 5 | (0,) ) = 5.790923296444817e-13
Test:  CI( 1 , 5 | (2,) ) = 0.000975231831787271
Test:  CI( 2 , 5 | (0,) ) = 0.011153053526826495
Test:  CI( 0 , 6 | (1,) ) = 0.0
Test:  CI( 0 , 6 | (5,) ) = 0.00017456507710278402
Test:  CI( 1 , 6 | (0,) ) = 0.0
Test:  CI( 1 , 6 | (5,) ) = 5.773159728050814e-15
Test:  CI( 5 , 6 | (0,) ) = 0.0
Test:  CI( 5 , 6 | (1,) ) = 0.0
Test:  CI( 0 , 7 | (1,) ) = 1.9895196601282805e-12
Test:  CI( 0 , 7 | (2,) ) = 4.084914206892165e-08
Test:  CI( 0 , 7 | (3,) ) = 1.4119881042162774e-08
Test:  CI( 0 , 7 | (5,) ) = 0.00022055299987888688
Test:  CI( 0 , 7 | (6,) ) = 0.7891425145550288
Test:  CI( 1 , 7 | (2,) ) = 5.3933417731855116e-09
Test:  CI( 1 , 7 | (3,) ) = 1.382538528105215e-11
Test:  CI( 1 , 7 | (5,) ) = 5.868757395388613e-06
Test:  CI( 1 , 7 | (6,) ) = 0.560556968680864
Test:  CI( 2 , 7 | (3,) ) = 3.38954864176344e-10
Test:  CI( 2 , 7 | (5,) ) = 1.2339240740288915e-11
Test:  CI( 2 , 7 | (6,) ) = 0.0
Test:  CI( 3 , 7 | (2,) ) = 6.180666898236709e-05
Test:  CI( 3 , 7 | (5,) ) = 3.525511438340345e-09
Test:  CI( 3 , 7 | (6,) ) = 0.0
Test:  CI( 5 , 7 | (2,) ) = 0.0
Test:  CI( 5 , 7 | (3,) ) = 0.0
Test:  CI( 5 , 7 | (6,) ) = 0.12204668942679953
Test:  CI( 6 , 7 | (2,) ) = 0.0
Test:  CI( 6 , 7 | (3,) ) = 0.0
Test:  CI( 0 , 8 | (1,) ) = 7.260858581048524e-14
Test:  CI( 0 , 8 | (2,) ) = 2.488417827350986e-08
Test:  CI( 0 , 8 | (5,) ) = 0.00024107744319157298
Test:  CI( 0 , 8 | (6,) ) = 0.654918397467934
Test:  CI( 1 , 8 | (2,) ) = 3.245292923281795e-11
Test:  CI( 1 , 8 | (5,) ) = 2.357580330958342e-08
Test:  CI( 1 , 8 | (6,) ) = 0.702818480418117
Test:  CI( 2 , 8 | (5,) ) = 2.09241513005054e-11
Test:  CI( 2 , 8 | (6,) ) = 0.0
Test:  CI( 2 , 8 | (7,) ) = 0.47055480053317833
Test:  CI( 5 , 8 | (6,) ) = 0.2941349487087064
Test:  CI( 6 , 8 | (7,) ) = 5.921202368419642e-07
Test:  CI( 7 , 8 | (6,) ) = 0.0
Test:  CI( 1 , 9 | (2,) ) = 1.0762888358328837e-09
Test:  CI( 1 , 9 | (5,) ) = 1.4320271857215516e-07
Test:  CI( 1 , 9 | (6,) ) = 0.12746249473009907
Test:  CI( 2 , 9 | (8,) ) = 0.2121606463981376
Test:  CI( 5 , 9 | (8,) ) = 2.6135868580468014e-08
Test:  CI( 5 , 9 | (6,) ) = 0.0002610579241877353
Test:  CI( 5 , 9 | (7,) ) = 1.0686309614982292e-08
Test:  CI( 6 , 9 | (8,) ) = 8.463223122312513e-07
Test:  CI( 6 , 9 | (5,) ) = 2.0260345263700685e-06
Test:  CI( 6 , 9 | (7,) ) = 1.2191656195703615e-07
Test:  CI( 7 , 9 | (8,) ) = 0.1805897143509334
Test:  CI( 8 , 9 | (5,) ) = 1.3810490724130986e-05
Test:  CI( 8 , 9 | (6,) ) = 0.06914463923811387
Test:  CI( 0 , 10 | (1,) ) = 3.7134415542539045e-09
Test:  CI( 0 , 10 | (2,) ) = 4.879692760972887e-08
Test:  CI( 0 , 10 | (3,) ) = 1.5028577742270954e-06
Test:  CI( 0 , 10 | (5,) ) = 0.001232027739205277
Test:  CI( 0 , 10 | (6,) ) = 0.8875988584826855
Test:  CI( 1 , 10 | (2,) ) = 1.1120664389352442e-09
Test:  CI( 1 , 10 | (3,) ) = 6.4952230260928445e-09
Test:  CI( 1 , 10 | (5,) ) = 0.0003207953597150759
Test:  CI( 1 , 10 | (6,) ) = 0.8788230066113045
Test:  CI( 2 , 10 | (3,) ) = 0.0
Test:  CI( 2 , 10 | (5,) ) = 0.0
Test:  CI( 2 , 10 | (6,) ) = 0.0
Test:  CI( 2 , 10 | (7,) ) = 0.0
Test:  CI( 2 , 10 | (8,) ) = 0.0
Test:  CI( 2 , 10 | (9,) ) = 0.0
Test:  CI( 3 , 10 | (2,) ) = 0.0006075339414106651
Test:  CI( 3 , 10 | (5,) ) = 2.0511256207944584e-05
Test:  CI( 3 , 10 | (6,) ) = 5.123765411951808e-09
Test:  CI( 3 , 10 | (7,) ) = 0.08995439902822477
Test:  CI( 5 , 10 | (2,) ) = 0.0
Test:  CI( 5 , 10 | (6,) ) = 0.07518174859469817
Test:  CI( 6 , 10 | (8,) ) = 1.2061135081786745e-06
Test:  CI( 6 , 10 | (9,) ) = 2.6917579276641845e-11
Test:  CI( 6 , 10 | (2,) ) = 0.0
Test:  CI( 6 , 10 | (7,) ) = 6.938083885188462e-09
Test:  CI( 7 , 10 | (8,) ) = 0.0
Test:  CI( 7 , 10 | (9,) ) = 0.0
Test:  CI( 7 , 10 | (2,) ) = 0.0
Test:  CI( 7 , 10 | (6,) ) = 0.0
Test:  CI( 8 , 10 | (9,) ) = 0.0
Test:  CI( 8 , 10 | (2,) ) = 0.0
Test:  CI( 8 , 10 | (6,) ) = 0.0
Test:  CI( 8 , 10 | (7,) ) = 0.07472519282096246
Test:  CI( 9 , 10 | (2,) ) = 0.0
Test:  CI( 9 , 10 | (6,) ) = 0.0024778484892760133
Test:  CI( 9 , 10 | (7,) ) = 0.9696527607907004
Test:  CI( 0 , 11 | (1,) ) = 5.456080032217869e-12
Test:  CI( 0 , 11 | (2,) ) = 1.6218406884149772e-07
Test:  CI( 0 , 11 | (4,) ) = 2.386029218648389e-08
Test:  CI( 0 , 11 | (5,) ) = 0.0042009448678834715
Test:  CI( 0 , 11 | (6,) ) = 0.6499500436600076
Test:  CI( 1 , 11 | (2,) ) = 8.641885207438804e-09
Test:  CI( 1 , 11 | (4,) ) = 1.4379941681852415e-10
Test:  CI( 1 , 11 | (5,) ) = 6.302871472518845e-06
Test:  CI( 1 , 11 | (6,) ) = 0.6577635852464017
Test:  CI( 2 , 11 | (4,) ) = 3.506259727004135e-10
Test:  CI( 2 , 11 | (5,) ) = 1.9609173418366765e-07
Test:  CI( 2 , 11 | (6,) ) = 2.4868995751603507e-14
Test:  CI( 2 , 11 | (7,) ) = 0.5358493136306346
Test:  CI( 4 , 11 | (5,) ) = 3.643365609207194e-10
Test:  CI( 4 , 11 | (6,) ) = 9.80881598167116e-10
Test:  CI( 4 , 11 | (7,) ) = 0.0
Test:  CI( 4 , 11 | (8,) ) = 0.0
Test:  CI( 4 , 11 | (9,) ) = 2.5086789978701063e-08
Test:  CI( 4 , 11 | (10,) ) = 0.0
Test:  CI( 5 , 11 | (4,) ) = 0.0
Test:  CI( 5 , 11 | (6,) ) = 0.9155958328837466
Test:  CI( 6 , 11 | (4,) ) = 0.0
Test:  CI( 6 , 11 | (7,) ) = 4.2150388069650546e-05
Test:  CI( 6 , 11 | (8,) ) = 0.30334549235787533
Test:  CI( 7 , 11 | (8,) ) = 0.8317757796803442
Test:  CI( 8 , 11 | (9,) ) = 0.0
Test:  CI( 8 , 11 | (10,) ) = 0.0
Test:  CI( 8 , 11 | (4,) ) = 0.0
Test:  CI( 9 , 11 | (8,) ) = 0.18304451897091933
Test:  CI( 10 , 11 | (8,) ) = 0.06853713335513856
Test:  CI( 0 , 6 | (1, 5) ) = 0.6665574591689734
Test:  CI( 1 , 6 | (0, 5) ) = 1.6633805444143945e-11
Test:  CI( 5 , 6 | (0, 1) ) = 0.0
Test:  CI( 6 , 9 | (0, 5) ) = 0.0039181264972663055
Test:  CI( 6 , 9 | (1, 5) ) = 0.02208275144049754
Saved adjacency matrix to outputs/experiments/layered_sparse_linear_sem_nodes_12_shallow_mlp_align/5/learned_graph_adj.npy
Test:  CI( 0 , 1 | () ) = 0.06629187537346337
Test:  CI( 0 , 2 | () ) = 0.08570719734195609
Test:  CI( 1 , 2 | () ) = 0.6351117692273685
Test:  CI( 0 , 3 | () ) = 0.32118782652413014
Test:  CI( 1 , 3 | () ) = 0.18229522058387593
Test:  CI( 2 , 3 | () ) = 0.024667996424680094
Test:  CI( 0 , 4 | () ) = 0.33923940262543617
Test:  CI( 1 , 4 | () ) = 0.30942960517303675
Test:  CI( 2 , 4 | () ) = 0.7830222439173116
Test:  CI( 3 , 4 | () ) = 0.5436796120564322
Test:  CI( 0 , 5 | () ) = 0.0
Test:  CI( 1 , 5 | () ) = 0.001918968971373447
Test:  CI( 2 , 5 | () ) = 0.3406241839225923
Test:  CI( 3 , 5 | () ) = 0.3697395712504863
Test:  CI( 4 , 5 | () ) = 0.4086841930083174
Test:  CI( 0 , 6 | () ) = 1.5206726988736818e-09
Test:  CI( 1 , 6 | () ) = 8.881784197001252e-16
Test:  CI( 2 , 6 | () ) = 0.5345616481905682
Test:  CI( 3 , 6 | () ) = 0.9014133407846845
Test:  CI( 4 , 6 | () ) = 0.10889418140090035
Test:  CI( 5 , 6 | () ) = 0.0
Test:  CI( 0 , 7 | () ) = 2.3171953467127082e-07
Test:  CI( 1 , 7 | () ) = 2.7214481779225252e-09
Test:  CI( 2 , 7 | () ) = 9.978686283051985e-06
Test:  CI( 3 , 7 | () ) = 2.3862638036664663e-06
Test:  CI( 4 , 7 | () ) = 0.16205571179639788
Test:  CI( 5 , 7 | () ) = 0.0
Test:  CI( 6 , 7 | () ) = 0.0
Test:  CI( 0 , 8 | () ) = 1.7459734547031758e-08
Test:  CI( 1 , 8 | () ) = 9.679812507101815e-12
Test:  CI( 2 , 8 | () ) = 4.2138469160013514e-05
Test:  CI( 3 , 8 | () ) = 0.22805610189393555
Test:  CI( 4 , 8 | () ) = 0.08893750321528104
Test:  CI( 5 , 8 | () ) = 0.0
Test:  CI( 6 , 8 | () ) = 0.0
Test:  CI( 7 , 8 | () ) = 0.0
Test:  CI( 0 , 9 | () ) = 0.1014173352766301
Test:  CI( 1 , 9 | () ) = 8.541635932690639e-05
Test:  CI( 2 , 9 | () ) = 0.6548799994890644
Test:  CI( 3 , 9 | () ) = 0.24901598515560064
Test:  CI( 4 , 9 | () ) = 0.3222160087875596
Test:  CI( 5 , 9 | () ) = 2.0541435219456616e-10
Test:  CI( 6 , 9 | () ) = 1.5956169718833735e-10
Test:  CI( 7 , 9 | () ) = 8.91208788988962e-08
Test:  CI( 8 , 9 | () ) = 1.46832056069357e-07
Test:  CI( 0 , 10 | () ) = 2.034472054379677e-06
Test:  CI( 1 , 10 | () ) = 2.3849390575758633e-06
Test:  CI( 2 , 10 | () ) = 3.239630785856207e-13
Test:  CI( 3 , 10 | () ) = 1.5213823003623617e-05
Test:  CI( 4 , 10 | () ) = 0.15235824158181277
Test:  CI( 5 , 10 | () ) = 6.661338147750939e-16
Test:  CI( 6 , 10 | () ) = 0.0
Test:  CI( 7 , 10 | () ) = 0.0
Test:  CI( 8 , 10 | () ) = 0.0
Test:  CI( 9 , 10 | () ) = 6.4679389781829855e-06
Test:  CI( 0 , 11 | () ) = 1.0654030397905245e-06
Test:  CI( 1 , 11 | () ) = 4.826572475025159e-10
Test:  CI( 2 , 11 | () ) = 2.3161704524765625e-05
Test:  CI( 3 , 11 | () ) = 0.12478277318075359
Test:  CI( 4 , 11 | () ) = 0.1354933650963317
Test:  CI( 5 , 11 | () ) = 0.0
Test:  CI( 6 , 11 | () ) = 0.0
Test:  CI( 7 , 11 | () ) = 0.0
Test:  CI( 8 , 11 | () ) = 0.0
Test:  CI( 9 , 11 | () ) = 3.2295732754761275e-08
Test:  CI( 10 , 11 | () ) = 0.0
Test:  CI( 0 , 5 | (1,) ) = 0.0
Test:  CI( 1 , 5 | (0,) ) = 4.085620730620576e-14
Test:  CI( 0 , 6 | (1,) ) = 0.0
Test:  CI( 0 , 6 | (5,) ) = 1.1232557086682249e-06
Test:  CI( 1 , 6 | (0,) ) = 0.0
Test:  CI( 1 , 6 | (5,) ) = 0.0
Test:  CI( 5 , 6 | (0,) ) = 0.0
Test:  CI( 5 , 6 | (1,) ) = 0.0
Test:  CI( 0 , 7 | (1,) ) = 5.622169396701793e-13
Test:  CI( 0 , 7 | (2,) ) = 1.2633780630544322e-06
Test:  CI( 0 , 7 | (3,) ) = 2.621331789409709e-07
Test:  CI( 0 , 7 | (5,) ) = 0.0022334629069198364
Test:  CI( 0 , 7 | (6,) ) = 0.723383587610793
Test:  CI( 1 , 7 | (2,) ) = 3.153455274684802e-11
Test:  CI( 1 , 7 | (3,) ) = 4.4986236957811343e-13
Test:  CI( 1 , 7 | (5,) ) = 2.447620894852065e-07
Test:  CI( 1 , 7 | (6,) ) = 0.34328471700661867
Test:  CI( 2 , 7 | (3,) ) = 0.00012035216766381751
Test:  CI( 2 , 7 | (5,) ) = 1.3482411587162346e-07
Test:  CI( 2 , 7 | (6,) ) = 5.551115123125783e-15
Test:  CI( 3 , 7 | (2,) ) = 2.9004061201209907e-05
Test:  CI( 3 , 7 | (5,) ) = 7.488601294625141e-09
Test:  CI( 3 , 7 | (6,) ) = 0.0
Test:  CI( 5 , 7 | (2,) ) = 0.0
Test:  CI( 5 , 7 | (3,) ) = 0.0
Test:  CI( 5 , 7 | (6,) ) = 0.7036946730860802
Test:  CI( 6 , 7 | (2,) ) = 0.0
Test:  CI( 6 , 7 | (3,) ) = 0.0
Test:  CI( 0 , 8 | (1,) ) = 0.0
Test:  CI( 0 , 8 | (2,) ) = 9.757108654362412e-08
Test:  CI( 0 , 8 | (5,) ) = 0.002578006661025478
Test:  CI( 0 , 8 | (6,) ) = 0.4753427153349108
Test:  CI( 1 , 8 | (2,) ) = 5.6621374255882984e-14
Test:  CI( 1 , 8 | (5,) ) = 7.345835051353333e-11
Test:  CI( 1 , 8 | (6,) ) = 0.8227181481506776
Test:  CI( 2 , 8 | (5,) ) = 5.503184838939745e-07
Test:  CI( 2 , 8 | (6,) ) = 0.0
Test:  CI( 2 , 8 | (7,) ) = 0.9045017990480506
Test:  CI( 5 , 8 | (6,) ) = 0.8365170624917919
Test:  CI( 6 , 8 | (7,) ) = 8.770761894538737e-13
Test:  CI( 7 , 8 | (6,) ) = 0.0
Test:  CI( 1 , 9 | (8,) ) = 0.1035222288029749
Test:  CI( 5 , 9 | (8,) ) = 0.0002532652038964578
Test:  CI( 5 , 9 | (6,) ) = 0.03452138439461505
Test:  CI( 6 , 9 | (8,) ) = 0.0003321267167204489
Test:  CI( 6 , 9 | (7,) ) = 0.0006855690861991004
Test:  CI( 7 , 9 | (8,) ) = 0.23521090446308213
Test:  CI( 8 , 9 | (6,) ) = 0.5049327383928848
Test:  CI( 0 , 10 | (1,) ) = 9.77943281910143e-10
Test:  CI( 0 , 10 | (2,) ) = 6.841202807583713e-06
Test:  CI( 0 , 10 | (3,) ) = 3.0080079662653247e-06
Test:  CI( 0 , 10 | (5,) ) = 0.155777144682407
Test:  CI( 1 , 10 | (2,) ) = 1.1800656007920907e-09
Test:  CI( 1 , 10 | (3,) ) = 1.5061317748532588e-08
Test:  CI( 1 , 10 | (5,) ) = 0.0003853068534735993
Test:  CI( 1 , 10 | (6,) ) = 0.325533605887661
Test:  CI( 2 , 10 | (3,) ) = 6.552758335942599e-12
Test:  CI( 2 , 10 | (5,) ) = 0.0
Test:  CI( 2 , 10 | (6,) ) = 0.0
Test:  CI( 2 , 10 | (7,) ) = 0.0
Test:  CI( 2 , 10 | (8,) ) = 1.5765166949677223e-14
Test:  CI( 2 , 10 | (9,) ) = 1.6653345369377348e-14
Test:  CI( 3 , 10 | (2,) ) = 0.0002491604815524351
Test:  CI( 3 , 10 | (5,) ) = 2.8712200013103484e-06
Test:  CI( 3 , 10 | (6,) ) = 2.3880009081267417e-11
Test:  CI( 3 , 10 | (7,) ) = 0.9503329484301293
Test:  CI( 5 , 10 | (2,) ) = 0.0
Test:  CI( 5 , 10 | (6,) ) = 0.9589108105153208
Test:  CI( 6 , 10 | (8,) ) = 0.00011232917362535844
Test:  CI( 6 , 10 | (9,) ) = 0.0
Test:  CI( 6 , 10 | (2,) ) = 0.0
Test:  CI( 6 , 10 | (7,) ) = 5.0168027117214464e-05
Test:  CI( 7 , 10 | (8,) ) = 0.0
Test:  CI( 7 , 10 | (9,) ) = 0.0
Test:  CI( 7 , 10 | (2,) ) = 0.0
Test:  CI( 7 , 10 | (6,) ) = 0.0
Test:  CI( 8 , 10 | (9,) ) = 0.0
Test:  CI( 8 , 10 | (2,) ) = 0.0
Test:  CI( 8 , 10 | (6,) ) = 0.0
Test:  CI( 8 , 10 | (7,) ) = 0.46860922889264
Test:  CI( 9 , 10 | (2,) ) = 3.394433818471043e-07
Test:  CI( 9 , 10 | (6,) ) = 0.8664868451129553
Test:  CI( 0 , 11 | (1,) ) = 3.3075764349632664e-12
Test:  CI( 0 , 11 | (2,) ) = 5.639303744864321e-06
Test:  CI( 0 , 11 | (5,) ) = 0.002334254091798993
Test:  CI( 0 , 11 | (6,) ) = 0.9850953852931348
Test:  CI( 1 , 11 | (2,) ) = 5.277556169858144e-12
Test:  CI( 1 , 11 | (5,) ) = 4.442916301528044e-08
Test:  CI( 1 , 11 | (6,) ) = 0.8477347517444729
Test:  CI( 2 , 11 | (5,) ) = 1.0987788467975435e-06
Test:  CI( 2 , 11 | (6,) ) = 2.418731881448366e-12
Test:  CI( 2 , 11 | (7,) ) = 0.5200339105343268
Test:  CI( 5 , 11 | (6,) ) = 0.9828384385498103
Test:  CI( 6 , 11 | (8,) ) = 0.38689385570375734
Test:  CI( 7 , 11 | (8,) ) = 0.20654348205544815
Test:  CI( 8 , 11 | (9,) ) = 0.0
Test:  CI( 8 , 11 | (10,) ) = 0.0
Test:  CI( 9 , 11 | (8,) ) = 0.09387385743466248
Test:  CI( 10 , 11 | (8,) ) = 0.31173282288252047
Test:  CI( 0 , 6 | (1, 5) ) = 0.5570312402368616
Test:  CI( 1 , 6 | (0, 5) ) = 2.220446049250313e-16
Test:  CI( 5 , 6 | (0, 1) ) = 0.0
Saved metrics to outputs/experiments/layered_sparse_linear_sem_nodes_12_shallow_mlp_align/5/performance_metrics.json
Saved baseline metrics to outputs/experiments/layered_sparse_linear_sem_nodes_12_shallow_mlp_align/5/baseline_performance_metrics.json
Saved PAG-vs-PAG metrics to outputs/experiments/layered_sparse_linear_sem_nodes_12_shallow_mlp_align/5/pag_vs_pag_metrics.json
Found 8 differences:
  1. Missing: 0 --- 9 (DAG: directed_ij)
  2. Wrong orientation: 2 --- 7 (DAG: directed_ij, PAG: bidirected)
  3. Wrong orientation: 2 --- 10 (DAG: directed_ij, PAG: bidirected)
  4. Missing: 3 --- 8 (DAG: directed_ij)
  5. Wrong orientation: 5 --- 9 (DAG: directed_ij, PAG: bidirected)
  6. Extra: 6 --- 8 (PAG: bidirected)
  7. Extra: 6 --- 10 (PAG: bidirected)
  8. Wrong orientation: 7 --- 8 (DAG: directed_ij, PAG: bidirected)
Found 4 partial orientation differences:
  1. Partial orientation: 0 --- 5 (DAG: directed_ij, PAG: partial_ij)
  2. Partial orientation: 1 --- 5 (DAG: directed_ij, PAG: partial_ij)
  3. Partial orientation: 3 --- 7 (DAG: directed_ij, PAG: partial_ij)
  4. Partial orientation: 4 --- 11 (DAG: directed_ij, PAG: partial_ij)
Saved edge comparison details to outputs/experiments/layered_sparse_linear_sem_nodes_12_shallow_mlp_align/5/edge_comparison.txt
Found 11 differences:
  1. Missing: 0 --- 9 (DAG: directed_ij)
  2. Wrong orientation: 2 --- 7 (DAG: directed_ij, PAG: bidirected)
  3. Wrong orientation: 2 --- 10 (DAG: directed_ij, PAG: bidirected)
  4. Missing: 3 --- 8 (DAG: directed_ij)
  5. Missing: 4 --- 11 (DAG: directed_ij)
  6. Missing: 5 --- 9 (DAG: directed_ij)
  7. Wrong orientation: 6 --- 7 (DAG: directed_ij, PAG: bidirected)
  8. Extra: 6 --- 8 (PAG: bidirected)
  9. Extra: 6 --- 9 (PAG: bidirected)
  10. Extra: 6 --- 10 (PAG: bidirected)
  11. Wrong orientation: 7 --- 8 (DAG: directed_ij, PAG: bidirected)
Found 3 partial orientation differences:
  1. Partial orientation: 0 --- 5 (DAG: directed_ij, PAG: partial_ij)
  2. Partial orientation: 1 --- 5 (DAG: directed_ij, PAG: partial_ij)
  3. Partial orientation: 3 --- 7 (DAG: directed_ij, PAG: partial_ij)
Saved baseline edge comparison details to outputs/experiments/layered_sparse_linear_sem_nodes_12_shallow_mlp_align/5/edge_comparison_baseline.txt
Found 4 differences:
  1. Extra: 4 --- 11 (PAG: partial_ij)
  2. Extra: 5 --- 9 (PAG: bidirected)
  3. Wrong orientation: 6 --- 7 (Reference PAG: bidirected, PAG: directed_ij)
  4. Missing: 6 --- 9 (Reference PAG: bidirected)
Saved PAG-vs-PAG edge comparison details to outputs/experiments/layered_sparse_linear_sem_nodes_12_shallow_mlp_align/5/edge_comparison_pag_vs_pag.txt
Saved figure to outputs/experiments/layered_sparse_linear_sem_nodes_12_shallow_mlp_align/5/pag_vs_dag.png
Saved baseline figure to outputs/experiments/layered_sparse_linear_sem_nodes_12_shallow_mlp_align/5/baseline_pag_vs_dag.png
Saved combined DAG comparison to outputs/experiments/layered_sparse_linear_sem_nodes_12_shallow_mlp_align/5/pags_vs_dag.png
Saved PAG-vs-PAG figure to outputs/experiments/layered_sparse_linear_sem_nodes_12_shallow_mlp_align/5/pag_vs_pag.png
Saved adjacency matrix to outputs/experiments/layered_sparse_linear_sem_nodes_12_shallow_mlp_align/5/learned_graph_adj.npy
Saved baseline adjacency matrix to outputs/experiments/layered_sparse_linear_sem_nodes_12_shallow_mlp_align/5/baseline_graph_adj.npy
