=== [Train] Fold 2 (2/5) ===
Step: set random seed (3)
Step: build datasets
Step: initialize model
Step: training setup (model=BottleneckMLP, profile=deep, control_mode=epochs, epochs=60, target_updates=None)
Step: training
TrnLoss=0.938 ValLoss=0.784 ValR2=0.179
TrnLoss=0.648 ValLoss=0.389 ValR2=0.593
TrnLoss=0.311 ValLoss=0.252 ValR2=0.736
TrnLoss=0.222 ValLoss=0.175 ValR2=0.817
TrnLoss=0.171 ValLoss=0.147 ValR2=0.846
TrnLoss=0.149 ValLoss=0.133 ValR2=0.861
TrnLoss=0.138 ValLoss=0.125 ValR2=0.869
TrnLoss=0.130 ValLoss=0.118 ValR2=0.876
TrnLoss=0.121 ValLoss=0.110 ValR2=0.885
TrnLoss=0.114 ValLoss=0.104 ValR2=0.891
TrnLoss=0.109 ValLoss=0.100 ValR2=0.895
TrnLoss=0.105 ValLoss=0.097 ValR2=0.899
TrnLoss=0.101 ValLoss=0.094 ValR2=0.901
TrnLoss=0.099 ValLoss=0.092 ValR2=0.904
TrnLoss=0.096 ValLoss=0.089 ValR2=0.907
TrnLoss=0.094 ValLoss=0.087 ValR2=0.909
TrnLoss=0.091 ValLoss=0.085 ValR2=0.911
TrnLoss=0.089 ValLoss=0.083 ValR2=0.913
TrnLoss=0.087 ValLoss=0.081 ValR2=0.915
TrnLoss=0.085 ValLoss=0.080 ValR2=0.917
TrnLoss=0.083 ValLoss=0.078 ValR2=0.918
TrnLoss=0.081 ValLoss=0.077 ValR2=0.920
TrnLoss=0.080 ValLoss=0.076 ValR2=0.921
TrnLoss=0.079 ValLoss=0.075 ValR2=0.922
TrnLoss=0.078 ValLoss=0.074 ValR2=0.923
TrnLoss=0.076 ValLoss=0.074 ValR2=0.923
TrnLoss=0.077 ValLoss=0.073 ValR2=0.923
TrnLoss=0.075 ValLoss=0.073 ValR2=0.924
TrnLoss=0.075 ValLoss=0.072 ValR2=0.925
TrnLoss=0.074 ValLoss=0.072 ValR2=0.925
TrnLoss=0.074 ValLoss=0.071 ValR2=0.926
TrnLoss=0.073 ValLoss=0.071 ValR2=0.926
TrnLoss=0.073 ValLoss=0.071 ValR2=0.926
TrnLoss=0.073 ValLoss=0.071 ValR2=0.925
TrnLoss=0.073 ValLoss=0.072 ValR2=0.925
TrnLoss=0.072 ValLoss=0.069 ValR2=0.927
TrnLoss=0.071 ValLoss=0.069 ValR2=0.928
TrnLoss=0.071 ValLoss=0.069 ValR2=0.928
TrnLoss=0.071 ValLoss=0.069 ValR2=0.928
TrnLoss=0.071 ValLoss=0.068 ValR2=0.928
TrnLoss=0.070 ValLoss=0.068 ValR2=0.928
TrnLoss=0.070 ValLoss=0.068 ValR2=0.929
TrnLoss=0.070 ValLoss=0.068 ValR2=0.929
TrnLoss=0.070 ValLoss=0.067 ValR2=0.930
TrnLoss=0.069 ValLoss=0.068 ValR2=0.929
TrnLoss=0.069 ValLoss=0.067 ValR2=0.930
TrnLoss=0.069 ValLoss=0.067 ValR2=0.930
TrnLoss=0.069 ValLoss=0.067 ValR2=0.930
TrnLoss=0.069 ValLoss=0.066 ValR2=0.930
TrnLoss=0.068 ValLoss=0.066 ValR2=0.931
TrnLoss=0.069 ValLoss=0.066 ValR2=0.931
TrnLoss=0.069 ValLoss=0.066 ValR2=0.931
TrnLoss=0.068 ValLoss=0.067 ValR2=0.930
TrnLoss=0.068 ValLoss=0.066 ValR2=0.931
TrnLoss=0.068 ValLoss=0.066 ValR2=0.931
TrnLoss=0.068 ValLoss=0.065 ValR2=0.931
TrnLoss=0.067 ValLoss=0.065 ValR2=0.932
TrnLoss=0.068 ValLoss=0.065 ValR2=0.932
TrnLoss=0.067 ValLoss=0.065 ValR2=0.932
TrnLoss=0.067 ValLoss=0.065 ValR2=0.932
100%|#############| 60/60 [00:21<00:00,  2.84ep/s]
Step: evaluate test split
