=== [Causal Discovery] Fold 4 (4/5) ===
Step: load extraction data
Loading extraction data from: outputs/experiments/layered_sparse_nonlinear_sem_shallow_mlp_align/4/alignment_results.csv
Step: prepare ground-truth data
Running sample_150__baseline_150
Saved metadata to outputs/experiments/layered_sparse_nonlinear_sem_shallow_mlp_align/4/metadata.json
CI(0, 1 | ()) p=0.3119 -> indep=True
CI(0, 2 | ()) p=1.518e-05 -> indep=False
CI(1, 2 | ()) p=0.2281 -> indep=True
CI(0, 3 | ()) p=1.178e-10 -> indep=False
CI(1, 3 | ()) p=0.04702 -> indep=True
CI(2, 3 | ()) p=5.781e-09 -> indep=False
CI(0, 4 | ()) p=3.072e-07 -> indep=False
CI(1, 4 | ()) p=4.921e-09 -> indep=False
CI(2, 4 | ()) p=0 -> indep=False
CI(3, 4 | ()) p=5.414e-05 -> indep=False
CI(0, 5 | ()) p=0.05653 -> indep=True
CI(1, 5 | ()) p=0 -> indep=False
CI(2, 5 | ()) p=1.021e-14 -> indep=False
CI(3, 5 | ()) p=0.0005696 -> indep=False
CI(4, 5 | ()) p=0.0006495 -> indep=False
CI(0, 3 | (2,)) p=0 -> indep=False
CI(2, 3 | (0,)) p=0 -> indep=False
CI(0, 4 | (1,)) p=1.534e-08 -> indep=False
CI(0, 4 | (2,)) p=0.1377 -> indep=True
CI(1, 4 | (2,)) p=1.432e-14 -> indep=False
CI(1, 4 | (3,)) p=4.084e-09 -> indep=False
CI(2, 4 | (1,)) p=0 -> indep=False
CI(2, 4 | (3,)) p=0 -> indep=False
CI(3, 4 | (1,)) p=0.001703 -> indep=False
CI(3, 4 | (2,)) p=0.6043 -> indep=True
CI(1, 5 | (2,)) p=0 -> indep=False
CI(1, 5 | (3,)) p=0 -> indep=False
CI(1, 5 | (4,)) p=0 -> indep=False
CI(2, 5 | (1,)) p=0 -> indep=False
CI(2, 5 | (3,)) p=8.14e-12 -> indep=False
CI(2, 5 | (4,)) p=1.491e-13 -> indep=False
CI(3, 5 | (1,)) p=6.831e-07 -> indep=False
CI(3, 5 | (2,)) p=0.01798 -> indep=True
CI(4, 5 | (1,)) p=7.083e-14 -> indep=False
CI(4, 5 | (2,)) p=8.038e-12 -> indep=False
CI(4, 5 | (1, 2)) p=0.5494 -> indep=True
Saved adjacency matrix to outputs/experiments/layered_sparse_nonlinear_sem_shallow_mlp_align/4/learned_graph_adj.npy
CI(0, 1 | ()) p=0.05026 -> indep=True
CI(0, 2 | ()) p=0.002582 -> indep=False
CI(1, 2 | ()) p=0.001307 -> indep=False
CI(0, 3 | ()) p=0.4378 -> indep=True
CI(1, 3 | ()) p=0.3958 -> indep=True
CI(2, 3 | ()) p=0.003031 -> indep=False
CI(0, 4 | ()) p=0.01377 -> indep=True
CI(1, 4 | ()) p=0.1681 -> indep=True
CI(2, 4 | ()) p=2.414e-05 -> indep=False
CI(3, 4 | ()) p=0.1725 -> indep=True
CI(0, 5 | ()) p=0.4542 -> indep=True
CI(1, 5 | ()) p=2.442e-15 -> indep=False
CI(2, 5 | ()) p=2.848e-13 -> indep=False
CI(3, 5 | ()) p=0.2363 -> indep=True
CI(4, 5 | ()) p=0.7862 -> indep=True
CI(0, 2 | (1,)) p=6.753e-07 -> indep=False
CI(1, 2 | (0,)) p=4.063e-06 -> indep=False
CI(1, 5 | (2,)) p=2.694e-11 -> indep=False
CI(2, 5 | (1,)) p=4.052e-09 -> indep=False
Saved metrics to outputs/experiments/layered_sparse_nonlinear_sem_shallow_mlp_align/4/performance_metrics.json
Saved baseline metrics to outputs/experiments/layered_sparse_nonlinear_sem_shallow_mlp_align/4/baseline_performance_metrics.json
Saved PAG-vs-PAG metrics to outputs/experiments/layered_sparse_nonlinear_sem_shallow_mlp_align/4/pag_vs_pag_metrics.json
Found 4 differences:
  1. Wrong orientation: 0 --- 2 (DAG: directed_ij, PAG: bidirected)
  2. Wrong orientation: 0 --- 3 (DAG: directed_ij, PAG: bidirected)
  3. Missing: 1 --- 2 (DAG: directed_ij)
  4. Wrong orientation: 2 --- 5 (DAG: directed_ij, PAG: bidirected)
Found 2 partial orientation differences:
  1. Partial orientation: 1 --- 4 (DAG: directed_ij, PAG: partial_ij)
  2. Partial orientation: 1 --- 5 (DAG: directed_ij, PAG: partial_ij)
Saved edge comparison details to outputs/experiments/layered_sparse_nonlinear_sem_shallow_mlp_align/4/edge_comparison.txt
Found 5 differences:
  1. Missing: 0 --- 3 (DAG: directed_ij)
  2. Missing: 1 --- 4 (DAG: directed_ij)
  3. Wrong orientation: 2 --- 3 (DAG: directed_ij, PAG: bidirected)
  4. Wrong orientation: 2 --- 4 (DAG: directed_ij, PAG: bidirected)
  5. Wrong orientation: 2 --- 5 (DAG: directed_ij, PAG: bidirected)
Found 3 partial orientation differences:
  1. Partial orientation: 0 --- 2 (DAG: directed_ij, PAG: partial_ij)
  2. Partial orientation: 1 --- 2 (DAG: directed_ij, PAG: partial_ij)
  3. Partial orientation: 1 --- 5 (DAG: directed_ij, PAG: partial_ij)
Saved baseline edge comparison details to outputs/experiments/layered_sparse_nonlinear_sem_shallow_mlp_align/4/edge_comparison_baseline.txt
Found 5 differences:
  1. Extra: 0 --- 3 (PAG: bidirected)
  2. Missing: 1 --- 2 (Reference PAG: partial_ij)
  3. Extra: 1 --- 4 (PAG: partial_ij)
  4. Wrong orientation: 2 --- 3 (Reference PAG: bidirected, PAG: directed_ij)
  5. Wrong orientation: 2 --- 4 (Reference PAG: bidirected, PAG: directed_ij)
Found 1 partial orientation differences:
  1. Partial orientation: 0 --- 2 (Reference PAG: partial_ij, PAG: bidirected)
Saved PAG-vs-PAG edge comparison details to outputs/experiments/layered_sparse_nonlinear_sem_shallow_mlp_align/4/edge_comparison_pag_vs_pag.txt
Saved figure to outputs/experiments/layered_sparse_nonlinear_sem_shallow_mlp_align/4/pag_vs_dag.png
Saved baseline figure to outputs/experiments/layered_sparse_nonlinear_sem_shallow_mlp_align/4/baseline_pag_vs_dag.png
Saved combined DAG comparison to outputs/experiments/layered_sparse_nonlinear_sem_shallow_mlp_align/4/pags_vs_dag.png
Saved PAG-vs-PAG figure to outputs/experiments/layered_sparse_nonlinear_sem_shallow_mlp_align/4/pag_vs_pag.png
Saved adjacency matrix to outputs/experiments/layered_sparse_nonlinear_sem_shallow_mlp_align/4/learned_graph_adj.npy
Saved baseline adjacency matrix to outputs/experiments/layered_sparse_nonlinear_sem_shallow_mlp_align/4/baseline_graph_adj.npy
