=== [Train] Fold 4 (4/5) ===
Step: set random seed (5)
Step: build datasets
Step: initialize model
Step: training setup (model=ShallowMLP, profile=shallow, control_mode=epochs, epochs=40, target_updates=None)
Step: training
TrnLoss=1.013 ValLoss=0.934 ValR2=0.044
TrnLoss=0.930 ValLoss=0.867 ValR2=0.112
TrnLoss=0.865 ValLoss=0.815 ValR2=0.166
TrnLoss=0.815 ValLoss=0.778 ValR2=0.203
TrnLoss=0.787 ValLoss=0.762 ValR2=0.220
TrnLoss=0.775 ValLoss=0.754 ValR2=0.228
TrnLoss=0.771 ValLoss=0.750 ValR2=0.232
TrnLoss=0.769 ValLoss=0.750 ValR2=0.233
TrnLoss=0.768 ValLoss=0.749 ValR2=0.233
TrnLoss=0.768 ValLoss=0.750 ValR2=0.232
TrnLoss=0.765 ValLoss=0.750 ValR2=0.232
TrnLoss=0.765 ValLoss=0.750 ValR2=0.233
TrnLoss=0.767 ValLoss=0.750 ValR2=0.233
TrnLoss=0.766 ValLoss=0.750 ValR2=0.233
TrnLoss=0.766 ValLoss=0.750 ValR2=0.232
Early stopping at epoch 15: no validation improvement for 6 epochs (best epoch=9, best val loss=0.749)
 35%|####5        | 14/40 [00:18<00:34,  1.33s/ep]
Step: evaluate test split
