[2026-04-24 03:57:37,787][dowhy.causal_model][INFO] - Model to find the causal effect of treatment ['X0'] on outcome ['X1']
[2026-04-24 03:57:37,787][dowhy.causal_identifier.auto_identifier][WARNING] - No directed path from treatment to outcome. Causal Effect is zero.
[2026-04-24 03:57:37,787][dowhy.causal_model][INFO] - linear_regression
[2026-04-24 03:57:37,787][dowhy.causal_estimator][INFO] - INFO: Using Linear Regression Estimator
[2026-04-24 03:57:37,787][dowhy.causal_estimator][WARNING] - No directed path from ['X0'] to ['X1'].
[2026-04-24 03:57:37,789][dowhy.causal_model][INFO] - Model to find the causal effect of treatment ['X0'] on outcome ['X2']
[2026-04-24 03:57:37,789][dowhy.causal_identifier.auto_identifier][WARNING] - No directed path from treatment to outcome. Causal Effect is zero.
[2026-04-24 03:57:37,789][dowhy.causal_model][INFO] - linear_regression
[2026-04-24 03:57:37,789][dowhy.causal_estimator][INFO] - INFO: Using Linear Regression Estimator
[2026-04-24 03:57:37,789][dowhy.causal_estimator][WARNING] - No directed path from ['X0'] to ['X2'].
[2026-04-24 03:57:37,791][dowhy.causal_model][INFO] - Model to find the causal effect of treatment ['X0'] on outcome ['X3']
[2026-04-24 03:57:37,792][dowhy.causal_identifier.auto_identifier][INFO] - Causal effect can be identified.
[2026-04-24 03:57:37,793][dowhy.causal_identifier.auto_identifier][INFO] - Instrumental variables for treatment and outcome:[]
[2026-04-24 03:57:37,793][dowhy.causal_identifier.auto_identifier][INFO] - Frontdoor variables for treatment and outcome:[]
[2026-04-24 03:57:37,793][dowhy.causal_model][INFO] - linear_regression
[2026-04-24 03:57:37,793][dowhy.causal_estimator][INFO] - INFO: Using Linear Regression Estimator
[2026-04-24 03:57:37,793][dowhy.causal_estimator][INFO] - b: X3~X0+X0*X1
[2026-04-24 03:57:37,801][dowhy.causal_model][INFO] - Model to find the causal effect of treatment ['X0'] on outcome ['X4']
[2026-04-24 03:57:37,802][dowhy.causal_identifier.auto_identifier][INFO] - Causal effect can be identified.
[2026-04-24 03:57:37,802][dowhy.causal_identifier.auto_identifier][INFO] - Instrumental variables for treatment and outcome:[]
[2026-04-24 03:57:37,803][dowhy.causal_identifier.auto_identifier][INFO] - Frontdoor variables for treatment and outcome:['X3']
[2026-04-24 03:57:37,804][dowhy.causal_identifier.auto_identifier][INFO] - Causal effect can be identified.
[2026-04-24 03:57:37,805][dowhy.causal_identifier.auto_identifier][INFO] - Causal effect can be identified.
[2026-04-24 03:57:37,805][dowhy.causal_model][INFO] - linear_regression
[2026-04-24 03:57:37,805][dowhy.causal_estimator][INFO] - INFO: Using Linear Regression Estimator
[2026-04-24 03:57:37,805][dowhy.causal_estimator][INFO] - b: X4~X0+X0*X1
[2026-04-24 03:57:37,813][dowhy.causal_model][INFO] - Model to find the causal effect of treatment ['X0'] on outcome ['X5']
[2026-04-24 03:57:37,813][dowhy.causal_identifier.auto_identifier][INFO] - Causal effect can be identified.
[2026-04-24 03:57:37,814][dowhy.causal_identifier.auto_identifier][INFO] - Instrumental variables for treatment and outcome:[]
[2026-04-24 03:57:37,814][dowhy.causal_identifier.auto_identifier][INFO] - Frontdoor variables for treatment and outcome:['X3', 'X4']
[2026-04-24 03:57:37,815][dowhy.causal_identifier.auto_identifier][INFO] - Causal effect can be identified.
[2026-04-24 03:57:37,816][dowhy.causal_identifier.auto_identifier][INFO] - Causal effect can be identified.
[2026-04-24 03:57:37,817][dowhy.causal_model][INFO] - linear_regression
[2026-04-24 03:57:37,817][dowhy.causal_estimator][INFO] - INFO: Using Linear Regression Estimator
[2026-04-24 03:57:37,817][dowhy.causal_estimator][INFO] - b: X5~X0+X0*X2+X0*X1
[2026-04-24 03:57:37,857][dowhy.causal_model][INFO] - Model to find the causal effect of treatment ['X1'] on outcome ['X0']
[2026-04-24 03:57:37,857][dowhy.causal_identifier.auto_identifier][WARNING] - No directed path from treatment to outcome. Causal Effect is zero.
[2026-04-24 03:57:37,857][dowhy.causal_model][INFO] - linear_regression
[2026-04-24 03:57:37,857][dowhy.causal_estimator][INFO] - INFO: Using Linear Regression Estimator
[2026-04-24 03:57:37,857][dowhy.causal_estimator][WARNING] - No directed path from ['X1'] to ['X0'].
[2026-04-24 03:57:37,858][dowhy.causal_model][INFO] - Model to find the causal effect of treatment ['X1'] on outcome ['X2']
[2026-04-24 03:57:37,858][dowhy.causal_identifier.auto_identifier][WARNING] - No directed path from treatment to outcome. Causal Effect is zero.
[2026-04-24 03:57:37,859][dowhy.causal_model][INFO] - linear_regression
[2026-04-24 03:57:37,859][dowhy.causal_estimator][INFO] - INFO: Using Linear Regression Estimator
[2026-04-24 03:57:37,859][dowhy.causal_estimator][WARNING] - No directed path from ['X1'] to ['X2'].
[2026-04-24 03:57:37,860][dowhy.causal_model][INFO] - Model to find the causal effect of treatment ['X1'] on outcome ['X3']
[2026-04-24 03:57:37,861][dowhy.causal_identifier.auto_identifier][INFO] - Causal effect can be identified.
[2026-04-24 03:57:37,861][dowhy.causal_identifier.auto_identifier][INFO] - Instrumental variables for treatment and outcome:[]
[2026-04-24 03:57:37,861][dowhy.causal_identifier.auto_identifier][INFO] - Frontdoor variables for treatment and outcome:[]
[2026-04-24 03:57:37,861][dowhy.causal_model][INFO] - linear_regression
[2026-04-24 03:57:37,861][dowhy.causal_estimator][INFO] - INFO: Using Linear Regression Estimator
[2026-04-24 03:57:37,861][dowhy.causal_estimator][INFO] - b: X3~X1+X1*X0
[2026-04-24 03:57:37,869][dowhy.causal_model][INFO] - Model to find the causal effect of treatment ['X1'] on outcome ['X4']
[2026-04-24 03:57:37,869][dowhy.causal_identifier.auto_identifier][INFO] - Causal effect can be identified.
[2026-04-24 03:57:37,869][dowhy.causal_identifier.auto_identifier][INFO] - Instrumental variables for treatment and outcome:[]
[2026-04-24 03:57:37,870][dowhy.causal_identifier.auto_identifier][INFO] - Frontdoor variables for treatment and outcome:['X3']
[2026-04-24 03:57:37,870][dowhy.causal_identifier.auto_identifier][INFO] - Causal effect can be identified.
[2026-04-24 03:57:37,871][dowhy.causal_identifier.auto_identifier][INFO] - Causal effect can be identified.
[2026-04-24 03:57:37,872][dowhy.causal_model][INFO] - linear_regression
[2026-04-24 03:57:37,872][dowhy.causal_estimator][INFO] - INFO: Using Linear Regression Estimator
[2026-04-24 03:57:37,872][dowhy.causal_estimator][INFO] - b: X4~X1+X1*X0
[2026-04-24 03:57:37,879][dowhy.causal_model][INFO] - Model to find the causal effect of treatment ['X1'] on outcome ['X5']
[2026-04-24 03:57:37,880][dowhy.causal_identifier.auto_identifier][INFO] - Causal effect can be identified.
[2026-04-24 03:57:37,880][dowhy.causal_identifier.auto_identifier][INFO] - Instrumental variables for treatment and outcome:[]
[2026-04-24 03:57:37,881][dowhy.causal_identifier.auto_identifier][INFO] - Frontdoor variables for treatment and outcome:['X3', 'X4']
[2026-04-24 03:57:37,881][dowhy.causal_identifier.auto_identifier][INFO] - Causal effect can be identified.
[2026-04-24 03:57:37,882][dowhy.causal_identifier.auto_identifier][INFO] - Causal effect can be identified.
[2026-04-24 03:57:37,883][dowhy.causal_model][INFO] - linear_regression
[2026-04-24 03:57:37,883][dowhy.causal_estimator][INFO] - INFO: Using Linear Regression Estimator
[2026-04-24 03:57:37,883][dowhy.causal_estimator][INFO] - b: X5~X1+X1*X2+X1*X0
[2026-04-24 03:57:37,932][dowhy.causal_model][INFO] - Model to find the causal effect of treatment ['X2'] on outcome ['X0']
[2026-04-24 03:57:37,932][dowhy.causal_identifier.auto_identifier][WARNING] - No directed path from treatment to outcome. Causal Effect is zero.
[2026-04-24 03:57:37,932][dowhy.causal_model][INFO] - linear_regression
[2026-04-24 03:57:37,932][dowhy.causal_estimator][INFO] - INFO: Using Linear Regression Estimator
[2026-04-24 03:57:37,932][dowhy.causal_estimator][WARNING] - No directed path from ['X2'] to ['X0'].
[2026-04-24 03:57:37,934][dowhy.causal_model][INFO] - Model to find the causal effect of treatment ['X2'] on outcome ['X1']
[2026-04-24 03:57:37,934][dowhy.causal_identifier.auto_identifier][WARNING] - No directed path from treatment to outcome. Causal Effect is zero.
[2026-04-24 03:57:37,934][dowhy.causal_model][INFO] - linear_regression
[2026-04-24 03:57:37,934][dowhy.causal_estimator][INFO] - INFO: Using Linear Regression Estimator
[2026-04-24 03:57:37,934][dowhy.causal_estimator][WARNING] - No directed path from ['X2'] to ['X1'].
[2026-04-24 03:57:37,936][dowhy.causal_model][INFO] - Model to find the causal effect of treatment ['X2'] on outcome ['X3']
[2026-04-24 03:57:37,936][dowhy.causal_identifier.auto_identifier][WARNING] - No directed path from treatment to outcome. Causal Effect is zero.
[2026-04-24 03:57:37,936][dowhy.causal_model][INFO] - linear_regression
[2026-04-24 03:57:37,936][dowhy.causal_estimator][INFO] - INFO: Using Linear Regression Estimator
[2026-04-24 03:57:37,936][dowhy.causal_estimator][WARNING] - No directed path from ['X2'] to ['X3'].
[2026-04-24 03:57:37,937][dowhy.causal_model][INFO] - Model to find the causal effect of treatment ['X2'] on outcome ['X4']
[2026-04-24 03:57:37,937][dowhy.causal_identifier.auto_identifier][WARNING] - No directed path from treatment to outcome. Causal Effect is zero.
[2026-04-24 03:57:37,938][dowhy.causal_model][INFO] - linear_regression
[2026-04-24 03:57:37,938][dowhy.causal_estimator][INFO] - INFO: Using Linear Regression Estimator
[2026-04-24 03:57:37,938][dowhy.causal_estimator][WARNING] - No directed path from ['X2'] to ['X4'].
[2026-04-24 03:57:37,940][dowhy.causal_model][INFO] - Model to find the causal effect of treatment ['X2'] on outcome ['X5']
[2026-04-24 03:57:37,941][dowhy.causal_identifier.auto_identifier][INFO] - Causal effect can be identified.
[2026-04-24 03:57:37,941][dowhy.causal_identifier.auto_identifier][INFO] - Instrumental variables for treatment and outcome:[]
[2026-04-24 03:57:37,942][dowhy.causal_identifier.auto_identifier][INFO] - Frontdoor variables for treatment and outcome:[]
[2026-04-24 03:57:37,942][dowhy.causal_model][INFO] - linear_regression
[2026-04-24 03:57:37,942][dowhy.causal_estimator][INFO] - INFO: Using Linear Regression Estimator
[2026-04-24 03:57:37,942][dowhy.causal_estimator][INFO] - b: X5~X2+X2*X3+X2*X4+X2*X0+X2*X1
[2026-04-24 03:57:37,988][dowhy.causal_model][INFO] - Model to find the causal effect of treatment ['X3'] on outcome ['X0']
[2026-04-24 03:57:37,989][dowhy.causal_identifier.auto_identifier][WARNING] - No directed path from treatment to outcome. Causal Effect is zero.
[2026-04-24 03:57:37,989][dowhy.causal_model][INFO] - linear_regression
[2026-04-24 03:57:37,989][dowhy.causal_estimator][INFO] - INFO: Using Linear Regression Estimator
[2026-04-24 03:57:37,989][dowhy.causal_estimator][WARNING] - No directed path from ['X3'] to ['X0'].
[2026-04-24 03:57:37,991][dowhy.causal_model][INFO] - Model to find the causal effect of treatment ['X3'] on outcome ['X1']
[2026-04-24 03:57:37,991][dowhy.causal_identifier.auto_identifier][WARNING] - No directed path from treatment to outcome. Causal Effect is zero.
[2026-04-24 03:57:37,991][dowhy.causal_model][INFO] - linear_regression
[2026-04-24 03:57:37,991][dowhy.causal_estimator][INFO] - INFO: Using Linear Regression Estimator
[2026-04-24 03:57:37,991][dowhy.causal_estimator][WARNING] - No directed path from ['X3'] to ['X1'].
[2026-04-24 03:57:37,993][dowhy.causal_model][INFO] - Model to find the causal effect of treatment ['X3'] on outcome ['X2']
[2026-04-24 03:57:37,993][dowhy.causal_identifier.auto_identifier][WARNING] - No directed path from treatment to outcome. Causal Effect is zero.
[2026-04-24 03:57:37,993][dowhy.causal_model][INFO] - linear_regression
[2026-04-24 03:57:37,993][dowhy.causal_estimator][INFO] - INFO: Using Linear Regression Estimator
[2026-04-24 03:57:37,993][dowhy.causal_estimator][WARNING] - No directed path from ['X3'] to ['X2'].
[2026-04-24 03:57:37,995][dowhy.causal_model][INFO] - Model to find the causal effect of treatment ['X3'] on outcome ['X4']
[2026-04-24 03:57:37,996][dowhy.causal_identifier.auto_identifier][INFO] - Causal effect can be identified.
[2026-04-24 03:57:37,996][dowhy.causal_identifier.auto_identifier][INFO] - Instrumental variables for treatment and outcome:['X0', 'X1']
[2026-04-24 03:57:37,997][dowhy.causal_identifier.auto_identifier][INFO] - Frontdoor variables for treatment and outcome:[]
[2026-04-24 03:57:37,997][dowhy.causal_model][INFO] - linear_regression
[2026-04-24 03:57:37,997][dowhy.causal_estimator][INFO] - INFO: Using Linear Regression Estimator
[2026-04-24 03:57:37,997][dowhy.causal_estimator][INFO] - b: X4~X3
[2026-04-24 03:57:38,004][dowhy.causal_model][INFO] - Model to find the causal effect of treatment ['X3'] on outcome ['X5']
[2026-04-24 03:57:38,005][dowhy.causal_identifier.auto_identifier][INFO] - Causal effect can be identified.
[2026-04-24 03:57:38,005][dowhy.causal_identifier.auto_identifier][INFO] - Instrumental variables for treatment and outcome:['X0', 'X1']
[2026-04-24 03:57:38,006][dowhy.causal_identifier.auto_identifier][INFO] - Frontdoor variables for treatment and outcome:['X4']
[2026-04-24 03:57:38,007][dowhy.causal_identifier.auto_identifier][INFO] - Causal effect can be identified.
[2026-04-24 03:57:38,008][dowhy.causal_identifier.auto_identifier][INFO] - Causal effect can be identified.
[2026-04-24 03:57:38,008][dowhy.causal_model][INFO] - linear_regression
[2026-04-24 03:57:38,008][dowhy.causal_estimator][INFO] - INFO: Using Linear Regression Estimator
[2026-04-24 03:57:38,009][dowhy.causal_estimator][INFO] - b: X5~X3+X3*X2
[2026-04-24 03:57:38,048][dowhy.causal_model][INFO] - Model to find the causal effect of treatment ['X4'] on outcome ['X0']
[2026-04-24 03:57:38,048][dowhy.causal_identifier.auto_identifier][WARNING] - No directed path from treatment to outcome. Causal Effect is zero.
[2026-04-24 03:57:38,048][dowhy.causal_model][INFO] - linear_regression
[2026-04-24 03:57:38,048][dowhy.causal_estimator][INFO] - INFO: Using Linear Regression Estimator
[2026-04-24 03:57:38,048][dowhy.causal_estimator][WARNING] - No directed path from ['X4'] to ['X0'].
[2026-04-24 03:57:38,050][dowhy.causal_model][INFO] - Model to find the causal effect of treatment ['X4'] on outcome ['X1']
[2026-04-24 03:57:38,050][dowhy.causal_identifier.auto_identifier][WARNING] - No directed path from treatment to outcome. Causal Effect is zero.
[2026-04-24 03:57:38,050][dowhy.causal_model][INFO] - linear_regression
[2026-04-24 03:57:38,050][dowhy.causal_estimator][INFO] - INFO: Using Linear Regression Estimator
[2026-04-24 03:57:38,050][dowhy.causal_estimator][WARNING] - No directed path from ['X4'] to ['X1'].
[2026-04-24 03:57:38,052][dowhy.causal_model][INFO] - Model to find the causal effect of treatment ['X4'] on outcome ['X2']
[2026-04-24 03:57:38,052][dowhy.causal_identifier.auto_identifier][WARNING] - No directed path from treatment to outcome. Causal Effect is zero.
[2026-04-24 03:57:38,052][dowhy.causal_model][INFO] - linear_regression
[2026-04-24 03:57:38,052][dowhy.causal_estimator][INFO] - INFO: Using Linear Regression Estimator
[2026-04-24 03:57:38,052][dowhy.causal_estimator][WARNING] - No directed path from ['X4'] to ['X2'].
[2026-04-24 03:57:38,053][dowhy.causal_model][INFO] - Model to find the causal effect of treatment ['X4'] on outcome ['X3']
[2026-04-24 03:57:38,053][dowhy.causal_identifier.auto_identifier][WARNING] - No directed path from treatment to outcome. Causal Effect is zero.
[2026-04-24 03:57:38,053][dowhy.causal_model][INFO] - linear_regression
[2026-04-24 03:57:38,053][dowhy.causal_estimator][INFO] - INFO: Using Linear Regression Estimator
[2026-04-24 03:57:38,053][dowhy.causal_estimator][WARNING] - No directed path from ['X4'] to ['X3'].
[2026-04-24 03:57:38,055][dowhy.causal_model][INFO] - Model to find the causal effect of treatment ['X4'] on outcome ['X5']
[2026-04-24 03:57:38,056][dowhy.causal_identifier.auto_identifier][INFO] - Causal effect can be identified.
[2026-04-24 03:57:38,057][dowhy.causal_identifier.auto_identifier][INFO] - Instrumental variables for treatment and outcome:['X3']
[2026-04-24 03:57:38,057][dowhy.causal_identifier.auto_identifier][INFO] - Frontdoor variables for treatment and outcome:[]
[2026-04-24 03:57:38,057][dowhy.causal_model][INFO] - linear_regression
[2026-04-24 03:57:38,057][dowhy.causal_estimator][INFO] - INFO: Using Linear Regression Estimator
[2026-04-24 03:57:38,057][dowhy.causal_estimator][INFO] - b: X5~X4+X4*X2
[2026-04-24 03:57:38,097][dowhy.causal_model][INFO] - Model to find the causal effect of treatment ['X5'] on outcome ['X0']
[2026-04-24 03:57:38,097][dowhy.causal_identifier.auto_identifier][WARNING] - No directed path from treatment to outcome. Causal Effect is zero.
[2026-04-24 03:57:38,097][dowhy.causal_model][INFO] - linear_regression
[2026-04-24 03:57:38,097][dowhy.causal_estimator][INFO] - INFO: Using Linear Regression Estimator
[2026-04-24 03:57:38,097][dowhy.causal_estimator][WARNING] - No directed path from ['X5'] to ['X0'].
[2026-04-24 03:57:38,099][dowhy.causal_model][INFO] - Model to find the causal effect of treatment ['X5'] on outcome ['X1']
[2026-04-24 03:57:38,099][dowhy.causal_identifier.auto_identifier][WARNING] - No directed path from treatment to outcome. Causal Effect is zero.
[2026-04-24 03:57:38,099][dowhy.causal_model][INFO] - linear_regression
[2026-04-24 03:57:38,099][dowhy.causal_estimator][INFO] - INFO: Using Linear Regression Estimator
[2026-04-24 03:57:38,099][dowhy.causal_estimator][WARNING] - No directed path from ['X5'] to ['X1'].
[2026-04-24 03:57:38,101][dowhy.causal_model][INFO] - Model to find the causal effect of treatment ['X5'] on outcome ['X2']
[2026-04-24 03:57:38,101][dowhy.causal_identifier.auto_identifier][WARNING] - No directed path from treatment to outcome. Causal Effect is zero.
[2026-04-24 03:57:38,101][dowhy.causal_model][INFO] - linear_regression
[2026-04-24 03:57:38,101][dowhy.causal_estimator][INFO] - INFO: Using Linear Regression Estimator
[2026-04-24 03:57:38,101][dowhy.causal_estimator][WARNING] - No directed path from ['X5'] to ['X2'].
[2026-04-24 03:57:38,102][dowhy.causal_model][INFO] - Model to find the causal effect of treatment ['X5'] on outcome ['X3']
[2026-04-24 03:57:38,103][dowhy.causal_identifier.auto_identifier][WARNING] - No directed path from treatment to outcome. Causal Effect is zero.
[2026-04-24 03:57:38,103][dowhy.causal_model][INFO] - linear_regression
[2026-04-24 03:57:38,103][dowhy.causal_estimator][INFO] - INFO: Using Linear Regression Estimator
[2026-04-24 03:57:38,103][dowhy.causal_estimator][WARNING] - No directed path from ['X5'] to ['X3'].
[2026-04-24 03:57:38,104][dowhy.causal_model][INFO] - Model to find the causal effect of treatment ['X5'] on outcome ['X4']
[2026-04-24 03:57:38,104][dowhy.causal_identifier.auto_identifier][WARNING] - No directed path from treatment to outcome. Causal Effect is zero.
[2026-04-24 03:57:38,104][dowhy.causal_model][INFO] - linear_regression
[2026-04-24 03:57:38,104][dowhy.causal_estimator][INFO] - INFO: Using Linear Regression Estimator
[2026-04-24 03:57:38,104][dowhy.causal_estimator][WARNING] - No directed path from ['X5'] to ['X4'].
[2026-04-24 03:57:38,155][dowhy.causal_model][INFO] - Model to find the causal effect of treatment ['X0'] on outcome ['X1']
[2026-04-24 03:57:38,155][dowhy.causal_identifier.auto_identifier][WARNING] - No directed path from treatment to outcome. Causal Effect is zero.
[2026-04-24 03:57:38,155][dowhy.causal_model][INFO] - linear_regression
[2026-04-24 03:57:38,155][dowhy.causal_estimator][INFO] - INFO: Using Linear Regression Estimator
[2026-04-24 03:57:38,155][dowhy.causal_estimator][WARNING] - No directed path from ['X0'] to ['X1'].
[2026-04-24 03:57:38,157][dowhy.causal_model][INFO] - Model to find the causal effect of treatment ['X0'] on outcome ['X2']
[2026-04-24 03:57:38,157][dowhy.causal_identifier.auto_identifier][WARNING] - No directed path from treatment to outcome. Causal Effect is zero.
[2026-04-24 03:57:38,157][dowhy.causal_model][INFO] - linear_regression
[2026-04-24 03:57:38,157][dowhy.causal_estimator][INFO] - INFO: Using Linear Regression Estimator
[2026-04-24 03:57:38,157][dowhy.causal_estimator][WARNING] - No directed path from ['X0'] to ['X2'].
[2026-04-24 03:57:38,159][dowhy.causal_model][INFO] - Model to find the causal effect of treatment ['X0'] on outcome ['X3']
[2026-04-24 03:57:38,160][dowhy.causal_identifier.auto_identifier][INFO] - Causal effect can be identified.
[2026-04-24 03:57:38,160][dowhy.causal_identifier.auto_identifier][INFO] - Instrumental variables for treatment and outcome:[]
[2026-04-24 03:57:38,160][dowhy.causal_identifier.auto_identifier][INFO] - Frontdoor variables for treatment and outcome:[]
[2026-04-24 03:57:38,160][dowhy.causal_model][INFO] - linear_regression
[2026-04-24 03:57:38,161][dowhy.causal_estimator][INFO] - INFO: Using Linear Regression Estimator
[2026-04-24 03:57:38,161][dowhy.causal_estimator][INFO] - b: X3~X0+X0*X1
[2026-04-24 03:57:38,170][dowhy.causal_model][INFO] - Model to find the causal effect of treatment ['X0'] on outcome ['X4']
[2026-04-24 03:57:38,170][dowhy.causal_identifier.auto_identifier][INFO] - Causal effect can be identified.
[2026-04-24 03:57:38,171][dowhy.causal_identifier.auto_identifier][INFO] - Instrumental variables for treatment and outcome:[]
[2026-04-24 03:57:38,171][dowhy.causal_identifier.auto_identifier][INFO] - Frontdoor variables for treatment and outcome:['X3']
[2026-04-24 03:57:38,172][dowhy.causal_identifier.auto_identifier][INFO] - Causal effect can be identified.
[2026-04-24 03:57:38,173][dowhy.causal_identifier.auto_identifier][INFO] - Causal effect can be identified.
[2026-04-24 03:57:38,173][dowhy.causal_model][INFO] - linear_regression
[2026-04-24 03:57:38,173][dowhy.causal_estimator][INFO] - INFO: Using Linear Regression Estimator
[2026-04-24 03:57:38,173][dowhy.causal_estimator][INFO] - b: X4~X0+X0*X1
[2026-04-24 03:57:38,182][dowhy.causal_model][INFO] - Model to find the causal effect of treatment ['X0'] on outcome ['X5']
[2026-04-24 03:57:38,183][dowhy.causal_identifier.auto_identifier][INFO] - Causal effect can be identified.
[2026-04-24 03:57:38,183][dowhy.causal_identifier.auto_identifier][INFO] - Instrumental variables for treatment and outcome:[]
[2026-04-24 03:57:38,184][dowhy.causal_identifier.auto_identifier][INFO] - Frontdoor variables for treatment and outcome:['X3', 'X4']
[2026-04-24 03:57:38,184][dowhy.causal_identifier.auto_identifier][INFO] - Causal effect can be identified.
[2026-04-24 03:57:38,185][dowhy.causal_identifier.auto_identifier][INFO] - Causal effect can be identified.
[2026-04-24 03:57:38,186][dowhy.causal_model][INFO] - linear_regression
[2026-04-24 03:57:38,186][dowhy.causal_estimator][INFO] - INFO: Using Linear Regression Estimator
[2026-04-24 03:57:38,186][dowhy.causal_estimator][INFO] - b: X5~X0+X0*X2+X0*X1
[2026-04-24 03:57:38,233][dowhy.causal_model][INFO] - Model to find the causal effect of treatment ['X1'] on outcome ['X0']
[2026-04-24 03:57:38,233][dowhy.causal_identifier.auto_identifier][WARNING] - No directed path from treatment to outcome. Causal Effect is zero.
[2026-04-24 03:57:38,233][dowhy.causal_model][INFO] - linear_regression
[2026-04-24 03:57:38,233][dowhy.causal_estimator][INFO] - INFO: Using Linear Regression Estimator
[2026-04-24 03:57:38,233][dowhy.causal_estimator][WARNING] - No directed path from ['X1'] to ['X0'].
[2026-04-24 03:57:38,235][dowhy.causal_model][INFO] - Model to find the causal effect of treatment ['X1'] on outcome ['X2']
[2026-04-24 03:57:38,235][dowhy.causal_identifier.auto_identifier][WARNING] - No directed path from treatment to outcome. Causal Effect is zero.
[2026-04-24 03:57:38,235][dowhy.causal_model][INFO] - linear_regression
[2026-04-24 03:57:38,235][dowhy.causal_estimator][INFO] - INFO: Using Linear Regression Estimator
[2026-04-24 03:57:38,235][dowhy.causal_estimator][WARNING] - No directed path from ['X1'] to ['X2'].
[2026-04-24 03:57:38,237][dowhy.causal_model][INFO] - Model to find the causal effect of treatment ['X1'] on outcome ['X3']
[2026-04-24 03:57:38,238][dowhy.causal_identifier.auto_identifier][INFO] - Causal effect can be identified.
[2026-04-24 03:57:38,238][dowhy.causal_identifier.auto_identifier][INFO] - Instrumental variables for treatment and outcome:[]
[2026-04-24 03:57:38,238][dowhy.causal_identifier.auto_identifier][INFO] - Frontdoor variables for treatment and outcome:[]
[2026-04-24 03:57:38,238][dowhy.causal_model][INFO] - linear_regression
[2026-04-24 03:57:38,238][dowhy.causal_estimator][INFO] - INFO: Using Linear Regression Estimator
[2026-04-24 03:57:38,239][dowhy.causal_estimator][INFO] - b: X3~X1+X1*X0
[2026-04-24 03:57:38,247][dowhy.causal_model][INFO] - Model to find the causal effect of treatment ['X1'] on outcome ['X4']
[2026-04-24 03:57:38,248][dowhy.causal_identifier.auto_identifier][INFO] - Causal effect can be identified.
[2026-04-24 03:57:38,248][dowhy.causal_identifier.auto_identifier][INFO] - Instrumental variables for treatment and outcome:[]
[2026-04-24 03:57:38,249][dowhy.causal_identifier.auto_identifier][INFO] - Frontdoor variables for treatment and outcome:['X3']
[2026-04-24 03:57:38,249][dowhy.causal_identifier.auto_identifier][INFO] - Causal effect can be identified.
[2026-04-24 03:57:38,250][dowhy.causal_identifier.auto_identifier][INFO] - Causal effect can be identified.
[2026-04-24 03:57:38,251][dowhy.causal_model][INFO] - linear_regression
[2026-04-24 03:57:38,251][dowhy.causal_estimator][INFO] - INFO: Using Linear Regression Estimator
[2026-04-24 03:57:38,251][dowhy.causal_estimator][INFO] - b: X4~X1+X1*X0
[2026-04-24 03:57:38,258][dowhy.causal_model][INFO] - Model to find the causal effect of treatment ['X1'] on outcome ['X5']
[2026-04-24 03:57:38,259][dowhy.causal_identifier.auto_identifier][INFO] - Causal effect can be identified.
[2026-04-24 03:57:38,259][dowhy.causal_identifier.auto_identifier][INFO] - Instrumental variables for treatment and outcome:[]
[2026-04-24 03:57:38,260][dowhy.causal_identifier.auto_identifier][INFO] - Frontdoor variables for treatment and outcome:['X3', 'X4']
[2026-04-24 03:57:38,261][dowhy.causal_identifier.auto_identifier][INFO] - Causal effect can be identified.
[2026-04-24 03:57:38,262][dowhy.causal_identifier.auto_identifier][INFO] - Causal effect can be identified.
[2026-04-24 03:57:38,262][dowhy.causal_model][INFO] - linear_regression
[2026-04-24 03:57:38,262][dowhy.causal_estimator][INFO] - INFO: Using Linear Regression Estimator
[2026-04-24 03:57:38,262][dowhy.causal_estimator][INFO] - b: X5~X1+X1*X2+X1*X0
[2026-04-24 03:57:38,303][dowhy.causal_model][INFO] - Model to find the causal effect of treatment ['X2'] on outcome ['X0']
[2026-04-24 03:57:38,303][dowhy.causal_identifier.auto_identifier][WARNING] - No directed path from treatment to outcome. Causal Effect is zero.
[2026-04-24 03:57:38,303][dowhy.causal_model][INFO] - linear_regression
[2026-04-24 03:57:38,303][dowhy.causal_estimator][INFO] - INFO: Using Linear Regression Estimator
[2026-04-24 03:57:38,303][dowhy.causal_estimator][WARNING] - No directed path from ['X2'] to ['X0'].
[2026-04-24 03:57:38,305][dowhy.causal_model][INFO] - Model to find the causal effect of treatment ['X2'] on outcome ['X1']
[2026-04-24 03:57:38,305][dowhy.causal_identifier.auto_identifier][WARNING] - No directed path from treatment to outcome. Causal Effect is zero.
[2026-04-24 03:57:38,305][dowhy.causal_model][INFO] - linear_regression
[2026-04-24 03:57:38,305][dowhy.causal_estimator][INFO] - INFO: Using Linear Regression Estimator
[2026-04-24 03:57:38,305][dowhy.causal_estimator][WARNING] - No directed path from ['X2'] to ['X1'].
[2026-04-24 03:57:38,307][dowhy.causal_model][INFO] - Model to find the causal effect of treatment ['X2'] on outcome ['X3']
[2026-04-24 03:57:38,307][dowhy.causal_identifier.auto_identifier][WARNING] - No directed path from treatment to outcome. Causal Effect is zero.
[2026-04-24 03:57:38,307][dowhy.causal_model][INFO] - linear_regression
[2026-04-24 03:57:38,307][dowhy.causal_estimator][INFO] - INFO: Using Linear Regression Estimator
[2026-04-24 03:57:38,307][dowhy.causal_estimator][WARNING] - No directed path from ['X2'] to ['X3'].
[2026-04-24 03:57:38,308][dowhy.causal_model][INFO] - Model to find the causal effect of treatment ['X2'] on outcome ['X4']
[2026-04-24 03:57:38,308][dowhy.causal_identifier.auto_identifier][WARNING] - No directed path from treatment to outcome. Causal Effect is zero.
[2026-04-24 03:57:38,308][dowhy.causal_model][INFO] - linear_regression
[2026-04-24 03:57:38,308][dowhy.causal_estimator][INFO] - INFO: Using Linear Regression Estimator
[2026-04-24 03:57:38,308][dowhy.causal_estimator][WARNING] - No directed path from ['X2'] to ['X4'].
[2026-04-24 03:57:38,310][dowhy.causal_model][INFO] - Model to find the causal effect of treatment ['X2'] on outcome ['X5']
[2026-04-24 03:57:38,311][dowhy.causal_identifier.auto_identifier][INFO] - Causal effect can be identified.
[2026-04-24 03:57:38,312][dowhy.causal_identifier.auto_identifier][INFO] - Instrumental variables for treatment and outcome:[]
[2026-04-24 03:57:38,312][dowhy.causal_identifier.auto_identifier][INFO] - Frontdoor variables for treatment and outcome:[]
[2026-04-24 03:57:38,312][dowhy.causal_model][INFO] - linear_regression
[2026-04-24 03:57:38,312][dowhy.causal_estimator][INFO] - INFO: Using Linear Regression Estimator
[2026-04-24 03:57:38,312][dowhy.causal_estimator][INFO] - b: X5~X2+X2*X3+X2*X4+X2*X0+X2*X1
[2026-04-24 03:57:38,350][dowhy.causal_model][INFO] - Model to find the causal effect of treatment ['X3'] on outcome ['X0']
[2026-04-24 03:57:38,350][dowhy.causal_identifier.auto_identifier][WARNING] - No directed path from treatment to outcome. Causal Effect is zero.
[2026-04-24 03:57:38,350][dowhy.causal_model][INFO] - linear_regression
[2026-04-24 03:57:38,351][dowhy.causal_estimator][INFO] - INFO: Using Linear Regression Estimator
[2026-04-24 03:57:38,351][dowhy.causal_estimator][WARNING] - No directed path from ['X3'] to ['X0'].
[2026-04-24 03:57:38,352][dowhy.causal_model][INFO] - Model to find the causal effect of treatment ['X3'] on outcome ['X1']
[2026-04-24 03:57:38,352][dowhy.causal_identifier.auto_identifier][WARNING] - No directed path from treatment to outcome. Causal Effect is zero.
[2026-04-24 03:57:38,352][dowhy.causal_model][INFO] - linear_regression
[2026-04-24 03:57:38,352][dowhy.causal_estimator][INFO] - INFO: Using Linear Regression Estimator
[2026-04-24 03:57:38,352][dowhy.causal_estimator][WARNING] - No directed path from ['X3'] to ['X1'].
[2026-04-24 03:57:38,354][dowhy.causal_model][INFO] - Model to find the causal effect of treatment ['X3'] on outcome ['X2']
[2026-04-24 03:57:38,354][dowhy.causal_identifier.auto_identifier][WARNING] - No directed path from treatment to outcome. Causal Effect is zero.
[2026-04-24 03:57:38,354][dowhy.causal_model][INFO] - linear_regression
[2026-04-24 03:57:38,354][dowhy.causal_estimator][INFO] - INFO: Using Linear Regression Estimator
[2026-04-24 03:57:38,354][dowhy.causal_estimator][WARNING] - No directed path from ['X3'] to ['X2'].
[2026-04-24 03:57:38,356][dowhy.causal_model][INFO] - Model to find the causal effect of treatment ['X3'] on outcome ['X4']
[2026-04-24 03:57:38,356][dowhy.causal_identifier.auto_identifier][INFO] - Causal effect can be identified.
[2026-04-24 03:57:38,357][dowhy.causal_identifier.auto_identifier][INFO] - Instrumental variables for treatment and outcome:['X0', 'X1']
[2026-04-24 03:57:38,357][dowhy.causal_identifier.auto_identifier][INFO] - Frontdoor variables for treatment and outcome:[]
[2026-04-24 03:57:38,357][dowhy.causal_model][INFO] - linear_regression
[2026-04-24 03:57:38,357][dowhy.causal_estimator][INFO] - INFO: Using Linear Regression Estimator
[2026-04-24 03:57:38,357][dowhy.causal_estimator][INFO] - b: X4~X3
[2026-04-24 03:57:38,364][dowhy.causal_model][INFO] - Model to find the causal effect of treatment ['X3'] on outcome ['X5']
[2026-04-24 03:57:38,365][dowhy.causal_identifier.auto_identifier][INFO] - Causal effect can be identified.
[2026-04-24 03:57:38,365][dowhy.causal_identifier.auto_identifier][INFO] - Instrumental variables for treatment and outcome:['X0', 'X1']
[2026-04-24 03:57:38,366][dowhy.causal_identifier.auto_identifier][INFO] - Frontdoor variables for treatment and outcome:['X4']
[2026-04-24 03:57:38,367][dowhy.causal_identifier.auto_identifier][INFO] - Causal effect can be identified.
[2026-04-24 03:57:38,368][dowhy.causal_identifier.auto_identifier][INFO] - Causal effect can be identified.
[2026-04-24 03:57:38,368][dowhy.causal_model][INFO] - linear_regression
[2026-04-24 03:57:38,368][dowhy.causal_estimator][INFO] - INFO: Using Linear Regression Estimator
[2026-04-24 03:57:38,369][dowhy.causal_estimator][INFO] - b: X5~X3+X3*X2
[2026-04-24 03:57:38,501][dowhy.causal_model][INFO] - Model to find the causal effect of treatment ['X4'] on outcome ['X0']
[2026-04-24 03:57:38,501][dowhy.causal_identifier.auto_identifier][WARNING] - No directed path from treatment to outcome. Causal Effect is zero.
[2026-04-24 03:57:38,501][dowhy.causal_model][INFO] - linear_regression
[2026-04-24 03:57:38,501][dowhy.causal_estimator][INFO] - INFO: Using Linear Regression Estimator
[2026-04-24 03:57:38,501][dowhy.causal_estimator][WARNING] - No directed path from ['X4'] to ['X0'].
[2026-04-24 03:57:38,503][dowhy.causal_model][INFO] - Model to find the causal effect of treatment ['X4'] on outcome ['X1']
[2026-04-24 03:57:38,503][dowhy.causal_identifier.auto_identifier][WARNING] - No directed path from treatment to outcome. Causal Effect is zero.
[2026-04-24 03:57:38,503][dowhy.causal_model][INFO] - linear_regression
[2026-04-24 03:57:38,503][dowhy.causal_estimator][INFO] - INFO: Using Linear Regression Estimator
[2026-04-24 03:57:38,503][dowhy.causal_estimator][WARNING] - No directed path from ['X4'] to ['X1'].
[2026-04-24 03:57:38,505][dowhy.causal_model][INFO] - Model to find the causal effect of treatment ['X4'] on outcome ['X2']
[2026-04-24 03:57:38,505][dowhy.causal_identifier.auto_identifier][WARNING] - No directed path from treatment to outcome. Causal Effect is zero.
[2026-04-24 03:57:38,505][dowhy.causal_model][INFO] - linear_regression
[2026-04-24 03:57:38,505][dowhy.causal_estimator][INFO] - INFO: Using Linear Regression Estimator
[2026-04-24 03:57:38,505][dowhy.causal_estimator][WARNING] - No directed path from ['X4'] to ['X2'].
[2026-04-24 03:57:38,506][dowhy.causal_model][INFO] - Model to find the causal effect of treatment ['X4'] on outcome ['X3']
[2026-04-24 03:57:38,506][dowhy.causal_identifier.auto_identifier][WARNING] - No directed path from treatment to outcome. Causal Effect is zero.
[2026-04-24 03:57:38,506][dowhy.causal_model][INFO] - linear_regression
[2026-04-24 03:57:38,507][dowhy.causal_estimator][INFO] - INFO: Using Linear Regression Estimator
[2026-04-24 03:57:38,507][dowhy.causal_estimator][WARNING] - No directed path from ['X4'] to ['X3'].
[2026-04-24 03:57:38,508][dowhy.causal_model][INFO] - Model to find the causal effect of treatment ['X4'] on outcome ['X5']
[2026-04-24 03:57:38,509][dowhy.causal_identifier.auto_identifier][INFO] - Causal effect can be identified.
[2026-04-24 03:57:38,510][dowhy.causal_identifier.auto_identifier][INFO] - Instrumental variables for treatment and outcome:['X3']
[2026-04-24 03:57:38,510][dowhy.causal_identifier.auto_identifier][INFO] - Frontdoor variables for treatment and outcome:[]
[2026-04-24 03:57:38,510][dowhy.causal_model][INFO] - linear_regression
[2026-04-24 03:57:38,510][dowhy.causal_estimator][INFO] - INFO: Using Linear Regression Estimator
[2026-04-24 03:57:38,511][dowhy.causal_estimator][INFO] - b: X5~X4+X4*X2
[2026-04-24 03:57:38,550][dowhy.causal_model][INFO] - Model to find the causal effect of treatment ['X5'] on outcome ['X0']
[2026-04-24 03:57:38,550][dowhy.causal_identifier.auto_identifier][WARNING] - No directed path from treatment to outcome. Causal Effect is zero.
[2026-04-24 03:57:38,550][dowhy.causal_model][INFO] - linear_regression
[2026-04-24 03:57:38,551][dowhy.causal_estimator][INFO] - INFO: Using Linear Regression Estimator
[2026-04-24 03:57:38,551][dowhy.causal_estimator][WARNING] - No directed path from ['X5'] to ['X0'].
[2026-04-24 03:57:38,552][dowhy.causal_model][INFO] - Model to find the causal effect of treatment ['X5'] on outcome ['X1']
[2026-04-24 03:57:38,552][dowhy.causal_identifier.auto_identifier][WARNING] - No directed path from treatment to outcome. Causal Effect is zero.
[2026-04-24 03:57:38,552][dowhy.causal_model][INFO] - linear_regression
[2026-04-24 03:57:38,552][dowhy.causal_estimator][INFO] - INFO: Using Linear Regression Estimator
[2026-04-24 03:57:38,552][dowhy.causal_estimator][WARNING] - No directed path from ['X5'] to ['X1'].
[2026-04-24 03:57:38,554][dowhy.causal_model][INFO] - Model to find the causal effect of treatment ['X5'] on outcome ['X2']
[2026-04-24 03:57:38,554][dowhy.causal_identifier.auto_identifier][WARNING] - No directed path from treatment to outcome. Causal Effect is zero.
[2026-04-24 03:57:38,554][dowhy.causal_model][INFO] - linear_regression
[2026-04-24 03:57:38,554][dowhy.causal_estimator][INFO] - INFO: Using Linear Regression Estimator
[2026-04-24 03:57:38,554][dowhy.causal_estimator][WARNING] - No directed path from ['X5'] to ['X2'].
[2026-04-24 03:57:38,556][dowhy.causal_model][INFO] - Model to find the causal effect of treatment ['X5'] on outcome ['X3']
[2026-04-24 03:57:38,556][dowhy.causal_identifier.auto_identifier][WARNING] - No directed path from treatment to outcome. Causal Effect is zero.
[2026-04-24 03:57:38,556][dowhy.causal_model][INFO] - linear_regression
[2026-04-24 03:57:38,556][dowhy.causal_estimator][INFO] - INFO: Using Linear Regression Estimator
[2026-04-24 03:57:38,556][dowhy.causal_estimator][WARNING] - No directed path from ['X5'] to ['X3'].
[2026-04-24 03:57:38,557][dowhy.causal_model][INFO] - Model to find the causal effect of treatment ['X5'] on outcome ['X4']
[2026-04-24 03:57:38,557][dowhy.causal_identifier.auto_identifier][WARNING] - No directed path from treatment to outcome. Causal Effect is zero.
[2026-04-24 03:57:38,558][dowhy.causal_model][INFO] - linear_regression
[2026-04-24 03:57:38,558][dowhy.causal_estimator][INFO] - INFO: Using Linear Regression Estimator
[2026-04-24 03:57:38,558][dowhy.causal_estimator][WARNING] - No directed path from ['X5'] to ['X4'].
[2026-04-24 03:57:38,610][dowhy.causal_model][INFO] - Model to find the causal effect of treatment ['X0'] on outcome ['X1']
[2026-04-24 03:57:38,610][dowhy.causal_identifier.auto_identifier][WARNING] - No directed path from treatment to outcome. Causal Effect is zero.
[2026-04-24 03:57:38,610][dowhy.causal_model][INFO] - linear_regression
[2026-04-24 03:57:38,610][dowhy.causal_estimator][INFO] - INFO: Using Linear Regression Estimator
[2026-04-24 03:57:38,610][dowhy.causal_estimator][WARNING] - No directed path from ['X0'] to ['X1'].
[2026-04-24 03:57:38,612][dowhy.causal_model][INFO] - Model to find the causal effect of treatment ['X0'] on outcome ['X2']
[2026-04-24 03:57:38,612][dowhy.causal_identifier.auto_identifier][WARNING] - No directed path from treatment to outcome. Causal Effect is zero.
[2026-04-24 03:57:38,612][dowhy.causal_model][INFO] - linear_regression
[2026-04-24 03:57:38,612][dowhy.causal_estimator][INFO] - INFO: Using Linear Regression Estimator
[2026-04-24 03:57:38,612][dowhy.causal_estimator][WARNING] - No directed path from ['X0'] to ['X2'].
[2026-04-24 03:57:38,614][dowhy.causal_model][INFO] - Model to find the causal effect of treatment ['X0'] on outcome ['X3']
[2026-04-24 03:57:38,615][dowhy.causal_identifier.auto_identifier][INFO] - Causal effect can be identified.
[2026-04-24 03:57:38,615][dowhy.causal_identifier.auto_identifier][INFO] - Instrumental variables for treatment and outcome:[]
[2026-04-24 03:57:38,615][dowhy.causal_identifier.auto_identifier][INFO] - Frontdoor variables for treatment and outcome:[]
[2026-04-24 03:57:38,615][dowhy.causal_model][INFO] - linear_regression
[2026-04-24 03:57:38,615][dowhy.causal_estimator][INFO] - INFO: Using Linear Regression Estimator
[2026-04-24 03:57:38,616][dowhy.causal_estimator][INFO] - b: X3~X0+X0*X1
[2026-04-24 03:57:38,624][dowhy.causal_model][INFO] - Model to find the causal effect of treatment ['X0'] on outcome ['X4']
[2026-04-24 03:57:38,625][dowhy.causal_identifier.auto_identifier][INFO] - Causal effect can be identified.
[2026-04-24 03:57:38,625][dowhy.causal_identifier.auto_identifier][INFO] - Instrumental variables for treatment and outcome:[]
[2026-04-24 03:57:38,626][dowhy.causal_identifier.auto_identifier][INFO] - Frontdoor variables for treatment and outcome:['X3']
[2026-04-24 03:57:38,626][dowhy.causal_identifier.auto_identifier][INFO] - Causal effect can be identified.
[2026-04-24 03:57:38,627][dowhy.causal_identifier.auto_identifier][INFO] - Causal effect can be identified.
[2026-04-24 03:57:38,628][dowhy.causal_model][INFO] - linear_regression
[2026-04-24 03:57:38,628][dowhy.causal_estimator][INFO] - INFO: Using Linear Regression Estimator
[2026-04-24 03:57:38,628][dowhy.causal_estimator][INFO] - b: X4~X0+X0*X1
[2026-04-24 03:57:38,637][dowhy.causal_model][INFO] - Model to find the causal effect of treatment ['X0'] on outcome ['X5']
[2026-04-24 03:57:38,637][dowhy.causal_identifier.auto_identifier][INFO] - Causal effect can be identified.
[2026-04-24 03:57:38,638][dowhy.causal_identifier.auto_identifier][INFO] - Instrumental variables for treatment and outcome:[]
[2026-04-24 03:57:38,639][dowhy.causal_identifier.auto_identifier][INFO] - Frontdoor variables for treatment and outcome:['X3', 'X4']
[2026-04-24 03:57:38,639][dowhy.causal_identifier.auto_identifier][INFO] - Causal effect can be identified.
[2026-04-24 03:57:38,640][dowhy.causal_identifier.auto_identifier][INFO] - Causal effect can be identified.
[2026-04-24 03:57:38,641][dowhy.causal_model][INFO] - linear_regression
[2026-04-24 03:57:38,641][dowhy.causal_estimator][INFO] - INFO: Using Linear Regression Estimator
[2026-04-24 03:57:38,641][dowhy.causal_estimator][INFO] - b: X5~X0+X0*X2+X0*X1
[2026-04-24 03:57:38,689][dowhy.causal_model][INFO] - Model to find the causal effect of treatment ['X1'] on outcome ['X0']
[2026-04-24 03:57:38,689][dowhy.causal_identifier.auto_identifier][WARNING] - No directed path from treatment to outcome. Causal Effect is zero.
[2026-04-24 03:57:38,689][dowhy.causal_model][INFO] - linear_regression
[2026-04-24 03:57:38,689][dowhy.causal_estimator][INFO] - INFO: Using Linear Regression Estimator
[2026-04-24 03:57:38,689][dowhy.causal_estimator][WARNING] - No directed path from ['X1'] to ['X0'].
[2026-04-24 03:57:38,691][dowhy.causal_model][INFO] - Model to find the causal effect of treatment ['X1'] on outcome ['X2']
[2026-04-24 03:57:38,691][dowhy.causal_identifier.auto_identifier][WARNING] - No directed path from treatment to outcome. Causal Effect is zero.
[2026-04-24 03:57:38,691][dowhy.causal_model][INFO] - linear_regression
[2026-04-24 03:57:38,691][dowhy.causal_estimator][INFO] - INFO: Using Linear Regression Estimator
[2026-04-24 03:57:38,691][dowhy.causal_estimator][WARNING] - No directed path from ['X1'] to ['X2'].
[2026-04-24 03:57:38,692][dowhy.causal_model][INFO] - Model to find the causal effect of treatment ['X1'] on outcome ['X3']
[2026-04-24 03:57:38,693][dowhy.causal_identifier.auto_identifier][INFO] - Causal effect can be identified.
[2026-04-24 03:57:38,693][dowhy.causal_identifier.auto_identifier][INFO] - Instrumental variables for treatment and outcome:[]
[2026-04-24 03:57:38,693][dowhy.causal_identifier.auto_identifier][INFO] - Frontdoor variables for treatment and outcome:[]
[2026-04-24 03:57:38,694][dowhy.causal_model][INFO] - linear_regression
[2026-04-24 03:57:38,694][dowhy.causal_estimator][INFO] - INFO: Using Linear Regression Estimator
[2026-04-24 03:57:38,694][dowhy.causal_estimator][INFO] - b: X3~X1+X1*X0
[2026-04-24 03:57:38,702][dowhy.causal_model][INFO] - Model to find the causal effect of treatment ['X1'] on outcome ['X4']
[2026-04-24 03:57:38,702][dowhy.causal_identifier.auto_identifier][INFO] - Causal effect can be identified.
[2026-04-24 03:57:38,702][dowhy.causal_identifier.auto_identifier][INFO] - Instrumental variables for treatment and outcome:[]
[2026-04-24 03:57:38,703][dowhy.causal_identifier.auto_identifier][INFO] - Frontdoor variables for treatment and outcome:['X3']
[2026-04-24 03:57:38,703][dowhy.causal_identifier.auto_identifier][INFO] - Causal effect can be identified.
[2026-04-24 03:57:38,704][dowhy.causal_identifier.auto_identifier][INFO] - Causal effect can be identified.
[2026-04-24 03:57:38,705][dowhy.causal_model][INFO] - linear_regression
[2026-04-24 03:57:38,705][dowhy.causal_estimator][INFO] - INFO: Using Linear Regression Estimator
[2026-04-24 03:57:38,705][dowhy.causal_estimator][INFO] - b: X4~X1+X1*X0
[2026-04-24 03:57:38,712][dowhy.causal_model][INFO] - Model to find the causal effect of treatment ['X1'] on outcome ['X5']
[2026-04-24 03:57:38,713][dowhy.causal_identifier.auto_identifier][INFO] - Causal effect can be identified.
[2026-04-24 03:57:38,713][dowhy.causal_identifier.auto_identifier][INFO] - Instrumental variables for treatment and outcome:[]
[2026-04-24 03:57:38,714][dowhy.causal_identifier.auto_identifier][INFO] - Frontdoor variables for treatment and outcome:['X3', 'X4']
[2026-04-24 03:57:38,714][dowhy.causal_identifier.auto_identifier][INFO] - Causal effect can be identified.
[2026-04-24 03:57:38,715][dowhy.causal_identifier.auto_identifier][INFO] - Causal effect can be identified.
[2026-04-24 03:57:38,716][dowhy.causal_model][INFO] - linear_regression
[2026-04-24 03:57:38,716][dowhy.causal_estimator][INFO] - INFO: Using Linear Regression Estimator
[2026-04-24 03:57:38,716][dowhy.causal_estimator][INFO] - b: X5~X1+X1*X2+X1*X0
[2026-04-24 03:57:38,758][dowhy.causal_model][INFO] - Model to find the causal effect of treatment ['X2'] on outcome ['X0']
[2026-04-24 03:57:38,758][dowhy.causal_identifier.auto_identifier][WARNING] - No directed path from treatment to outcome. Causal Effect is zero.
[2026-04-24 03:57:38,758][dowhy.causal_model][INFO] - linear_regression
[2026-04-24 03:57:38,758][dowhy.causal_estimator][INFO] - INFO: Using Linear Regression Estimator
[2026-04-24 03:57:38,758][dowhy.causal_estimator][WARNING] - No directed path from ['X2'] to ['X0'].
[2026-04-24 03:57:38,760][dowhy.causal_model][INFO] - Model to find the causal effect of treatment ['X2'] on outcome ['X1']
[2026-04-24 03:57:38,760][dowhy.causal_identifier.auto_identifier][WARNING] - No directed path from treatment to outcome. Causal Effect is zero.
[2026-04-24 03:57:38,760][dowhy.causal_model][INFO] - linear_regression
[2026-04-24 03:57:38,760][dowhy.causal_estimator][INFO] - INFO: Using Linear Regression Estimator
[2026-04-24 03:57:38,760][dowhy.causal_estimator][WARNING] - No directed path from ['X2'] to ['X1'].
[2026-04-24 03:57:38,762][dowhy.causal_model][INFO] - Model to find the causal effect of treatment ['X2'] on outcome ['X3']
[2026-04-24 03:57:38,762][dowhy.causal_identifier.auto_identifier][WARNING] - No directed path from treatment to outcome. Causal Effect is zero.
[2026-04-24 03:57:38,762][dowhy.causal_model][INFO] - linear_regression
[2026-04-24 03:57:38,762][dowhy.causal_estimator][INFO] - INFO: Using Linear Regression Estimator
[2026-04-24 03:57:38,762][dowhy.causal_estimator][WARNING] - No directed path from ['X2'] to ['X3'].
[2026-04-24 03:57:38,763][dowhy.causal_model][INFO] - Model to find the causal effect of treatment ['X2'] on outcome ['X4']
[2026-04-24 03:57:38,763][dowhy.causal_identifier.auto_identifier][WARNING] - No directed path from treatment to outcome. Causal Effect is zero.
[2026-04-24 03:57:38,763][dowhy.causal_model][INFO] - linear_regression
[2026-04-24 03:57:38,763][dowhy.causal_estimator][INFO] - INFO: Using Linear Regression Estimator
[2026-04-24 03:57:38,763][dowhy.causal_estimator][WARNING] - No directed path from ['X2'] to ['X4'].
[2026-04-24 03:57:38,765][dowhy.causal_model][INFO] - Model to find the causal effect of treatment ['X2'] on outcome ['X5']
[2026-04-24 03:57:38,766][dowhy.causal_identifier.auto_identifier][INFO] - Causal effect can be identified.
[2026-04-24 03:57:38,766][dowhy.causal_identifier.auto_identifier][INFO] - Instrumental variables for treatment and outcome:[]
[2026-04-24 03:57:38,766][dowhy.causal_identifier.auto_identifier][INFO] - Frontdoor variables for treatment and outcome:[]
[2026-04-24 03:57:38,767][dowhy.causal_model][INFO] - linear_regression
[2026-04-24 03:57:38,767][dowhy.causal_estimator][INFO] - INFO: Using Linear Regression Estimator
[2026-04-24 03:57:38,767][dowhy.causal_estimator][INFO] - b: X5~X2+X2*X3+X2*X4+X2*X0+X2*X1
[2026-04-24 03:57:38,808][dowhy.causal_model][INFO] - Model to find the causal effect of treatment ['X3'] on outcome ['X0']
[2026-04-24 03:57:38,808][dowhy.causal_identifier.auto_identifier][WARNING] - No directed path from treatment to outcome. Causal Effect is zero.
[2026-04-24 03:57:38,808][dowhy.causal_model][INFO] - linear_regression
[2026-04-24 03:57:38,809][dowhy.causal_estimator][INFO] - INFO: Using Linear Regression Estimator
[2026-04-24 03:57:38,809][dowhy.causal_estimator][WARNING] - No directed path from ['X3'] to ['X0'].
[2026-04-24 03:57:38,811][dowhy.causal_model][INFO] - Model to find the causal effect of treatment ['X3'] on outcome ['X1']
[2026-04-24 03:57:38,811][dowhy.causal_identifier.auto_identifier][WARNING] - No directed path from treatment to outcome. Causal Effect is zero.
[2026-04-24 03:57:38,811][dowhy.causal_model][INFO] - linear_regression
[2026-04-24 03:57:38,811][dowhy.causal_estimator][INFO] - INFO: Using Linear Regression Estimator
[2026-04-24 03:57:38,811][dowhy.causal_estimator][WARNING] - No directed path from ['X3'] to ['X1'].
[2026-04-24 03:57:38,813][dowhy.causal_model][INFO] - Model to find the causal effect of treatment ['X3'] on outcome ['X2']
[2026-04-24 03:57:38,813][dowhy.causal_identifier.auto_identifier][WARNING] - No directed path from treatment to outcome. Causal Effect is zero.
[2026-04-24 03:57:38,813][dowhy.causal_model][INFO] - linear_regression
[2026-04-24 03:57:38,813][dowhy.causal_estimator][INFO] - INFO: Using Linear Regression Estimator
[2026-04-24 03:57:38,813][dowhy.causal_estimator][WARNING] - No directed path from ['X3'] to ['X2'].
[2026-04-24 03:57:38,815][dowhy.causal_model][INFO] - Model to find the causal effect of treatment ['X3'] on outcome ['X4']
[2026-04-24 03:57:38,815][dowhy.causal_identifier.auto_identifier][INFO] - Causal effect can be identified.
[2026-04-24 03:57:38,816][dowhy.causal_identifier.auto_identifier][INFO] - Instrumental variables for treatment and outcome:['X0', 'X1']
[2026-04-24 03:57:38,816][dowhy.causal_identifier.auto_identifier][INFO] - Frontdoor variables for treatment and outcome:[]
[2026-04-24 03:57:38,816][dowhy.causal_model][INFO] - linear_regression
[2026-04-24 03:57:38,816][dowhy.causal_estimator][INFO] - INFO: Using Linear Regression Estimator
[2026-04-24 03:57:38,816][dowhy.causal_estimator][INFO] - b: X4~X3
[2026-04-24 03:57:38,824][dowhy.causal_model][INFO] - Model to find the causal effect of treatment ['X3'] on outcome ['X5']
[2026-04-24 03:57:38,824][dowhy.causal_identifier.auto_identifier][INFO] - Causal effect can be identified.
[2026-04-24 03:57:38,825][dowhy.causal_identifier.auto_identifier][INFO] - Instrumental variables for treatment and outcome:['X0', 'X1']
[2026-04-24 03:57:38,826][dowhy.causal_identifier.auto_identifier][INFO] - Frontdoor variables for treatment and outcome:['X4']
[2026-04-24 03:57:38,826][dowhy.causal_identifier.auto_identifier][INFO] - Causal effect can be identified.
[2026-04-24 03:57:38,828][dowhy.causal_identifier.auto_identifier][INFO] - Causal effect can be identified.
[2026-04-24 03:57:38,828][dowhy.causal_model][INFO] - linear_regression
[2026-04-24 03:57:38,828][dowhy.causal_estimator][INFO] - INFO: Using Linear Regression Estimator
[2026-04-24 03:57:38,829][dowhy.causal_estimator][INFO] - b: X5~X3+X3*X2
[2026-04-24 03:57:38,875][dowhy.causal_model][INFO] - Model to find the causal effect of treatment ['X4'] on outcome ['X0']
[2026-04-24 03:57:38,875][dowhy.causal_identifier.auto_identifier][WARNING] - No directed path from treatment to outcome. Causal Effect is zero.
[2026-04-24 03:57:38,875][dowhy.causal_model][INFO] - linear_regression
[2026-04-24 03:57:38,875][dowhy.causal_estimator][INFO] - INFO: Using Linear Regression Estimator
[2026-04-24 03:57:38,875][dowhy.causal_estimator][WARNING] - No directed path from ['X4'] to ['X0'].
[2026-04-24 03:57:38,877][dowhy.causal_model][INFO] - Model to find the causal effect of treatment ['X4'] on outcome ['X1']
[2026-04-24 03:57:38,877][dowhy.causal_identifier.auto_identifier][WARNING] - No directed path from treatment to outcome. Causal Effect is zero.
[2026-04-24 03:57:38,877][dowhy.causal_model][INFO] - linear_regression
[2026-04-24 03:57:38,877][dowhy.causal_estimator][INFO] - INFO: Using Linear Regression Estimator
[2026-04-24 03:57:38,877][dowhy.causal_estimator][WARNING] - No directed path from ['X4'] to ['X1'].
[2026-04-24 03:57:38,879][dowhy.causal_model][INFO] - Model to find the causal effect of treatment ['X4'] on outcome ['X2']
[2026-04-24 03:57:38,879][dowhy.causal_identifier.auto_identifier][WARNING] - No directed path from treatment to outcome. Causal Effect is zero.
[2026-04-24 03:57:38,879][dowhy.causal_model][INFO] - linear_regression
[2026-04-24 03:57:38,879][dowhy.causal_estimator][INFO] - INFO: Using Linear Regression Estimator
[2026-04-24 03:57:38,879][dowhy.causal_estimator][WARNING] - No directed path from ['X4'] to ['X2'].
[2026-04-24 03:57:38,881][dowhy.causal_model][INFO] - Model to find the causal effect of treatment ['X4'] on outcome ['X3']
[2026-04-24 03:57:38,881][dowhy.causal_identifier.auto_identifier][WARNING] - No directed path from treatment to outcome. Causal Effect is zero.
[2026-04-24 03:57:38,881][dowhy.causal_model][INFO] - linear_regression
[2026-04-24 03:57:38,881][dowhy.causal_estimator][INFO] - INFO: Using Linear Regression Estimator
[2026-04-24 03:57:38,881][dowhy.causal_estimator][WARNING] - No directed path from ['X4'] to ['X3'].
[2026-04-24 03:57:38,883][dowhy.causal_model][INFO] - Model to find the causal effect of treatment ['X4'] on outcome ['X5']
[2026-04-24 03:57:38,884][dowhy.causal_identifier.auto_identifier][INFO] - Causal effect can be identified.
[2026-04-24 03:57:38,884][dowhy.causal_identifier.auto_identifier][INFO] - Instrumental variables for treatment and outcome:['X3']
[2026-04-24 03:57:38,885][dowhy.causal_identifier.auto_identifier][INFO] - Frontdoor variables for treatment and outcome:[]
[2026-04-24 03:57:38,885][dowhy.causal_model][INFO] - linear_regression
[2026-04-24 03:57:38,885][dowhy.causal_estimator][INFO] - INFO: Using Linear Regression Estimator
[2026-04-24 03:57:38,885][dowhy.causal_estimator][INFO] - b: X5~X4+X4*X2
[2026-04-24 03:57:38,927][dowhy.causal_model][INFO] - Model to find the causal effect of treatment ['X5'] on outcome ['X0']
[2026-04-24 03:57:38,927][dowhy.causal_identifier.auto_identifier][WARNING] - No directed path from treatment to outcome. Causal Effect is zero.
[2026-04-24 03:57:38,927][dowhy.causal_model][INFO] - linear_regression
[2026-04-24 03:57:38,927][dowhy.causal_estimator][INFO] - INFO: Using Linear Regression Estimator
[2026-04-24 03:57:38,927][dowhy.causal_estimator][WARNING] - No directed path from ['X5'] to ['X0'].
[2026-04-24 03:57:38,929][dowhy.causal_model][INFO] - Model to find the causal effect of treatment ['X5'] on outcome ['X1']
[2026-04-24 03:57:38,929][dowhy.causal_identifier.auto_identifier][WARNING] - No directed path from treatment to outcome. Causal Effect is zero.
[2026-04-24 03:57:38,929][dowhy.causal_model][INFO] - linear_regression
[2026-04-24 03:57:38,929][dowhy.causal_estimator][INFO] - INFO: Using Linear Regression Estimator
[2026-04-24 03:57:38,929][dowhy.causal_estimator][WARNING] - No directed path from ['X5'] to ['X1'].
[2026-04-24 03:57:38,931][dowhy.causal_model][INFO] - Model to find the causal effect of treatment ['X5'] on outcome ['X2']
[2026-04-24 03:57:38,931][dowhy.causal_identifier.auto_identifier][WARNING] - No directed path from treatment to outcome. Causal Effect is zero.
[2026-04-24 03:57:38,931][dowhy.causal_model][INFO] - linear_regression
[2026-04-24 03:57:38,931][dowhy.causal_estimator][INFO] - INFO: Using Linear Regression Estimator
[2026-04-24 03:57:38,931][dowhy.causal_estimator][WARNING] - No directed path from ['X5'] to ['X2'].
[2026-04-24 03:57:38,932][dowhy.causal_model][INFO] - Model to find the causal effect of treatment ['X5'] on outcome ['X3']
[2026-04-24 03:57:38,933][dowhy.causal_identifier.auto_identifier][WARNING] - No directed path from treatment to outcome. Causal Effect is zero.
[2026-04-24 03:57:38,933][dowhy.causal_model][INFO] - linear_regression
[2026-04-24 03:57:38,933][dowhy.causal_estimator][INFO] - INFO: Using Linear Regression Estimator
[2026-04-24 03:57:38,933][dowhy.causal_estimator][WARNING] - No directed path from ['X5'] to ['X3'].
[2026-04-24 03:57:38,934][dowhy.causal_model][INFO] - Model to find the causal effect of treatment ['X5'] on outcome ['X4']
[2026-04-24 03:57:38,934][dowhy.causal_identifier.auto_identifier][WARNING] - No directed path from treatment to outcome. Causal Effect is zero.
[2026-04-24 03:57:38,934][dowhy.causal_model][INFO] - linear_regression
[2026-04-24 03:57:38,934][dowhy.causal_estimator][INFO] - INFO: Using Linear Regression Estimator
[2026-04-24 03:57:38,934][dowhy.causal_estimator][WARNING] - No directed path from ['X5'] to ['X4'].
[2026-04-24 03:57:38,983][dowhy.causal_model][INFO] - Model to find the causal effect of treatment ['X0'] on outcome ['X1']
[2026-04-24 03:57:38,984][dowhy.causal_identifier.auto_identifier][WARNING] - No directed path from treatment to outcome. Causal Effect is zero.
[2026-04-24 03:57:38,984][dowhy.causal_model][INFO] - linear_regression
[2026-04-24 03:57:38,984][dowhy.causal_estimator][INFO] - INFO: Using Linear Regression Estimator
[2026-04-24 03:57:38,984][dowhy.causal_estimator][WARNING] - No directed path from ['X0'] to ['X1'].
[2026-04-24 03:57:38,985][dowhy.causal_model][INFO] - Model to find the causal effect of treatment ['X0'] on outcome ['X2']
[2026-04-24 03:57:38,985][dowhy.causal_identifier.auto_identifier][WARNING] - No directed path from treatment to outcome. Causal Effect is zero.
[2026-04-24 03:57:38,985][dowhy.causal_model][INFO] - linear_regression
[2026-04-24 03:57:38,985][dowhy.causal_estimator][INFO] - INFO: Using Linear Regression Estimator
[2026-04-24 03:57:38,985][dowhy.causal_estimator][WARNING] - No directed path from ['X0'] to ['X2'].
[2026-04-24 03:57:38,987][dowhy.causal_model][INFO] - Model to find the causal effect of treatment ['X0'] on outcome ['X3']
[2026-04-24 03:57:38,988][dowhy.causal_identifier.auto_identifier][INFO] - Causal effect can be identified.
[2026-04-24 03:57:38,988][dowhy.causal_identifier.auto_identifier][INFO] - Instrumental variables for treatment and outcome:[]
[2026-04-24 03:57:38,988][dowhy.causal_identifier.auto_identifier][INFO] - Frontdoor variables for treatment and outcome:[]
[2026-04-24 03:57:38,988][dowhy.causal_model][INFO] - linear_regression
[2026-04-24 03:57:38,988][dowhy.causal_estimator][INFO] - INFO: Using Linear Regression Estimator
[2026-04-24 03:57:38,989][dowhy.causal_estimator][INFO] - b: X3~X0+X0*X1
[2026-04-24 03:57:38,996][dowhy.causal_model][INFO] - Model to find the causal effect of treatment ['X0'] on outcome ['X4']
[2026-04-24 03:57:38,997][dowhy.causal_identifier.auto_identifier][INFO] - Causal effect can be identified.
[2026-04-24 03:57:38,997][dowhy.causal_identifier.auto_identifier][INFO] - Instrumental variables for treatment and outcome:[]
[2026-04-24 03:57:38,997][dowhy.causal_identifier.auto_identifier][INFO] - Frontdoor variables for treatment and outcome:['X3']
[2026-04-24 03:57:38,998][dowhy.causal_identifier.auto_identifier][INFO] - Causal effect can be identified.
[2026-04-24 03:57:38,999][dowhy.causal_identifier.auto_identifier][INFO] - Causal effect can be identified.
[2026-04-24 03:57:38,999][dowhy.causal_model][INFO] - linear_regression
[2026-04-24 03:57:38,999][dowhy.causal_estimator][INFO] - INFO: Using Linear Regression Estimator
[2026-04-24 03:57:39,000][dowhy.causal_estimator][INFO] - b: X4~X0+X0*X1
[2026-04-24 03:57:39,007][dowhy.causal_model][INFO] - Model to find the causal effect of treatment ['X0'] on outcome ['X5']
[2026-04-24 03:57:39,008][dowhy.causal_identifier.auto_identifier][INFO] - Causal effect can be identified.
[2026-04-24 03:57:39,008][dowhy.causal_identifier.auto_identifier][INFO] - Instrumental variables for treatment and outcome:[]
[2026-04-24 03:57:39,008][dowhy.causal_identifier.auto_identifier][INFO] - Frontdoor variables for treatment and outcome:['X3', 'X4']
[2026-04-24 03:57:39,009][dowhy.causal_identifier.auto_identifier][INFO] - Causal effect can be identified.
[2026-04-24 03:57:39,010][dowhy.causal_identifier.auto_identifier][INFO] - Causal effect can be identified.
[2026-04-24 03:57:39,011][dowhy.causal_model][INFO] - linear_regression
[2026-04-24 03:57:39,011][dowhy.causal_estimator][INFO] - INFO: Using Linear Regression Estimator
[2026-04-24 03:57:39,011][dowhy.causal_estimator][INFO] - b: X5~X0+X0*X2+X0*X1
[2026-04-24 03:57:39,055][dowhy.causal_model][INFO] - Model to find the causal effect of treatment ['X1'] on outcome ['X0']
[2026-04-24 03:57:39,055][dowhy.causal_identifier.auto_identifier][WARNING] - No directed path from treatment to outcome. Causal Effect is zero.
[2026-04-24 03:57:39,055][dowhy.causal_model][INFO] - linear_regression
[2026-04-24 03:57:39,055][dowhy.causal_estimator][INFO] - INFO: Using Linear Regression Estimator
[2026-04-24 03:57:39,055][dowhy.causal_estimator][WARNING] - No directed path from ['X1'] to ['X0'].
[2026-04-24 03:57:39,057][dowhy.causal_model][INFO] - Model to find the causal effect of treatment ['X1'] on outcome ['X2']
[2026-04-24 03:57:39,057][dowhy.causal_identifier.auto_identifier][WARNING] - No directed path from treatment to outcome. Causal Effect is zero.
[2026-04-24 03:57:39,057][dowhy.causal_model][INFO] - linear_regression
[2026-04-24 03:57:39,057][dowhy.causal_estimator][INFO] - INFO: Using Linear Regression Estimator
[2026-04-24 03:57:39,058][dowhy.causal_estimator][WARNING] - No directed path from ['X1'] to ['X2'].
[2026-04-24 03:57:39,059][dowhy.causal_model][INFO] - Model to find the causal effect of treatment ['X1'] on outcome ['X3']
[2026-04-24 03:57:39,060][dowhy.causal_identifier.auto_identifier][INFO] - Causal effect can be identified.
[2026-04-24 03:57:39,060][dowhy.causal_identifier.auto_identifier][INFO] - Instrumental variables for treatment and outcome:[]
[2026-04-24 03:57:39,060][dowhy.causal_identifier.auto_identifier][INFO] - Frontdoor variables for treatment and outcome:[]
[2026-04-24 03:57:39,060][dowhy.causal_model][INFO] - linear_regression
[2026-04-24 03:57:39,060][dowhy.causal_estimator][INFO] - INFO: Using Linear Regression Estimator
[2026-04-24 03:57:39,061][dowhy.causal_estimator][INFO] - b: X3~X1+X1*X0
[2026-04-24 03:57:39,069][dowhy.causal_model][INFO] - Model to find the causal effect of treatment ['X1'] on outcome ['X4']
[2026-04-24 03:57:39,070][dowhy.causal_identifier.auto_identifier][INFO] - Causal effect can be identified.
[2026-04-24 03:57:39,070][dowhy.causal_identifier.auto_identifier][INFO] - Instrumental variables for treatment and outcome:[]
[2026-04-24 03:57:39,070][dowhy.causal_identifier.auto_identifier][INFO] - Frontdoor variables for treatment and outcome:['X3']
[2026-04-24 03:57:39,071][dowhy.causal_identifier.auto_identifier][INFO] - Causal effect can be identified.
[2026-04-24 03:57:39,072][dowhy.causal_identifier.auto_identifier][INFO] - Causal effect can be identified.
[2026-04-24 03:57:39,073][dowhy.causal_model][INFO] - linear_regression
[2026-04-24 03:57:39,073][dowhy.causal_estimator][INFO] - INFO: Using Linear Regression Estimator
[2026-04-24 03:57:39,073][dowhy.causal_estimator][INFO] - b: X4~X1+X1*X0
[2026-04-24 03:57:39,081][dowhy.causal_model][INFO] - Model to find the causal effect of treatment ['X1'] on outcome ['X5']
[2026-04-24 03:57:39,082][dowhy.causal_identifier.auto_identifier][INFO] - Causal effect can be identified.
[2026-04-24 03:57:39,082][dowhy.causal_identifier.auto_identifier][INFO] - Instrumental variables for treatment and outcome:[]
[2026-04-24 03:57:39,083][dowhy.causal_identifier.auto_identifier][INFO] - Frontdoor variables for treatment and outcome:['X3', 'X4']
[2026-04-24 03:57:39,084][dowhy.causal_identifier.auto_identifier][INFO] - Causal effect can be identified.
[2026-04-24 03:57:39,085][dowhy.causal_identifier.auto_identifier][INFO] - Causal effect can be identified.
[2026-04-24 03:57:39,085][dowhy.causal_model][INFO] - linear_regression
[2026-04-24 03:57:39,085][dowhy.causal_estimator][INFO] - INFO: Using Linear Regression Estimator
[2026-04-24 03:57:39,085][dowhy.causal_estimator][INFO] - b: X5~X1+X1*X2+X1*X0
[2026-04-24 03:57:39,131][dowhy.causal_model][INFO] - Model to find the causal effect of treatment ['X2'] on outcome ['X0']
[2026-04-24 03:57:39,131][dowhy.causal_identifier.auto_identifier][WARNING] - No directed path from treatment to outcome. Causal Effect is zero.
[2026-04-24 03:57:39,131][dowhy.causal_model][INFO] - linear_regression
[2026-04-24 03:57:39,131][dowhy.causal_estimator][INFO] - INFO: Using Linear Regression Estimator
[2026-04-24 03:57:39,131][dowhy.causal_estimator][WARNING] - No directed path from ['X2'] to ['X0'].
[2026-04-24 03:57:39,133][dowhy.causal_model][INFO] - Model to find the causal effect of treatment ['X2'] on outcome ['X1']
[2026-04-24 03:57:39,133][dowhy.causal_identifier.auto_identifier][WARNING] - No directed path from treatment to outcome. Causal Effect is zero.
[2026-04-24 03:57:39,133][dowhy.causal_model][INFO] - linear_regression
[2026-04-24 03:57:39,133][dowhy.causal_estimator][INFO] - INFO: Using Linear Regression Estimator
[2026-04-24 03:57:39,133][dowhy.causal_estimator][WARNING] - No directed path from ['X2'] to ['X1'].
[2026-04-24 03:57:39,135][dowhy.causal_model][INFO] - Model to find the causal effect of treatment ['X2'] on outcome ['X3']
[2026-04-24 03:57:39,135][dowhy.causal_identifier.auto_identifier][WARNING] - No directed path from treatment to outcome. Causal Effect is zero.
[2026-04-24 03:57:39,135][dowhy.causal_model][INFO] - linear_regression
[2026-04-24 03:57:39,135][dowhy.causal_estimator][INFO] - INFO: Using Linear Regression Estimator
[2026-04-24 03:57:39,135][dowhy.causal_estimator][WARNING] - No directed path from ['X2'] to ['X3'].
[2026-04-24 03:57:39,137][dowhy.causal_model][INFO] - Model to find the causal effect of treatment ['X2'] on outcome ['X4']
[2026-04-24 03:57:39,137][dowhy.causal_identifier.auto_identifier][WARNING] - No directed path from treatment to outcome. Causal Effect is zero.
[2026-04-24 03:57:39,137][dowhy.causal_model][INFO] - linear_regression
[2026-04-24 03:57:39,137][dowhy.causal_estimator][INFO] - INFO: Using Linear Regression Estimator
[2026-04-24 03:57:39,137][dowhy.causal_estimator][WARNING] - No directed path from ['X2'] to ['X4'].
[2026-04-24 03:57:39,138][dowhy.causal_model][INFO] - Model to find the causal effect of treatment ['X2'] on outcome ['X5']
[2026-04-24 03:57:39,139][dowhy.causal_identifier.auto_identifier][INFO] - Causal effect can be identified.
[2026-04-24 03:57:39,140][dowhy.causal_identifier.auto_identifier][INFO] - Instrumental variables for treatment and outcome:[]
[2026-04-24 03:57:39,140][dowhy.causal_identifier.auto_identifier][INFO] - Frontdoor variables for treatment and outcome:[]
[2026-04-24 03:57:39,140][dowhy.causal_model][INFO] - linear_regression
[2026-04-24 03:57:39,140][dowhy.causal_estimator][INFO] - INFO: Using Linear Regression Estimator
[2026-04-24 03:57:39,140][dowhy.causal_estimator][INFO] - b: X5~X2+X2*X3+X2*X4+X2*X0+X2*X1
[2026-04-24 03:57:39,179][dowhy.causal_model][INFO] - Model to find the causal effect of treatment ['X3'] on outcome ['X0']
[2026-04-24 03:57:39,179][dowhy.causal_identifier.auto_identifier][WARNING] - No directed path from treatment to outcome. Causal Effect is zero.
[2026-04-24 03:57:39,179][dowhy.causal_model][INFO] - linear_regression
[2026-04-24 03:57:39,180][dowhy.causal_estimator][INFO] - INFO: Using Linear Regression Estimator
[2026-04-24 03:57:39,180][dowhy.causal_estimator][WARNING] - No directed path from ['X3'] to ['X0'].
[2026-04-24 03:57:39,181][dowhy.causal_model][INFO] - Model to find the causal effect of treatment ['X3'] on outcome ['X1']
[2026-04-24 03:57:39,181][dowhy.causal_identifier.auto_identifier][WARNING] - No directed path from treatment to outcome. Causal Effect is zero.
[2026-04-24 03:57:39,181][dowhy.causal_model][INFO] - linear_regression
[2026-04-24 03:57:39,181][dowhy.causal_estimator][INFO] - INFO: Using Linear Regression Estimator
[2026-04-24 03:57:39,181][dowhy.causal_estimator][WARNING] - No directed path from ['X3'] to ['X1'].
[2026-04-24 03:57:39,183][dowhy.causal_model][INFO] - Model to find the causal effect of treatment ['X3'] on outcome ['X2']
[2026-04-24 03:57:39,183][dowhy.causal_identifier.auto_identifier][WARNING] - No directed path from treatment to outcome. Causal Effect is zero.
[2026-04-24 03:57:39,183][dowhy.causal_model][INFO] - linear_regression
[2026-04-24 03:57:39,183][dowhy.causal_estimator][INFO] - INFO: Using Linear Regression Estimator
[2026-04-24 03:57:39,183][dowhy.causal_estimator][WARNING] - No directed path from ['X3'] to ['X2'].
[2026-04-24 03:57:39,185][dowhy.causal_model][INFO] - Model to find the causal effect of treatment ['X3'] on outcome ['X4']
[2026-04-24 03:57:39,186][dowhy.causal_identifier.auto_identifier][INFO] - Causal effect can be identified.
[2026-04-24 03:57:39,186][dowhy.causal_identifier.auto_identifier][INFO] - Instrumental variables for treatment and outcome:['X0', 'X1']
[2026-04-24 03:57:39,186][dowhy.causal_identifier.auto_identifier][INFO] - Frontdoor variables for treatment and outcome:[]
[2026-04-24 03:57:39,186][dowhy.causal_model][INFO] - linear_regression
[2026-04-24 03:57:39,186][dowhy.causal_estimator][INFO] - INFO: Using Linear Regression Estimator
[2026-04-24 03:57:39,186][dowhy.causal_estimator][INFO] - b: X4~X3
[2026-04-24 03:57:39,192][dowhy.causal_model][INFO] - Model to find the causal effect of treatment ['X3'] on outcome ['X5']
[2026-04-24 03:57:39,193][dowhy.causal_identifier.auto_identifier][INFO] - Causal effect can be identified.
[2026-04-24 03:57:39,194][dowhy.causal_identifier.auto_identifier][INFO] - Instrumental variables for treatment and outcome:['X0', 'X1']
[2026-04-24 03:57:39,194][dowhy.causal_identifier.auto_identifier][INFO] - Frontdoor variables for treatment and outcome:['X4']
[2026-04-24 03:57:39,195][dowhy.causal_identifier.auto_identifier][INFO] - Causal effect can be identified.
[2026-04-24 03:57:39,196][dowhy.causal_identifier.auto_identifier][INFO] - Causal effect can be identified.
[2026-04-24 03:57:39,197][dowhy.causal_model][INFO] - linear_regression
[2026-04-24 03:57:39,197][dowhy.causal_estimator][INFO] - INFO: Using Linear Regression Estimator
[2026-04-24 03:57:39,197][dowhy.causal_estimator][INFO] - b: X5~X3+X3*X2
[2026-04-24 03:57:39,237][dowhy.causal_model][INFO] - Model to find the causal effect of treatment ['X4'] on outcome ['X0']
[2026-04-24 03:57:39,238][dowhy.causal_identifier.auto_identifier][WARNING] - No directed path from treatment to outcome. Causal Effect is zero.
[2026-04-24 03:57:39,238][dowhy.causal_model][INFO] - linear_regression
[2026-04-24 03:57:39,238][dowhy.causal_estimator][INFO] - INFO: Using Linear Regression Estimator
[2026-04-24 03:57:39,238][dowhy.causal_estimator][WARNING] - No directed path from ['X4'] to ['X0'].
[2026-04-24 03:57:39,239][dowhy.causal_model][INFO] - Model to find the causal effect of treatment ['X4'] on outcome ['X1']
[2026-04-24 03:57:39,239][dowhy.causal_identifier.auto_identifier][WARNING] - No directed path from treatment to outcome. Causal Effect is zero.
[2026-04-24 03:57:39,239][dowhy.causal_model][INFO] - linear_regression
[2026-04-24 03:57:39,240][dowhy.causal_estimator][INFO] - INFO: Using Linear Regression Estimator
[2026-04-24 03:57:39,240][dowhy.causal_estimator][WARNING] - No directed path from ['X4'] to ['X1'].
[2026-04-24 03:57:39,241][dowhy.causal_model][INFO] - Model to find the causal effect of treatment ['X4'] on outcome ['X2']
[2026-04-24 03:57:39,241][dowhy.causal_identifier.auto_identifier][WARNING] - No directed path from treatment to outcome. Causal Effect is zero.
[2026-04-24 03:57:39,241][dowhy.causal_model][INFO] - linear_regression
[2026-04-24 03:57:39,241][dowhy.causal_estimator][INFO] - INFO: Using Linear Regression Estimator
[2026-04-24 03:57:39,241][dowhy.causal_estimator][WARNING] - No directed path from ['X4'] to ['X2'].
[2026-04-24 03:57:39,243][dowhy.causal_model][INFO] - Model to find the causal effect of treatment ['X4'] on outcome ['X3']
[2026-04-24 03:57:39,243][dowhy.causal_identifier.auto_identifier][WARNING] - No directed path from treatment to outcome. Causal Effect is zero.
[2026-04-24 03:57:39,243][dowhy.causal_model][INFO] - linear_regression
[2026-04-24 03:57:39,243][dowhy.causal_estimator][INFO] - INFO: Using Linear Regression Estimator
[2026-04-24 03:57:39,243][dowhy.causal_estimator][WARNING] - No directed path from ['X4'] to ['X3'].
[2026-04-24 03:57:39,245][dowhy.causal_model][INFO] - Model to find the causal effect of treatment ['X4'] on outcome ['X5']
[2026-04-24 03:57:39,246][dowhy.causal_identifier.auto_identifier][INFO] - Causal effect can be identified.
[2026-04-24 03:57:39,246][dowhy.causal_identifier.auto_identifier][INFO] - Instrumental variables for treatment and outcome:['X3']
[2026-04-24 03:57:39,247][dowhy.causal_identifier.auto_identifier][INFO] - Frontdoor variables for treatment and outcome:[]
[2026-04-24 03:57:39,247][dowhy.causal_model][INFO] - linear_regression
[2026-04-24 03:57:39,247][dowhy.causal_estimator][INFO] - INFO: Using Linear Regression Estimator
[2026-04-24 03:57:39,247][dowhy.causal_estimator][INFO] - b: X5~X4+X4*X2
[2026-04-24 03:57:39,288][dowhy.causal_model][INFO] - Model to find the causal effect of treatment ['X5'] on outcome ['X0']
[2026-04-24 03:57:39,288][dowhy.causal_identifier.auto_identifier][WARNING] - No directed path from treatment to outcome. Causal Effect is zero.
[2026-04-24 03:57:39,288][dowhy.causal_model][INFO] - linear_regression
[2026-04-24 03:57:39,288][dowhy.causal_estimator][INFO] - INFO: Using Linear Regression Estimator
[2026-04-24 03:57:39,288][dowhy.causal_estimator][WARNING] - No directed path from ['X5'] to ['X0'].
[2026-04-24 03:57:39,290][dowhy.causal_model][INFO] - Model to find the causal effect of treatment ['X5'] on outcome ['X1']
[2026-04-24 03:57:39,290][dowhy.causal_identifier.auto_identifier][WARNING] - No directed path from treatment to outcome. Causal Effect is zero.
[2026-04-24 03:57:39,290][dowhy.causal_model][INFO] - linear_regression
[2026-04-24 03:57:39,290][dowhy.causal_estimator][INFO] - INFO: Using Linear Regression Estimator
[2026-04-24 03:57:39,290][dowhy.causal_estimator][WARNING] - No directed path from ['X5'] to ['X1'].
[2026-04-24 03:57:39,292][dowhy.causal_model][INFO] - Model to find the causal effect of treatment ['X5'] on outcome ['X2']
[2026-04-24 03:57:39,292][dowhy.causal_identifier.auto_identifier][WARNING] - No directed path from treatment to outcome. Causal Effect is zero.
[2026-04-24 03:57:39,292][dowhy.causal_model][INFO] - linear_regression
[2026-04-24 03:57:39,292][dowhy.causal_estimator][INFO] - INFO: Using Linear Regression Estimator
[2026-04-24 03:57:39,292][dowhy.causal_estimator][WARNING] - No directed path from ['X5'] to ['X2'].
[2026-04-24 03:57:39,294][dowhy.causal_model][INFO] - Model to find the causal effect of treatment ['X5'] on outcome ['X3']
[2026-04-24 03:57:39,294][dowhy.causal_identifier.auto_identifier][WARNING] - No directed path from treatment to outcome. Causal Effect is zero.
[2026-04-24 03:57:39,294][dowhy.causal_model][INFO] - linear_regression
[2026-04-24 03:57:39,294][dowhy.causal_estimator][INFO] - INFO: Using Linear Regression Estimator
[2026-04-24 03:57:39,294][dowhy.causal_estimator][WARNING] - No directed path from ['X5'] to ['X3'].
[2026-04-24 03:57:39,296][dowhy.causal_model][INFO] - Model to find the causal effect of treatment ['X5'] on outcome ['X4']
[2026-04-24 03:57:39,296][dowhy.causal_identifier.auto_identifier][WARNING] - No directed path from treatment to outcome. Causal Effect is zero.
[2026-04-24 03:57:39,296][dowhy.causal_model][INFO] - linear_regression
[2026-04-24 03:57:39,296][dowhy.causal_estimator][INFO] - INFO: Using Linear Regression Estimator
[2026-04-24 03:57:39,296][dowhy.causal_estimator][WARNING] - No directed path from ['X5'] to ['X4'].
[2026-04-24 03:57:39,353][dowhy.causal_model][INFO] - Model to find the causal effect of treatment ['X0'] on outcome ['X1']
[2026-04-24 03:57:39,353][dowhy.causal_identifier.auto_identifier][WARNING] - No directed path from treatment to outcome. Causal Effect is zero.
[2026-04-24 03:57:39,353][dowhy.causal_model][INFO] - linear_regression
[2026-04-24 03:57:39,353][dowhy.causal_estimator][INFO] - INFO: Using Linear Regression Estimator
[2026-04-24 03:57:39,353][dowhy.causal_estimator][WARNING] - No directed path from ['X0'] to ['X1'].
[2026-04-24 03:57:39,355][dowhy.causal_model][INFO] - Model to find the causal effect of treatment ['X0'] on outcome ['X2']
[2026-04-24 03:57:39,355][dowhy.causal_identifier.auto_identifier][WARNING] - No directed path from treatment to outcome. Causal Effect is zero.
[2026-04-24 03:57:39,355][dowhy.causal_model][INFO] - linear_regression
[2026-04-24 03:57:39,355][dowhy.causal_estimator][INFO] - INFO: Using Linear Regression Estimator
[2026-04-24 03:57:39,355][dowhy.causal_estimator][WARNING] - No directed path from ['X0'] to ['X2'].
[2026-04-24 03:57:39,357][dowhy.causal_model][INFO] - Model to find the causal effect of treatment ['X0'] on outcome ['X3']
[2026-04-24 03:57:39,358][dowhy.causal_identifier.auto_identifier][INFO] - Causal effect can be identified.
[2026-04-24 03:57:39,358][dowhy.causal_identifier.auto_identifier][INFO] - Instrumental variables for treatment and outcome:[]
[2026-04-24 03:57:39,358][dowhy.causal_identifier.auto_identifier][INFO] - Frontdoor variables for treatment and outcome:[]
[2026-04-24 03:57:39,358][dowhy.causal_model][INFO] - linear_regression
[2026-04-24 03:57:39,358][dowhy.causal_estimator][INFO] - INFO: Using Linear Regression Estimator
[2026-04-24 03:57:39,359][dowhy.causal_estimator][INFO] - b: X3~X0+X0*X1
[2026-04-24 03:57:39,367][dowhy.causal_model][INFO] - Model to find the causal effect of treatment ['X0'] on outcome ['X4']
[2026-04-24 03:57:39,368][dowhy.causal_identifier.auto_identifier][INFO] - Causal effect can be identified.
[2026-04-24 03:57:39,368][dowhy.causal_identifier.auto_identifier][INFO] - Instrumental variables for treatment and outcome:[]
[2026-04-24 03:57:39,369][dowhy.causal_identifier.auto_identifier][INFO] - Frontdoor variables for treatment and outcome:['X3']
[2026-04-24 03:57:39,370][dowhy.causal_identifier.auto_identifier][INFO] - Causal effect can be identified.
[2026-04-24 03:57:39,370][dowhy.causal_identifier.auto_identifier][INFO] - Causal effect can be identified.
[2026-04-24 03:57:39,371][dowhy.causal_model][INFO] - linear_regression
[2026-04-24 03:57:39,371][dowhy.causal_estimator][INFO] - INFO: Using Linear Regression Estimator
[2026-04-24 03:57:39,371][dowhy.causal_estimator][INFO] - b: X4~X0+X0*X1
[2026-04-24 03:57:39,380][dowhy.causal_model][INFO] - Model to find the causal effect of treatment ['X0'] on outcome ['X5']
[2026-04-24 03:57:39,380][dowhy.causal_identifier.auto_identifier][INFO] - Causal effect can be identified.
[2026-04-24 03:57:39,381][dowhy.causal_identifier.auto_identifier][INFO] - Instrumental variables for treatment and outcome:[]
[2026-04-24 03:57:39,381][dowhy.causal_identifier.auto_identifier][INFO] - Frontdoor variables for treatment and outcome:['X3', 'X4']
[2026-04-24 03:57:39,382][dowhy.causal_identifier.auto_identifier][INFO] - Causal effect can be identified.
[2026-04-24 03:57:39,383][dowhy.causal_identifier.auto_identifier][INFO] - Causal effect can be identified.
[2026-04-24 03:57:39,383][dowhy.causal_model][INFO] - linear_regression
[2026-04-24 03:57:39,383][dowhy.causal_estimator][INFO] - INFO: Using Linear Regression Estimator
[2026-04-24 03:57:39,384][dowhy.causal_estimator][INFO] - b: X5~X0+X0*X2+X0*X1
[2026-04-24 03:57:39,424][dowhy.causal_model][INFO] - Model to find the causal effect of treatment ['X1'] on outcome ['X0']
[2026-04-24 03:57:39,424][dowhy.causal_identifier.auto_identifier][WARNING] - No directed path from treatment to outcome. Causal Effect is zero.
[2026-04-24 03:57:39,424][dowhy.causal_model][INFO] - linear_regression
[2026-04-24 03:57:39,424][dowhy.causal_estimator][INFO] - INFO: Using Linear Regression Estimator
[2026-04-24 03:57:39,424][dowhy.causal_estimator][WARNING] - No directed path from ['X1'] to ['X0'].
[2026-04-24 03:57:39,426][dowhy.causal_model][INFO] - Model to find the causal effect of treatment ['X1'] on outcome ['X2']
[2026-04-24 03:57:39,426][dowhy.causal_identifier.auto_identifier][WARNING] - No directed path from treatment to outcome. Causal Effect is zero.
[2026-04-24 03:57:39,426][dowhy.causal_model][INFO] - linear_regression
[2026-04-24 03:57:39,426][dowhy.causal_estimator][INFO] - INFO: Using Linear Regression Estimator
[2026-04-24 03:57:39,426][dowhy.causal_estimator][WARNING] - No directed path from ['X1'] to ['X2'].
[2026-04-24 03:57:39,428][dowhy.causal_model][INFO] - Model to find the causal effect of treatment ['X1'] on outcome ['X3']
[2026-04-24 03:57:39,428][dowhy.causal_identifier.auto_identifier][INFO] - Causal effect can be identified.
[2026-04-24 03:57:39,429][dowhy.causal_identifier.auto_identifier][INFO] - Instrumental variables for treatment and outcome:[]
[2026-04-24 03:57:39,429][dowhy.causal_identifier.auto_identifier][INFO] - Frontdoor variables for treatment and outcome:[]
[2026-04-24 03:57:39,429][dowhy.causal_model][INFO] - linear_regression
[2026-04-24 03:57:39,429][dowhy.causal_estimator][INFO] - INFO: Using Linear Regression Estimator
[2026-04-24 03:57:39,429][dowhy.causal_estimator][INFO] - b: X3~X1+X1*X0
[2026-04-24 03:57:39,436][dowhy.causal_model][INFO] - Model to find the causal effect of treatment ['X1'] on outcome ['X4']
[2026-04-24 03:57:39,437][dowhy.causal_identifier.auto_identifier][INFO] - Causal effect can be identified.
[2026-04-24 03:57:39,437][dowhy.causal_identifier.auto_identifier][INFO] - Instrumental variables for treatment and outcome:[]
[2026-04-24 03:57:39,437][dowhy.causal_identifier.auto_identifier][INFO] - Frontdoor variables for treatment and outcome:['X3']
[2026-04-24 03:57:39,438][dowhy.causal_identifier.auto_identifier][INFO] - Causal effect can be identified.
[2026-04-24 03:57:39,439][dowhy.causal_identifier.auto_identifier][INFO] - Causal effect can be identified.
[2026-04-24 03:57:39,439][dowhy.causal_model][INFO] - linear_regression
[2026-04-24 03:57:39,439][dowhy.causal_estimator][INFO] - INFO: Using Linear Regression Estimator
[2026-04-24 03:57:39,440][dowhy.causal_estimator][INFO] - b: X4~X1+X1*X0
[2026-04-24 03:57:39,447][dowhy.causal_model][INFO] - Model to find the causal effect of treatment ['X1'] on outcome ['X5']
[2026-04-24 03:57:39,447][dowhy.causal_identifier.auto_identifier][INFO] - Causal effect can be identified.
[2026-04-24 03:57:39,448][dowhy.causal_identifier.auto_identifier][INFO] - Instrumental variables for treatment and outcome:[]
[2026-04-24 03:57:39,448][dowhy.causal_identifier.auto_identifier][INFO] - Frontdoor variables for treatment and outcome:['X3', 'X4']
[2026-04-24 03:57:39,449][dowhy.causal_identifier.auto_identifier][INFO] - Causal effect can be identified.
[2026-04-24 03:57:39,450][dowhy.causal_identifier.auto_identifier][INFO] - Causal effect can be identified.
[2026-04-24 03:57:39,451][dowhy.causal_model][INFO] - linear_regression
[2026-04-24 03:57:39,451][dowhy.causal_estimator][INFO] - INFO: Using Linear Regression Estimator
[2026-04-24 03:57:39,451][dowhy.causal_estimator][INFO] - b: X5~X1+X1*X2+X1*X0
[2026-04-24 03:57:39,492][dowhy.causal_model][INFO] - Model to find the causal effect of treatment ['X2'] on outcome ['X0']
[2026-04-24 03:57:39,492][dowhy.causal_identifier.auto_identifier][WARNING] - No directed path from treatment to outcome. Causal Effect is zero.
[2026-04-24 03:57:39,492][dowhy.causal_model][INFO] - linear_regression
[2026-04-24 03:57:39,492][dowhy.causal_estimator][INFO] - INFO: Using Linear Regression Estimator
[2026-04-24 03:57:39,492][dowhy.causal_estimator][WARNING] - No directed path from ['X2'] to ['X0'].
[2026-04-24 03:57:39,493][dowhy.causal_model][INFO] - Model to find the causal effect of treatment ['X2'] on outcome ['X1']
[2026-04-24 03:57:39,493][dowhy.causal_identifier.auto_identifier][WARNING] - No directed path from treatment to outcome. Causal Effect is zero.
[2026-04-24 03:57:39,494][dowhy.causal_model][INFO] - linear_regression
[2026-04-24 03:57:39,494][dowhy.causal_estimator][INFO] - INFO: Using Linear Regression Estimator
[2026-04-24 03:57:39,494][dowhy.causal_estimator][WARNING] - No directed path from ['X2'] to ['X1'].
[2026-04-24 03:57:39,495][dowhy.causal_model][INFO] - Model to find the causal effect of treatment ['X2'] on outcome ['X3']
[2026-04-24 03:57:39,495][dowhy.causal_identifier.auto_identifier][WARNING] - No directed path from treatment to outcome. Causal Effect is zero.
[2026-04-24 03:57:39,495][dowhy.causal_model][INFO] - linear_regression
[2026-04-24 03:57:39,495][dowhy.causal_estimator][INFO] - INFO: Using Linear Regression Estimator
[2026-04-24 03:57:39,495][dowhy.causal_estimator][WARNING] - No directed path from ['X2'] to ['X3'].
[2026-04-24 03:57:39,497][dowhy.causal_model][INFO] - Model to find the causal effect of treatment ['X2'] on outcome ['X4']
[2026-04-24 03:57:39,497][dowhy.causal_identifier.auto_identifier][WARNING] - No directed path from treatment to outcome. Causal Effect is zero.
[2026-04-24 03:57:39,497][dowhy.causal_model][INFO] - linear_regression
[2026-04-24 03:57:39,497][dowhy.causal_estimator][INFO] - INFO: Using Linear Regression Estimator
[2026-04-24 03:57:39,497][dowhy.causal_estimator][WARNING] - No directed path from ['X2'] to ['X4'].
[2026-04-24 03:57:39,499][dowhy.causal_model][INFO] - Model to find the causal effect of treatment ['X2'] on outcome ['X5']
[2026-04-24 03:57:39,499][dowhy.causal_identifier.auto_identifier][INFO] - Causal effect can be identified.
[2026-04-24 03:57:39,500][dowhy.causal_identifier.auto_identifier][INFO] - Instrumental variables for treatment and outcome:[]
[2026-04-24 03:57:39,500][dowhy.causal_identifier.auto_identifier][INFO] - Frontdoor variables for treatment and outcome:[]
[2026-04-24 03:57:39,500][dowhy.causal_model][INFO] - linear_regression
[2026-04-24 03:57:39,500][dowhy.causal_estimator][INFO] - INFO: Using Linear Regression Estimator
[2026-04-24 03:57:39,500][dowhy.causal_estimator][INFO] - b: X5~X2+X2*X3+X2*X4+X2*X0+X2*X1
[2026-04-24 03:57:39,545][dowhy.causal_model][INFO] - Model to find the causal effect of treatment ['X3'] on outcome ['X0']
[2026-04-24 03:57:39,545][dowhy.causal_identifier.auto_identifier][WARNING] - No directed path from treatment to outcome. Causal Effect is zero.
[2026-04-24 03:57:39,545][dowhy.causal_model][INFO] - linear_regression
[2026-04-24 03:57:39,545][dowhy.causal_estimator][INFO] - INFO: Using Linear Regression Estimator
[2026-04-24 03:57:39,545][dowhy.causal_estimator][WARNING] - No directed path from ['X3'] to ['X0'].
[2026-04-24 03:57:39,548][dowhy.causal_model][INFO] - Model to find the causal effect of treatment ['X3'] on outcome ['X1']
[2026-04-24 03:57:39,548][dowhy.causal_identifier.auto_identifier][WARNING] - No directed path from treatment to outcome. Causal Effect is zero.
[2026-04-24 03:57:39,548][dowhy.causal_model][INFO] - linear_regression
[2026-04-24 03:57:39,548][dowhy.causal_estimator][INFO] - INFO: Using Linear Regression Estimator
[2026-04-24 03:57:39,548][dowhy.causal_estimator][WARNING] - No directed path from ['X3'] to ['X1'].
[2026-04-24 03:57:39,550][dowhy.causal_model][INFO] - Model to find the causal effect of treatment ['X3'] on outcome ['X2']
[2026-04-24 03:57:39,550][dowhy.causal_identifier.auto_identifier][WARNING] - No directed path from treatment to outcome. Causal Effect is zero.
[2026-04-24 03:57:39,550][dowhy.causal_model][INFO] - linear_regression
[2026-04-24 03:57:39,550][dowhy.causal_estimator][INFO] - INFO: Using Linear Regression Estimator
[2026-04-24 03:57:39,550][dowhy.causal_estimator][WARNING] - No directed path from ['X3'] to ['X2'].
[2026-04-24 03:57:39,552][dowhy.causal_model][INFO] - Model to find the causal effect of treatment ['X3'] on outcome ['X4']
[2026-04-24 03:57:39,553][dowhy.causal_identifier.auto_identifier][INFO] - Causal effect can be identified.
[2026-04-24 03:57:39,553][dowhy.causal_identifier.auto_identifier][INFO] - Instrumental variables for treatment and outcome:['X0', 'X1']
[2026-04-24 03:57:39,553][dowhy.causal_identifier.auto_identifier][INFO] - Frontdoor variables for treatment and outcome:[]
[2026-04-24 03:57:39,554][dowhy.causal_model][INFO] - linear_regression
[2026-04-24 03:57:39,554][dowhy.causal_estimator][INFO] - INFO: Using Linear Regression Estimator
[2026-04-24 03:57:39,554][dowhy.causal_estimator][INFO] - b: X4~X3
[2026-04-24 03:57:39,560][dowhy.causal_model][INFO] - Model to find the causal effect of treatment ['X3'] on outcome ['X5']
[2026-04-24 03:57:39,561][dowhy.causal_identifier.auto_identifier][INFO] - Causal effect can be identified.
[2026-04-24 03:57:39,562][dowhy.causal_identifier.auto_identifier][INFO] - Instrumental variables for treatment and outcome:['X0', 'X1']
[2026-04-24 03:57:39,562][dowhy.causal_identifier.auto_identifier][INFO] - Frontdoor variables for treatment and outcome:['X4']
[2026-04-24 03:57:39,563][dowhy.causal_identifier.auto_identifier][INFO] - Causal effect can be identified.
[2026-04-24 03:57:39,564][dowhy.causal_identifier.auto_identifier][INFO] - Causal effect can be identified.
[2026-04-24 03:57:39,565][dowhy.causal_model][INFO] - linear_regression
[2026-04-24 03:57:39,565][dowhy.causal_estimator][INFO] - INFO: Using Linear Regression Estimator
[2026-04-24 03:57:39,565][dowhy.causal_estimator][INFO] - b: X5~X3+X3*X2
[2026-04-24 03:57:39,612][dowhy.causal_model][INFO] - Model to find the causal effect of treatment ['X4'] on outcome ['X0']
[2026-04-24 03:57:39,612][dowhy.causal_identifier.auto_identifier][WARNING] - No directed path from treatment to outcome. Causal Effect is zero.
[2026-04-24 03:57:39,612][dowhy.causal_model][INFO] - linear_regression
[2026-04-24 03:57:39,612][dowhy.causal_estimator][INFO] - INFO: Using Linear Regression Estimator
[2026-04-24 03:57:39,612][dowhy.causal_estimator][WARNING] - No directed path from ['X4'] to ['X0'].
[2026-04-24 03:57:39,614][dowhy.causal_model][INFO] - Model to find the causal effect of treatment ['X4'] on outcome ['X1']
[2026-04-24 03:57:39,614][dowhy.causal_identifier.auto_identifier][WARNING] - No directed path from treatment to outcome. Causal Effect is zero.
[2026-04-24 03:57:39,614][dowhy.causal_model][INFO] - linear_regression
[2026-04-24 03:57:39,614][dowhy.causal_estimator][INFO] - INFO: Using Linear Regression Estimator
[2026-04-24 03:57:39,614][dowhy.causal_estimator][WARNING] - No directed path from ['X4'] to ['X1'].
[2026-04-24 03:57:39,616][dowhy.causal_model][INFO] - Model to find the causal effect of treatment ['X4'] on outcome ['X2']
[2026-04-24 03:57:39,616][dowhy.causal_identifier.auto_identifier][WARNING] - No directed path from treatment to outcome. Causal Effect is zero.
[2026-04-24 03:57:39,616][dowhy.causal_model][INFO] - linear_regression
[2026-04-24 03:57:39,616][dowhy.causal_estimator][INFO] - INFO: Using Linear Regression Estimator
[2026-04-24 03:57:39,616][dowhy.causal_estimator][WARNING] - No directed path from ['X4'] to ['X2'].
[2026-04-24 03:57:39,617][dowhy.causal_model][INFO] - Model to find the causal effect of treatment ['X4'] on outcome ['X3']
[2026-04-24 03:57:39,617][dowhy.causal_identifier.auto_identifier][WARNING] - No directed path from treatment to outcome. Causal Effect is zero.
[2026-04-24 03:57:39,617][dowhy.causal_model][INFO] - linear_regression
[2026-04-24 03:57:39,617][dowhy.causal_estimator][INFO] - INFO: Using Linear Regression Estimator
[2026-04-24 03:57:39,617][dowhy.causal_estimator][WARNING] - No directed path from ['X4'] to ['X3'].
[2026-04-24 03:57:39,619][dowhy.causal_model][INFO] - Model to find the causal effect of treatment ['X4'] on outcome ['X5']
[2026-04-24 03:57:39,620][dowhy.causal_identifier.auto_identifier][INFO] - Causal effect can be identified.
[2026-04-24 03:57:39,621][dowhy.causal_identifier.auto_identifier][INFO] - Instrumental variables for treatment and outcome:['X3']
[2026-04-24 03:57:39,621][dowhy.causal_identifier.auto_identifier][INFO] - Frontdoor variables for treatment and outcome:[]
[2026-04-24 03:57:39,621][dowhy.causal_model][INFO] - linear_regression
[2026-04-24 03:57:39,621][dowhy.causal_estimator][INFO] - INFO: Using Linear Regression Estimator
[2026-04-24 03:57:39,622][dowhy.causal_estimator][INFO] - b: X5~X4+X4*X2
[2026-04-24 03:57:39,661][dowhy.causal_model][INFO] - Model to find the causal effect of treatment ['X5'] on outcome ['X0']
[2026-04-24 03:57:39,661][dowhy.causal_identifier.auto_identifier][WARNING] - No directed path from treatment to outcome. Causal Effect is zero.
[2026-04-24 03:57:39,661][dowhy.causal_model][INFO] - linear_regression
[2026-04-24 03:57:39,661][dowhy.causal_estimator][INFO] - INFO: Using Linear Regression Estimator
[2026-04-24 03:57:39,661][dowhy.causal_estimator][WARNING] - No directed path from ['X5'] to ['X0'].
[2026-04-24 03:57:39,662][dowhy.causal_model][INFO] - Model to find the causal effect of treatment ['X5'] on outcome ['X1']
[2026-04-24 03:57:39,663][dowhy.causal_identifier.auto_identifier][WARNING] - No directed path from treatment to outcome. Causal Effect is zero.
[2026-04-24 03:57:39,663][dowhy.causal_model][INFO] - linear_regression
[2026-04-24 03:57:39,663][dowhy.causal_estimator][INFO] - INFO: Using Linear Regression Estimator
[2026-04-24 03:57:39,663][dowhy.causal_estimator][WARNING] - No directed path from ['X5'] to ['X1'].
[2026-04-24 03:57:39,664][dowhy.causal_model][INFO] - Model to find the causal effect of treatment ['X5'] on outcome ['X2']
[2026-04-24 03:57:39,664][dowhy.causal_identifier.auto_identifier][WARNING] - No directed path from treatment to outcome. Causal Effect is zero.
[2026-04-24 03:57:39,664][dowhy.causal_model][INFO] - linear_regression
[2026-04-24 03:57:39,664][dowhy.causal_estimator][INFO] - INFO: Using Linear Regression Estimator
[2026-04-24 03:57:39,664][dowhy.causal_estimator][WARNING] - No directed path from ['X5'] to ['X2'].
[2026-04-24 03:57:39,666][dowhy.causal_model][INFO] - Model to find the causal effect of treatment ['X5'] on outcome ['X3']
[2026-04-24 03:57:39,666][dowhy.causal_identifier.auto_identifier][WARNING] - No directed path from treatment to outcome. Causal Effect is zero.
[2026-04-24 03:57:39,666][dowhy.causal_model][INFO] - linear_regression
[2026-04-24 03:57:39,666][dowhy.causal_estimator][INFO] - INFO: Using Linear Regression Estimator
[2026-04-24 03:57:39,666][dowhy.causal_estimator][WARNING] - No directed path from ['X5'] to ['X3'].
[2026-04-24 03:57:39,668][dowhy.causal_model][INFO] - Model to find the causal effect of treatment ['X5'] on outcome ['X4']
[2026-04-24 03:57:39,668][dowhy.causal_identifier.auto_identifier][WARNING] - No directed path from treatment to outcome. Causal Effect is zero.
[2026-04-24 03:57:39,668][dowhy.causal_model][INFO] - linear_regression
[2026-04-24 03:57:39,668][dowhy.causal_estimator][INFO] - INFO: Using Linear Regression Estimator
[2026-04-24 03:57:39,668][dowhy.causal_estimator][WARNING] - No directed path from ['X5'] to ['X4'].
