=== [Train] Fold 2 (2/5) ===
Step: set random seed (3)
Step: build datasets
Step: initialize model
Step: training setup (model=MLPModel, profile=deep, control_mode=epochs, epochs=60, target_updates=None)
Step: training
TrnLoss=0.314 ValLoss=0.245 ValR2=0.748
TrnLoss=0.169 ValLoss=0.135 ValR2=0.861
TrnLoss=0.161 ValLoss=0.129 ValR2=0.868
TrnLoss=0.156 ValLoss=0.129 ValR2=0.868
TrnLoss=0.156 ValLoss=0.127 ValR2=0.869
TrnLoss=0.152 ValLoss=0.127 ValR2=0.869
TrnLoss=0.151 ValLoss=0.126 ValR2=0.870
TrnLoss=0.149 ValLoss=0.127 ValR2=0.869
TrnLoss=0.151 ValLoss=0.127 ValR2=0.870
TrnLoss=0.148 ValLoss=0.127 ValR2=0.870
TrnLoss=0.149 ValLoss=0.127 ValR2=0.870
TrnLoss=0.149 ValLoss=0.127 ValR2=0.870
TrnLoss=0.148 ValLoss=0.126 ValR2=0.870
TrnLoss=0.147 ValLoss=0.126 ValR2=0.870
TrnLoss=0.147 ValLoss=0.127 ValR2=0.870
TrnLoss=0.147 ValLoss=0.126 ValR2=0.871
TrnLoss=0.148 ValLoss=0.126 ValR2=0.871
TrnLoss=0.146 ValLoss=0.128 ValR2=0.869
TrnLoss=0.147 ValLoss=0.126 ValR2=0.871
TrnLoss=0.146 ValLoss=0.126 ValR2=0.870
TrnLoss=0.146 ValLoss=0.126 ValR2=0.870
TrnLoss=0.143 ValLoss=0.126 ValR2=0.870
TrnLoss=0.144 ValLoss=0.126 ValR2=0.871
TrnLoss=0.146 ValLoss=0.127 ValR2=0.869
TrnLoss=0.145 ValLoss=0.126 ValR2=0.870
TrnLoss=0.144 ValLoss=0.126 ValR2=0.870
TrnLoss=0.144 ValLoss=0.126 ValR2=0.870
Early stopping at epoch 27: no validation improvement for 8 epochs (best epoch=19, best val loss=0.126)
 43%|#####6       | 26/60 [00:19<00:26,  1.31ep/s]
Step: evaluate test split
