[2026-04-24 02:17:00,946][dowhy.causal_model][INFO] - Model to find the causal effect of treatment ['X0'] on outcome ['X1']
[2026-04-24 02:17:00,947][dowhy.causal_identifier.auto_identifier][WARNING] - No directed path from treatment to outcome. Causal Effect is zero.
[2026-04-24 02:17:00,947][dowhy.causal_model][INFO] - linear_regression
[2026-04-24 02:17:00,947][dowhy.causal_estimator][INFO] - INFO: Using Linear Regression Estimator
[2026-04-24 02:17:00,947][dowhy.causal_estimator][WARNING] - No directed path from ['X0'] to ['X1'].
[2026-04-24 02:17:00,948][dowhy.causal_model][INFO] - Model to find the causal effect of treatment ['X0'] on outcome ['X2']
[2026-04-24 02:17:00,948][dowhy.causal_identifier.auto_identifier][WARNING] - No directed path from treatment to outcome. Causal Effect is zero.
[2026-04-24 02:17:00,948][dowhy.causal_model][INFO] - linear_regression
[2026-04-24 02:17:00,948][dowhy.causal_estimator][INFO] - INFO: Using Linear Regression Estimator
[2026-04-24 02:17:00,948][dowhy.causal_estimator][WARNING] - No directed path from ['X0'] to ['X2'].
[2026-04-24 02:17:00,949][dowhy.causal_model][INFO] - Model to find the causal effect of treatment ['X0'] on outcome ['X3']
[2026-04-24 02:17:00,950][dowhy.causal_identifier.auto_identifier][INFO] - Causal effect can be identified.
[2026-04-24 02:17:00,951][dowhy.causal_identifier.auto_identifier][INFO] - Instrumental variables for treatment and outcome:[]
[2026-04-24 02:17:00,951][dowhy.causal_identifier.auto_identifier][INFO] - Frontdoor variables for treatment and outcome:[]
[2026-04-24 02:17:00,951][dowhy.causal_model][INFO] - linear_regression
[2026-04-24 02:17:00,951][dowhy.causal_estimator][INFO] - INFO: Using Linear Regression Estimator
[2026-04-24 02:17:00,951][dowhy.causal_estimator][INFO] - b: X3~X0+X0*X1
[2026-04-24 02:17:00,959][dowhy.causal_model][INFO] - Model to find the causal effect of treatment ['X0'] on outcome ['X4']
[2026-04-24 02:17:00,960][dowhy.causal_identifier.auto_identifier][INFO] - Causal effect can be identified.
[2026-04-24 02:17:00,960][dowhy.causal_identifier.auto_identifier][INFO] - Instrumental variables for treatment and outcome:[]
[2026-04-24 02:17:00,961][dowhy.causal_identifier.auto_identifier][INFO] - Frontdoor variables for treatment and outcome:['X3']
[2026-04-24 02:17:00,962][dowhy.causal_identifier.auto_identifier][INFO] - Causal effect can be identified.
[2026-04-24 02:17:00,963][dowhy.causal_identifier.auto_identifier][INFO] - Causal effect can be identified.
[2026-04-24 02:17:00,963][dowhy.causal_model][INFO] - linear_regression
[2026-04-24 02:17:00,963][dowhy.causal_estimator][INFO] - INFO: Using Linear Regression Estimator
[2026-04-24 02:17:00,963][dowhy.causal_estimator][INFO] - b: X4~X0+X0*X1
[2026-04-24 02:17:00,971][dowhy.causal_model][INFO] - Model to find the causal effect of treatment ['X0'] on outcome ['X5']
[2026-04-24 02:17:00,971][dowhy.causal_identifier.auto_identifier][INFO] - Causal effect can be identified.
[2026-04-24 02:17:00,972][dowhy.causal_identifier.auto_identifier][INFO] - Instrumental variables for treatment and outcome:[]
[2026-04-24 02:17:00,972][dowhy.causal_identifier.auto_identifier][INFO] - Frontdoor variables for treatment and outcome:['X4', 'X3']
[2026-04-24 02:17:00,973][dowhy.causal_identifier.auto_identifier][INFO] - Causal effect can be identified.
[2026-04-24 02:17:00,974][dowhy.causal_identifier.auto_identifier][INFO] - Causal effect can be identified.
[2026-04-24 02:17:00,974][dowhy.causal_model][INFO] - linear_regression
[2026-04-24 02:17:00,975][dowhy.causal_estimator][INFO] - INFO: Using Linear Regression Estimator
[2026-04-24 02:17:00,975][dowhy.causal_estimator][INFO] - b: X5~X0+X0*X2+X0*X1
[2026-04-24 02:17:00,995][dowhy.causal_model][INFO] - Model to find the causal effect of treatment ['X1'] on outcome ['X0']
[2026-04-24 02:17:00,995][dowhy.causal_identifier.auto_identifier][WARNING] - No directed path from treatment to outcome. Causal Effect is zero.
[2026-04-24 02:17:00,995][dowhy.causal_model][INFO] - linear_regression
[2026-04-24 02:17:00,995][dowhy.causal_estimator][INFO] - INFO: Using Linear Regression Estimator
[2026-04-24 02:17:00,995][dowhy.causal_estimator][WARNING] - No directed path from ['X1'] to ['X0'].
[2026-04-24 02:17:00,996][dowhy.causal_model][INFO] - Model to find the causal effect of treatment ['X1'] on outcome ['X2']
[2026-04-24 02:17:00,996][dowhy.causal_identifier.auto_identifier][WARNING] - No directed path from treatment to outcome. Causal Effect is zero.
[2026-04-24 02:17:00,996][dowhy.causal_model][INFO] - linear_regression
[2026-04-24 02:17:00,996][dowhy.causal_estimator][INFO] - INFO: Using Linear Regression Estimator
[2026-04-24 02:17:00,996][dowhy.causal_estimator][WARNING] - No directed path from ['X1'] to ['X2'].
[2026-04-24 02:17:00,997][dowhy.causal_model][INFO] - Model to find the causal effect of treatment ['X1'] on outcome ['X3']
[2026-04-24 02:17:00,998][dowhy.causal_identifier.auto_identifier][INFO] - Causal effect can be identified.
[2026-04-24 02:17:00,998][dowhy.causal_identifier.auto_identifier][INFO] - Instrumental variables for treatment and outcome:[]
[2026-04-24 02:17:00,998][dowhy.causal_identifier.auto_identifier][INFO] - Frontdoor variables for treatment and outcome:[]
[2026-04-24 02:17:00,998][dowhy.causal_model][INFO] - linear_regression
[2026-04-24 02:17:00,998][dowhy.causal_estimator][INFO] - INFO: Using Linear Regression Estimator
[2026-04-24 02:17:00,999][dowhy.causal_estimator][INFO] - b: X3~X1+X1*X0
[2026-04-24 02:17:01,006][dowhy.causal_model][INFO] - Model to find the causal effect of treatment ['X1'] on outcome ['X4']
[2026-04-24 02:17:01,007][dowhy.causal_identifier.auto_identifier][INFO] - Causal effect can be identified.
[2026-04-24 02:17:01,007][dowhy.causal_identifier.auto_identifier][INFO] - Instrumental variables for treatment and outcome:[]
[2026-04-24 02:17:01,007][dowhy.causal_identifier.auto_identifier][INFO] - Frontdoor variables for treatment and outcome:['X3']
[2026-04-24 02:17:01,008][dowhy.causal_identifier.auto_identifier][INFO] - Causal effect can be identified.
[2026-04-24 02:17:01,009][dowhy.causal_identifier.auto_identifier][INFO] - Causal effect can be identified.
[2026-04-24 02:17:01,009][dowhy.causal_model][INFO] - linear_regression
[2026-04-24 02:17:01,009][dowhy.causal_estimator][INFO] - INFO: Using Linear Regression Estimator
[2026-04-24 02:17:01,010][dowhy.causal_estimator][INFO] - b: X4~X1+X1*X0
[2026-04-24 02:17:01,017][dowhy.causal_model][INFO] - Model to find the causal effect of treatment ['X1'] on outcome ['X5']
[2026-04-24 02:17:01,017][dowhy.causal_identifier.auto_identifier][INFO] - Causal effect can be identified.
[2026-04-24 02:17:01,018][dowhy.causal_identifier.auto_identifier][INFO] - Instrumental variables for treatment and outcome:[]
[2026-04-24 02:17:01,018][dowhy.causal_identifier.auto_identifier][INFO] - Frontdoor variables for treatment and outcome:['X4', 'X3']
[2026-04-24 02:17:01,019][dowhy.causal_identifier.auto_identifier][INFO] - Causal effect can be identified.
[2026-04-24 02:17:01,020][dowhy.causal_identifier.auto_identifier][INFO] - Causal effect can be identified.
[2026-04-24 02:17:01,021][dowhy.causal_model][INFO] - linear_regression
[2026-04-24 02:17:01,021][dowhy.causal_estimator][INFO] - INFO: Using Linear Regression Estimator
[2026-04-24 02:17:01,021][dowhy.causal_estimator][INFO] - b: X5~X1+X1*X0+X1*X2
[2026-04-24 02:17:01,042][dowhy.causal_model][INFO] - Model to find the causal effect of treatment ['X2'] on outcome ['X0']
[2026-04-24 02:17:01,042][dowhy.causal_identifier.auto_identifier][WARNING] - No directed path from treatment to outcome. Causal Effect is zero.
[2026-04-24 02:17:01,043][dowhy.causal_model][INFO] - linear_regression
[2026-04-24 02:17:01,043][dowhy.causal_estimator][INFO] - INFO: Using Linear Regression Estimator
[2026-04-24 02:17:01,043][dowhy.causal_estimator][WARNING] - No directed path from ['X2'] to ['X0'].
[2026-04-24 02:17:01,044][dowhy.causal_model][INFO] - Model to find the causal effect of treatment ['X2'] on outcome ['X1']
[2026-04-24 02:17:01,044][dowhy.causal_identifier.auto_identifier][WARNING] - No directed path from treatment to outcome. Causal Effect is zero.
[2026-04-24 02:17:01,044][dowhy.causal_model][INFO] - linear_regression
[2026-04-24 02:17:01,044][dowhy.causal_estimator][INFO] - INFO: Using Linear Regression Estimator
[2026-04-24 02:17:01,044][dowhy.causal_estimator][WARNING] - No directed path from ['X2'] to ['X1'].
[2026-04-24 02:17:01,045][dowhy.causal_model][INFO] - Model to find the causal effect of treatment ['X2'] on outcome ['X3']
[2026-04-24 02:17:01,045][dowhy.causal_identifier.auto_identifier][WARNING] - No directed path from treatment to outcome. Causal Effect is zero.
[2026-04-24 02:17:01,045][dowhy.causal_model][INFO] - linear_regression
[2026-04-24 02:17:01,045][dowhy.causal_estimator][INFO] - INFO: Using Linear Regression Estimator
[2026-04-24 02:17:01,045][dowhy.causal_estimator][WARNING] - No directed path from ['X2'] to ['X3'].
[2026-04-24 02:17:01,047][dowhy.causal_model][INFO] - Model to find the causal effect of treatment ['X2'] on outcome ['X4']
[2026-04-24 02:17:01,047][dowhy.causal_identifier.auto_identifier][WARNING] - No directed path from treatment to outcome. Causal Effect is zero.
[2026-04-24 02:17:01,047][dowhy.causal_model][INFO] - linear_regression
[2026-04-24 02:17:01,047][dowhy.causal_estimator][INFO] - INFO: Using Linear Regression Estimator
[2026-04-24 02:17:01,047][dowhy.causal_estimator][WARNING] - No directed path from ['X2'] to ['X4'].
[2026-04-24 02:17:01,048][dowhy.causal_model][INFO] - Model to find the causal effect of treatment ['X2'] on outcome ['X5']
[2026-04-24 02:17:01,049][dowhy.causal_identifier.auto_identifier][INFO] - Causal effect can be identified.
[2026-04-24 02:17:01,050][dowhy.causal_identifier.auto_identifier][INFO] - Instrumental variables for treatment and outcome:[]
[2026-04-24 02:17:01,050][dowhy.causal_identifier.auto_identifier][INFO] - Frontdoor variables for treatment and outcome:[]
[2026-04-24 02:17:01,050][dowhy.causal_model][INFO] - linear_regression
[2026-04-24 02:17:01,050][dowhy.causal_estimator][INFO] - INFO: Using Linear Regression Estimator
[2026-04-24 02:17:01,050][dowhy.causal_estimator][INFO] - b: X5~X2+X2*X0+X2*X4+X2*X3+X2*X1
[2026-04-24 02:17:01,069][dowhy.causal_model][INFO] - Model to find the causal effect of treatment ['X3'] on outcome ['X0']
[2026-04-24 02:17:01,069][dowhy.causal_identifier.auto_identifier][WARNING] - No directed path from treatment to outcome. Causal Effect is zero.
[2026-04-24 02:17:01,069][dowhy.causal_model][INFO] - linear_regression
[2026-04-24 02:17:01,069][dowhy.causal_estimator][INFO] - INFO: Using Linear Regression Estimator
[2026-04-24 02:17:01,069][dowhy.causal_estimator][WARNING] - No directed path from ['X3'] to ['X0'].
[2026-04-24 02:17:01,070][dowhy.causal_model][INFO] - Model to find the causal effect of treatment ['X3'] on outcome ['X1']
[2026-04-24 02:17:01,070][dowhy.causal_identifier.auto_identifier][WARNING] - No directed path from treatment to outcome. Causal Effect is zero.
[2026-04-24 02:17:01,070][dowhy.causal_model][INFO] - linear_regression
[2026-04-24 02:17:01,070][dowhy.causal_estimator][INFO] - INFO: Using Linear Regression Estimator
[2026-04-24 02:17:01,070][dowhy.causal_estimator][WARNING] - No directed path from ['X3'] to ['X1'].
[2026-04-24 02:17:01,071][dowhy.causal_model][INFO] - Model to find the causal effect of treatment ['X3'] on outcome ['X2']
[2026-04-24 02:17:01,071][dowhy.causal_identifier.auto_identifier][WARNING] - No directed path from treatment to outcome. Causal Effect is zero.
[2026-04-24 02:17:01,071][dowhy.causal_model][INFO] - linear_regression
[2026-04-24 02:17:01,071][dowhy.causal_estimator][INFO] - INFO: Using Linear Regression Estimator
[2026-04-24 02:17:01,071][dowhy.causal_estimator][WARNING] - No directed path from ['X3'] to ['X2'].
[2026-04-24 02:17:01,072][dowhy.causal_model][INFO] - Model to find the causal effect of treatment ['X3'] on outcome ['X4']
[2026-04-24 02:17:01,073][dowhy.causal_identifier.auto_identifier][INFO] - Causal effect can be identified.
[2026-04-24 02:17:01,073][dowhy.causal_identifier.auto_identifier][INFO] - Instrumental variables for treatment and outcome:['X0', 'X1']
[2026-04-24 02:17:01,074][dowhy.causal_identifier.auto_identifier][INFO] - Frontdoor variables for treatment and outcome:[]
[2026-04-24 02:17:01,074][dowhy.causal_model][INFO] - linear_regression
[2026-04-24 02:17:01,074][dowhy.causal_estimator][INFO] - INFO: Using Linear Regression Estimator
[2026-04-24 02:17:01,074][dowhy.causal_estimator][INFO] - b: X4~X3
[2026-04-24 02:17:01,080][dowhy.causal_model][INFO] - Model to find the causal effect of treatment ['X3'] on outcome ['X5']
[2026-04-24 02:17:01,080][dowhy.causal_identifier.auto_identifier][INFO] - Causal effect can be identified.
[2026-04-24 02:17:01,081][dowhy.causal_identifier.auto_identifier][INFO] - Instrumental variables for treatment and outcome:['X0', 'X1']
[2026-04-24 02:17:01,082][dowhy.causal_identifier.auto_identifier][INFO] - Frontdoor variables for treatment and outcome:['X4']
[2026-04-24 02:17:01,082][dowhy.causal_identifier.auto_identifier][INFO] - Causal effect can be identified.
[2026-04-24 02:17:01,084][dowhy.causal_identifier.auto_identifier][INFO] - Causal effect can be identified.
[2026-04-24 02:17:01,084][dowhy.causal_model][INFO] - linear_regression
[2026-04-24 02:17:01,084][dowhy.causal_estimator][INFO] - INFO: Using Linear Regression Estimator
[2026-04-24 02:17:01,084][dowhy.causal_estimator][INFO] - b: X5~X3+X3*X2
[2026-04-24 02:17:01,103][dowhy.causal_model][INFO] - Model to find the causal effect of treatment ['X4'] on outcome ['X0']
[2026-04-24 02:17:01,103][dowhy.causal_identifier.auto_identifier][WARNING] - No directed path from treatment to outcome. Causal Effect is zero.
[2026-04-24 02:17:01,103][dowhy.causal_model][INFO] - linear_regression
[2026-04-24 02:17:01,103][dowhy.causal_estimator][INFO] - INFO: Using Linear Regression Estimator
[2026-04-24 02:17:01,103][dowhy.causal_estimator][WARNING] - No directed path from ['X4'] to ['X0'].
[2026-04-24 02:17:01,104][dowhy.causal_model][INFO] - Model to find the causal effect of treatment ['X4'] on outcome ['X1']
[2026-04-24 02:17:01,104][dowhy.causal_identifier.auto_identifier][WARNING] - No directed path from treatment to outcome. Causal Effect is zero.
[2026-04-24 02:17:01,105][dowhy.causal_model][INFO] - linear_regression
[2026-04-24 02:17:01,105][dowhy.causal_estimator][INFO] - INFO: Using Linear Regression Estimator
[2026-04-24 02:17:01,105][dowhy.causal_estimator][WARNING] - No directed path from ['X4'] to ['X1'].
[2026-04-24 02:17:01,106][dowhy.causal_model][INFO] - Model to find the causal effect of treatment ['X4'] on outcome ['X2']
[2026-04-24 02:17:01,106][dowhy.causal_identifier.auto_identifier][WARNING] - No directed path from treatment to outcome. Causal Effect is zero.
[2026-04-24 02:17:01,106][dowhy.causal_model][INFO] - linear_regression
[2026-04-24 02:17:01,106][dowhy.causal_estimator][INFO] - INFO: Using Linear Regression Estimator
[2026-04-24 02:17:01,106][dowhy.causal_estimator][WARNING] - No directed path from ['X4'] to ['X2'].
[2026-04-24 02:17:01,107][dowhy.causal_model][INFO] - Model to find the causal effect of treatment ['X4'] on outcome ['X3']
[2026-04-24 02:17:01,107][dowhy.causal_identifier.auto_identifier][WARNING] - No directed path from treatment to outcome. Causal Effect is zero.
[2026-04-24 02:17:01,107][dowhy.causal_model][INFO] - linear_regression
[2026-04-24 02:17:01,107][dowhy.causal_estimator][INFO] - INFO: Using Linear Regression Estimator
[2026-04-24 02:17:01,107][dowhy.causal_estimator][WARNING] - No directed path from ['X4'] to ['X3'].
[2026-04-24 02:17:01,109][dowhy.causal_model][INFO] - Model to find the causal effect of treatment ['X4'] on outcome ['X5']
[2026-04-24 02:17:01,109][dowhy.causal_identifier.auto_identifier][INFO] - Causal effect can be identified.
[2026-04-24 02:17:01,110][dowhy.causal_identifier.auto_identifier][INFO] - Instrumental variables for treatment and outcome:['X3']
[2026-04-24 02:17:01,110][dowhy.causal_identifier.auto_identifier][INFO] - Frontdoor variables for treatment and outcome:[]
[2026-04-24 02:17:01,110][dowhy.causal_model][INFO] - linear_regression
[2026-04-24 02:17:01,110][dowhy.causal_estimator][INFO] - INFO: Using Linear Regression Estimator
[2026-04-24 02:17:01,111][dowhy.causal_estimator][INFO] - b: X5~X4+X4*X2
[2026-04-24 02:17:01,129][dowhy.causal_model][INFO] - Model to find the causal effect of treatment ['X5'] on outcome ['X0']
[2026-04-24 02:17:01,129][dowhy.causal_identifier.auto_identifier][WARNING] - No directed path from treatment to outcome. Causal Effect is zero.
[2026-04-24 02:17:01,129][dowhy.causal_model][INFO] - linear_regression
[2026-04-24 02:17:01,129][dowhy.causal_estimator][INFO] - INFO: Using Linear Regression Estimator
[2026-04-24 02:17:01,129][dowhy.causal_estimator][WARNING] - No directed path from ['X5'] to ['X0'].
[2026-04-24 02:17:01,131][dowhy.causal_model][INFO] - Model to find the causal effect of treatment ['X5'] on outcome ['X1']
[2026-04-24 02:17:01,131][dowhy.causal_identifier.auto_identifier][WARNING] - No directed path from treatment to outcome. Causal Effect is zero.
[2026-04-24 02:17:01,131][dowhy.causal_model][INFO] - linear_regression
[2026-04-24 02:17:01,131][dowhy.causal_estimator][INFO] - INFO: Using Linear Regression Estimator
[2026-04-24 02:17:01,131][dowhy.causal_estimator][WARNING] - No directed path from ['X5'] to ['X1'].
[2026-04-24 02:17:01,132][dowhy.causal_model][INFO] - Model to find the causal effect of treatment ['X5'] on outcome ['X2']
[2026-04-24 02:17:01,132][dowhy.causal_identifier.auto_identifier][WARNING] - No directed path from treatment to outcome. Causal Effect is zero.
[2026-04-24 02:17:01,132][dowhy.causal_model][INFO] - linear_regression
[2026-04-24 02:17:01,132][dowhy.causal_estimator][INFO] - INFO: Using Linear Regression Estimator
[2026-04-24 02:17:01,132][dowhy.causal_estimator][WARNING] - No directed path from ['X5'] to ['X2'].
[2026-04-24 02:17:01,133][dowhy.causal_model][INFO] - Model to find the causal effect of treatment ['X5'] on outcome ['X3']
[2026-04-24 02:17:01,133][dowhy.causal_identifier.auto_identifier][WARNING] - No directed path from treatment to outcome. Causal Effect is zero.
[2026-04-24 02:17:01,133][dowhy.causal_model][INFO] - linear_regression
[2026-04-24 02:17:01,133][dowhy.causal_estimator][INFO] - INFO: Using Linear Regression Estimator
[2026-04-24 02:17:01,133][dowhy.causal_estimator][WARNING] - No directed path from ['X5'] to ['X3'].
[2026-04-24 02:17:01,135][dowhy.causal_model][INFO] - Model to find the causal effect of treatment ['X5'] on outcome ['X4']
[2026-04-24 02:17:01,135][dowhy.causal_identifier.auto_identifier][WARNING] - No directed path from treatment to outcome. Causal Effect is zero.
[2026-04-24 02:17:01,135][dowhy.causal_model][INFO] - linear_regression
[2026-04-24 02:17:01,135][dowhy.causal_estimator][INFO] - INFO: Using Linear Regression Estimator
[2026-04-24 02:17:01,135][dowhy.causal_estimator][WARNING] - No directed path from ['X5'] to ['X4'].
[2026-04-24 02:17:01,164][dowhy.causal_model][INFO] - Model to find the causal effect of treatment ['X0'] on outcome ['X1']
[2026-04-24 02:17:01,164][dowhy.causal_identifier.auto_identifier][WARNING] - No directed path from treatment to outcome. Causal Effect is zero.
[2026-04-24 02:17:01,164][dowhy.causal_model][INFO] - linear_regression
[2026-04-24 02:17:01,164][dowhy.causal_estimator][INFO] - INFO: Using Linear Regression Estimator
[2026-04-24 02:17:01,164][dowhy.causal_estimator][WARNING] - No directed path from ['X0'] to ['X1'].
[2026-04-24 02:17:01,166][dowhy.causal_model][INFO] - Model to find the causal effect of treatment ['X0'] on outcome ['X2']
[2026-04-24 02:17:01,166][dowhy.causal_identifier.auto_identifier][WARNING] - No directed path from treatment to outcome. Causal Effect is zero.
[2026-04-24 02:17:01,166][dowhy.causal_model][INFO] - linear_regression
[2026-04-24 02:17:01,166][dowhy.causal_estimator][INFO] - INFO: Using Linear Regression Estimator
[2026-04-24 02:17:01,166][dowhy.causal_estimator][WARNING] - No directed path from ['X0'] to ['X2'].
[2026-04-24 02:17:01,167][dowhy.causal_model][INFO] - Model to find the causal effect of treatment ['X0'] on outcome ['X3']
[2026-04-24 02:17:01,168][dowhy.causal_identifier.auto_identifier][INFO] - Causal effect can be identified.
[2026-04-24 02:17:01,168][dowhy.causal_identifier.auto_identifier][INFO] - Instrumental variables for treatment and outcome:[]
[2026-04-24 02:17:01,168][dowhy.causal_identifier.auto_identifier][INFO] - Frontdoor variables for treatment and outcome:[]
[2026-04-24 02:17:01,168][dowhy.causal_model][INFO] - linear_regression
[2026-04-24 02:17:01,168][dowhy.causal_estimator][INFO] - INFO: Using Linear Regression Estimator
[2026-04-24 02:17:01,169][dowhy.causal_estimator][INFO] - b: X3~X0+X0*X1
[2026-04-24 02:17:01,177][dowhy.causal_model][INFO] - Model to find the causal effect of treatment ['X0'] on outcome ['X4']
[2026-04-24 02:17:01,178][dowhy.causal_identifier.auto_identifier][INFO] - Causal effect can be identified.
[2026-04-24 02:17:01,178][dowhy.causal_identifier.auto_identifier][INFO] - Instrumental variables for treatment and outcome:[]
[2026-04-24 02:17:01,178][dowhy.causal_identifier.auto_identifier][INFO] - Frontdoor variables for treatment and outcome:['X3']
[2026-04-24 02:17:01,179][dowhy.causal_identifier.auto_identifier][INFO] - Causal effect can be identified.
[2026-04-24 02:17:01,180][dowhy.causal_identifier.auto_identifier][INFO] - Causal effect can be identified.
[2026-04-24 02:17:01,180][dowhy.causal_model][INFO] - linear_regression
[2026-04-24 02:17:01,181][dowhy.causal_estimator][INFO] - INFO: Using Linear Regression Estimator
[2026-04-24 02:17:01,181][dowhy.causal_estimator][INFO] - b: X4~X0+X0*X1
[2026-04-24 02:17:01,189][dowhy.causal_model][INFO] - Model to find the causal effect of treatment ['X0'] on outcome ['X5']
[2026-04-24 02:17:01,190][dowhy.causal_identifier.auto_identifier][INFO] - Causal effect can be identified.
[2026-04-24 02:17:01,190][dowhy.causal_identifier.auto_identifier][INFO] - Instrumental variables for treatment and outcome:[]
[2026-04-24 02:17:01,191][dowhy.causal_identifier.auto_identifier][INFO] - Frontdoor variables for treatment and outcome:['X4', 'X3']
[2026-04-24 02:17:01,192][dowhy.causal_identifier.auto_identifier][INFO] - Causal effect can be identified.
[2026-04-24 02:17:01,193][dowhy.causal_identifier.auto_identifier][INFO] - Causal effect can be identified.
[2026-04-24 02:17:01,193][dowhy.causal_model][INFO] - linear_regression
[2026-04-24 02:17:01,193][dowhy.causal_estimator][INFO] - INFO: Using Linear Regression Estimator
[2026-04-24 02:17:01,194][dowhy.causal_estimator][INFO] - b: X5~X0+X0*X2+X0*X1
[2026-04-24 02:17:01,213][dowhy.causal_model][INFO] - Model to find the causal effect of treatment ['X1'] on outcome ['X0']
[2026-04-24 02:17:01,213][dowhy.causal_identifier.auto_identifier][WARNING] - No directed path from treatment to outcome. Causal Effect is zero.
[2026-04-24 02:17:01,213][dowhy.causal_model][INFO] - linear_regression
[2026-04-24 02:17:01,213][dowhy.causal_estimator][INFO] - INFO: Using Linear Regression Estimator
[2026-04-24 02:17:01,213][dowhy.causal_estimator][WARNING] - No directed path from ['X1'] to ['X0'].
[2026-04-24 02:17:01,214][dowhy.causal_model][INFO] - Model to find the causal effect of treatment ['X1'] on outcome ['X2']
[2026-04-24 02:17:01,214][dowhy.causal_identifier.auto_identifier][WARNING] - No directed path from treatment to outcome. Causal Effect is zero.
[2026-04-24 02:17:01,214][dowhy.causal_model][INFO] - linear_regression
[2026-04-24 02:17:01,214][dowhy.causal_estimator][INFO] - INFO: Using Linear Regression Estimator
[2026-04-24 02:17:01,214][dowhy.causal_estimator][WARNING] - No directed path from ['X1'] to ['X2'].
[2026-04-24 02:17:01,215][dowhy.causal_model][INFO] - Model to find the causal effect of treatment ['X1'] on outcome ['X3']
[2026-04-24 02:17:01,216][dowhy.causal_identifier.auto_identifier][INFO] - Causal effect can be identified.
[2026-04-24 02:17:01,216][dowhy.causal_identifier.auto_identifier][INFO] - Instrumental variables for treatment and outcome:[]
[2026-04-24 02:17:01,216][dowhy.causal_identifier.auto_identifier][INFO] - Frontdoor variables for treatment and outcome:[]
[2026-04-24 02:17:01,217][dowhy.causal_model][INFO] - linear_regression
[2026-04-24 02:17:01,217][dowhy.causal_estimator][INFO] - INFO: Using Linear Regression Estimator
[2026-04-24 02:17:01,217][dowhy.causal_estimator][INFO] - b: X3~X1+X1*X0
[2026-04-24 02:17:01,225][dowhy.causal_model][INFO] - Model to find the causal effect of treatment ['X1'] on outcome ['X4']
[2026-04-24 02:17:01,226][dowhy.causal_identifier.auto_identifier][INFO] - Causal effect can be identified.
[2026-04-24 02:17:01,226][dowhy.causal_identifier.auto_identifier][INFO] - Instrumental variables for treatment and outcome:[]
[2026-04-24 02:17:01,227][dowhy.causal_identifier.auto_identifier][INFO] - Frontdoor variables for treatment and outcome:['X3']
[2026-04-24 02:17:01,227][dowhy.causal_identifier.auto_identifier][INFO] - Causal effect can be identified.
[2026-04-24 02:17:01,228][dowhy.causal_identifier.auto_identifier][INFO] - Causal effect can be identified.
[2026-04-24 02:17:01,228][dowhy.causal_model][INFO] - linear_regression
[2026-04-24 02:17:01,229][dowhy.causal_estimator][INFO] - INFO: Using Linear Regression Estimator
[2026-04-24 02:17:01,229][dowhy.causal_estimator][INFO] - b: X4~X1+X1*X0
[2026-04-24 02:17:01,236][dowhy.causal_model][INFO] - Model to find the causal effect of treatment ['X1'] on outcome ['X5']
[2026-04-24 02:17:01,237][dowhy.causal_identifier.auto_identifier][INFO] - Causal effect can be identified.
[2026-04-24 02:17:01,237][dowhy.causal_identifier.auto_identifier][INFO] - Instrumental variables for treatment and outcome:[]
[2026-04-24 02:17:01,238][dowhy.causal_identifier.auto_identifier][INFO] - Frontdoor variables for treatment and outcome:['X4', 'X3']
[2026-04-24 02:17:01,239][dowhy.causal_identifier.auto_identifier][INFO] - Causal effect can be identified.
[2026-04-24 02:17:01,240][dowhy.causal_identifier.auto_identifier][INFO] - Causal effect can be identified.
[2026-04-24 02:17:01,240][dowhy.causal_model][INFO] - linear_regression
[2026-04-24 02:17:01,240][dowhy.causal_estimator][INFO] - INFO: Using Linear Regression Estimator
[2026-04-24 02:17:01,240][dowhy.causal_estimator][INFO] - b: X5~X1+X1*X0+X1*X2
[2026-04-24 02:17:01,258][dowhy.causal_model][INFO] - Model to find the causal effect of treatment ['X2'] on outcome ['X0']
[2026-04-24 02:17:01,258][dowhy.causal_identifier.auto_identifier][WARNING] - No directed path from treatment to outcome. Causal Effect is zero.
[2026-04-24 02:17:01,258][dowhy.causal_model][INFO] - linear_regression
[2026-04-24 02:17:01,258][dowhy.causal_estimator][INFO] - INFO: Using Linear Regression Estimator
[2026-04-24 02:17:01,258][dowhy.causal_estimator][WARNING] - No directed path from ['X2'] to ['X0'].
[2026-04-24 02:17:01,259][dowhy.causal_model][INFO] - Model to find the causal effect of treatment ['X2'] on outcome ['X1']
[2026-04-24 02:17:01,259][dowhy.causal_identifier.auto_identifier][WARNING] - No directed path from treatment to outcome. Causal Effect is zero.
[2026-04-24 02:17:01,259][dowhy.causal_model][INFO] - linear_regression
[2026-04-24 02:17:01,259][dowhy.causal_estimator][INFO] - INFO: Using Linear Regression Estimator
[2026-04-24 02:17:01,259][dowhy.causal_estimator][WARNING] - No directed path from ['X2'] to ['X1'].
[2026-04-24 02:17:01,260][dowhy.causal_model][INFO] - Model to find the causal effect of treatment ['X2'] on outcome ['X3']
[2026-04-24 02:17:01,260][dowhy.causal_identifier.auto_identifier][WARNING] - No directed path from treatment to outcome. Causal Effect is zero.
[2026-04-24 02:17:01,260][dowhy.causal_model][INFO] - linear_regression
[2026-04-24 02:17:01,260][dowhy.causal_estimator][INFO] - INFO: Using Linear Regression Estimator
[2026-04-24 02:17:01,260][dowhy.causal_estimator][WARNING] - No directed path from ['X2'] to ['X3'].
[2026-04-24 02:17:01,262][dowhy.causal_model][INFO] - Model to find the causal effect of treatment ['X2'] on outcome ['X4']
[2026-04-24 02:17:01,262][dowhy.causal_identifier.auto_identifier][WARNING] - No directed path from treatment to outcome. Causal Effect is zero.
[2026-04-24 02:17:01,262][dowhy.causal_model][INFO] - linear_regression
[2026-04-24 02:17:01,262][dowhy.causal_estimator][INFO] - INFO: Using Linear Regression Estimator
[2026-04-24 02:17:01,262][dowhy.causal_estimator][WARNING] - No directed path from ['X2'] to ['X4'].
[2026-04-24 02:17:01,264][dowhy.causal_model][INFO] - Model to find the causal effect of treatment ['X2'] on outcome ['X5']
[2026-04-24 02:17:01,265][dowhy.causal_identifier.auto_identifier][INFO] - Causal effect can be identified.
[2026-04-24 02:17:01,265][dowhy.causal_identifier.auto_identifier][INFO] - Instrumental variables for treatment and outcome:[]
[2026-04-24 02:17:01,265][dowhy.causal_identifier.auto_identifier][INFO] - Frontdoor variables for treatment and outcome:[]
[2026-04-24 02:17:01,265][dowhy.causal_model][INFO] - linear_regression
[2026-04-24 02:17:01,265][dowhy.causal_estimator][INFO] - INFO: Using Linear Regression Estimator
[2026-04-24 02:17:01,266][dowhy.causal_estimator][INFO] - b: X5~X2+X2*X0+X2*X4+X2*X3+X2*X1
[2026-04-24 02:17:01,283][dowhy.causal_model][INFO] - Model to find the causal effect of treatment ['X3'] on outcome ['X0']
[2026-04-24 02:17:01,283][dowhy.causal_identifier.auto_identifier][WARNING] - No directed path from treatment to outcome. Causal Effect is zero.
[2026-04-24 02:17:01,283][dowhy.causal_model][INFO] - linear_regression
[2026-04-24 02:17:01,283][dowhy.causal_estimator][INFO] - INFO: Using Linear Regression Estimator
[2026-04-24 02:17:01,283][dowhy.causal_estimator][WARNING] - No directed path from ['X3'] to ['X0'].
[2026-04-24 02:17:01,284][dowhy.causal_model][INFO] - Model to find the causal effect of treatment ['X3'] on outcome ['X1']
[2026-04-24 02:17:01,284][dowhy.causal_identifier.auto_identifier][WARNING] - No directed path from treatment to outcome. Causal Effect is zero.
[2026-04-24 02:17:01,284][dowhy.causal_model][INFO] - linear_regression
[2026-04-24 02:17:01,284][dowhy.causal_estimator][INFO] - INFO: Using Linear Regression Estimator
[2026-04-24 02:17:01,284][dowhy.causal_estimator][WARNING] - No directed path from ['X3'] to ['X1'].
[2026-04-24 02:17:01,285][dowhy.causal_model][INFO] - Model to find the causal effect of treatment ['X3'] on outcome ['X2']
[2026-04-24 02:17:01,285][dowhy.causal_identifier.auto_identifier][WARNING] - No directed path from treatment to outcome. Causal Effect is zero.
[2026-04-24 02:17:01,285][dowhy.causal_model][INFO] - linear_regression
[2026-04-24 02:17:01,285][dowhy.causal_estimator][INFO] - INFO: Using Linear Regression Estimator
[2026-04-24 02:17:01,285][dowhy.causal_estimator][WARNING] - No directed path from ['X3'] to ['X2'].
[2026-04-24 02:17:01,286][dowhy.causal_model][INFO] - Model to find the causal effect of treatment ['X3'] on outcome ['X4']
[2026-04-24 02:17:01,287][dowhy.causal_identifier.auto_identifier][INFO] - Causal effect can be identified.
[2026-04-24 02:17:01,287][dowhy.causal_identifier.auto_identifier][INFO] - Instrumental variables for treatment and outcome:['X0', 'X1']
[2026-04-24 02:17:01,288][dowhy.causal_identifier.auto_identifier][INFO] - Frontdoor variables for treatment and outcome:[]
[2026-04-24 02:17:01,288][dowhy.causal_model][INFO] - linear_regression
[2026-04-24 02:17:01,288][dowhy.causal_estimator][INFO] - INFO: Using Linear Regression Estimator
[2026-04-24 02:17:01,288][dowhy.causal_estimator][INFO] - b: X4~X3
[2026-04-24 02:17:01,294][dowhy.causal_model][INFO] - Model to find the causal effect of treatment ['X3'] on outcome ['X5']
[2026-04-24 02:17:01,294][dowhy.causal_identifier.auto_identifier][INFO] - Causal effect can be identified.
[2026-04-24 02:17:01,295][dowhy.causal_identifier.auto_identifier][INFO] - Instrumental variables for treatment and outcome:['X0', 'X1']
[2026-04-24 02:17:01,295][dowhy.causal_identifier.auto_identifier][INFO] - Frontdoor variables for treatment and outcome:['X4']
[2026-04-24 02:17:01,296][dowhy.causal_identifier.auto_identifier][INFO] - Causal effect can be identified.
[2026-04-24 02:17:01,297][dowhy.causal_identifier.auto_identifier][INFO] - Causal effect can be identified.
[2026-04-24 02:17:01,298][dowhy.causal_model][INFO] - linear_regression
[2026-04-24 02:17:01,298][dowhy.causal_estimator][INFO] - INFO: Using Linear Regression Estimator
[2026-04-24 02:17:01,298][dowhy.causal_estimator][INFO] - b: X5~X3+X3*X2
[2026-04-24 02:17:01,317][dowhy.causal_model][INFO] - Model to find the causal effect of treatment ['X4'] on outcome ['X0']
[2026-04-24 02:17:01,317][dowhy.causal_identifier.auto_identifier][WARNING] - No directed path from treatment to outcome. Causal Effect is zero.
[2026-04-24 02:17:01,317][dowhy.causal_model][INFO] - linear_regression
[2026-04-24 02:17:01,317][dowhy.causal_estimator][INFO] - INFO: Using Linear Regression Estimator
[2026-04-24 02:17:01,317][dowhy.causal_estimator][WARNING] - No directed path from ['X4'] to ['X0'].
[2026-04-24 02:17:01,318][dowhy.causal_model][INFO] - Model to find the causal effect of treatment ['X4'] on outcome ['X1']
[2026-04-24 02:17:01,318][dowhy.causal_identifier.auto_identifier][WARNING] - No directed path from treatment to outcome. Causal Effect is zero.
[2026-04-24 02:17:01,318][dowhy.causal_model][INFO] - linear_regression
[2026-04-24 02:17:01,318][dowhy.causal_estimator][INFO] - INFO: Using Linear Regression Estimator
[2026-04-24 02:17:01,318][dowhy.causal_estimator][WARNING] - No directed path from ['X4'] to ['X1'].
[2026-04-24 02:17:01,319][dowhy.causal_model][INFO] - Model to find the causal effect of treatment ['X4'] on outcome ['X2']
[2026-04-24 02:17:01,319][dowhy.causal_identifier.auto_identifier][WARNING] - No directed path from treatment to outcome. Causal Effect is zero.
[2026-04-24 02:17:01,319][dowhy.causal_model][INFO] - linear_regression
[2026-04-24 02:17:01,319][dowhy.causal_estimator][INFO] - INFO: Using Linear Regression Estimator
[2026-04-24 02:17:01,319][dowhy.causal_estimator][WARNING] - No directed path from ['X4'] to ['X2'].
[2026-04-24 02:17:01,320][dowhy.causal_model][INFO] - Model to find the causal effect of treatment ['X4'] on outcome ['X3']
[2026-04-24 02:17:01,320][dowhy.causal_identifier.auto_identifier][WARNING] - No directed path from treatment to outcome. Causal Effect is zero.
[2026-04-24 02:17:01,320][dowhy.causal_model][INFO] - linear_regression
[2026-04-24 02:17:01,320][dowhy.causal_estimator][INFO] - INFO: Using Linear Regression Estimator
[2026-04-24 02:17:01,320][dowhy.causal_estimator][WARNING] - No directed path from ['X4'] to ['X3'].
[2026-04-24 02:17:01,322][dowhy.causal_model][INFO] - Model to find the causal effect of treatment ['X4'] on outcome ['X5']
[2026-04-24 02:17:01,323][dowhy.causal_identifier.auto_identifier][INFO] - Causal effect can be identified.
[2026-04-24 02:17:01,323][dowhy.causal_identifier.auto_identifier][INFO] - Instrumental variables for treatment and outcome:['X3']
[2026-04-24 02:17:01,324][dowhy.causal_identifier.auto_identifier][INFO] - Frontdoor variables for treatment and outcome:[]
[2026-04-24 02:17:01,324][dowhy.causal_model][INFO] - linear_regression
[2026-04-24 02:17:01,324][dowhy.causal_estimator][INFO] - INFO: Using Linear Regression Estimator
[2026-04-24 02:17:01,324][dowhy.causal_estimator][INFO] - b: X5~X4+X4*X2
[2026-04-24 02:17:01,340][dowhy.causal_model][INFO] - Model to find the causal effect of treatment ['X5'] on outcome ['X0']
[2026-04-24 02:17:01,341][dowhy.causal_identifier.auto_identifier][WARNING] - No directed path from treatment to outcome. Causal Effect is zero.
[2026-04-24 02:17:01,341][dowhy.causal_model][INFO] - linear_regression
[2026-04-24 02:17:01,341][dowhy.causal_estimator][INFO] - INFO: Using Linear Regression Estimator
[2026-04-24 02:17:01,341][dowhy.causal_estimator][WARNING] - No directed path from ['X5'] to ['X0'].
[2026-04-24 02:17:01,342][dowhy.causal_model][INFO] - Model to find the causal effect of treatment ['X5'] on outcome ['X1']
[2026-04-24 02:17:01,342][dowhy.causal_identifier.auto_identifier][WARNING] - No directed path from treatment to outcome. Causal Effect is zero.
[2026-04-24 02:17:01,342][dowhy.causal_model][INFO] - linear_regression
[2026-04-24 02:17:01,342][dowhy.causal_estimator][INFO] - INFO: Using Linear Regression Estimator
[2026-04-24 02:17:01,342][dowhy.causal_estimator][WARNING] - No directed path from ['X5'] to ['X1'].
[2026-04-24 02:17:01,343][dowhy.causal_model][INFO] - Model to find the causal effect of treatment ['X5'] on outcome ['X2']
[2026-04-24 02:17:01,343][dowhy.causal_identifier.auto_identifier][WARNING] - No directed path from treatment to outcome. Causal Effect is zero.
[2026-04-24 02:17:01,343][dowhy.causal_model][INFO] - linear_regression
[2026-04-24 02:17:01,343][dowhy.causal_estimator][INFO] - INFO: Using Linear Regression Estimator
[2026-04-24 02:17:01,343][dowhy.causal_estimator][WARNING] - No directed path from ['X5'] to ['X2'].
[2026-04-24 02:17:01,344][dowhy.causal_model][INFO] - Model to find the causal effect of treatment ['X5'] on outcome ['X3']
[2026-04-24 02:17:01,344][dowhy.causal_identifier.auto_identifier][WARNING] - No directed path from treatment to outcome. Causal Effect is zero.
[2026-04-24 02:17:01,344][dowhy.causal_model][INFO] - linear_regression
[2026-04-24 02:17:01,344][dowhy.causal_estimator][INFO] - INFO: Using Linear Regression Estimator
[2026-04-24 02:17:01,344][dowhy.causal_estimator][WARNING] - No directed path from ['X5'] to ['X3'].
[2026-04-24 02:17:01,346][dowhy.causal_model][INFO] - Model to find the causal effect of treatment ['X5'] on outcome ['X4']
[2026-04-24 02:17:01,346][dowhy.causal_identifier.auto_identifier][WARNING] - No directed path from treatment to outcome. Causal Effect is zero.
[2026-04-24 02:17:01,346][dowhy.causal_model][INFO] - linear_regression
[2026-04-24 02:17:01,346][dowhy.causal_estimator][INFO] - INFO: Using Linear Regression Estimator
[2026-04-24 02:17:01,346][dowhy.causal_estimator][WARNING] - No directed path from ['X5'] to ['X4'].
[2026-04-24 02:17:01,375][dowhy.causal_model][INFO] - Model to find the causal effect of treatment ['X0'] on outcome ['X1']
[2026-04-24 02:17:01,375][dowhy.causal_identifier.auto_identifier][WARNING] - No directed path from treatment to outcome. Causal Effect is zero.
[2026-04-24 02:17:01,375][dowhy.causal_model][INFO] - linear_regression
[2026-04-24 02:17:01,375][dowhy.causal_estimator][INFO] - INFO: Using Linear Regression Estimator
[2026-04-24 02:17:01,375][dowhy.causal_estimator][WARNING] - No directed path from ['X0'] to ['X1'].
[2026-04-24 02:17:01,377][dowhy.causal_model][INFO] - Model to find the causal effect of treatment ['X0'] on outcome ['X2']
[2026-04-24 02:17:01,377][dowhy.causal_identifier.auto_identifier][WARNING] - No directed path from treatment to outcome. Causal Effect is zero.
[2026-04-24 02:17:01,377][dowhy.causal_model][INFO] - linear_regression
[2026-04-24 02:17:01,377][dowhy.causal_estimator][INFO] - INFO: Using Linear Regression Estimator
[2026-04-24 02:17:01,377][dowhy.causal_estimator][WARNING] - No directed path from ['X0'] to ['X2'].
[2026-04-24 02:17:01,378][dowhy.causal_model][INFO] - Model to find the causal effect of treatment ['X0'] on outcome ['X3']
[2026-04-24 02:17:01,379][dowhy.causal_identifier.auto_identifier][INFO] - Causal effect can be identified.
[2026-04-24 02:17:01,379][dowhy.causal_identifier.auto_identifier][INFO] - Instrumental variables for treatment and outcome:[]
[2026-04-24 02:17:01,379][dowhy.causal_identifier.auto_identifier][INFO] - Frontdoor variables for treatment and outcome:[]
[2026-04-24 02:17:01,379][dowhy.causal_model][INFO] - linear_regression
[2026-04-24 02:17:01,379][dowhy.causal_estimator][INFO] - INFO: Using Linear Regression Estimator
[2026-04-24 02:17:01,380][dowhy.causal_estimator][INFO] - b: X3~X0+X0*X1
[2026-04-24 02:17:01,388][dowhy.causal_model][INFO] - Model to find the causal effect of treatment ['X0'] on outcome ['X4']
[2026-04-24 02:17:01,389][dowhy.causal_identifier.auto_identifier][INFO] - Causal effect can be identified.
[2026-04-24 02:17:01,389][dowhy.causal_identifier.auto_identifier][INFO] - Instrumental variables for treatment and outcome:[]
[2026-04-24 02:17:01,389][dowhy.causal_identifier.auto_identifier][INFO] - Frontdoor variables for treatment and outcome:['X3']
[2026-04-24 02:17:01,390][dowhy.causal_identifier.auto_identifier][INFO] - Causal effect can be identified.
[2026-04-24 02:17:01,391][dowhy.causal_identifier.auto_identifier][INFO] - Causal effect can be identified.
[2026-04-24 02:17:01,391][dowhy.causal_model][INFO] - linear_regression
[2026-04-24 02:17:01,391][dowhy.causal_estimator][INFO] - INFO: Using Linear Regression Estimator
[2026-04-24 02:17:01,392][dowhy.causal_estimator][INFO] - b: X4~X0+X0*X1
[2026-04-24 02:17:01,400][dowhy.causal_model][INFO] - Model to find the causal effect of treatment ['X0'] on outcome ['X5']
[2026-04-24 02:17:01,401][dowhy.causal_identifier.auto_identifier][INFO] - Causal effect can be identified.
[2026-04-24 02:17:01,401][dowhy.causal_identifier.auto_identifier][INFO] - Instrumental variables for treatment and outcome:[]
[2026-04-24 02:17:01,402][dowhy.causal_identifier.auto_identifier][INFO] - Frontdoor variables for treatment and outcome:['X4', 'X3']
[2026-04-24 02:17:01,402][dowhy.causal_identifier.auto_identifier][INFO] - Causal effect can be identified.
[2026-04-24 02:17:01,403][dowhy.causal_identifier.auto_identifier][INFO] - Causal effect can be identified.
[2026-04-24 02:17:01,404][dowhy.causal_model][INFO] - linear_regression
[2026-04-24 02:17:01,404][dowhy.causal_estimator][INFO] - INFO: Using Linear Regression Estimator
[2026-04-24 02:17:01,404][dowhy.causal_estimator][INFO] - b: X5~X0+X0*X2+X0*X1
[2026-04-24 02:17:01,426][dowhy.causal_model][INFO] - Model to find the causal effect of treatment ['X1'] on outcome ['X0']
[2026-04-24 02:17:01,426][dowhy.causal_identifier.auto_identifier][WARNING] - No directed path from treatment to outcome. Causal Effect is zero.
[2026-04-24 02:17:01,426][dowhy.causal_model][INFO] - linear_regression
[2026-04-24 02:17:01,426][dowhy.causal_estimator][INFO] - INFO: Using Linear Regression Estimator
[2026-04-24 02:17:01,426][dowhy.causal_estimator][WARNING] - No directed path from ['X1'] to ['X0'].
[2026-04-24 02:17:01,427][dowhy.causal_model][INFO] - Model to find the causal effect of treatment ['X1'] on outcome ['X2']
[2026-04-24 02:17:01,427][dowhy.causal_identifier.auto_identifier][WARNING] - No directed path from treatment to outcome. Causal Effect is zero.
[2026-04-24 02:17:01,427][dowhy.causal_model][INFO] - linear_regression
[2026-04-24 02:17:01,427][dowhy.causal_estimator][INFO] - INFO: Using Linear Regression Estimator
[2026-04-24 02:17:01,427][dowhy.causal_estimator][WARNING] - No directed path from ['X1'] to ['X2'].
[2026-04-24 02:17:01,428][dowhy.causal_model][INFO] - Model to find the causal effect of treatment ['X1'] on outcome ['X3']
[2026-04-24 02:17:01,429][dowhy.causal_identifier.auto_identifier][INFO] - Causal effect can be identified.
[2026-04-24 02:17:01,429][dowhy.causal_identifier.auto_identifier][INFO] - Instrumental variables for treatment and outcome:[]
[2026-04-24 02:17:01,429][dowhy.causal_identifier.auto_identifier][INFO] - Frontdoor variables for treatment and outcome:[]
[2026-04-24 02:17:01,429][dowhy.causal_model][INFO] - linear_regression
[2026-04-24 02:17:01,429][dowhy.causal_estimator][INFO] - INFO: Using Linear Regression Estimator
[2026-04-24 02:17:01,430][dowhy.causal_estimator][INFO] - b: X3~X1+X1*X0
[2026-04-24 02:17:01,438][dowhy.causal_model][INFO] - Model to find the causal effect of treatment ['X1'] on outcome ['X4']
[2026-04-24 02:17:01,439][dowhy.causal_identifier.auto_identifier][INFO] - Causal effect can be identified.
[2026-04-24 02:17:01,439][dowhy.causal_identifier.auto_identifier][INFO] - Instrumental variables for treatment and outcome:[]
[2026-04-24 02:17:01,439][dowhy.causal_identifier.auto_identifier][INFO] - Frontdoor variables for treatment and outcome:['X3']
[2026-04-24 02:17:01,440][dowhy.causal_identifier.auto_identifier][INFO] - Causal effect can be identified.
[2026-04-24 02:17:01,441][dowhy.causal_identifier.auto_identifier][INFO] - Causal effect can be identified.
[2026-04-24 02:17:01,441][dowhy.causal_model][INFO] - linear_regression
[2026-04-24 02:17:01,442][dowhy.causal_estimator][INFO] - INFO: Using Linear Regression Estimator
[2026-04-24 02:17:01,442][dowhy.causal_estimator][INFO] - b: X4~X1+X1*X0
[2026-04-24 02:17:01,450][dowhy.causal_model][INFO] - Model to find the causal effect of treatment ['X1'] on outcome ['X5']
[2026-04-24 02:17:01,450][dowhy.causal_identifier.auto_identifier][INFO] - Causal effect can be identified.
[2026-04-24 02:17:01,451][dowhy.causal_identifier.auto_identifier][INFO] - Instrumental variables for treatment and outcome:[]
[2026-04-24 02:17:01,451][dowhy.causal_identifier.auto_identifier][INFO] - Frontdoor variables for treatment and outcome:['X4', 'X3']
[2026-04-24 02:17:01,452][dowhy.causal_identifier.auto_identifier][INFO] - Causal effect can be identified.
[2026-04-24 02:17:01,453][dowhy.causal_identifier.auto_identifier][INFO] - Causal effect can be identified.
[2026-04-24 02:17:01,454][dowhy.causal_model][INFO] - linear_regression
[2026-04-24 02:17:01,454][dowhy.causal_estimator][INFO] - INFO: Using Linear Regression Estimator
[2026-04-24 02:17:01,454][dowhy.causal_estimator][INFO] - b: X5~X1+X1*X0+X1*X2
[2026-04-24 02:17:01,473][dowhy.causal_model][INFO] - Model to find the causal effect of treatment ['X2'] on outcome ['X0']
[2026-04-24 02:17:01,473][dowhy.causal_identifier.auto_identifier][WARNING] - No directed path from treatment to outcome. Causal Effect is zero.
[2026-04-24 02:17:01,473][dowhy.causal_model][INFO] - linear_regression
[2026-04-24 02:17:01,473][dowhy.causal_estimator][INFO] - INFO: Using Linear Regression Estimator
[2026-04-24 02:17:01,473][dowhy.causal_estimator][WARNING] - No directed path from ['X2'] to ['X0'].
[2026-04-24 02:17:01,474][dowhy.causal_model][INFO] - Model to find the causal effect of treatment ['X2'] on outcome ['X1']
[2026-04-24 02:17:01,474][dowhy.causal_identifier.auto_identifier][WARNING] - No directed path from treatment to outcome. Causal Effect is zero.
[2026-04-24 02:17:01,474][dowhy.causal_model][INFO] - linear_regression
[2026-04-24 02:17:01,474][dowhy.causal_estimator][INFO] - INFO: Using Linear Regression Estimator
[2026-04-24 02:17:01,474][dowhy.causal_estimator][WARNING] - No directed path from ['X2'] to ['X1'].
[2026-04-24 02:17:01,475][dowhy.causal_model][INFO] - Model to find the causal effect of treatment ['X2'] on outcome ['X3']
[2026-04-24 02:17:01,475][dowhy.causal_identifier.auto_identifier][WARNING] - No directed path from treatment to outcome. Causal Effect is zero.
[2026-04-24 02:17:01,475][dowhy.causal_model][INFO] - linear_regression
[2026-04-24 02:17:01,475][dowhy.causal_estimator][INFO] - INFO: Using Linear Regression Estimator
[2026-04-24 02:17:01,475][dowhy.causal_estimator][WARNING] - No directed path from ['X2'] to ['X3'].
[2026-04-24 02:17:01,477][dowhy.causal_model][INFO] - Model to find the causal effect of treatment ['X2'] on outcome ['X4']
[2026-04-24 02:17:01,477][dowhy.causal_identifier.auto_identifier][WARNING] - No directed path from treatment to outcome. Causal Effect is zero.
[2026-04-24 02:17:01,477][dowhy.causal_model][INFO] - linear_regression
[2026-04-24 02:17:01,477][dowhy.causal_estimator][INFO] - INFO: Using Linear Regression Estimator
[2026-04-24 02:17:01,477][dowhy.causal_estimator][WARNING] - No directed path from ['X2'] to ['X4'].
[2026-04-24 02:17:01,479][dowhy.causal_model][INFO] - Model to find the causal effect of treatment ['X2'] on outcome ['X5']
[2026-04-24 02:17:01,479][dowhy.causal_identifier.auto_identifier][INFO] - Causal effect can be identified.
[2026-04-24 02:17:01,480][dowhy.causal_identifier.auto_identifier][INFO] - Instrumental variables for treatment and outcome:[]
[2026-04-24 02:17:01,480][dowhy.causal_identifier.auto_identifier][INFO] - Frontdoor variables for treatment and outcome:[]
[2026-04-24 02:17:01,480][dowhy.causal_model][INFO] - linear_regression
[2026-04-24 02:17:01,480][dowhy.causal_estimator][INFO] - INFO: Using Linear Regression Estimator
[2026-04-24 02:17:01,481][dowhy.causal_estimator][INFO] - b: X5~X2+X2*X0+X2*X4+X2*X3+X2*X1
[2026-04-24 02:17:01,497][dowhy.causal_model][INFO] - Model to find the causal effect of treatment ['X3'] on outcome ['X0']
[2026-04-24 02:17:01,497][dowhy.causal_identifier.auto_identifier][WARNING] - No directed path from treatment to outcome. Causal Effect is zero.
[2026-04-24 02:17:01,497][dowhy.causal_model][INFO] - linear_regression
[2026-04-24 02:17:01,497][dowhy.causal_estimator][INFO] - INFO: Using Linear Regression Estimator
[2026-04-24 02:17:01,497][dowhy.causal_estimator][WARNING] - No directed path from ['X3'] to ['X0'].
[2026-04-24 02:17:01,498][dowhy.causal_model][INFO] - Model to find the causal effect of treatment ['X3'] on outcome ['X1']
[2026-04-24 02:17:01,499][dowhy.causal_identifier.auto_identifier][WARNING] - No directed path from treatment to outcome. Causal Effect is zero.
[2026-04-24 02:17:01,499][dowhy.causal_model][INFO] - linear_regression
[2026-04-24 02:17:01,499][dowhy.causal_estimator][INFO] - INFO: Using Linear Regression Estimator
[2026-04-24 02:17:01,499][dowhy.causal_estimator][WARNING] - No directed path from ['X3'] to ['X1'].
[2026-04-24 02:17:01,500][dowhy.causal_model][INFO] - Model to find the causal effect of treatment ['X3'] on outcome ['X2']
[2026-04-24 02:17:01,500][dowhy.causal_identifier.auto_identifier][WARNING] - No directed path from treatment to outcome. Causal Effect is zero.
[2026-04-24 02:17:01,500][dowhy.causal_model][INFO] - linear_regression
[2026-04-24 02:17:01,500][dowhy.causal_estimator][INFO] - INFO: Using Linear Regression Estimator
[2026-04-24 02:17:01,500][dowhy.causal_estimator][WARNING] - No directed path from ['X3'] to ['X2'].
[2026-04-24 02:17:01,501][dowhy.causal_model][INFO] - Model to find the causal effect of treatment ['X3'] on outcome ['X4']
[2026-04-24 02:17:01,502][dowhy.causal_identifier.auto_identifier][INFO] - Causal effect can be identified.
[2026-04-24 02:17:01,502][dowhy.causal_identifier.auto_identifier][INFO] - Instrumental variables for treatment and outcome:['X0', 'X1']
[2026-04-24 02:17:01,502][dowhy.causal_identifier.auto_identifier][INFO] - Frontdoor variables for treatment and outcome:[]
[2026-04-24 02:17:01,502][dowhy.causal_model][INFO] - linear_regression
[2026-04-24 02:17:01,502][dowhy.causal_estimator][INFO] - INFO: Using Linear Regression Estimator
[2026-04-24 02:17:01,502][dowhy.causal_estimator][INFO] - b: X4~X3
[2026-04-24 02:17:01,508][dowhy.causal_model][INFO] - Model to find the causal effect of treatment ['X3'] on outcome ['X5']
[2026-04-24 02:17:01,509][dowhy.causal_identifier.auto_identifier][INFO] - Causal effect can be identified.
[2026-04-24 02:17:01,509][dowhy.causal_identifier.auto_identifier][INFO] - Instrumental variables for treatment and outcome:['X0', 'X1']
[2026-04-24 02:17:01,510][dowhy.causal_identifier.auto_identifier][INFO] - Frontdoor variables for treatment and outcome:['X4']
[2026-04-24 02:17:01,511][dowhy.causal_identifier.auto_identifier][INFO] - Causal effect can be identified.
[2026-04-24 02:17:01,512][dowhy.causal_identifier.auto_identifier][INFO] - Causal effect can be identified.
[2026-04-24 02:17:01,512][dowhy.causal_model][INFO] - linear_regression
[2026-04-24 02:17:01,513][dowhy.causal_estimator][INFO] - INFO: Using Linear Regression Estimator
[2026-04-24 02:17:01,513][dowhy.causal_estimator][INFO] - b: X5~X3+X3*X2
[2026-04-24 02:17:01,530][dowhy.causal_model][INFO] - Model to find the causal effect of treatment ['X4'] on outcome ['X0']
[2026-04-24 02:17:01,530][dowhy.causal_identifier.auto_identifier][WARNING] - No directed path from treatment to outcome. Causal Effect is zero.
[2026-04-24 02:17:01,530][dowhy.causal_model][INFO] - linear_regression
[2026-04-24 02:17:01,530][dowhy.causal_estimator][INFO] - INFO: Using Linear Regression Estimator
[2026-04-24 02:17:01,530][dowhy.causal_estimator][WARNING] - No directed path from ['X4'] to ['X0'].
[2026-04-24 02:17:01,531][dowhy.causal_model][INFO] - Model to find the causal effect of treatment ['X4'] on outcome ['X1']
[2026-04-24 02:17:01,531][dowhy.causal_identifier.auto_identifier][WARNING] - No directed path from treatment to outcome. Causal Effect is zero.
[2026-04-24 02:17:01,531][dowhy.causal_model][INFO] - linear_regression
[2026-04-24 02:17:01,531][dowhy.causal_estimator][INFO] - INFO: Using Linear Regression Estimator
[2026-04-24 02:17:01,531][dowhy.causal_estimator][WARNING] - No directed path from ['X4'] to ['X1'].
[2026-04-24 02:17:01,532][dowhy.causal_model][INFO] - Model to find the causal effect of treatment ['X4'] on outcome ['X2']
[2026-04-24 02:17:01,532][dowhy.causal_identifier.auto_identifier][WARNING] - No directed path from treatment to outcome. Causal Effect is zero.
[2026-04-24 02:17:01,532][dowhy.causal_model][INFO] - linear_regression
[2026-04-24 02:17:01,533][dowhy.causal_estimator][INFO] - INFO: Using Linear Regression Estimator
[2026-04-24 02:17:01,533][dowhy.causal_estimator][WARNING] - No directed path from ['X4'] to ['X2'].
[2026-04-24 02:17:01,534][dowhy.causal_model][INFO] - Model to find the causal effect of treatment ['X4'] on outcome ['X3']
[2026-04-24 02:17:01,534][dowhy.causal_identifier.auto_identifier][WARNING] - No directed path from treatment to outcome. Causal Effect is zero.
[2026-04-24 02:17:01,534][dowhy.causal_model][INFO] - linear_regression
[2026-04-24 02:17:01,534][dowhy.causal_estimator][INFO] - INFO: Using Linear Regression Estimator
[2026-04-24 02:17:01,534][dowhy.causal_estimator][WARNING] - No directed path from ['X4'] to ['X3'].
[2026-04-24 02:17:01,535][dowhy.causal_model][INFO] - Model to find the causal effect of treatment ['X4'] on outcome ['X5']
[2026-04-24 02:17:01,536][dowhy.causal_identifier.auto_identifier][INFO] - Causal effect can be identified.
[2026-04-24 02:17:01,537][dowhy.causal_identifier.auto_identifier][INFO] - Instrumental variables for treatment and outcome:['X3']
[2026-04-24 02:17:01,537][dowhy.causal_identifier.auto_identifier][INFO] - Frontdoor variables for treatment and outcome:[]
[2026-04-24 02:17:01,537][dowhy.causal_model][INFO] - linear_regression
[2026-04-24 02:17:01,537][dowhy.causal_estimator][INFO] - INFO: Using Linear Regression Estimator
[2026-04-24 02:17:01,538][dowhy.causal_estimator][INFO] - b: X5~X4+X4*X2
[2026-04-24 02:17:01,555][dowhy.causal_model][INFO] - Model to find the causal effect of treatment ['X5'] on outcome ['X0']
[2026-04-24 02:17:01,555][dowhy.causal_identifier.auto_identifier][WARNING] - No directed path from treatment to outcome. Causal Effect is zero.
[2026-04-24 02:17:01,555][dowhy.causal_model][INFO] - linear_regression
[2026-04-24 02:17:01,555][dowhy.causal_estimator][INFO] - INFO: Using Linear Regression Estimator
[2026-04-24 02:17:01,555][dowhy.causal_estimator][WARNING] - No directed path from ['X5'] to ['X0'].
[2026-04-24 02:17:01,557][dowhy.causal_model][INFO] - Model to find the causal effect of treatment ['X5'] on outcome ['X1']
[2026-04-24 02:17:01,557][dowhy.causal_identifier.auto_identifier][WARNING] - No directed path from treatment to outcome. Causal Effect is zero.
[2026-04-24 02:17:01,557][dowhy.causal_model][INFO] - linear_regression
[2026-04-24 02:17:01,557][dowhy.causal_estimator][INFO] - INFO: Using Linear Regression Estimator
[2026-04-24 02:17:01,557][dowhy.causal_estimator][WARNING] - No directed path from ['X5'] to ['X1'].
[2026-04-24 02:17:01,558][dowhy.causal_model][INFO] - Model to find the causal effect of treatment ['X5'] on outcome ['X2']
[2026-04-24 02:17:01,558][dowhy.causal_identifier.auto_identifier][WARNING] - No directed path from treatment to outcome. Causal Effect is zero.
[2026-04-24 02:17:01,558][dowhy.causal_model][INFO] - linear_regression
[2026-04-24 02:17:01,558][dowhy.causal_estimator][INFO] - INFO: Using Linear Regression Estimator
[2026-04-24 02:17:01,558][dowhy.causal_estimator][WARNING] - No directed path from ['X5'] to ['X2'].
[2026-04-24 02:17:01,559][dowhy.causal_model][INFO] - Model to find the causal effect of treatment ['X5'] on outcome ['X3']
[2026-04-24 02:17:01,559][dowhy.causal_identifier.auto_identifier][WARNING] - No directed path from treatment to outcome. Causal Effect is zero.
[2026-04-24 02:17:01,559][dowhy.causal_model][INFO] - linear_regression
[2026-04-24 02:17:01,559][dowhy.causal_estimator][INFO] - INFO: Using Linear Regression Estimator
[2026-04-24 02:17:01,559][dowhy.causal_estimator][WARNING] - No directed path from ['X5'] to ['X3'].
[2026-04-24 02:17:01,561][dowhy.causal_model][INFO] - Model to find the causal effect of treatment ['X5'] on outcome ['X4']
[2026-04-24 02:17:01,561][dowhy.causal_identifier.auto_identifier][WARNING] - No directed path from treatment to outcome. Causal Effect is zero.
[2026-04-24 02:17:01,561][dowhy.causal_model][INFO] - linear_regression
[2026-04-24 02:17:01,561][dowhy.causal_estimator][INFO] - INFO: Using Linear Regression Estimator
[2026-04-24 02:17:01,561][dowhy.causal_estimator][WARNING] - No directed path from ['X5'] to ['X4'].
[2026-04-24 02:17:01,593][dowhy.causal_model][INFO] - Model to find the causal effect of treatment ['X0'] on outcome ['X1']
[2026-04-24 02:17:01,593][dowhy.causal_identifier.auto_identifier][WARNING] - No directed path from treatment to outcome. Causal Effect is zero.
[2026-04-24 02:17:01,593][dowhy.causal_model][INFO] - linear_regression
[2026-04-24 02:17:01,593][dowhy.causal_estimator][INFO] - INFO: Using Linear Regression Estimator
[2026-04-24 02:17:01,593][dowhy.causal_estimator][WARNING] - No directed path from ['X0'] to ['X1'].
[2026-04-24 02:17:01,594][dowhy.causal_model][INFO] - Model to find the causal effect of treatment ['X0'] on outcome ['X2']
[2026-04-24 02:17:01,594][dowhy.causal_identifier.auto_identifier][WARNING] - No directed path from treatment to outcome. Causal Effect is zero.
[2026-04-24 02:17:01,594][dowhy.causal_model][INFO] - linear_regression
[2026-04-24 02:17:01,594][dowhy.causal_estimator][INFO] - INFO: Using Linear Regression Estimator
[2026-04-24 02:17:01,594][dowhy.causal_estimator][WARNING] - No directed path from ['X0'] to ['X2'].
[2026-04-24 02:17:01,595][dowhy.causal_model][INFO] - Model to find the causal effect of treatment ['X0'] on outcome ['X3']
[2026-04-24 02:17:01,596][dowhy.causal_identifier.auto_identifier][INFO] - Causal effect can be identified.
[2026-04-24 02:17:01,597][dowhy.causal_identifier.auto_identifier][INFO] - Instrumental variables for treatment and outcome:[]
[2026-04-24 02:17:01,597][dowhy.causal_identifier.auto_identifier][INFO] - Frontdoor variables for treatment and outcome:[]
[2026-04-24 02:17:01,597][dowhy.causal_model][INFO] - linear_regression
[2026-04-24 02:17:01,597][dowhy.causal_estimator][INFO] - INFO: Using Linear Regression Estimator
[2026-04-24 02:17:01,597][dowhy.causal_estimator][INFO] - b: X3~X0+X0*X1
[2026-04-24 02:17:01,606][dowhy.causal_model][INFO] - Model to find the causal effect of treatment ['X0'] on outcome ['X4']
[2026-04-24 02:17:01,606][dowhy.causal_identifier.auto_identifier][INFO] - Causal effect can be identified.
[2026-04-24 02:17:01,606][dowhy.causal_identifier.auto_identifier][INFO] - Instrumental variables for treatment and outcome:[]
[2026-04-24 02:17:01,607][dowhy.causal_identifier.auto_identifier][INFO] - Frontdoor variables for treatment and outcome:['X3']
[2026-04-24 02:17:01,607][dowhy.causal_identifier.auto_identifier][INFO] - Causal effect can be identified.
[2026-04-24 02:17:01,608][dowhy.causal_identifier.auto_identifier][INFO] - Causal effect can be identified.
[2026-04-24 02:17:01,609][dowhy.causal_model][INFO] - linear_regression
[2026-04-24 02:17:01,609][dowhy.causal_estimator][INFO] - INFO: Using Linear Regression Estimator
[2026-04-24 02:17:01,609][dowhy.causal_estimator][INFO] - b: X4~X0+X0*X1
[2026-04-24 02:17:01,617][dowhy.causal_model][INFO] - Model to find the causal effect of treatment ['X0'] on outcome ['X5']
[2026-04-24 02:17:01,618][dowhy.causal_identifier.auto_identifier][INFO] - Causal effect can be identified.
[2026-04-24 02:17:01,618][dowhy.causal_identifier.auto_identifier][INFO] - Instrumental variables for treatment and outcome:[]
[2026-04-24 02:17:01,619][dowhy.causal_identifier.auto_identifier][INFO] - Frontdoor variables for treatment and outcome:['X4', 'X3']
[2026-04-24 02:17:01,620][dowhy.causal_identifier.auto_identifier][INFO] - Causal effect can be identified.
[2026-04-24 02:17:01,621][dowhy.causal_identifier.auto_identifier][INFO] - Causal effect can be identified.
[2026-04-24 02:17:01,621][dowhy.causal_model][INFO] - linear_regression
[2026-04-24 02:17:01,621][dowhy.causal_estimator][INFO] - INFO: Using Linear Regression Estimator
[2026-04-24 02:17:01,622][dowhy.causal_estimator][INFO] - b: X5~X0+X0*X2+X0*X1
[2026-04-24 02:17:01,642][dowhy.causal_model][INFO] - Model to find the causal effect of treatment ['X1'] on outcome ['X0']
[2026-04-24 02:17:01,642][dowhy.causal_identifier.auto_identifier][WARNING] - No directed path from treatment to outcome. Causal Effect is zero.
[2026-04-24 02:17:01,643][dowhy.causal_model][INFO] - linear_regression
[2026-04-24 02:17:01,643][dowhy.causal_estimator][INFO] - INFO: Using Linear Regression Estimator
[2026-04-24 02:17:01,643][dowhy.causal_estimator][WARNING] - No directed path from ['X1'] to ['X0'].
[2026-04-24 02:17:01,644][dowhy.causal_model][INFO] - Model to find the causal effect of treatment ['X1'] on outcome ['X2']
[2026-04-24 02:17:01,644][dowhy.causal_identifier.auto_identifier][WARNING] - No directed path from treatment to outcome. Causal Effect is zero.
[2026-04-24 02:17:01,644][dowhy.causal_model][INFO] - linear_regression
[2026-04-24 02:17:01,644][dowhy.causal_estimator][INFO] - INFO: Using Linear Regression Estimator
[2026-04-24 02:17:01,644][dowhy.causal_estimator][WARNING] - No directed path from ['X1'] to ['X2'].
[2026-04-24 02:17:01,645][dowhy.causal_model][INFO] - Model to find the causal effect of treatment ['X1'] on outcome ['X3']
[2026-04-24 02:17:01,645][dowhy.causal_identifier.auto_identifier][INFO] - Causal effect can be identified.
[2026-04-24 02:17:01,646][dowhy.causal_identifier.auto_identifier][INFO] - Instrumental variables for treatment and outcome:[]
[2026-04-24 02:17:01,646][dowhy.causal_identifier.auto_identifier][INFO] - Frontdoor variables for treatment and outcome:[]
[2026-04-24 02:17:01,646][dowhy.causal_model][INFO] - linear_regression
[2026-04-24 02:17:01,646][dowhy.causal_estimator][INFO] - INFO: Using Linear Regression Estimator
[2026-04-24 02:17:01,646][dowhy.causal_estimator][INFO] - b: X3~X1+X1*X0
[2026-04-24 02:17:01,655][dowhy.causal_model][INFO] - Model to find the causal effect of treatment ['X1'] on outcome ['X4']
[2026-04-24 02:17:01,655][dowhy.causal_identifier.auto_identifier][INFO] - Causal effect can be identified.
[2026-04-24 02:17:01,656][dowhy.causal_identifier.auto_identifier][INFO] - Instrumental variables for treatment and outcome:[]
[2026-04-24 02:17:01,656][dowhy.causal_identifier.auto_identifier][INFO] - Frontdoor variables for treatment and outcome:['X3']
[2026-04-24 02:17:01,657][dowhy.causal_identifier.auto_identifier][INFO] - Causal effect can be identified.
[2026-04-24 02:17:01,657][dowhy.causal_identifier.auto_identifier][INFO] - Causal effect can be identified.
[2026-04-24 02:17:01,658][dowhy.causal_model][INFO] - linear_regression
[2026-04-24 02:17:01,658][dowhy.causal_estimator][INFO] - INFO: Using Linear Regression Estimator
[2026-04-24 02:17:01,658][dowhy.causal_estimator][INFO] - b: X4~X1+X1*X0
[2026-04-24 02:17:01,666][dowhy.causal_model][INFO] - Model to find the causal effect of treatment ['X1'] on outcome ['X5']
[2026-04-24 02:17:01,666][dowhy.causal_identifier.auto_identifier][INFO] - Causal effect can be identified.
[2026-04-24 02:17:01,667][dowhy.causal_identifier.auto_identifier][INFO] - Instrumental variables for treatment and outcome:[]
[2026-04-24 02:17:01,667][dowhy.causal_identifier.auto_identifier][INFO] - Frontdoor variables for treatment and outcome:['X4', 'X3']
[2026-04-24 02:17:01,668][dowhy.causal_identifier.auto_identifier][INFO] - Causal effect can be identified.
[2026-04-24 02:17:01,669][dowhy.causal_identifier.auto_identifier][INFO] - Causal effect can be identified.
[2026-04-24 02:17:01,669][dowhy.causal_model][INFO] - linear_regression
[2026-04-24 02:17:01,669][dowhy.causal_estimator][INFO] - INFO: Using Linear Regression Estimator
[2026-04-24 02:17:01,670][dowhy.causal_estimator][INFO] - b: X5~X1+X1*X0+X1*X2
[2026-04-24 02:17:01,687][dowhy.causal_model][INFO] - Model to find the causal effect of treatment ['X2'] on outcome ['X0']
[2026-04-24 02:17:01,687][dowhy.causal_identifier.auto_identifier][WARNING] - No directed path from treatment to outcome. Causal Effect is zero.
[2026-04-24 02:17:01,687][dowhy.causal_model][INFO] - linear_regression
[2026-04-24 02:17:01,687][dowhy.causal_estimator][INFO] - INFO: Using Linear Regression Estimator
[2026-04-24 02:17:01,687][dowhy.causal_estimator][WARNING] - No directed path from ['X2'] to ['X0'].
[2026-04-24 02:17:01,688][dowhy.causal_model][INFO] - Model to find the causal effect of treatment ['X2'] on outcome ['X1']
[2026-04-24 02:17:01,688][dowhy.causal_identifier.auto_identifier][WARNING] - No directed path from treatment to outcome. Causal Effect is zero.
[2026-04-24 02:17:01,688][dowhy.causal_model][INFO] - linear_regression
[2026-04-24 02:17:01,688][dowhy.causal_estimator][INFO] - INFO: Using Linear Regression Estimator
[2026-04-24 02:17:01,688][dowhy.causal_estimator][WARNING] - No directed path from ['X2'] to ['X1'].
[2026-04-24 02:17:01,689][dowhy.causal_model][INFO] - Model to find the causal effect of treatment ['X2'] on outcome ['X3']
[2026-04-24 02:17:01,689][dowhy.causal_identifier.auto_identifier][WARNING] - No directed path from treatment to outcome. Causal Effect is zero.
[2026-04-24 02:17:01,689][dowhy.causal_model][INFO] - linear_regression
[2026-04-24 02:17:01,689][dowhy.causal_estimator][INFO] - INFO: Using Linear Regression Estimator
[2026-04-24 02:17:01,689][dowhy.causal_estimator][WARNING] - No directed path from ['X2'] to ['X3'].
[2026-04-24 02:17:01,691][dowhy.causal_model][INFO] - Model to find the causal effect of treatment ['X2'] on outcome ['X4']
[2026-04-24 02:17:01,691][dowhy.causal_identifier.auto_identifier][WARNING] - No directed path from treatment to outcome. Causal Effect is zero.
[2026-04-24 02:17:01,691][dowhy.causal_model][INFO] - linear_regression
[2026-04-24 02:17:01,691][dowhy.causal_estimator][INFO] - INFO: Using Linear Regression Estimator
[2026-04-24 02:17:01,691][dowhy.causal_estimator][WARNING] - No directed path from ['X2'] to ['X4'].
[2026-04-24 02:17:01,692][dowhy.causal_model][INFO] - Model to find the causal effect of treatment ['X2'] on outcome ['X5']
[2026-04-24 02:17:01,693][dowhy.causal_identifier.auto_identifier][INFO] - Causal effect can be identified.
[2026-04-24 02:17:01,694][dowhy.causal_identifier.auto_identifier][INFO] - Instrumental variables for treatment and outcome:[]
[2026-04-24 02:17:01,694][dowhy.causal_identifier.auto_identifier][INFO] - Frontdoor variables for treatment and outcome:[]
[2026-04-24 02:17:01,694][dowhy.causal_model][INFO] - linear_regression
[2026-04-24 02:17:01,694][dowhy.causal_estimator][INFO] - INFO: Using Linear Regression Estimator
[2026-04-24 02:17:01,694][dowhy.causal_estimator][INFO] - b: X5~X2+X2*X0+X2*X4+X2*X3+X2*X1
[2026-04-24 02:17:01,710][dowhy.causal_model][INFO] - Model to find the causal effect of treatment ['X3'] on outcome ['X0']
[2026-04-24 02:17:01,710][dowhy.causal_identifier.auto_identifier][WARNING] - No directed path from treatment to outcome. Causal Effect is zero.
[2026-04-24 02:17:01,710][dowhy.causal_model][INFO] - linear_regression
[2026-04-24 02:17:01,711][dowhy.causal_estimator][INFO] - INFO: Using Linear Regression Estimator
[2026-04-24 02:17:01,711][dowhy.causal_estimator][WARNING] - No directed path from ['X3'] to ['X0'].
[2026-04-24 02:17:01,712][dowhy.causal_model][INFO] - Model to find the causal effect of treatment ['X3'] on outcome ['X1']
[2026-04-24 02:17:01,712][dowhy.causal_identifier.auto_identifier][WARNING] - No directed path from treatment to outcome. Causal Effect is zero.
[2026-04-24 02:17:01,712][dowhy.causal_model][INFO] - linear_regression
[2026-04-24 02:17:01,712][dowhy.causal_estimator][INFO] - INFO: Using Linear Regression Estimator
[2026-04-24 02:17:01,712][dowhy.causal_estimator][WARNING] - No directed path from ['X3'] to ['X1'].
[2026-04-24 02:17:01,713][dowhy.causal_model][INFO] - Model to find the causal effect of treatment ['X3'] on outcome ['X2']
[2026-04-24 02:17:01,713][dowhy.causal_identifier.auto_identifier][WARNING] - No directed path from treatment to outcome. Causal Effect is zero.
[2026-04-24 02:17:01,713][dowhy.causal_model][INFO] - linear_regression
[2026-04-24 02:17:01,713][dowhy.causal_estimator][INFO] - INFO: Using Linear Regression Estimator
[2026-04-24 02:17:01,713][dowhy.causal_estimator][WARNING] - No directed path from ['X3'] to ['X2'].
[2026-04-24 02:17:01,714][dowhy.causal_model][INFO] - Model to find the causal effect of treatment ['X3'] on outcome ['X4']
[2026-04-24 02:17:01,715][dowhy.causal_identifier.auto_identifier][INFO] - Causal effect can be identified.
[2026-04-24 02:17:01,715][dowhy.causal_identifier.auto_identifier][INFO] - Instrumental variables for treatment and outcome:['X0', 'X1']
[2026-04-24 02:17:01,715][dowhy.causal_identifier.auto_identifier][INFO] - Frontdoor variables for treatment and outcome:[]
[2026-04-24 02:17:01,715][dowhy.causal_model][INFO] - linear_regression
[2026-04-24 02:17:01,715][dowhy.causal_estimator][INFO] - INFO: Using Linear Regression Estimator
[2026-04-24 02:17:01,716][dowhy.causal_estimator][INFO] - b: X4~X3
[2026-04-24 02:17:01,721][dowhy.causal_model][INFO] - Model to find the causal effect of treatment ['X3'] on outcome ['X5']
[2026-04-24 02:17:01,722][dowhy.causal_identifier.auto_identifier][INFO] - Causal effect can be identified.
[2026-04-24 02:17:01,722][dowhy.causal_identifier.auto_identifier][INFO] - Instrumental variables for treatment and outcome:['X0', 'X1']
[2026-04-24 02:17:01,723][dowhy.causal_identifier.auto_identifier][INFO] - Frontdoor variables for treatment and outcome:['X4']
[2026-04-24 02:17:01,724][dowhy.causal_identifier.auto_identifier][INFO] - Causal effect can be identified.
[2026-04-24 02:17:01,725][dowhy.causal_identifier.auto_identifier][INFO] - Causal effect can be identified.
[2026-04-24 02:17:01,725][dowhy.causal_model][INFO] - linear_regression
[2026-04-24 02:17:01,725][dowhy.causal_estimator][INFO] - INFO: Using Linear Regression Estimator
[2026-04-24 02:17:01,726][dowhy.causal_estimator][INFO] - b: X5~X3+X3*X2
[2026-04-24 02:17:01,743][dowhy.causal_model][INFO] - Model to find the causal effect of treatment ['X4'] on outcome ['X0']
[2026-04-24 02:17:01,743][dowhy.causal_identifier.auto_identifier][WARNING] - No directed path from treatment to outcome. Causal Effect is zero.
[2026-04-24 02:17:01,743][dowhy.causal_model][INFO] - linear_regression
[2026-04-24 02:17:01,743][dowhy.causal_estimator][INFO] - INFO: Using Linear Regression Estimator
[2026-04-24 02:17:01,743][dowhy.causal_estimator][WARNING] - No directed path from ['X4'] to ['X0'].
[2026-04-24 02:17:01,744][dowhy.causal_model][INFO] - Model to find the causal effect of treatment ['X4'] on outcome ['X1']
[2026-04-24 02:17:01,744][dowhy.causal_identifier.auto_identifier][WARNING] - No directed path from treatment to outcome. Causal Effect is zero.
[2026-04-24 02:17:01,744][dowhy.causal_model][INFO] - linear_regression
[2026-04-24 02:17:01,744][dowhy.causal_estimator][INFO] - INFO: Using Linear Regression Estimator
[2026-04-24 02:17:01,744][dowhy.causal_estimator][WARNING] - No directed path from ['X4'] to ['X1'].
[2026-04-24 02:17:01,745][dowhy.causal_model][INFO] - Model to find the causal effect of treatment ['X4'] on outcome ['X2']
[2026-04-24 02:17:01,745][dowhy.causal_identifier.auto_identifier][WARNING] - No directed path from treatment to outcome. Causal Effect is zero.
[2026-04-24 02:17:01,745][dowhy.causal_model][INFO] - linear_regression
[2026-04-24 02:17:01,746][dowhy.causal_estimator][INFO] - INFO: Using Linear Regression Estimator
[2026-04-24 02:17:01,746][dowhy.causal_estimator][WARNING] - No directed path from ['X4'] to ['X2'].
[2026-04-24 02:17:01,747][dowhy.causal_model][INFO] - Model to find the causal effect of treatment ['X4'] on outcome ['X3']
[2026-04-24 02:17:01,747][dowhy.causal_identifier.auto_identifier][WARNING] - No directed path from treatment to outcome. Causal Effect is zero.
[2026-04-24 02:17:01,747][dowhy.causal_model][INFO] - linear_regression
[2026-04-24 02:17:01,747][dowhy.causal_estimator][INFO] - INFO: Using Linear Regression Estimator
[2026-04-24 02:17:01,747][dowhy.causal_estimator][WARNING] - No directed path from ['X4'] to ['X3'].
[2026-04-24 02:17:01,748][dowhy.causal_model][INFO] - Model to find the causal effect of treatment ['X4'] on outcome ['X5']
[2026-04-24 02:17:01,749][dowhy.causal_identifier.auto_identifier][INFO] - Causal effect can be identified.
[2026-04-24 02:17:01,750][dowhy.causal_identifier.auto_identifier][INFO] - Instrumental variables for treatment and outcome:['X3']
[2026-04-24 02:17:01,750][dowhy.causal_identifier.auto_identifier][INFO] - Frontdoor variables for treatment and outcome:[]
[2026-04-24 02:17:01,750][dowhy.causal_model][INFO] - linear_regression
[2026-04-24 02:17:01,750][dowhy.causal_estimator][INFO] - INFO: Using Linear Regression Estimator
[2026-04-24 02:17:01,750][dowhy.causal_estimator][INFO] - b: X5~X4+X4*X2
[2026-04-24 02:17:01,767][dowhy.causal_model][INFO] - Model to find the causal effect of treatment ['X5'] on outcome ['X0']
[2026-04-24 02:17:01,767][dowhy.causal_identifier.auto_identifier][WARNING] - No directed path from treatment to outcome. Causal Effect is zero.
[2026-04-24 02:17:01,767][dowhy.causal_model][INFO] - linear_regression
[2026-04-24 02:17:01,767][dowhy.causal_estimator][INFO] - INFO: Using Linear Regression Estimator
[2026-04-24 02:17:01,767][dowhy.causal_estimator][WARNING] - No directed path from ['X5'] to ['X0'].
[2026-04-24 02:17:01,768][dowhy.causal_model][INFO] - Model to find the causal effect of treatment ['X5'] on outcome ['X1']
[2026-04-24 02:17:01,768][dowhy.causal_identifier.auto_identifier][WARNING] - No directed path from treatment to outcome. Causal Effect is zero.
[2026-04-24 02:17:01,768][dowhy.causal_model][INFO] - linear_regression
[2026-04-24 02:17:01,768][dowhy.causal_estimator][INFO] - INFO: Using Linear Regression Estimator
[2026-04-24 02:17:01,768][dowhy.causal_estimator][WARNING] - No directed path from ['X5'] to ['X1'].
[2026-04-24 02:17:01,769][dowhy.causal_model][INFO] - Model to find the causal effect of treatment ['X5'] on outcome ['X2']
[2026-04-24 02:17:01,769][dowhy.causal_identifier.auto_identifier][WARNING] - No directed path from treatment to outcome. Causal Effect is zero.
[2026-04-24 02:17:01,769][dowhy.causal_model][INFO] - linear_regression
[2026-04-24 02:17:01,769][dowhy.causal_estimator][INFO] - INFO: Using Linear Regression Estimator
[2026-04-24 02:17:01,770][dowhy.causal_estimator][WARNING] - No directed path from ['X5'] to ['X2'].
[2026-04-24 02:17:01,771][dowhy.causal_model][INFO] - Model to find the causal effect of treatment ['X5'] on outcome ['X3']
[2026-04-24 02:17:01,771][dowhy.causal_identifier.auto_identifier][WARNING] - No directed path from treatment to outcome. Causal Effect is zero.
[2026-04-24 02:17:01,771][dowhy.causal_model][INFO] - linear_regression
[2026-04-24 02:17:01,771][dowhy.causal_estimator][INFO] - INFO: Using Linear Regression Estimator
[2026-04-24 02:17:01,771][dowhy.causal_estimator][WARNING] - No directed path from ['X5'] to ['X3'].
[2026-04-24 02:17:01,772][dowhy.causal_model][INFO] - Model to find the causal effect of treatment ['X5'] on outcome ['X4']
[2026-04-24 02:17:01,772][dowhy.causal_identifier.auto_identifier][WARNING] - No directed path from treatment to outcome. Causal Effect is zero.
[2026-04-24 02:17:01,772][dowhy.causal_model][INFO] - linear_regression
[2026-04-24 02:17:01,772][dowhy.causal_estimator][INFO] - INFO: Using Linear Regression Estimator
[2026-04-24 02:17:01,772][dowhy.causal_estimator][WARNING] - No directed path from ['X5'] to ['X4'].
[2026-04-24 02:17:01,801][dowhy.causal_model][INFO] - Model to find the causal effect of treatment ['X0'] on outcome ['X1']
[2026-04-24 02:17:01,801][dowhy.causal_identifier.auto_identifier][WARNING] - No directed path from treatment to outcome. Causal Effect is zero.
[2026-04-24 02:17:01,801][dowhy.causal_model][INFO] - linear_regression
[2026-04-24 02:17:01,801][dowhy.causal_estimator][INFO] - INFO: Using Linear Regression Estimator
[2026-04-24 02:17:01,801][dowhy.causal_estimator][WARNING] - No directed path from ['X0'] to ['X1'].
[2026-04-24 02:17:01,802][dowhy.causal_model][INFO] - Model to find the causal effect of treatment ['X0'] on outcome ['X2']
[2026-04-24 02:17:01,802][dowhy.causal_identifier.auto_identifier][WARNING] - No directed path from treatment to outcome. Causal Effect is zero.
[2026-04-24 02:17:01,802][dowhy.causal_model][INFO] - linear_regression
[2026-04-24 02:17:01,802][dowhy.causal_estimator][INFO] - INFO: Using Linear Regression Estimator
[2026-04-24 02:17:01,802][dowhy.causal_estimator][WARNING] - No directed path from ['X0'] to ['X2'].
[2026-04-24 02:17:01,804][dowhy.causal_model][INFO] - Model to find the causal effect of treatment ['X0'] on outcome ['X3']
[2026-04-24 02:17:01,804][dowhy.causal_identifier.auto_identifier][INFO] - Causal effect can be identified.
[2026-04-24 02:17:01,805][dowhy.causal_identifier.auto_identifier][INFO] - Instrumental variables for treatment and outcome:[]
[2026-04-24 02:17:01,805][dowhy.causal_identifier.auto_identifier][INFO] - Frontdoor variables for treatment and outcome:[]
[2026-04-24 02:17:01,805][dowhy.causal_model][INFO] - linear_regression
[2026-04-24 02:17:01,805][dowhy.causal_estimator][INFO] - INFO: Using Linear Regression Estimator
[2026-04-24 02:17:01,805][dowhy.causal_estimator][INFO] - b: X3~X0+X0*X1
[2026-04-24 02:17:01,814][dowhy.causal_model][INFO] - Model to find the causal effect of treatment ['X0'] on outcome ['X4']
[2026-04-24 02:17:01,814][dowhy.causal_identifier.auto_identifier][INFO] - Causal effect can be identified.
[2026-04-24 02:17:01,815][dowhy.causal_identifier.auto_identifier][INFO] - Instrumental variables for treatment and outcome:[]
[2026-04-24 02:17:01,815][dowhy.causal_identifier.auto_identifier][INFO] - Frontdoor variables for treatment and outcome:['X3']
[2026-04-24 02:17:01,816][dowhy.causal_identifier.auto_identifier][INFO] - Causal effect can be identified.
[2026-04-24 02:17:01,817][dowhy.causal_identifier.auto_identifier][INFO] - Causal effect can be identified.
[2026-04-24 02:17:01,817][dowhy.causal_model][INFO] - linear_regression
[2026-04-24 02:17:01,817][dowhy.causal_estimator][INFO] - INFO: Using Linear Regression Estimator
[2026-04-24 02:17:01,818][dowhy.causal_estimator][INFO] - b: X4~X0+X0*X1
[2026-04-24 02:17:01,826][dowhy.causal_model][INFO] - Model to find the causal effect of treatment ['X0'] on outcome ['X5']
[2026-04-24 02:17:01,826][dowhy.causal_identifier.auto_identifier][INFO] - Causal effect can be identified.
[2026-04-24 02:17:01,827][dowhy.causal_identifier.auto_identifier][INFO] - Instrumental variables for treatment and outcome:[]
[2026-04-24 02:17:01,828][dowhy.causal_identifier.auto_identifier][INFO] - Frontdoor variables for treatment and outcome:['X4', 'X3']
[2026-04-24 02:17:01,828][dowhy.causal_identifier.auto_identifier][INFO] - Causal effect can be identified.
[2026-04-24 02:17:01,829][dowhy.causal_identifier.auto_identifier][INFO] - Causal effect can be identified.
[2026-04-24 02:17:01,830][dowhy.causal_model][INFO] - linear_regression
[2026-04-24 02:17:01,830][dowhy.causal_estimator][INFO] - INFO: Using Linear Regression Estimator
[2026-04-24 02:17:01,830][dowhy.causal_estimator][INFO] - b: X5~X0+X0*X2+X0*X1
[2026-04-24 02:17:01,852][dowhy.causal_model][INFO] - Model to find the causal effect of treatment ['X1'] on outcome ['X0']
[2026-04-24 02:17:01,852][dowhy.causal_identifier.auto_identifier][WARNING] - No directed path from treatment to outcome. Causal Effect is zero.
[2026-04-24 02:17:01,852][dowhy.causal_model][INFO] - linear_regression
[2026-04-24 02:17:01,852][dowhy.causal_estimator][INFO] - INFO: Using Linear Regression Estimator
[2026-04-24 02:17:01,852][dowhy.causal_estimator][WARNING] - No directed path from ['X1'] to ['X0'].
[2026-04-24 02:17:01,853][dowhy.causal_model][INFO] - Model to find the causal effect of treatment ['X1'] on outcome ['X2']
[2026-04-24 02:17:01,853][dowhy.causal_identifier.auto_identifier][WARNING] - No directed path from treatment to outcome. Causal Effect is zero.
[2026-04-24 02:17:01,853][dowhy.causal_model][INFO] - linear_regression
[2026-04-24 02:17:01,853][dowhy.causal_estimator][INFO] - INFO: Using Linear Regression Estimator
[2026-04-24 02:17:01,853][dowhy.causal_estimator][WARNING] - No directed path from ['X1'] to ['X2'].
[2026-04-24 02:17:01,854][dowhy.causal_model][INFO] - Model to find the causal effect of treatment ['X1'] on outcome ['X3']
[2026-04-24 02:17:01,855][dowhy.causal_identifier.auto_identifier][INFO] - Causal effect can be identified.
[2026-04-24 02:17:01,855][dowhy.causal_identifier.auto_identifier][INFO] - Instrumental variables for treatment and outcome:[]
[2026-04-24 02:17:01,855][dowhy.causal_identifier.auto_identifier][INFO] - Frontdoor variables for treatment and outcome:[]
[2026-04-24 02:17:01,855][dowhy.causal_model][INFO] - linear_regression
[2026-04-24 02:17:01,855][dowhy.causal_estimator][INFO] - INFO: Using Linear Regression Estimator
[2026-04-24 02:17:01,856][dowhy.causal_estimator][INFO] - b: X3~X1+X1*X0
[2026-04-24 02:17:01,864][dowhy.causal_model][INFO] - Model to find the causal effect of treatment ['X1'] on outcome ['X4']
[2026-04-24 02:17:01,864][dowhy.causal_identifier.auto_identifier][INFO] - Causal effect can be identified.
[2026-04-24 02:17:01,865][dowhy.causal_identifier.auto_identifier][INFO] - Instrumental variables for treatment and outcome:[]
[2026-04-24 02:17:01,865][dowhy.causal_identifier.auto_identifier][INFO] - Frontdoor variables for treatment and outcome:['X3']
[2026-04-24 02:17:01,866][dowhy.causal_identifier.auto_identifier][INFO] - Causal effect can be identified.
[2026-04-24 02:17:01,867][dowhy.causal_identifier.auto_identifier][INFO] - Causal effect can be identified.
[2026-04-24 02:17:01,867][dowhy.causal_model][INFO] - linear_regression
[2026-04-24 02:17:01,867][dowhy.causal_estimator][INFO] - INFO: Using Linear Regression Estimator
[2026-04-24 02:17:01,868][dowhy.causal_estimator][INFO] - b: X4~X1+X1*X0
[2026-04-24 02:17:01,876][dowhy.causal_model][INFO] - Model to find the causal effect of treatment ['X1'] on outcome ['X5']
[2026-04-24 02:17:01,876][dowhy.causal_identifier.auto_identifier][INFO] - Causal effect can be identified.
[2026-04-24 02:17:01,877][dowhy.causal_identifier.auto_identifier][INFO] - Instrumental variables for treatment and outcome:[]
[2026-04-24 02:17:01,877][dowhy.causal_identifier.auto_identifier][INFO] - Frontdoor variables for treatment and outcome:['X4', 'X3']
[2026-04-24 02:17:01,878][dowhy.causal_identifier.auto_identifier][INFO] - Causal effect can be identified.
[2026-04-24 02:17:01,879][dowhy.causal_identifier.auto_identifier][INFO] - Causal effect can be identified.
[2026-04-24 02:17:01,879][dowhy.causal_model][INFO] - linear_regression
[2026-04-24 02:17:01,879][dowhy.causal_estimator][INFO] - INFO: Using Linear Regression Estimator
[2026-04-24 02:17:01,880][dowhy.causal_estimator][INFO] - b: X5~X1+X1*X0+X1*X2
[2026-04-24 02:17:01,898][dowhy.causal_model][INFO] - Model to find the causal effect of treatment ['X2'] on outcome ['X0']
[2026-04-24 02:17:01,898][dowhy.causal_identifier.auto_identifier][WARNING] - No directed path from treatment to outcome. Causal Effect is zero.
[2026-04-24 02:17:01,898][dowhy.causal_model][INFO] - linear_regression
[2026-04-24 02:17:01,898][dowhy.causal_estimator][INFO] - INFO: Using Linear Regression Estimator
[2026-04-24 02:17:01,898][dowhy.causal_estimator][WARNING] - No directed path from ['X2'] to ['X0'].
[2026-04-24 02:17:01,899][dowhy.causal_model][INFO] - Model to find the causal effect of treatment ['X2'] on outcome ['X1']
[2026-04-24 02:17:01,899][dowhy.causal_identifier.auto_identifier][WARNING] - No directed path from treatment to outcome. Causal Effect is zero.
[2026-04-24 02:17:01,899][dowhy.causal_model][INFO] - linear_regression
[2026-04-24 02:17:01,899][dowhy.causal_estimator][INFO] - INFO: Using Linear Regression Estimator
[2026-04-24 02:17:01,899][dowhy.causal_estimator][WARNING] - No directed path from ['X2'] to ['X1'].
[2026-04-24 02:17:01,900][dowhy.causal_model][INFO] - Model to find the causal effect of treatment ['X2'] on outcome ['X3']
[2026-04-24 02:17:01,900][dowhy.causal_identifier.auto_identifier][WARNING] - No directed path from treatment to outcome. Causal Effect is zero.
[2026-04-24 02:17:01,900][dowhy.causal_model][INFO] - linear_regression
[2026-04-24 02:17:01,901][dowhy.causal_estimator][INFO] - INFO: Using Linear Regression Estimator
[2026-04-24 02:17:01,901][dowhy.causal_estimator][WARNING] - No directed path from ['X2'] to ['X3'].
[2026-04-24 02:17:01,902][dowhy.causal_model][INFO] - Model to find the causal effect of treatment ['X2'] on outcome ['X4']
[2026-04-24 02:17:01,902][dowhy.causal_identifier.auto_identifier][WARNING] - No directed path from treatment to outcome. Causal Effect is zero.
[2026-04-24 02:17:01,902][dowhy.causal_model][INFO] - linear_regression
[2026-04-24 02:17:01,902][dowhy.causal_estimator][INFO] - INFO: Using Linear Regression Estimator
[2026-04-24 02:17:01,902][dowhy.causal_estimator][WARNING] - No directed path from ['X2'] to ['X4'].
[2026-04-24 02:17:01,904][dowhy.causal_model][INFO] - Model to find the causal effect of treatment ['X2'] on outcome ['X5']
[2026-04-24 02:17:01,905][dowhy.causal_identifier.auto_identifier][INFO] - Causal effect can be identified.
[2026-04-24 02:17:01,905][dowhy.causal_identifier.auto_identifier][INFO] - Instrumental variables for treatment and outcome:[]
[2026-04-24 02:17:01,905][dowhy.causal_identifier.auto_identifier][INFO] - Frontdoor variables for treatment and outcome:[]
[2026-04-24 02:17:01,906][dowhy.causal_model][INFO] - linear_regression
[2026-04-24 02:17:01,906][dowhy.causal_estimator][INFO] - INFO: Using Linear Regression Estimator
[2026-04-24 02:17:01,906][dowhy.causal_estimator][INFO] - b: X5~X2+X2*X0+X2*X4+X2*X3+X2*X1
[2026-04-24 02:17:01,922][dowhy.causal_model][INFO] - Model to find the causal effect of treatment ['X3'] on outcome ['X0']
[2026-04-24 02:17:01,922][dowhy.causal_identifier.auto_identifier][WARNING] - No directed path from treatment to outcome. Causal Effect is zero.
[2026-04-24 02:17:01,922][dowhy.causal_model][INFO] - linear_regression
[2026-04-24 02:17:01,922][dowhy.causal_estimator][INFO] - INFO: Using Linear Regression Estimator
[2026-04-24 02:17:01,922][dowhy.causal_estimator][WARNING] - No directed path from ['X3'] to ['X0'].
[2026-04-24 02:17:01,924][dowhy.causal_model][INFO] - Model to find the causal effect of treatment ['X3'] on outcome ['X1']
[2026-04-24 02:17:01,924][dowhy.causal_identifier.auto_identifier][WARNING] - No directed path from treatment to outcome. Causal Effect is zero.
[2026-04-24 02:17:01,924][dowhy.causal_model][INFO] - linear_regression
[2026-04-24 02:17:01,924][dowhy.causal_estimator][INFO] - INFO: Using Linear Regression Estimator
[2026-04-24 02:17:01,924][dowhy.causal_estimator][WARNING] - No directed path from ['X3'] to ['X1'].
[2026-04-24 02:17:01,925][dowhy.causal_model][INFO] - Model to find the causal effect of treatment ['X3'] on outcome ['X2']
[2026-04-24 02:17:01,925][dowhy.causal_identifier.auto_identifier][WARNING] - No directed path from treatment to outcome. Causal Effect is zero.
[2026-04-24 02:17:01,925][dowhy.causal_model][INFO] - linear_regression
[2026-04-24 02:17:01,925][dowhy.causal_estimator][INFO] - INFO: Using Linear Regression Estimator
[2026-04-24 02:17:01,925][dowhy.causal_estimator][WARNING] - No directed path from ['X3'] to ['X2'].
[2026-04-24 02:17:01,926][dowhy.causal_model][INFO] - Model to find the causal effect of treatment ['X3'] on outcome ['X4']
[2026-04-24 02:17:01,927][dowhy.causal_identifier.auto_identifier][INFO] - Causal effect can be identified.
[2026-04-24 02:17:01,927][dowhy.causal_identifier.auto_identifier][INFO] - Instrumental variables for treatment and outcome:['X0', 'X1']
[2026-04-24 02:17:01,927][dowhy.causal_identifier.auto_identifier][INFO] - Frontdoor variables for treatment and outcome:[]
[2026-04-24 02:17:01,927][dowhy.causal_model][INFO] - linear_regression
[2026-04-24 02:17:01,927][dowhy.causal_estimator][INFO] - INFO: Using Linear Regression Estimator
[2026-04-24 02:17:01,928][dowhy.causal_estimator][INFO] - b: X4~X3
[2026-04-24 02:17:01,933][dowhy.causal_model][INFO] - Model to find the causal effect of treatment ['X3'] on outcome ['X5']
[2026-04-24 02:17:01,934][dowhy.causal_identifier.auto_identifier][INFO] - Causal effect can be identified.
[2026-04-24 02:17:01,934][dowhy.causal_identifier.auto_identifier][INFO] - Instrumental variables for treatment and outcome:['X0', 'X1']
[2026-04-24 02:17:01,935][dowhy.causal_identifier.auto_identifier][INFO] - Frontdoor variables for treatment and outcome:['X4']
[2026-04-24 02:17:01,936][dowhy.causal_identifier.auto_identifier][INFO] - Causal effect can be identified.
[2026-04-24 02:17:01,937][dowhy.causal_identifier.auto_identifier][INFO] - Causal effect can be identified.
[2026-04-24 02:17:01,938][dowhy.causal_model][INFO] - linear_regression
[2026-04-24 02:17:01,938][dowhy.causal_estimator][INFO] - INFO: Using Linear Regression Estimator
[2026-04-24 02:17:01,938][dowhy.causal_estimator][INFO] - b: X5~X3+X3*X2
[2026-04-24 02:17:01,956][dowhy.causal_model][INFO] - Model to find the causal effect of treatment ['X4'] on outcome ['X0']
[2026-04-24 02:17:01,956][dowhy.causal_identifier.auto_identifier][WARNING] - No directed path from treatment to outcome. Causal Effect is zero.
[2026-04-24 02:17:01,956][dowhy.causal_model][INFO] - linear_regression
[2026-04-24 02:17:01,956][dowhy.causal_estimator][INFO] - INFO: Using Linear Regression Estimator
[2026-04-24 02:17:01,956][dowhy.causal_estimator][WARNING] - No directed path from ['X4'] to ['X0'].
[2026-04-24 02:17:01,957][dowhy.causal_model][INFO] - Model to find the causal effect of treatment ['X4'] on outcome ['X1']
[2026-04-24 02:17:01,957][dowhy.causal_identifier.auto_identifier][WARNING] - No directed path from treatment to outcome. Causal Effect is zero.
[2026-04-24 02:17:01,957][dowhy.causal_model][INFO] - linear_regression
[2026-04-24 02:17:01,957][dowhy.causal_estimator][INFO] - INFO: Using Linear Regression Estimator
[2026-04-24 02:17:01,957][dowhy.causal_estimator][WARNING] - No directed path from ['X4'] to ['X1'].
[2026-04-24 02:17:01,958][dowhy.causal_model][INFO] - Model to find the causal effect of treatment ['X4'] on outcome ['X2']
[2026-04-24 02:17:01,958][dowhy.causal_identifier.auto_identifier][WARNING] - No directed path from treatment to outcome. Causal Effect is zero.
[2026-04-24 02:17:01,958][dowhy.causal_model][INFO] - linear_regression
[2026-04-24 02:17:01,958][dowhy.causal_estimator][INFO] - INFO: Using Linear Regression Estimator
[2026-04-24 02:17:01,958][dowhy.causal_estimator][WARNING] - No directed path from ['X4'] to ['X2'].
[2026-04-24 02:17:01,959][dowhy.causal_model][INFO] - Model to find the causal effect of treatment ['X4'] on outcome ['X3']
[2026-04-24 02:17:01,959][dowhy.causal_identifier.auto_identifier][WARNING] - No directed path from treatment to outcome. Causal Effect is zero.
[2026-04-24 02:17:01,959][dowhy.causal_model][INFO] - linear_regression
[2026-04-24 02:17:01,959][dowhy.causal_estimator][INFO] - INFO: Using Linear Regression Estimator
[2026-04-24 02:17:01,959][dowhy.causal_estimator][WARNING] - No directed path from ['X4'] to ['X3'].
[2026-04-24 02:17:01,961][dowhy.causal_model][INFO] - Model to find the causal effect of treatment ['X4'] on outcome ['X5']
[2026-04-24 02:17:01,962][dowhy.causal_identifier.auto_identifier][INFO] - Causal effect can be identified.
[2026-04-24 02:17:01,963][dowhy.causal_identifier.auto_identifier][INFO] - Instrumental variables for treatment and outcome:['X3']
[2026-04-24 02:17:01,963][dowhy.causal_identifier.auto_identifier][INFO] - Frontdoor variables for treatment and outcome:[]
[2026-04-24 02:17:01,963][dowhy.causal_model][INFO] - linear_regression
[2026-04-24 02:17:01,963][dowhy.causal_estimator][INFO] - INFO: Using Linear Regression Estimator
[2026-04-24 02:17:01,963][dowhy.causal_estimator][INFO] - b: X5~X4+X4*X2
[2026-04-24 02:17:01,981][dowhy.causal_model][INFO] - Model to find the causal effect of treatment ['X5'] on outcome ['X0']
[2026-04-24 02:17:01,981][dowhy.causal_identifier.auto_identifier][WARNING] - No directed path from treatment to outcome. Causal Effect is zero.
[2026-04-24 02:17:01,981][dowhy.causal_model][INFO] - linear_regression
[2026-04-24 02:17:01,981][dowhy.causal_estimator][INFO] - INFO: Using Linear Regression Estimator
[2026-04-24 02:17:01,981][dowhy.causal_estimator][WARNING] - No directed path from ['X5'] to ['X0'].
[2026-04-24 02:17:01,982][dowhy.causal_model][INFO] - Model to find the causal effect of treatment ['X5'] on outcome ['X1']
[2026-04-24 02:17:01,982][dowhy.causal_identifier.auto_identifier][WARNING] - No directed path from treatment to outcome. Causal Effect is zero.
[2026-04-24 02:17:01,983][dowhy.causal_model][INFO] - linear_regression
[2026-04-24 02:17:01,983][dowhy.causal_estimator][INFO] - INFO: Using Linear Regression Estimator
[2026-04-24 02:17:01,983][dowhy.causal_estimator][WARNING] - No directed path from ['X5'] to ['X1'].
[2026-04-24 02:17:01,984][dowhy.causal_model][INFO] - Model to find the causal effect of treatment ['X5'] on outcome ['X2']
[2026-04-24 02:17:01,984][dowhy.causal_identifier.auto_identifier][WARNING] - No directed path from treatment to outcome. Causal Effect is zero.
[2026-04-24 02:17:01,984][dowhy.causal_model][INFO] - linear_regression
[2026-04-24 02:17:01,984][dowhy.causal_estimator][INFO] - INFO: Using Linear Regression Estimator
[2026-04-24 02:17:01,984][dowhy.causal_estimator][WARNING] - No directed path from ['X5'] to ['X2'].
[2026-04-24 02:17:01,985][dowhy.causal_model][INFO] - Model to find the causal effect of treatment ['X5'] on outcome ['X3']
[2026-04-24 02:17:01,985][dowhy.causal_identifier.auto_identifier][WARNING] - No directed path from treatment to outcome. Causal Effect is zero.
[2026-04-24 02:17:01,985][dowhy.causal_model][INFO] - linear_regression
[2026-04-24 02:17:01,986][dowhy.causal_estimator][INFO] - INFO: Using Linear Regression Estimator
[2026-04-24 02:17:01,986][dowhy.causal_estimator][WARNING] - No directed path from ['X5'] to ['X3'].
[2026-04-24 02:17:01,987][dowhy.causal_model][INFO] - Model to find the causal effect of treatment ['X5'] on outcome ['X4']
[2026-04-24 02:17:01,987][dowhy.causal_identifier.auto_identifier][WARNING] - No directed path from treatment to outcome. Causal Effect is zero.
[2026-04-24 02:17:01,987][dowhy.causal_model][INFO] - linear_regression
[2026-04-24 02:17:01,987][dowhy.causal_estimator][INFO] - INFO: Using Linear Regression Estimator
[2026-04-24 02:17:01,988][dowhy.causal_estimator][WARNING] - No directed path from ['X5'] to ['X4'].
