=== [Train] Fold 3 (3/5) ===
Step: set random seed (4)
Step: build datasets
Step: initialize model
Step: training setup (model=MLPModel, profile=deep, control_mode=epochs, epochs=60, target_updates=None)
Step: training
TrnLoss=0.885 ValLoss=0.837 ValR2=0.136
TrnLoss=0.818 ValLoss=0.770 ValR2=0.205
TrnLoss=0.808 ValLoss=0.771 ValR2=0.204
TrnLoss=0.802 ValLoss=0.766 ValR2=0.210
TrnLoss=0.795 ValLoss=0.767 ValR2=0.208
TrnLoss=0.792 ValLoss=0.766 ValR2=0.210
TrnLoss=0.794 ValLoss=0.770 ValR2=0.205
TrnLoss=0.789 ValLoss=0.769 ValR2=0.206
TrnLoss=0.789 ValLoss=0.770 ValR2=0.205
TrnLoss=0.788 ValLoss=0.770 ValR2=0.205
TrnLoss=0.786 ValLoss=0.769 ValR2=0.206
TrnLoss=0.783 ValLoss=0.770 ValR2=0.205
TrnLoss=0.783 ValLoss=0.769 ValR2=0.206
TrnLoss=0.785 ValLoss=0.769 ValR2=0.206
TrnLoss=0.781 ValLoss=0.772 ValR2=0.203
TrnLoss=0.781 ValLoss=0.771 ValR2=0.204
TrnLoss=0.779 ValLoss=0.770 ValR2=0.205
TrnLoss=0.777 ValLoss=0.770 ValR2=0.205
TrnLoss=0.778 ValLoss=0.770 ValR2=0.205
TrnLoss=0.778 ValLoss=0.770 ValR2=0.205
TrnLoss=0.776 ValLoss=0.770 ValR2=0.205
TrnLoss=0.776 ValLoss=0.774 ValR2=0.201
Early stopping at epoch 22: no validation improvement for 8 epochs (best epoch=6, best val loss=0.766)
 35%|####5        | 21/60 [00:19<00:36,  1.07ep/s]
Step: evaluate test split
