=== [Train] Fold 1 (1/5) ===
Step: set random seed (2)
Step: build datasets
Key: (176, 6, 3, 3, 2, 10, 10000, 0.5, 2.0, 0.8, 0.1, 0.1, 1000, 1) - Generating new DAG and data...
Seed: 176, Fold: 1
Step: initialize model
Step: training setup (model=ResidualMLP, profile=residual, control_mode=epochs, epochs=80, target_updates=None)
Step: training
TrnLoss=0.711 ValLoss=0.410 ValR2=0.574
TrnLoss=0.399 ValLoss=0.341 ValR2=0.645
TrnLoss=0.354 ValLoss=0.328 ValR2=0.659
TrnLoss=0.341 ValLoss=0.324 ValR2=0.663
TrnLoss=0.340 ValLoss=0.324 ValR2=0.663
TrnLoss=0.339 ValLoss=0.323 ValR2=0.664
TrnLoss=0.340 ValLoss=0.323 ValR2=0.664
TrnLoss=0.339 ValLoss=0.322 ValR2=0.665
TrnLoss=0.338 ValLoss=0.322 ValR2=0.665
TrnLoss=0.339 ValLoss=0.325 ValR2=0.662
TrnLoss=0.338 ValLoss=0.323 ValR2=0.664
TrnLoss=0.338 ValLoss=0.322 ValR2=0.665
TrnLoss=0.338 ValLoss=0.323 ValR2=0.664
TrnLoss=0.338 ValLoss=0.321 ValR2=0.666
TrnLoss=0.338 ValLoss=0.322 ValR2=0.665
TrnLoss=0.338 ValLoss=0.322 ValR2=0.665
TrnLoss=0.338 ValLoss=0.324 ValR2=0.663
TrnLoss=0.339 ValLoss=0.323 ValR2=0.664
TrnLoss=0.338 ValLoss=0.322 ValR2=0.665
TrnLoss=0.338 ValLoss=0.321 ValR2=0.666
TrnLoss=0.336 ValLoss=0.322 ValR2=0.665
TrnLoss=0.338 ValLoss=0.323 ValR2=0.664
TrnLoss=0.337 ValLoss=0.322 ValR2=0.665
TrnLoss=0.337 ValLoss=0.321 ValR2=0.666
TrnLoss=0.337 ValLoss=0.322 ValR2=0.665
TrnLoss=0.337 ValLoss=0.323 ValR2=0.664
TrnLoss=0.338 ValLoss=0.323 ValR2=0.664
TrnLoss=0.338 ValLoss=0.323 ValR2=0.664
TrnLoss=0.337 ValLoss=0.322 ValR2=0.665
TrnLoss=0.337 ValLoss=0.325 ValR2=0.662
TrnLoss=0.337 ValLoss=0.323 ValR2=0.664
TrnLoss=0.338 ValLoss=0.322 ValR2=0.665
TrnLoss=0.337 ValLoss=0.322 ValR2=0.665
TrnLoss=0.337 ValLoss=0.322 ValR2=0.665
Early stopping at epoch 34: no validation improvement for 10 epochs (best epoch=24, best val loss=0.321)
 41%|#####3       | 33/80 [00:24<00:35,  1.34ep/s]
Step: evaluate test split
