=== [Causal Discovery] Fold 4 (4/5) ===
Step: load extraction data
Loading extraction data from: outputs/experiments/electrical_circuit_input_gradients_deep_mlp_align_observable_state/4/alignment_results.csv
Step: prepare ground-truth data
Running sample_150__baseline_150
Saved metadata to outputs/experiments/electrical_circuit_input_gradients_deep_mlp_align_observable_state/4/metadata.json
CI(0, 1 | ()) p=6.461e-14 -> indep=False
CI(0, 2 | ()) p=1.654e-14 -> indep=False
CI(1, 2 | ()) p=0 -> indep=False
CI(0, 3 | ()) p=0 -> indep=False
CI(1, 3 | ()) p=0 -> indep=False
CI(2, 3 | ()) p=0 -> indep=False
CI(0, 4 | ()) p=0 -> indep=False
CI(1, 4 | ()) p=0 -> indep=False
CI(2, 4 | ()) p=0 -> indep=False
CI(3, 4 | ()) p=0 -> indep=False
CI(0, 5 | ()) p=0 -> indep=False
CI(1, 5 | ()) p=0 -> indep=False
CI(2, 5 | ()) p=0 -> indep=False
CI(3, 5 | ()) p=0 -> indep=False
CI(4, 5 | ()) p=0 -> indep=False
CI(0, 2 | (1,)) p=1.46e-05 -> indep=False
CI(1, 2 | (0,)) p=1.383e-07 -> indep=False
CI(0, 3 | (1,)) p=0 -> indep=False
CI(0, 3 | (2,)) p=5.884e-15 -> indep=False
CI(1, 3 | (0,)) p=0.000459 -> indep=False
CI(1, 3 | (2,)) p=0.00418 -> indep=False
CI(2, 3 | (0,)) p=0.0145 -> indep=True
CI(0, 4 | (1,)) p=0 -> indep=False
CI(0, 4 | (2,)) p=6.661e-15 -> indep=False
CI(0, 4 | (3,)) p=0.001348 -> indep=False
CI(1, 4 | (0,)) p=0.000448 -> indep=False
CI(1, 4 | (2,)) p=0.004224 -> indep=False
CI(1, 4 | (3,)) p=0.007338 -> indep=False
CI(2, 4 | (0,)) p=0.01438 -> indep=True
CI(3, 4 | (0,)) p=0.001969 -> indep=False
CI(3, 4 | (1,)) p=0 -> indep=False
CI(0, 5 | (1,)) p=1.11e-16 -> indep=False
CI(0, 5 | (2,)) p=3.316e-13 -> indep=False
CI(0, 5 | (3,)) p=0.001223 -> indep=False
CI(0, 5 | (4,)) p=0.001253 -> indep=False
CI(1, 5 | (0,)) p=0.0002779 -> indep=False
CI(1, 5 | (2,)) p=0.00578 -> indep=False
CI(1, 5 | (3,)) p=0.003121 -> indep=False
CI(1, 5 | (4,)) p=0.003515 -> indep=False
CI(2, 5 | (0,)) p=0.008529 -> indep=False
CI(2, 5 | (1,)) p=0.0001037 -> indep=False
CI(2, 5 | (3,)) p=0.0003389 -> indep=False
CI(2, 5 | (4,)) p=0.0003851 -> indep=False
CI(3, 5 | (0,)) p=0.001457 -> indep=False
CI(3, 5 | (1,)) p=0 -> indep=False
CI(3, 5 | (2,)) p=3.361e-09 -> indep=False
CI(3, 5 | (4,)) p=0.003214 -> indep=False
CI(4, 5 | (0,)) p=0.001427 -> indep=False
CI(4, 5 | (1,)) p=0 -> indep=False
CI(4, 5 | (2,)) p=3.586e-09 -> indep=False
CI(4, 5 | (3,)) p=0.001986 -> indep=False
CI(1, 4 | (0, 3)) p=0.004769 -> indep=False
CI(0, 5 | (1, 2)) p=1.634e-05 -> indep=False
CI(0, 5 | (1, 3)) p=0.01238 -> indep=True
CI(1, 5 | (0, 2)) p=0.05076 -> indep=True
CI(2, 5 | (0, 3)) p=0.1737 -> indep=True
CI(3, 5 | (0, 4)) p=0.0006793 -> indep=False
CI(4, 5 | (0, 3)) p=0.0009327 -> indep=False
Saved adjacency matrix to outputs/experiments/electrical_circuit_input_gradients_deep_mlp_align_observable_state/4/learned_graph_adj.npy
CI(0, 1 | ()) p=0.3214 -> indep=True
CI(0, 2 | ()) p=0.9317 -> indep=True
CI(1, 2 | ()) p=0.5671 -> indep=True
CI(0, 3 | ()) p=0 -> indep=False
CI(1, 3 | ()) p=8.871e-14 -> indep=False
CI(2, 3 | ()) p=0.823 -> indep=True
CI(0, 4 | ()) p=0 -> indep=False
CI(1, 4 | ()) p=3.331e-11 -> indep=False
CI(2, 4 | ()) p=0.7346 -> indep=True
CI(3, 4 | ()) p=0 -> indep=False
CI(0, 5 | ()) p=0 -> indep=False
CI(1, 5 | ()) p=1.066e-09 -> indep=False
CI(2, 5 | ()) p=0.01343 -> indep=True
CI(3, 5 | ()) p=0 -> indep=False
CI(4, 5 | ()) p=0 -> indep=False
CI(0, 3 | (1,)) p=0 -> indep=False
CI(1, 3 | (0,)) p=5.551e-16 -> indep=False
CI(0, 4 | (1,)) p=0 -> indep=False
CI(0, 4 | (3,)) p=0.1125 -> indep=True
CI(1, 4 | (3,)) p=0.7491 -> indep=True
CI(0, 5 | (1,)) p=0 -> indep=False
CI(0, 5 | (3,)) p=0.3832 -> indep=True
CI(1, 5 | (3,)) p=0.8292 -> indep=True
CI(3, 5 | (4,)) p=0.1256 -> indep=True
Saved metrics to outputs/experiments/electrical_circuit_input_gradients_deep_mlp_align_observable_state/4/performance_metrics.json
Saved baseline metrics to outputs/experiments/electrical_circuit_input_gradients_deep_mlp_align_observable_state/4/baseline_performance_metrics.json
Saved PAG-vs-PAG metrics to outputs/experiments/electrical_circuit_input_gradients_deep_mlp_align_observable_state/4/pag_vs_pag_metrics.json
Found 9 differences:
  1. Extra: 0 --- 1 (PAG: partial_ij)
  2. Extra: 0 --- 2 (PAG: partial_ij)
  3. Extra: 0 --- 4 (PAG: partial_ij)
  4. Extra: 1 --- 2 (PAG: bidirected)
  5. Wrong orientation: 1 --- 3 (DAG: directed_ij, PAG: bidirected)
  6. Extra: 1 --- 4 (PAG: bidirected)
  7. Missing: 2 --- 5 (DAG: directed_ij)
  8. Extra: 3 --- 5 (PAG: bidirected)
  9. Wrong orientation: 4 --- 5 (DAG: directed_ij, PAG: bidirected)
Found 2 partial orientation differences:
  1. Partial orientation: 0 --- 3 (DAG: directed_ij, PAG: partial_ij)
  2. Partial orientation: 3 --- 4 (DAG: directed_ij, PAG: partial_ij)
Saved edge comparison details to outputs/experiments/electrical_circuit_input_gradients_deep_mlp_align_observable_state/4/edge_comparison.txt
Found 1 differences:
  1. Missing: 2 --- 5 (DAG: directed_ij)
Found 2 partial orientation differences:
  1. Partial orientation: 0 --- 3 (DAG: directed_ij, PAG: partial_ij)
  2. Partial orientation: 1 --- 3 (DAG: directed_ij, PAG: partial_ij)
Saved baseline edge comparison details to outputs/experiments/electrical_circuit_input_gradients_deep_mlp_align_observable_state/4/edge_comparison_baseline.txt
Found 7 differences:
  1. Extra: 0 --- 1 (PAG: partial_ij)
  2. Extra: 0 --- 2 (PAG: partial_ij)
  3. Extra: 0 --- 4 (PAG: partial_ij)
  4. Extra: 1 --- 2 (PAG: bidirected)
  5. Extra: 1 --- 4 (PAG: bidirected)
  6. Extra: 3 --- 5 (PAG: bidirected)
  7. Wrong orientation: 4 --- 5 (Reference PAG: directed_ij, PAG: bidirected)
Found 2 partial orientation differences:
  1. Partial orientation: 1 --- 3 (Reference PAG: partial_ij, PAG: bidirected)
  2. Partial orientation: 3 --- 4 (Reference PAG: directed_ij, PAG: partial_ij)
Saved PAG-vs-PAG edge comparison details to outputs/experiments/electrical_circuit_input_gradients_deep_mlp_align_observable_state/4/edge_comparison_pag_vs_pag.txt
Saved figure to outputs/experiments/electrical_circuit_input_gradients_deep_mlp_align_observable_state/4/pag_vs_dag.png
Saved baseline figure to outputs/experiments/electrical_circuit_input_gradients_deep_mlp_align_observable_state/4/baseline_pag_vs_dag.png
Saved combined DAG comparison to outputs/experiments/electrical_circuit_input_gradients_deep_mlp_align_observable_state/4/pags_vs_dag.png
Saved PAG-vs-PAG figure to outputs/experiments/electrical_circuit_input_gradients_deep_mlp_align_observable_state/4/pag_vs_pag.png
Saved adjacency matrix to outputs/experiments/electrical_circuit_input_gradients_deep_mlp_align_observable_state/4/learned_graph_adj.npy
Saved baseline adjacency matrix to outputs/experiments/electrical_circuit_input_gradients_deep_mlp_align_observable_state/4/baseline_graph_adj.npy
