=== [Train] Fold 4 (4/5) ===
Step: set random seed (5)
Step: build datasets
Step: initialize model
Step: training setup (model=ShallowMLP, profile=shallow, control_mode=epochs, epochs=40, target_updates=None)
Step: training
TrnLoss=1.004 ValLoss=0.921 ValR2=0.076
TrnLoss=0.870 ValLoss=0.793 ValR2=0.205
TrnLoss=0.753 ValLoss=0.682 ValR2=0.316
TrnLoss=0.661 ValLoss=0.613 ValR2=0.385
TrnLoss=0.609 ValLoss=0.578 ValR2=0.420
TrnLoss=0.585 ValLoss=0.566 ValR2=0.432
TrnLoss=0.577 ValLoss=0.562 ValR2=0.436
TrnLoss=0.574 ValLoss=0.560 ValR2=0.438
TrnLoss=0.572 ValLoss=0.559 ValR2=0.439
TrnLoss=0.572 ValLoss=0.558 ValR2=0.440
TrnLoss=0.569 ValLoss=0.558 ValR2=0.440
TrnLoss=0.570 ValLoss=0.558 ValR2=0.440
TrnLoss=0.571 ValLoss=0.558 ValR2=0.440
TrnLoss=0.571 ValLoss=0.558 ValR2=0.441
TrnLoss=0.570 ValLoss=0.558 ValR2=0.441
TrnLoss=0.570 ValLoss=0.558 ValR2=0.441
TrnLoss=0.570 ValLoss=0.558 ValR2=0.441
TrnLoss=0.570 ValLoss=0.558 ValR2=0.441
TrnLoss=0.569 ValLoss=0.558 ValR2=0.441
TrnLoss=0.568 ValLoss=0.558 ValR2=0.441
Early stopping at epoch 20: no validation improvement for 6 epochs (best epoch=14, best val loss=0.558)
 48%|######1      | 19/40 [00:18<00:20,  1.01ep/s]
Step: evaluate test split
