=== [Train] Fold 4 (4/5) ===
Step: set random seed (5)
Step: build datasets
Step: initialize model
Step: training setup (model=MLPModel, profile=deep, control_mode=epochs, epochs=60, target_updates=None)
Step: training
TrnLoss=0.820 ValLoss=0.835 ValR2=0.201
TrnLoss=0.754 ValLoss=0.737 ValR2=0.295
TrnLoss=0.745 ValLoss=0.734 ValR2=0.298
TrnLoss=0.739 ValLoss=0.731 ValR2=0.301
TrnLoss=0.739 ValLoss=0.733 ValR2=0.299
TrnLoss=0.737 ValLoss=0.733 ValR2=0.299
TrnLoss=0.737 ValLoss=0.733 ValR2=0.299
TrnLoss=0.735 ValLoss=0.735 ValR2=0.297
TrnLoss=0.731 ValLoss=0.731 ValR2=0.301
TrnLoss=0.731 ValLoss=0.733 ValR2=0.299
TrnLoss=0.729 ValLoss=0.733 ValR2=0.299
TrnLoss=0.731 ValLoss=0.734 ValR2=0.298
TrnLoss=0.730 ValLoss=0.733 ValR2=0.299
TrnLoss=0.729 ValLoss=0.734 ValR2=0.298
TrnLoss=0.728 ValLoss=0.734 ValR2=0.298
TrnLoss=0.726 ValLoss=0.734 ValR2=0.298
TrnLoss=0.728 ValLoss=0.735 ValR2=0.297
TrnLoss=0.728 ValLoss=0.732 ValR2=0.300
TrnLoss=0.727 ValLoss=0.734 ValR2=0.298
TrnLoss=0.725 ValLoss=0.736 ValR2=0.296
TrnLoss=0.724 ValLoss=0.733 ValR2=0.299
TrnLoss=0.727 ValLoss=0.734 ValR2=0.299
Early stopping at epoch 22: no validation improvement for 8 epochs (best epoch=4, best val loss=0.731)
 35%|####5        | 21/60 [00:19<00:36,  1.07ep/s]
Step: evaluate test split
