=== [Train] Fold 5 (5/5) ===
Step: set random seed (6)
Step: build datasets
Step: initialize model
Step: training setup (model=ShallowMLP, profile=shallow, control_mode=epochs, epochs=40, target_updates=None)
Step: training
TrnLoss=1.007 ValLoss=0.996 ValR2=0.023
TrnLoss=0.939 ValLoss=0.938 ValR2=0.079
TrnLoss=0.887 ValLoss=0.891 ValR2=0.125
TrnLoss=0.846 ValLoss=0.855 ValR2=0.161
TrnLoss=0.818 ValLoss=0.837 ValR2=0.179
TrnLoss=0.805 ValLoss=0.827 ValR2=0.188
TrnLoss=0.800 ValLoss=0.821 ValR2=0.194
TrnLoss=0.795 ValLoss=0.820 ValR2=0.196
TrnLoss=0.791 ValLoss=0.816 ValR2=0.199
TrnLoss=0.789 ValLoss=0.816 ValR2=0.200
TrnLoss=0.787 ValLoss=0.813 ValR2=0.202
TrnLoss=0.787 ValLoss=0.814 ValR2=0.201
TrnLoss=0.786 ValLoss=0.813 ValR2=0.202
TrnLoss=0.785 ValLoss=0.814 ValR2=0.201
TrnLoss=0.783 ValLoss=0.813 ValR2=0.202
TrnLoss=0.784 ValLoss=0.813 ValR2=0.202
TrnLoss=0.783 ValLoss=0.812 ValR2=0.203
TrnLoss=0.783 ValLoss=0.814 ValR2=0.201
TrnLoss=0.783 ValLoss=0.813 ValR2=0.202
TrnLoss=0.782 ValLoss=0.812 ValR2=0.203
TrnLoss=0.782 ValLoss=0.813 ValR2=0.202
TrnLoss=0.782 ValLoss=0.814 ValR2=0.201
TrnLoss=0.781 ValLoss=0.812 ValR2=0.203
Early stopping at epoch 23: no validation improvement for 6 epochs (best epoch=17, best val loss=0.812)
 55%|#######1     | 22/40 [00:18<00:15,  1.16ep/s]
Step: evaluate test split
