=== [Causal Discovery] Fold 5 (5/5) ===
Step: load extraction data
Loading extraction data from: outputs/experiments/linear_sem_shallow_mlp_align_kci_mismatch_observable_state/5/alignment_results.csv
Step: prepare ground-truth data
Key: (176, 6, 3, 3, 2, 10, 10000, 0.5, 2.0, 0.8, 0.1, 0.1, 1000, 5) - Generating new DAG and data...
Seed: 176, Fold: 5
Running sample_150__baseline_150
Saved metadata to outputs/experiments/linear_sem_shallow_mlp_align_kci_mismatch_observable_state/5/metadata.json
CI(0, 1 | ()) p=2.878e-13 -> indep=False
CI(0, 2 | ()) p=0.6453 -> indep=True
CI(1, 2 | ()) p=0.9106 -> indep=True
CI(0, 3 | ()) p=0 -> indep=False
CI(1, 3 | ()) p=7.294e-14 -> indep=False
CI(2, 3 | ()) p=0.6707 -> indep=True
CI(0, 4 | ()) p=0.008317 -> indep=False
CI(1, 4 | ()) p=0.1988 -> indep=True
CI(2, 4 | ()) p=0 -> indep=False
CI(3, 4 | ()) p=0.01028 -> indep=True
CI(0, 5 | ()) p=0 -> indep=False
CI(1, 5 | ()) p=0 -> indep=False
CI(2, 5 | ()) p=0.7136 -> indep=True
CI(3, 5 | ()) p=0 -> indep=False
CI(4, 5 | ()) p=0.02822 -> indep=True
CI(0, 3 | (1,)) p=0 -> indep=False
CI(1, 3 | (0,)) p=0.0004137 -> indep=False
CI(0, 4 | (2,)) p=0 -> indep=False
CI(2, 4 | (0,)) p=0 -> indep=False
CI(0, 5 | (1,)) p=0 -> indep=False
CI(0, 5 | (3,)) p=0.001846 -> indep=False
CI(1, 5 | (0,)) p=0 -> indep=False
CI(1, 5 | (3,)) p=0 -> indep=False
CI(3, 5 | (0,)) p=0.0008209 -> indep=False
CI(3, 5 | (1,)) p=0 -> indep=False
CI(0, 5 | (1, 3)) p=0.02465 -> indep=True
Saved adjacency matrix to outputs/experiments/linear_sem_shallow_mlp_align_kci_mismatch_observable_state/5/learned_graph_adj.npy
CI(0, 1 | ()) p=1.11e-16 -> indep=False
CI(0, 2 | ()) p=0.6742 -> indep=True
CI(1, 2 | ()) p=0.9034 -> indep=True
CI(0, 3 | ()) p=0 -> indep=False
CI(1, 3 | ()) p=9.215e-15 -> indep=False
CI(2, 3 | ()) p=0.5422 -> indep=True
CI(0, 4 | ()) p=0.7108 -> indep=True
CI(1, 4 | ()) p=0.9699 -> indep=True
CI(2, 4 | ()) p=4.441e-16 -> indep=False
CI(3, 4 | ()) p=0.7197 -> indep=True
CI(0, 5 | ()) p=0 -> indep=False
CI(1, 5 | ()) p=0 -> indep=False
CI(2, 5 | ()) p=0.3882 -> indep=True
CI(3, 5 | ()) p=0 -> indep=False
CI(4, 5 | ()) p=0.5805 -> indep=True
CI(0, 3 | (1,)) p=0 -> indep=False
CI(1, 3 | (0,)) p=0.4633 -> indep=True
CI(0, 5 | (1,)) p=2.22e-16 -> indep=False
CI(0, 5 | (3,)) p=0.07376 -> indep=True
CI(1, 5 | (3,)) p=6.57e-13 -> indep=False
CI(3, 5 | (1,)) p=0 -> indep=False
Saved metrics to outputs/experiments/linear_sem_shallow_mlp_align_kci_mismatch_observable_state/5/performance_metrics.json
Saved baseline metrics to outputs/experiments/linear_sem_shallow_mlp_align_kci_mismatch_observable_state/5/baseline_performance_metrics.json
Saved PAG-vs-PAG metrics to outputs/experiments/linear_sem_shallow_mlp_align_kci_mismatch_observable_state/5/pag_vs_pag_metrics.json
Found 5 differences:
  1. Wrong orientation: 0 --- 1 (DAG: directed_ij, PAG: bidirected)
  2. Wrong orientation: 0 --- 3 (DAG: directed_ij, PAG: bidirected)
  3. Wrong orientation: 0 --- 4 (DAG: directed_ij, PAG: bidirected)
  4. Extra: 1 --- 3 (PAG: partial_ij)
  5. Missing: 3 --- 4 (DAG: directed_ij)
Found 1 partial orientation differences:
  1. Partial orientation: 2 --- 4 (DAG: directed_ij, PAG: partial_ij)
Saved edge comparison details to outputs/experiments/linear_sem_shallow_mlp_align_kci_mismatch_observable_state/5/edge_comparison.txt
Found 3 differences:
  1. Missing: 0 --- 4 (DAG: directed_ij)
  2. Wrong orientation: 1 --- 5 (DAG: directed_ij, PAG: bidirected)
  3. Missing: 3 --- 4 (DAG: directed_ij)
Found 3 partial orientation differences:
  1. Partial orientation: 0 --- 1 (DAG: directed_ij, PAG: partial_ij)
  2. Partial orientation: 0 --- 3 (DAG: directed_ij, PAG: partial_ij)
  3. Partial orientation: 2 --- 4 (DAG: directed_ij, PAG: partial_ij)
Saved baseline edge comparison details to outputs/experiments/linear_sem_shallow_mlp_align_kci_mismatch_observable_state/5/edge_comparison_baseline.txt
Found 3 differences:
  1. Extra: 0 --- 4 (PAG: bidirected)
  2. Extra: 1 --- 3 (PAG: partial_ij)
  3. Wrong orientation: 1 --- 5 (Reference PAG: bidirected, PAG: directed_ij)
Found 2 partial orientation differences:
  1. Partial orientation: 0 --- 1 (Reference PAG: partial_ij, PAG: bidirected)
  2. Partial orientation: 0 --- 3 (Reference PAG: partial_ij, PAG: bidirected)
Saved PAG-vs-PAG edge comparison details to outputs/experiments/linear_sem_shallow_mlp_align_kci_mismatch_observable_state/5/edge_comparison_pag_vs_pag.txt
Saved figure to outputs/experiments/linear_sem_shallow_mlp_align_kci_mismatch_observable_state/5/pag_vs_dag.png
Saved baseline figure to outputs/experiments/linear_sem_shallow_mlp_align_kci_mismatch_observable_state/5/baseline_pag_vs_dag.png
Saved combined DAG comparison to outputs/experiments/linear_sem_shallow_mlp_align_kci_mismatch_observable_state/5/pags_vs_dag.png
Saved PAG-vs-PAG figure to outputs/experiments/linear_sem_shallow_mlp_align_kci_mismatch_observable_state/5/pag_vs_pag.png
Saved adjacency matrix to outputs/experiments/linear_sem_shallow_mlp_align_kci_mismatch_observable_state/5/learned_graph_adj.npy
Saved baseline adjacency matrix to outputs/experiments/linear_sem_shallow_mlp_align_kci_mismatch_observable_state/5/baseline_graph_adj.npy
