=== [Causal Discovery] Fold 2 (2/5) ===
Step: load extraction data
Loading extraction data from: outputs/experiments/layered_sparse_nonlinear_sem_nodes_8_shallow_mlp_align/2/alignment_results.csv
Step: prepare ground-truth data
Running sample_150__baseline_150
Saved metadata to outputs/experiments/layered_sparse_nonlinear_sem_nodes_8_shallow_mlp_align/2/metadata.json
CI(0, 1 | ()) p=0.7379 -> indep=True
CI(0, 2 | ()) p=0.334 -> indep=True
CI(1, 2 | ()) p=0.4542 -> indep=True
CI(0, 3 | ()) p=0.002788 -> indep=False
CI(1, 3 | ()) p=0.175 -> indep=True
CI(2, 3 | ()) p=0.7016 -> indep=True
CI(0, 4 | ()) p=0.1917 -> indep=True
CI(1, 4 | ()) p=0.0036 -> indep=False
CI(2, 4 | ()) p=0.8542 -> indep=True
CI(3, 4 | ()) p=1.06e-11 -> indep=False
CI(0, 5 | ()) p=0 -> indep=False
CI(1, 5 | ()) p=0.1856 -> indep=True
CI(2, 5 | ()) p=0.2208 -> indep=True
CI(3, 5 | ()) p=0 -> indep=False
CI(4, 5 | ()) p=0.002087 -> indep=False
CI(0, 6 | ()) p=0.2303 -> indep=True
CI(1, 6 | ()) p=0 -> indep=False
CI(2, 6 | ()) p=0.3284 -> indep=True
CI(3, 6 | ()) p=6.342e-09 -> indep=False
CI(4, 6 | ()) p=0 -> indep=False
CI(5, 6 | ()) p=9.119e-05 -> indep=False
CI(0, 7 | ()) p=0.0822 -> indep=True
CI(1, 7 | ()) p=0.005415 -> indep=False
CI(2, 7 | ()) p=0 -> indep=False
CI(3, 7 | ()) p=0.602 -> indep=True
CI(4, 7 | ()) p=4e-06 -> indep=False
CI(5, 7 | ()) p=0.1774 -> indep=True
CI(6, 7 | ()) p=0.0002009 -> indep=False
CI(1, 4 | (3,)) p=0.1099 -> indep=True
CI(0, 5 | (3,)) p=0 -> indep=False
CI(0, 5 | (4,)) p=0 -> indep=False
CI(3, 5 | (0,)) p=0 -> indep=False
CI(3, 5 | (4,)) p=3.331e-16 -> indep=False
CI(4, 5 | (0,)) p=0.0001633 -> indep=False
CI(4, 5 | (3,)) p=0.05883 -> indep=True
CI(1, 6 | (3,)) p=2.22e-16 -> indep=False
CI(1, 6 | (4,)) p=0 -> indep=False
CI(1, 6 | (5,)) p=1.688e-14 -> indep=False
CI(3, 6 | (1,)) p=2.484e-05 -> indep=False
CI(3, 6 | (4,)) p=0.4221 -> indep=True
CI(4, 6 | (1,)) p=0 -> indep=False
CI(4, 6 | (5,)) p=2.22e-15 -> indep=False
CI(5, 6 | (1,)) p=0.0001872 -> indep=False
CI(5, 6 | (4,)) p=0.1728 -> indep=True
CI(1, 7 | (2,)) p=0.05039 -> indep=True
CI(2, 7 | (4,)) p=0 -> indep=False
CI(2, 7 | (6,)) p=0 -> indep=False
CI(4, 7 | (2,)) p=1.194e-12 -> indep=False
CI(4, 7 | (6,)) p=0.02868 -> indep=True
CI(6, 7 | (2,)) p=9.509e-11 -> indep=False
Saved adjacency matrix to outputs/experiments/layered_sparse_nonlinear_sem_nodes_8_shallow_mlp_align/2/learned_graph_adj.npy
CI(0, 1 | ()) p=0.5804 -> indep=True
CI(0, 2 | ()) p=0.2114 -> indep=True
CI(1, 2 | ()) p=0.7892 -> indep=True
CI(0, 3 | ()) p=2.765e-10 -> indep=False
CI(1, 3 | ()) p=0.1524 -> indep=True
CI(2, 3 | ()) p=0.6623 -> indep=True
CI(0, 4 | ()) p=0.006345 -> indep=False
CI(1, 4 | ()) p=0.04182 -> indep=True
CI(2, 4 | ()) p=0.296 -> indep=True
CI(3, 4 | ()) p=1.004e-12 -> indep=False
CI(0, 5 | ()) p=3.3e-05 -> indep=False
CI(1, 5 | ()) p=0.6087 -> indep=True
CI(2, 5 | ()) p=0.1879 -> indep=True
CI(3, 5 | ()) p=2.9e-06 -> indep=False
CI(4, 5 | ()) p=0.03241 -> indep=True
CI(0, 6 | ()) p=0.1683 -> indep=True
CI(1, 6 | ()) p=2.442e-15 -> indep=False
CI(2, 6 | ()) p=0.7131 -> indep=True
CI(3, 6 | ()) p=0.0008672 -> indep=False
CI(4, 6 | ()) p=1.869e-08 -> indep=False
CI(5, 6 | ()) p=0.717 -> indep=True
CI(0, 7 | ()) p=0.1976 -> indep=True
CI(1, 7 | ()) p=0.04828 -> indep=True
CI(2, 7 | ()) p=1.777e-05 -> indep=False
CI(3, 7 | ()) p=0.0001724 -> indep=False
CI(4, 7 | ()) p=0.0008019 -> indep=False
CI(5, 7 | ()) p=0.07515 -> indep=True
CI(6, 7 | ()) p=0.03456 -> indep=True
CI(0, 4 | (3,)) p=0.6178 -> indep=True
CI(0, 5 | (3,)) p=0.02391 -> indep=True
CI(1, 6 | (3,)) p=2.002e-13 -> indep=False
CI(1, 6 | (4,)) p=1.843e-12 -> indep=False
CI(3, 6 | (1,)) p=0.02821 -> indep=True
CI(4, 6 | (1,)) p=6.649e-06 -> indep=False
CI(2, 7 | (3,)) p=5.284e-06 -> indep=False
CI(2, 7 | (4,)) p=9.956e-05 -> indep=False
CI(3, 7 | (2,)) p=0.000474 -> indep=False
CI(3, 7 | (4,)) p=0.03202 -> indep=True
CI(4, 7 | (2,)) p=0.001966 -> indep=False
Saved metrics to outputs/experiments/layered_sparse_nonlinear_sem_nodes_8_shallow_mlp_align/2/performance_metrics.json
Saved baseline metrics to outputs/experiments/layered_sparse_nonlinear_sem_nodes_8_shallow_mlp_align/2/baseline_performance_metrics.json
Saved PAG-vs-PAG metrics to outputs/experiments/layered_sparse_nonlinear_sem_nodes_8_shallow_mlp_align/2/pag_vs_pag_metrics.json
Found 7 differences:
  1. Wrong orientation: 0 --- 3 (DAG: directed_ij, PAG: bidirected)
  2. Wrong orientation: 0 --- 5 (DAG: directed_ij, PAG: bidirected)
  3. Missing: 1 --- 3 (DAG: directed_ij)
  4. Missing: 1 --- 4 (DAG: directed_ij)
  5. Wrong orientation: 3 --- 4 (DAG: directed_ij, PAG: bidirected)
  6. Missing: 4 --- 7 (DAG: directed_ij)
  7. Extra: 6 --- 7 (PAG: bidirected)
Found 2 partial orientation differences:
  1. Partial orientation: 1 --- 6 (DAG: directed_ij, PAG: partial_ij)
  2. Partial orientation: 2 --- 7 (DAG: directed_ij, PAG: partial_ij)
Saved edge comparison details to outputs/experiments/layered_sparse_nonlinear_sem_nodes_8_shallow_mlp_align/2/edge_comparison.txt
Found 7 differences:
  1. Missing: 0 --- 5 (DAG: directed_ij)
  2. Missing: 1 --- 3 (DAG: directed_ij)
  3. Missing: 1 --- 4 (DAG: directed_ij)
  4. Wrong orientation: 3 --- 4 (DAG: directed_ij, PAG: bidirected)
  5. Wrong orientation: 3 --- 5 (DAG: directed_ij, PAG: bidirected)
  6. Wrong orientation: 4 --- 6 (DAG: directed_ij, PAG: bidirected)
  7. Wrong orientation: 4 --- 7 (DAG: directed_ij, PAG: bidirected)
Found 3 partial orientation differences:
  1. Partial orientation: 0 --- 3 (DAG: directed_ij, PAG: partial_ij)
  2. Partial orientation: 1 --- 6 (DAG: directed_ij, PAG: partial_ij)
  3. Partial orientation: 2 --- 7 (DAG: directed_ij, PAG: partial_ij)
Saved baseline edge comparison details to outputs/experiments/layered_sparse_nonlinear_sem_nodes_8_shallow_mlp_align/2/edge_comparison_baseline.txt
Found 5 differences:
  1. Extra: 0 --- 5 (PAG: bidirected)
  2. Wrong orientation: 3 --- 5 (Reference PAG: bidirected, PAG: directed_ij)
  3. Wrong orientation: 4 --- 6 (Reference PAG: bidirected, PAG: directed_ij)
  4. Missing: 4 --- 7 (Reference PAG: bidirected)
  5. Extra: 6 --- 7 (PAG: bidirected)
Found 1 partial orientation differences:
  1. Partial orientation: 0 --- 3 (Reference PAG: partial_ij, PAG: bidirected)
Saved PAG-vs-PAG edge comparison details to outputs/experiments/layered_sparse_nonlinear_sem_nodes_8_shallow_mlp_align/2/edge_comparison_pag_vs_pag.txt
Saved figure to outputs/experiments/layered_sparse_nonlinear_sem_nodes_8_shallow_mlp_align/2/pag_vs_dag.png
Saved baseline figure to outputs/experiments/layered_sparse_nonlinear_sem_nodes_8_shallow_mlp_align/2/baseline_pag_vs_dag.png
Saved combined DAG comparison to outputs/experiments/layered_sparse_nonlinear_sem_nodes_8_shallow_mlp_align/2/pags_vs_dag.png
Saved PAG-vs-PAG figure to outputs/experiments/layered_sparse_nonlinear_sem_nodes_8_shallow_mlp_align/2/pag_vs_pag.png
Saved adjacency matrix to outputs/experiments/layered_sparse_nonlinear_sem_nodes_8_shallow_mlp_align/2/learned_graph_adj.npy
Saved baseline adjacency matrix to outputs/experiments/layered_sparse_nonlinear_sem_nodes_8_shallow_mlp_align/2/baseline_graph_adj.npy
