=== [Train] Fold 2 (2/5) ===
Step: set random seed (3)
Step: build datasets
Step: initialize model
Step: training setup (model=ShallowMLP, profile=shallow, control_mode=epochs, epochs=40, target_updates=None)
Step: training
TrnLoss=0.956 ValLoss=0.894 ValR2=0.093
TrnLoss=0.856 ValLoss=0.812 ValR2=0.177
TrnLoss=0.782 ValLoss=0.761 ValR2=0.229
TrnLoss=0.744 ValLoss=0.741 ValR2=0.250
TrnLoss=0.726 ValLoss=0.733 ValR2=0.258
TrnLoss=0.719 ValLoss=0.730 ValR2=0.260
TrnLoss=0.715 ValLoss=0.728 ValR2=0.262
TrnLoss=0.714 ValLoss=0.727 ValR2=0.264
TrnLoss=0.716 ValLoss=0.726 ValR2=0.265
TrnLoss=0.712 ValLoss=0.726 ValR2=0.265
TrnLoss=0.711 ValLoss=0.725 ValR2=0.265
TrnLoss=0.711 ValLoss=0.725 ValR2=0.266
TrnLoss=0.711 ValLoss=0.725 ValR2=0.266
TrnLoss=0.709 ValLoss=0.724 ValR2=0.267
TrnLoss=0.709 ValLoss=0.724 ValR2=0.266
TrnLoss=0.708 ValLoss=0.724 ValR2=0.267
TrnLoss=0.708 ValLoss=0.724 ValR2=0.266
TrnLoss=0.708 ValLoss=0.723 ValR2=0.267
TrnLoss=0.708 ValLoss=0.723 ValR2=0.267
TrnLoss=0.706 ValLoss=0.724 ValR2=0.267
TrnLoss=0.707 ValLoss=0.723 ValR2=0.268
TrnLoss=0.705 ValLoss=0.724 ValR2=0.267
TrnLoss=0.707 ValLoss=0.723 ValR2=0.268
TrnLoss=0.706 ValLoss=0.723 ValR2=0.268
TrnLoss=0.707 ValLoss=0.722 ValR2=0.268
TrnLoss=0.705 ValLoss=0.723 ValR2=0.268
TrnLoss=0.706 ValLoss=0.723 ValR2=0.268
TrnLoss=0.705 ValLoss=0.722 ValR2=0.269
TrnLoss=0.706 ValLoss=0.724 ValR2=0.267
TrnLoss=0.705 ValLoss=0.723 ValR2=0.268
TrnLoss=0.704 ValLoss=0.722 ValR2=0.268
TrnLoss=0.706 ValLoss=0.723 ValR2=0.268
TrnLoss=0.704 ValLoss=0.723 ValR2=0.268
TrnLoss=0.704 ValLoss=0.723 ValR2=0.268
Early stopping at epoch 34: no validation improvement for 6 epochs (best epoch=28, best val loss=0.722)
 82%|##########7  | 33/40 [00:19<00:04,  1.69ep/s]
Step: evaluate test split
