[2026-04-24 02:57:12,587][dowhy.causal_model][INFO] - Model to find the causal effect of treatment ['X0'] on outcome ['X1']
[2026-04-24 02:57:12,587][dowhy.causal_identifier.auto_identifier][INFO] - Causal effect can be identified.
[2026-04-24 02:57:12,588][dowhy.causal_identifier.auto_identifier][INFO] - Instrumental variables for treatment and outcome:[]
[2026-04-24 02:57:12,588][dowhy.causal_identifier.auto_identifier][INFO] - Frontdoor variables for treatment and outcome:[]
[2026-04-24 02:57:12,589][dowhy.causal_model][INFO] - linear_regression
[2026-04-24 02:57:12,589][dowhy.causal_estimator][INFO] - INFO: Using Linear Regression Estimator
[2026-04-24 02:57:12,589][dowhy.causal_estimator][INFO] - b: X1~X0
[2026-04-24 02:57:12,595][dowhy.causal_model][INFO] - Model to find the causal effect of treatment ['X0'] on outcome ['X2']
[2026-04-24 02:57:12,595][dowhy.causal_identifier.auto_identifier][WARNING] - No directed path from treatment to outcome. Causal Effect is zero.
[2026-04-24 02:57:12,595][dowhy.causal_model][INFO] - linear_regression
[2026-04-24 02:57:12,595][dowhy.causal_estimator][INFO] - INFO: Using Linear Regression Estimator
[2026-04-24 02:57:12,595][dowhy.causal_estimator][WARNING] - No directed path from ['X0'] to ['X2'].
[2026-04-24 02:57:12,597][dowhy.causal_model][INFO] - Model to find the causal effect of treatment ['X0'] on outcome ['X3']
[2026-04-24 02:57:12,598][dowhy.causal_identifier.auto_identifier][INFO] - Causal effect can be identified.
[2026-04-24 02:57:12,598][dowhy.causal_identifier.auto_identifier][INFO] - Instrumental variables for treatment and outcome:[]
[2026-04-24 02:57:12,598][dowhy.causal_identifier.auto_identifier][INFO] - Frontdoor variables for treatment and outcome:[]
[2026-04-24 02:57:12,598][dowhy.causal_model][INFO] - linear_regression
[2026-04-24 02:57:12,598][dowhy.causal_estimator][INFO] - INFO: Using Linear Regression Estimator
[2026-04-24 02:57:12,598][dowhy.causal_estimator][INFO] - b: X3~X0
[2026-04-24 02:57:12,604][dowhy.causal_model][INFO] - Model to find the causal effect of treatment ['X0'] on outcome ['X4']
[2026-04-24 02:57:12,604][dowhy.causal_identifier.auto_identifier][INFO] - Causal effect can be identified.
[2026-04-24 02:57:12,605][dowhy.causal_identifier.auto_identifier][INFO] - Instrumental variables for treatment and outcome:[]
[2026-04-24 02:57:12,605][dowhy.causal_identifier.auto_identifier][INFO] - Frontdoor variables for treatment and outcome:[]
[2026-04-24 02:57:12,605][dowhy.causal_model][INFO] - linear_regression
[2026-04-24 02:57:12,605][dowhy.causal_estimator][INFO] - INFO: Using Linear Regression Estimator
[2026-04-24 02:57:12,606][dowhy.causal_estimator][INFO] - b: X4~X0+X0*X2
[2026-04-24 02:57:12,613][dowhy.causal_model][INFO] - Model to find the causal effect of treatment ['X0'] on outcome ['X5']
[2026-04-24 02:57:12,613][dowhy.causal_identifier.auto_identifier][INFO] - Causal effect can be identified.
[2026-04-24 02:57:12,614][dowhy.causal_identifier.auto_identifier][INFO] - Instrumental variables for treatment and outcome:[]
[2026-04-24 02:57:12,614][dowhy.causal_identifier.auto_identifier][INFO] - Frontdoor variables for treatment and outcome:['X4', 'X1', 'X3']
[2026-04-24 02:57:12,616][dowhy.causal_identifier.auto_identifier][INFO] - Causal effect can be identified.
[2026-04-24 02:57:12,616][dowhy.causal_identifier.auto_identifier][INFO] - Causal effect can be identified.
[2026-04-24 02:57:12,617][dowhy.causal_model][INFO] - linear_regression
[2026-04-24 02:57:12,617][dowhy.causal_estimator][INFO] - INFO: Using Linear Regression Estimator
[2026-04-24 02:57:12,617][dowhy.causal_estimator][INFO] - b: X5~X0
[2026-04-24 02:57:12,668][dowhy.causal_model][INFO] - Model to find the causal effect of treatment ['X1'] on outcome ['X0']
[2026-04-24 02:57:12,668][dowhy.causal_identifier.auto_identifier][WARNING] - No directed path from treatment to outcome. Causal Effect is zero.
[2026-04-24 02:57:12,668][dowhy.causal_model][INFO] - linear_regression
[2026-04-24 02:57:12,668][dowhy.causal_estimator][INFO] - INFO: Using Linear Regression Estimator
[2026-04-24 02:57:12,668][dowhy.causal_estimator][WARNING] - No directed path from ['X1'] to ['X0'].
[2026-04-24 02:57:12,669][dowhy.causal_model][INFO] - Model to find the causal effect of treatment ['X1'] on outcome ['X2']
[2026-04-24 02:57:12,670][dowhy.causal_identifier.auto_identifier][WARNING] - No directed path from treatment to outcome. Causal Effect is zero.
[2026-04-24 02:57:12,670][dowhy.causal_model][INFO] - linear_regression
[2026-04-24 02:57:12,670][dowhy.causal_estimator][INFO] - INFO: Using Linear Regression Estimator
[2026-04-24 02:57:12,670][dowhy.causal_estimator][WARNING] - No directed path from ['X1'] to ['X2'].
[2026-04-24 02:57:12,671][dowhy.causal_model][INFO] - Model to find the causal effect of treatment ['X1'] on outcome ['X3']
[2026-04-24 02:57:12,671][dowhy.causal_identifier.auto_identifier][WARNING] - No directed path from treatment to outcome. Causal Effect is zero.
[2026-04-24 02:57:12,671][dowhy.causal_model][INFO] - linear_regression
[2026-04-24 02:57:12,671][dowhy.causal_estimator][INFO] - INFO: Using Linear Regression Estimator
[2026-04-24 02:57:12,672][dowhy.causal_estimator][WARNING] - No directed path from ['X1'] to ['X3'].
[2026-04-24 02:57:12,673][dowhy.causal_model][INFO] - Model to find the causal effect of treatment ['X1'] on outcome ['X4']
[2026-04-24 02:57:12,673][dowhy.causal_identifier.auto_identifier][WARNING] - No directed path from treatment to outcome. Causal Effect is zero.
[2026-04-24 02:57:12,673][dowhy.causal_model][INFO] - linear_regression
[2026-04-24 02:57:12,673][dowhy.causal_estimator][INFO] - INFO: Using Linear Regression Estimator
[2026-04-24 02:57:12,673][dowhy.causal_estimator][WARNING] - No directed path from ['X1'] to ['X4'].
[2026-04-24 02:57:12,675][dowhy.causal_model][INFO] - Model to find the causal effect of treatment ['X1'] on outcome ['X5']
[2026-04-24 02:57:12,676][dowhy.causal_identifier.auto_identifier][INFO] - Causal effect can be identified.
[2026-04-24 02:57:12,676][dowhy.causal_identifier.auto_identifier][INFO] - Instrumental variables for treatment and outcome:[]
[2026-04-24 02:57:12,676][dowhy.causal_identifier.auto_identifier][INFO] - Frontdoor variables for treatment and outcome:[]
[2026-04-24 02:57:12,676][dowhy.causal_model][INFO] - linear_regression
[2026-04-24 02:57:12,676][dowhy.causal_estimator][INFO] - INFO: Using Linear Regression Estimator
[2026-04-24 02:57:12,677][dowhy.causal_estimator][INFO] - b: X5~X1+X0+X1*X3
[2026-04-24 02:57:12,727][dowhy.causal_model][INFO] - Model to find the causal effect of treatment ['X2'] on outcome ['X0']
[2026-04-24 02:57:12,728][dowhy.causal_identifier.auto_identifier][WARNING] - No directed path from treatment to outcome. Causal Effect is zero.
[2026-04-24 02:57:12,728][dowhy.causal_model][INFO] - linear_regression
[2026-04-24 02:57:12,728][dowhy.causal_estimator][INFO] - INFO: Using Linear Regression Estimator
[2026-04-24 02:57:12,728][dowhy.causal_estimator][WARNING] - No directed path from ['X2'] to ['X0'].
[2026-04-24 02:57:12,730][dowhy.causal_model][INFO] - Model to find the causal effect of treatment ['X2'] on outcome ['X1']
[2026-04-24 02:57:12,730][dowhy.causal_identifier.auto_identifier][WARNING] - No directed path from treatment to outcome. Causal Effect is zero.
[2026-04-24 02:57:12,730][dowhy.causal_model][INFO] - linear_regression
[2026-04-24 02:57:12,730][dowhy.causal_estimator][INFO] - INFO: Using Linear Regression Estimator
[2026-04-24 02:57:12,730][dowhy.causal_estimator][WARNING] - No directed path from ['X2'] to ['X1'].
[2026-04-24 02:57:12,732][dowhy.causal_model][INFO] - Model to find the causal effect of treatment ['X2'] on outcome ['X3']
[2026-04-24 02:57:12,732][dowhy.causal_identifier.auto_identifier][WARNING] - No directed path from treatment to outcome. Causal Effect is zero.
[2026-04-24 02:57:12,732][dowhy.causal_model][INFO] - linear_regression
[2026-04-24 02:57:12,732][dowhy.causal_estimator][INFO] - INFO: Using Linear Regression Estimator
[2026-04-24 02:57:12,733][dowhy.causal_estimator][WARNING] - No directed path from ['X2'] to ['X3'].
[2026-04-24 02:57:12,734][dowhy.causal_model][INFO] - Model to find the causal effect of treatment ['X2'] on outcome ['X4']
[2026-04-24 02:57:12,735][dowhy.causal_identifier.auto_identifier][INFO] - Causal effect can be identified.
[2026-04-24 02:57:12,736][dowhy.causal_identifier.auto_identifier][INFO] - Instrumental variables for treatment and outcome:[]
[2026-04-24 02:57:12,736][dowhy.causal_identifier.auto_identifier][INFO] - Frontdoor variables for treatment and outcome:[]
[2026-04-24 02:57:12,736][dowhy.causal_model][INFO] - linear_regression
[2026-04-24 02:57:12,736][dowhy.causal_estimator][INFO] - INFO: Using Linear Regression Estimator
[2026-04-24 02:57:12,737][dowhy.causal_estimator][INFO] - b: X4~X2+X2*X3+X2*X0
[2026-04-24 02:57:12,745][dowhy.causal_model][INFO] - Model to find the causal effect of treatment ['X2'] on outcome ['X5']
[2026-04-24 02:57:12,745][dowhy.causal_identifier.auto_identifier][WARNING] - No directed path from treatment to outcome. Causal Effect is zero.
[2026-04-24 02:57:12,745][dowhy.causal_model][INFO] - linear_regression
[2026-04-24 02:57:12,745][dowhy.causal_estimator][INFO] - INFO: Using Linear Regression Estimator
[2026-04-24 02:57:12,745][dowhy.causal_estimator][WARNING] - No directed path from ['X2'] to ['X5'].
[2026-04-24 02:57:12,797][dowhy.causal_model][INFO] - Model to find the causal effect of treatment ['X3'] on outcome ['X0']
[2026-04-24 02:57:12,797][dowhy.causal_identifier.auto_identifier][WARNING] - No directed path from treatment to outcome. Causal Effect is zero.
[2026-04-24 02:57:12,797][dowhy.causal_model][INFO] - linear_regression
[2026-04-24 02:57:12,797][dowhy.causal_estimator][INFO] - INFO: Using Linear Regression Estimator
[2026-04-24 02:57:12,797][dowhy.causal_estimator][WARNING] - No directed path from ['X3'] to ['X0'].
[2026-04-24 02:57:12,799][dowhy.causal_model][INFO] - Model to find the causal effect of treatment ['X3'] on outcome ['X1']
[2026-04-24 02:57:12,799][dowhy.causal_identifier.auto_identifier][WARNING] - No directed path from treatment to outcome. Causal Effect is zero.
[2026-04-24 02:57:12,799][dowhy.causal_model][INFO] - linear_regression
[2026-04-24 02:57:12,799][dowhy.causal_estimator][INFO] - INFO: Using Linear Regression Estimator
[2026-04-24 02:57:12,799][dowhy.causal_estimator][WARNING] - No directed path from ['X3'] to ['X1'].
[2026-04-24 02:57:12,801][dowhy.causal_model][INFO] - Model to find the causal effect of treatment ['X3'] on outcome ['X2']
[2026-04-24 02:57:12,801][dowhy.causal_identifier.auto_identifier][WARNING] - No directed path from treatment to outcome. Causal Effect is zero.
[2026-04-24 02:57:12,801][dowhy.causal_model][INFO] - linear_regression
[2026-04-24 02:57:12,801][dowhy.causal_estimator][INFO] - INFO: Using Linear Regression Estimator
[2026-04-24 02:57:12,801][dowhy.causal_estimator][WARNING] - No directed path from ['X3'] to ['X2'].
[2026-04-24 02:57:12,803][dowhy.causal_model][INFO] - Model to find the causal effect of treatment ['X3'] on outcome ['X4']
[2026-04-24 02:57:12,804][dowhy.causal_identifier.auto_identifier][INFO] - Causal effect can be identified.
[2026-04-24 02:57:12,804][dowhy.causal_identifier.auto_identifier][INFO] - Instrumental variables for treatment and outcome:[]
[2026-04-24 02:57:12,804][dowhy.causal_identifier.auto_identifier][INFO] - Frontdoor variables for treatment and outcome:[]
[2026-04-24 02:57:12,804][dowhy.causal_model][INFO] - linear_regression
[2026-04-24 02:57:12,804][dowhy.causal_estimator][INFO] - INFO: Using Linear Regression Estimator
[2026-04-24 02:57:12,805][dowhy.causal_estimator][INFO] - b: X4~X3+X0+X3*X2
[2026-04-24 02:57:12,815][dowhy.causal_model][INFO] - Model to find the causal effect of treatment ['X3'] on outcome ['X5']
[2026-04-24 02:57:12,815][dowhy.causal_identifier.auto_identifier][INFO] - Causal effect can be identified.
[2026-04-24 02:57:12,816][dowhy.causal_identifier.auto_identifier][INFO] - Instrumental variables for treatment and outcome:[]
[2026-04-24 02:57:12,816][dowhy.causal_identifier.auto_identifier][INFO] - Frontdoor variables for treatment and outcome:[]
[2026-04-24 02:57:12,816][dowhy.causal_model][INFO] - linear_regression
[2026-04-24 02:57:12,816][dowhy.causal_estimator][INFO] - INFO: Using Linear Regression Estimator
[2026-04-24 02:57:12,817][dowhy.causal_estimator][INFO] - b: X5~X3+X0+X3*X1
[2026-04-24 02:57:12,870][dowhy.causal_model][INFO] - Model to find the causal effect of treatment ['X4'] on outcome ['X0']
[2026-04-24 02:57:12,870][dowhy.causal_identifier.auto_identifier][WARNING] - No directed path from treatment to outcome. Causal Effect is zero.
[2026-04-24 02:57:12,870][dowhy.causal_model][INFO] - linear_regression
[2026-04-24 02:57:12,870][dowhy.causal_estimator][INFO] - INFO: Using Linear Regression Estimator
[2026-04-24 02:57:12,870][dowhy.causal_estimator][WARNING] - No directed path from ['X4'] to ['X0'].
[2026-04-24 02:57:12,872][dowhy.causal_model][INFO] - Model to find the causal effect of treatment ['X4'] on outcome ['X1']
[2026-04-24 02:57:12,872][dowhy.causal_identifier.auto_identifier][WARNING] - No directed path from treatment to outcome. Causal Effect is zero.
[2026-04-24 02:57:12,872][dowhy.causal_model][INFO] - linear_regression
[2026-04-24 02:57:12,872][dowhy.causal_estimator][INFO] - INFO: Using Linear Regression Estimator
[2026-04-24 02:57:12,872][dowhy.causal_estimator][WARNING] - No directed path from ['X4'] to ['X1'].
[2026-04-24 02:57:12,873][dowhy.causal_model][INFO] - Model to find the causal effect of treatment ['X4'] on outcome ['X2']
[2026-04-24 02:57:12,874][dowhy.causal_identifier.auto_identifier][WARNING] - No directed path from treatment to outcome. Causal Effect is zero.
[2026-04-24 02:57:12,874][dowhy.causal_model][INFO] - linear_regression
[2026-04-24 02:57:12,874][dowhy.causal_estimator][INFO] - INFO: Using Linear Regression Estimator
[2026-04-24 02:57:12,874][dowhy.causal_estimator][WARNING] - No directed path from ['X4'] to ['X2'].
[2026-04-24 02:57:12,875][dowhy.causal_model][INFO] - Model to find the causal effect of treatment ['X4'] on outcome ['X3']
[2026-04-24 02:57:12,875][dowhy.causal_identifier.auto_identifier][WARNING] - No directed path from treatment to outcome. Causal Effect is zero.
[2026-04-24 02:57:12,875][dowhy.causal_model][INFO] - linear_regression
[2026-04-24 02:57:12,875][dowhy.causal_estimator][INFO] - INFO: Using Linear Regression Estimator
[2026-04-24 02:57:12,875][dowhy.causal_estimator][WARNING] - No directed path from ['X4'] to ['X3'].
[2026-04-24 02:57:12,877][dowhy.causal_model][INFO] - Model to find the causal effect of treatment ['X4'] on outcome ['X5']
[2026-04-24 02:57:12,877][dowhy.causal_identifier.auto_identifier][WARNING] - No directed path from treatment to outcome. Causal Effect is zero.
[2026-04-24 02:57:12,877][dowhy.causal_model][INFO] - linear_regression
[2026-04-24 02:57:12,877][dowhy.causal_estimator][INFO] - INFO: Using Linear Regression Estimator
[2026-04-24 02:57:12,877][dowhy.causal_estimator][WARNING] - No directed path from ['X4'] to ['X5'].
[2026-04-24 02:57:12,917][dowhy.causal_model][INFO] - Model to find the causal effect of treatment ['X5'] on outcome ['X0']
[2026-04-24 02:57:12,917][dowhy.causal_identifier.auto_identifier][WARNING] - No directed path from treatment to outcome. Causal Effect is zero.
[2026-04-24 02:57:12,918][dowhy.causal_model][INFO] - linear_regression
[2026-04-24 02:57:12,918][dowhy.causal_estimator][INFO] - INFO: Using Linear Regression Estimator
[2026-04-24 02:57:12,918][dowhy.causal_estimator][WARNING] - No directed path from ['X5'] to ['X0'].
[2026-04-24 02:57:12,919][dowhy.causal_model][INFO] - Model to find the causal effect of treatment ['X5'] on outcome ['X1']
[2026-04-24 02:57:12,919][dowhy.causal_identifier.auto_identifier][WARNING] - No directed path from treatment to outcome. Causal Effect is zero.
[2026-04-24 02:57:12,919][dowhy.causal_model][INFO] - linear_regression
[2026-04-24 02:57:12,919][dowhy.causal_estimator][INFO] - INFO: Using Linear Regression Estimator
[2026-04-24 02:57:12,919][dowhy.causal_estimator][WARNING] - No directed path from ['X5'] to ['X1'].
[2026-04-24 02:57:12,921][dowhy.causal_model][INFO] - Model to find the causal effect of treatment ['X5'] on outcome ['X2']
[2026-04-24 02:57:12,921][dowhy.causal_identifier.auto_identifier][WARNING] - No directed path from treatment to outcome. Causal Effect is zero.
[2026-04-24 02:57:12,921][dowhy.causal_model][INFO] - linear_regression
[2026-04-24 02:57:12,921][dowhy.causal_estimator][INFO] - INFO: Using Linear Regression Estimator
[2026-04-24 02:57:12,921][dowhy.causal_estimator][WARNING] - No directed path from ['X5'] to ['X2'].
[2026-04-24 02:57:12,923][dowhy.causal_model][INFO] - Model to find the causal effect of treatment ['X5'] on outcome ['X3']
[2026-04-24 02:57:12,923][dowhy.causal_identifier.auto_identifier][WARNING] - No directed path from treatment to outcome. Causal Effect is zero.
[2026-04-24 02:57:12,923][dowhy.causal_model][INFO] - linear_regression
[2026-04-24 02:57:12,923][dowhy.causal_estimator][INFO] - INFO: Using Linear Regression Estimator
[2026-04-24 02:57:12,923][dowhy.causal_estimator][WARNING] - No directed path from ['X5'] to ['X3'].
[2026-04-24 02:57:12,924][dowhy.causal_model][INFO] - Model to find the causal effect of treatment ['X5'] on outcome ['X4']
[2026-04-24 02:57:12,924][dowhy.causal_identifier.auto_identifier][WARNING] - No directed path from treatment to outcome. Causal Effect is zero.
[2026-04-24 02:57:12,924][dowhy.causal_model][INFO] - linear_regression
[2026-04-24 02:57:12,925][dowhy.causal_estimator][INFO] - INFO: Using Linear Regression Estimator
[2026-04-24 02:57:12,925][dowhy.causal_estimator][WARNING] - No directed path from ['X5'] to ['X4'].
[2026-04-24 02:57:13,001][dowhy.causal_model][INFO] - Model to find the causal effect of treatment ['X0'] on outcome ['X1']
[2026-04-24 02:57:13,002][dowhy.causal_identifier.auto_identifier][INFO] - Causal effect can be identified.
[2026-04-24 02:57:13,002][dowhy.causal_identifier.auto_identifier][INFO] - Instrumental variables for treatment and outcome:[]
[2026-04-24 02:57:13,002][dowhy.causal_identifier.auto_identifier][INFO] - Frontdoor variables for treatment and outcome:[]
[2026-04-24 02:57:13,003][dowhy.causal_model][INFO] - linear_regression
[2026-04-24 02:57:13,003][dowhy.causal_estimator][INFO] - INFO: Using Linear Regression Estimator
[2026-04-24 02:57:13,003][dowhy.causal_estimator][INFO] - b: X1~X0
[2026-04-24 02:57:13,009][dowhy.causal_model][INFO] - Model to find the causal effect of treatment ['X0'] on outcome ['X2']
[2026-04-24 02:57:13,009][dowhy.causal_identifier.auto_identifier][WARNING] - No directed path from treatment to outcome. Causal Effect is zero.
[2026-04-24 02:57:13,010][dowhy.causal_model][INFO] - linear_regression
[2026-04-24 02:57:13,010][dowhy.causal_estimator][INFO] - INFO: Using Linear Regression Estimator
[2026-04-24 02:57:13,010][dowhy.causal_estimator][WARNING] - No directed path from ['X0'] to ['X2'].
[2026-04-24 02:57:13,012][dowhy.causal_model][INFO] - Model to find the causal effect of treatment ['X0'] on outcome ['X3']
[2026-04-24 02:57:13,012][dowhy.causal_identifier.auto_identifier][INFO] - Causal effect can be identified.
[2026-04-24 02:57:13,012][dowhy.causal_identifier.auto_identifier][INFO] - Instrumental variables for treatment and outcome:[]
[2026-04-24 02:57:13,012][dowhy.causal_identifier.auto_identifier][INFO] - Frontdoor variables for treatment and outcome:[]
[2026-04-24 02:57:13,012][dowhy.causal_model][INFO] - linear_regression
[2026-04-24 02:57:13,012][dowhy.causal_estimator][INFO] - INFO: Using Linear Regression Estimator
[2026-04-24 02:57:13,012][dowhy.causal_estimator][INFO] - b: X3~X0
[2026-04-24 02:57:13,019][dowhy.causal_model][INFO] - Model to find the causal effect of treatment ['X0'] on outcome ['X4']
[2026-04-24 02:57:13,020][dowhy.causal_identifier.auto_identifier][INFO] - Causal effect can be identified.
[2026-04-24 02:57:13,020][dowhy.causal_identifier.auto_identifier][INFO] - Instrumental variables for treatment and outcome:[]
[2026-04-24 02:57:13,021][dowhy.causal_identifier.auto_identifier][INFO] - Frontdoor variables for treatment and outcome:[]
[2026-04-24 02:57:13,021][dowhy.causal_model][INFO] - linear_regression
[2026-04-24 02:57:13,021][dowhy.causal_estimator][INFO] - INFO: Using Linear Regression Estimator
[2026-04-24 02:57:13,021][dowhy.causal_estimator][INFO] - b: X4~X0+X0*X2
[2026-04-24 02:57:13,030][dowhy.causal_model][INFO] - Model to find the causal effect of treatment ['X0'] on outcome ['X5']
[2026-04-24 02:57:13,031][dowhy.causal_identifier.auto_identifier][INFO] - Causal effect can be identified.
[2026-04-24 02:57:13,031][dowhy.causal_identifier.auto_identifier][INFO] - Instrumental variables for treatment and outcome:[]
[2026-04-24 02:57:13,032][dowhy.causal_identifier.auto_identifier][INFO] - Frontdoor variables for treatment and outcome:['X4', 'X1', 'X3']
[2026-04-24 02:57:13,033][dowhy.causal_identifier.auto_identifier][INFO] - Causal effect can be identified.
[2026-04-24 02:57:13,033][dowhy.causal_identifier.auto_identifier][INFO] - Causal effect can be identified.
[2026-04-24 02:57:13,034][dowhy.causal_model][INFO] - linear_regression
[2026-04-24 02:57:13,034][dowhy.causal_estimator][INFO] - INFO: Using Linear Regression Estimator
[2026-04-24 02:57:13,034][dowhy.causal_estimator][INFO] - b: X5~X0
[2026-04-24 02:57:13,083][dowhy.causal_model][INFO] - Model to find the causal effect of treatment ['X1'] on outcome ['X0']
[2026-04-24 02:57:13,083][dowhy.causal_identifier.auto_identifier][WARNING] - No directed path from treatment to outcome. Causal Effect is zero.
[2026-04-24 02:57:13,083][dowhy.causal_model][INFO] - linear_regression
[2026-04-24 02:57:13,083][dowhy.causal_estimator][INFO] - INFO: Using Linear Regression Estimator
[2026-04-24 02:57:13,083][dowhy.causal_estimator][WARNING] - No directed path from ['X1'] to ['X0'].
[2026-04-24 02:57:13,085][dowhy.causal_model][INFO] - Model to find the causal effect of treatment ['X1'] on outcome ['X2']
[2026-04-24 02:57:13,085][dowhy.causal_identifier.auto_identifier][WARNING] - No directed path from treatment to outcome. Causal Effect is zero.
[2026-04-24 02:57:13,085][dowhy.causal_model][INFO] - linear_regression
[2026-04-24 02:57:13,085][dowhy.causal_estimator][INFO] - INFO: Using Linear Regression Estimator
[2026-04-24 02:57:13,085][dowhy.causal_estimator][WARNING] - No directed path from ['X1'] to ['X2'].
[2026-04-24 02:57:13,087][dowhy.causal_model][INFO] - Model to find the causal effect of treatment ['X1'] on outcome ['X3']
[2026-04-24 02:57:13,087][dowhy.causal_identifier.auto_identifier][WARNING] - No directed path from treatment to outcome. Causal Effect is zero.
[2026-04-24 02:57:13,087][dowhy.causal_model][INFO] - linear_regression
[2026-04-24 02:57:13,087][dowhy.causal_estimator][INFO] - INFO: Using Linear Regression Estimator
[2026-04-24 02:57:13,087][dowhy.causal_estimator][WARNING] - No directed path from ['X1'] to ['X3'].
[2026-04-24 02:57:13,088][dowhy.causal_model][INFO] - Model to find the causal effect of treatment ['X1'] on outcome ['X4']
[2026-04-24 02:57:13,088][dowhy.causal_identifier.auto_identifier][WARNING] - No directed path from treatment to outcome. Causal Effect is zero.
[2026-04-24 02:57:13,088][dowhy.causal_model][INFO] - linear_regression
[2026-04-24 02:57:13,088][dowhy.causal_estimator][INFO] - INFO: Using Linear Regression Estimator
[2026-04-24 02:57:13,088][dowhy.causal_estimator][WARNING] - No directed path from ['X1'] to ['X4'].
[2026-04-24 02:57:13,090][dowhy.causal_model][INFO] - Model to find the causal effect of treatment ['X1'] on outcome ['X5']
[2026-04-24 02:57:13,091][dowhy.causal_identifier.auto_identifier][INFO] - Causal effect can be identified.
[2026-04-24 02:57:13,091][dowhy.causal_identifier.auto_identifier][INFO] - Instrumental variables for treatment and outcome:[]
[2026-04-24 02:57:13,091][dowhy.causal_identifier.auto_identifier][INFO] - Frontdoor variables for treatment and outcome:[]
[2026-04-24 02:57:13,092][dowhy.causal_model][INFO] - linear_regression
[2026-04-24 02:57:13,092][dowhy.causal_estimator][INFO] - INFO: Using Linear Regression Estimator
[2026-04-24 02:57:13,092][dowhy.causal_estimator][INFO] - b: X5~X1+X0+X1*X3
[2026-04-24 02:57:13,234][dowhy.causal_model][INFO] - Model to find the causal effect of treatment ['X2'] on outcome ['X0']
[2026-04-24 02:57:13,234][dowhy.causal_identifier.auto_identifier][WARNING] - No directed path from treatment to outcome. Causal Effect is zero.
[2026-04-24 02:57:13,234][dowhy.causal_model][INFO] - linear_regression
[2026-04-24 02:57:13,234][dowhy.causal_estimator][INFO] - INFO: Using Linear Regression Estimator
[2026-04-24 02:57:13,234][dowhy.causal_estimator][WARNING] - No directed path from ['X2'] to ['X0'].
[2026-04-24 02:57:13,236][dowhy.causal_model][INFO] - Model to find the causal effect of treatment ['X2'] on outcome ['X1']
[2026-04-24 02:57:13,236][dowhy.causal_identifier.auto_identifier][WARNING] - No directed path from treatment to outcome. Causal Effect is zero.
[2026-04-24 02:57:13,236][dowhy.causal_model][INFO] - linear_regression
[2026-04-24 02:57:13,236][dowhy.causal_estimator][INFO] - INFO: Using Linear Regression Estimator
[2026-04-24 02:57:13,236][dowhy.causal_estimator][WARNING] - No directed path from ['X2'] to ['X1'].
[2026-04-24 02:57:13,238][dowhy.causal_model][INFO] - Model to find the causal effect of treatment ['X2'] on outcome ['X3']
[2026-04-24 02:57:13,238][dowhy.causal_identifier.auto_identifier][WARNING] - No directed path from treatment to outcome. Causal Effect is zero.
[2026-04-24 02:57:13,238][dowhy.causal_model][INFO] - linear_regression
[2026-04-24 02:57:13,238][dowhy.causal_estimator][INFO] - INFO: Using Linear Regression Estimator
[2026-04-24 02:57:13,238][dowhy.causal_estimator][WARNING] - No directed path from ['X2'] to ['X3'].
[2026-04-24 02:57:13,240][dowhy.causal_model][INFO] - Model to find the causal effect of treatment ['X2'] on outcome ['X4']
[2026-04-24 02:57:13,241][dowhy.causal_identifier.auto_identifier][INFO] - Causal effect can be identified.
[2026-04-24 02:57:13,242][dowhy.causal_identifier.auto_identifier][INFO] - Instrumental variables for treatment and outcome:[]
[2026-04-24 02:57:13,242][dowhy.causal_identifier.auto_identifier][INFO] - Frontdoor variables for treatment and outcome:[]
[2026-04-24 02:57:13,242][dowhy.causal_model][INFO] - linear_regression
[2026-04-24 02:57:13,242][dowhy.causal_estimator][INFO] - INFO: Using Linear Regression Estimator
[2026-04-24 02:57:13,242][dowhy.causal_estimator][INFO] - b: X4~X2+X2*X3+X2*X0
[2026-04-24 02:57:13,250][dowhy.causal_model][INFO] - Model to find the causal effect of treatment ['X2'] on outcome ['X5']
[2026-04-24 02:57:13,251][dowhy.causal_identifier.auto_identifier][WARNING] - No directed path from treatment to outcome. Causal Effect is zero.
[2026-04-24 02:57:13,251][dowhy.causal_model][INFO] - linear_regression
[2026-04-24 02:57:13,251][dowhy.causal_estimator][INFO] - INFO: Using Linear Regression Estimator
[2026-04-24 02:57:13,251][dowhy.causal_estimator][WARNING] - No directed path from ['X2'] to ['X5'].
[2026-04-24 02:57:13,297][dowhy.causal_model][INFO] - Model to find the causal effect of treatment ['X3'] on outcome ['X0']
[2026-04-24 02:57:13,297][dowhy.causal_identifier.auto_identifier][WARNING] - No directed path from treatment to outcome. Causal Effect is zero.
[2026-04-24 02:57:13,297][dowhy.causal_model][INFO] - linear_regression
[2026-04-24 02:57:13,297][dowhy.causal_estimator][INFO] - INFO: Using Linear Regression Estimator
[2026-04-24 02:57:13,297][dowhy.causal_estimator][WARNING] - No directed path from ['X3'] to ['X0'].
[2026-04-24 02:57:13,299][dowhy.causal_model][INFO] - Model to find the causal effect of treatment ['X3'] on outcome ['X1']
[2026-04-24 02:57:13,299][dowhy.causal_identifier.auto_identifier][WARNING] - No directed path from treatment to outcome. Causal Effect is zero.
[2026-04-24 02:57:13,299][dowhy.causal_model][INFO] - linear_regression
[2026-04-24 02:57:13,299][dowhy.causal_estimator][INFO] - INFO: Using Linear Regression Estimator
[2026-04-24 02:57:13,299][dowhy.causal_estimator][WARNING] - No directed path from ['X3'] to ['X1'].
[2026-04-24 02:57:13,300][dowhy.causal_model][INFO] - Model to find the causal effect of treatment ['X3'] on outcome ['X2']
[2026-04-24 02:57:13,300][dowhy.causal_identifier.auto_identifier][WARNING] - No directed path from treatment to outcome. Causal Effect is zero.
[2026-04-24 02:57:13,301][dowhy.causal_model][INFO] - linear_regression
[2026-04-24 02:57:13,301][dowhy.causal_estimator][INFO] - INFO: Using Linear Regression Estimator
[2026-04-24 02:57:13,301][dowhy.causal_estimator][WARNING] - No directed path from ['X3'] to ['X2'].
[2026-04-24 02:57:13,302][dowhy.causal_model][INFO] - Model to find the causal effect of treatment ['X3'] on outcome ['X4']
[2026-04-24 02:57:13,303][dowhy.causal_identifier.auto_identifier][INFO] - Causal effect can be identified.
[2026-04-24 02:57:13,304][dowhy.causal_identifier.auto_identifier][INFO] - Instrumental variables for treatment and outcome:[]
[2026-04-24 02:57:13,304][dowhy.causal_identifier.auto_identifier][INFO] - Frontdoor variables for treatment and outcome:[]
[2026-04-24 02:57:13,304][dowhy.causal_model][INFO] - linear_regression
[2026-04-24 02:57:13,304][dowhy.causal_estimator][INFO] - INFO: Using Linear Regression Estimator
[2026-04-24 02:57:13,304][dowhy.causal_estimator][INFO] - b: X4~X3+X0+X3*X2
[2026-04-24 02:57:13,313][dowhy.causal_model][INFO] - Model to find the causal effect of treatment ['X3'] on outcome ['X5']
[2026-04-24 02:57:13,314][dowhy.causal_identifier.auto_identifier][INFO] - Causal effect can be identified.
[2026-04-24 02:57:13,314][dowhy.causal_identifier.auto_identifier][INFO] - Instrumental variables for treatment and outcome:[]
[2026-04-24 02:57:13,314][dowhy.causal_identifier.auto_identifier][INFO] - Frontdoor variables for treatment and outcome:[]
[2026-04-24 02:57:13,314][dowhy.causal_model][INFO] - linear_regression
[2026-04-24 02:57:13,314][dowhy.causal_estimator][INFO] - INFO: Using Linear Regression Estimator
[2026-04-24 02:57:13,314][dowhy.causal_estimator][INFO] - b: X5~X3+X0+X3*X1
[2026-04-24 02:57:13,364][dowhy.causal_model][INFO] - Model to find the causal effect of treatment ['X4'] on outcome ['X0']
[2026-04-24 02:57:13,364][dowhy.causal_identifier.auto_identifier][WARNING] - No directed path from treatment to outcome. Causal Effect is zero.
[2026-04-24 02:57:13,364][dowhy.causal_model][INFO] - linear_regression
[2026-04-24 02:57:13,364][dowhy.causal_estimator][INFO] - INFO: Using Linear Regression Estimator
[2026-04-24 02:57:13,364][dowhy.causal_estimator][WARNING] - No directed path from ['X4'] to ['X0'].
[2026-04-24 02:57:13,366][dowhy.causal_model][INFO] - Model to find the causal effect of treatment ['X4'] on outcome ['X1']
[2026-04-24 02:57:13,366][dowhy.causal_identifier.auto_identifier][WARNING] - No directed path from treatment to outcome. Causal Effect is zero.
[2026-04-24 02:57:13,366][dowhy.causal_model][INFO] - linear_regression
[2026-04-24 02:57:13,366][dowhy.causal_estimator][INFO] - INFO: Using Linear Regression Estimator
[2026-04-24 02:57:13,366][dowhy.causal_estimator][WARNING] - No directed path from ['X4'] to ['X1'].
[2026-04-24 02:57:13,368][dowhy.causal_model][INFO] - Model to find the causal effect of treatment ['X4'] on outcome ['X2']
[2026-04-24 02:57:13,368][dowhy.causal_identifier.auto_identifier][WARNING] - No directed path from treatment to outcome. Causal Effect is zero.
[2026-04-24 02:57:13,368][dowhy.causal_model][INFO] - linear_regression
[2026-04-24 02:57:13,368][dowhy.causal_estimator][INFO] - INFO: Using Linear Regression Estimator
[2026-04-24 02:57:13,368][dowhy.causal_estimator][WARNING] - No directed path from ['X4'] to ['X2'].
[2026-04-24 02:57:13,369][dowhy.causal_model][INFO] - Model to find the causal effect of treatment ['X4'] on outcome ['X3']
[2026-04-24 02:57:13,369][dowhy.causal_identifier.auto_identifier][WARNING] - No directed path from treatment to outcome. Causal Effect is zero.
[2026-04-24 02:57:13,369][dowhy.causal_model][INFO] - linear_regression
[2026-04-24 02:57:13,370][dowhy.causal_estimator][INFO] - INFO: Using Linear Regression Estimator
[2026-04-24 02:57:13,370][dowhy.causal_estimator][WARNING] - No directed path from ['X4'] to ['X3'].
[2026-04-24 02:57:13,371][dowhy.causal_model][INFO] - Model to find the causal effect of treatment ['X4'] on outcome ['X5']
[2026-04-24 02:57:13,371][dowhy.causal_identifier.auto_identifier][WARNING] - No directed path from treatment to outcome. Causal Effect is zero.
[2026-04-24 02:57:13,371][dowhy.causal_model][INFO] - linear_regression
[2026-04-24 02:57:13,371][dowhy.causal_estimator][INFO] - INFO: Using Linear Regression Estimator
[2026-04-24 02:57:13,371][dowhy.causal_estimator][WARNING] - No directed path from ['X4'] to ['X5'].
[2026-04-24 02:57:13,411][dowhy.causal_model][INFO] - Model to find the causal effect of treatment ['X5'] on outcome ['X0']
[2026-04-24 02:57:13,411][dowhy.causal_identifier.auto_identifier][WARNING] - No directed path from treatment to outcome. Causal Effect is zero.
[2026-04-24 02:57:13,411][dowhy.causal_model][INFO] - linear_regression
[2026-04-24 02:57:13,412][dowhy.causal_estimator][INFO] - INFO: Using Linear Regression Estimator
[2026-04-24 02:57:13,412][dowhy.causal_estimator][WARNING] - No directed path from ['X5'] to ['X0'].
[2026-04-24 02:57:13,413][dowhy.causal_model][INFO] - Model to find the causal effect of treatment ['X5'] on outcome ['X1']
[2026-04-24 02:57:13,413][dowhy.causal_identifier.auto_identifier][WARNING] - No directed path from treatment to outcome. Causal Effect is zero.
[2026-04-24 02:57:13,413][dowhy.causal_model][INFO] - linear_regression
[2026-04-24 02:57:13,413][dowhy.causal_estimator][INFO] - INFO: Using Linear Regression Estimator
[2026-04-24 02:57:13,413][dowhy.causal_estimator][WARNING] - No directed path from ['X5'] to ['X1'].
[2026-04-24 02:57:13,415][dowhy.causal_model][INFO] - Model to find the causal effect of treatment ['X5'] on outcome ['X2']
[2026-04-24 02:57:13,415][dowhy.causal_identifier.auto_identifier][WARNING] - No directed path from treatment to outcome. Causal Effect is zero.
[2026-04-24 02:57:13,415][dowhy.causal_model][INFO] - linear_regression
[2026-04-24 02:57:13,415][dowhy.causal_estimator][INFO] - INFO: Using Linear Regression Estimator
[2026-04-24 02:57:13,415][dowhy.causal_estimator][WARNING] - No directed path from ['X5'] to ['X2'].
[2026-04-24 02:57:13,417][dowhy.causal_model][INFO] - Model to find the causal effect of treatment ['X5'] on outcome ['X3']
[2026-04-24 02:57:13,417][dowhy.causal_identifier.auto_identifier][WARNING] - No directed path from treatment to outcome. Causal Effect is zero.
[2026-04-24 02:57:13,417][dowhy.causal_model][INFO] - linear_regression
[2026-04-24 02:57:13,417][dowhy.causal_estimator][INFO] - INFO: Using Linear Regression Estimator
[2026-04-24 02:57:13,417][dowhy.causal_estimator][WARNING] - No directed path from ['X5'] to ['X3'].
[2026-04-24 02:57:13,418][dowhy.causal_model][INFO] - Model to find the causal effect of treatment ['X5'] on outcome ['X4']
[2026-04-24 02:57:13,418][dowhy.causal_identifier.auto_identifier][WARNING] - No directed path from treatment to outcome. Causal Effect is zero.
[2026-04-24 02:57:13,418][dowhy.causal_model][INFO] - linear_regression
[2026-04-24 02:57:13,418][dowhy.causal_estimator][INFO] - INFO: Using Linear Regression Estimator
[2026-04-24 02:57:13,418][dowhy.causal_estimator][WARNING] - No directed path from ['X5'] to ['X4'].
[2026-04-24 02:57:13,489][dowhy.causal_model][INFO] - Model to find the causal effect of treatment ['X0'] on outcome ['X1']
[2026-04-24 02:57:13,490][dowhy.causal_identifier.auto_identifier][INFO] - Causal effect can be identified.
[2026-04-24 02:57:13,490][dowhy.causal_identifier.auto_identifier][INFO] - Instrumental variables for treatment and outcome:[]
[2026-04-24 02:57:13,490][dowhy.causal_identifier.auto_identifier][INFO] - Frontdoor variables for treatment and outcome:[]
[2026-04-24 02:57:13,491][dowhy.causal_model][INFO] - linear_regression
[2026-04-24 02:57:13,491][dowhy.causal_estimator][INFO] - INFO: Using Linear Regression Estimator
[2026-04-24 02:57:13,491][dowhy.causal_estimator][INFO] - b: X1~X0
[2026-04-24 02:57:13,498][dowhy.causal_model][INFO] - Model to find the causal effect of treatment ['X0'] on outcome ['X2']
[2026-04-24 02:57:13,498][dowhy.causal_identifier.auto_identifier][WARNING] - No directed path from treatment to outcome. Causal Effect is zero.
[2026-04-24 02:57:13,498][dowhy.causal_model][INFO] - linear_regression
[2026-04-24 02:57:13,498][dowhy.causal_estimator][INFO] - INFO: Using Linear Regression Estimator
[2026-04-24 02:57:13,498][dowhy.causal_estimator][WARNING] - No directed path from ['X0'] to ['X2'].
[2026-04-24 02:57:13,500][dowhy.causal_model][INFO] - Model to find the causal effect of treatment ['X0'] on outcome ['X3']
[2026-04-24 02:57:13,500][dowhy.causal_identifier.auto_identifier][INFO] - Causal effect can be identified.
[2026-04-24 02:57:13,501][dowhy.causal_identifier.auto_identifier][INFO] - Instrumental variables for treatment and outcome:[]
[2026-04-24 02:57:13,501][dowhy.causal_identifier.auto_identifier][INFO] - Frontdoor variables for treatment and outcome:[]
[2026-04-24 02:57:13,501][dowhy.causal_model][INFO] - linear_regression
[2026-04-24 02:57:13,501][dowhy.causal_estimator][INFO] - INFO: Using Linear Regression Estimator
[2026-04-24 02:57:13,501][dowhy.causal_estimator][INFO] - b: X3~X0
[2026-04-24 02:57:13,507][dowhy.causal_model][INFO] - Model to find the causal effect of treatment ['X0'] on outcome ['X4']
[2026-04-24 02:57:13,508][dowhy.causal_identifier.auto_identifier][INFO] - Causal effect can be identified.
[2026-04-24 02:57:13,508][dowhy.causal_identifier.auto_identifier][INFO] - Instrumental variables for treatment and outcome:[]
[2026-04-24 02:57:13,509][dowhy.causal_identifier.auto_identifier][INFO] - Frontdoor variables for treatment and outcome:[]
[2026-04-24 02:57:13,509][dowhy.causal_model][INFO] - linear_regression
[2026-04-24 02:57:13,509][dowhy.causal_estimator][INFO] - INFO: Using Linear Regression Estimator
[2026-04-24 02:57:13,509][dowhy.causal_estimator][INFO] - b: X4~X0+X0*X2
[2026-04-24 02:57:13,518][dowhy.causal_model][INFO] - Model to find the causal effect of treatment ['X0'] on outcome ['X5']
[2026-04-24 02:57:13,518][dowhy.causal_identifier.auto_identifier][INFO] - Causal effect can be identified.
[2026-04-24 02:57:13,518][dowhy.causal_identifier.auto_identifier][INFO] - Instrumental variables for treatment and outcome:[]
[2026-04-24 02:57:13,519][dowhy.causal_identifier.auto_identifier][INFO] - Frontdoor variables for treatment and outcome:['X4', 'X1', 'X3']
[2026-04-24 02:57:13,520][dowhy.causal_identifier.auto_identifier][INFO] - Causal effect can be identified.
[2026-04-24 02:57:13,521][dowhy.causal_identifier.auto_identifier][INFO] - Causal effect can be identified.
[2026-04-24 02:57:13,521][dowhy.causal_model][INFO] - linear_regression
[2026-04-24 02:57:13,521][dowhy.causal_estimator][INFO] - INFO: Using Linear Regression Estimator
[2026-04-24 02:57:13,521][dowhy.causal_estimator][INFO] - b: X5~X0
[2026-04-24 02:57:13,576][dowhy.causal_model][INFO] - Model to find the causal effect of treatment ['X1'] on outcome ['X0']
[2026-04-24 02:57:13,576][dowhy.causal_identifier.auto_identifier][WARNING] - No directed path from treatment to outcome. Causal Effect is zero.
[2026-04-24 02:57:13,576][dowhy.causal_model][INFO] - linear_regression
[2026-04-24 02:57:13,576][dowhy.causal_estimator][INFO] - INFO: Using Linear Regression Estimator
[2026-04-24 02:57:13,576][dowhy.causal_estimator][WARNING] - No directed path from ['X1'] to ['X0'].
[2026-04-24 02:57:13,578][dowhy.causal_model][INFO] - Model to find the causal effect of treatment ['X1'] on outcome ['X2']
[2026-04-24 02:57:13,578][dowhy.causal_identifier.auto_identifier][WARNING] - No directed path from treatment to outcome. Causal Effect is zero.
[2026-04-24 02:57:13,578][dowhy.causal_model][INFO] - linear_regression
[2026-04-24 02:57:13,578][dowhy.causal_estimator][INFO] - INFO: Using Linear Regression Estimator
[2026-04-24 02:57:13,578][dowhy.causal_estimator][WARNING] - No directed path from ['X1'] to ['X2'].
[2026-04-24 02:57:13,580][dowhy.causal_model][INFO] - Model to find the causal effect of treatment ['X1'] on outcome ['X3']
[2026-04-24 02:57:13,580][dowhy.causal_identifier.auto_identifier][WARNING] - No directed path from treatment to outcome. Causal Effect is zero.
[2026-04-24 02:57:13,580][dowhy.causal_model][INFO] - linear_regression
[2026-04-24 02:57:13,580][dowhy.causal_estimator][INFO] - INFO: Using Linear Regression Estimator
[2026-04-24 02:57:13,580][dowhy.causal_estimator][WARNING] - No directed path from ['X1'] to ['X3'].
[2026-04-24 02:57:13,582][dowhy.causal_model][INFO] - Model to find the causal effect of treatment ['X1'] on outcome ['X4']
[2026-04-24 02:57:13,582][dowhy.causal_identifier.auto_identifier][WARNING] - No directed path from treatment to outcome. Causal Effect is zero.
[2026-04-24 02:57:13,582][dowhy.causal_model][INFO] - linear_regression
[2026-04-24 02:57:13,582][dowhy.causal_estimator][INFO] - INFO: Using Linear Regression Estimator
[2026-04-24 02:57:13,582][dowhy.causal_estimator][WARNING] - No directed path from ['X1'] to ['X4'].
[2026-04-24 02:57:13,584][dowhy.causal_model][INFO] - Model to find the causal effect of treatment ['X1'] on outcome ['X5']
[2026-04-24 02:57:13,584][dowhy.causal_identifier.auto_identifier][INFO] - Causal effect can be identified.
[2026-04-24 02:57:13,585][dowhy.causal_identifier.auto_identifier][INFO] - Instrumental variables for treatment and outcome:[]
[2026-04-24 02:57:13,585][dowhy.causal_identifier.auto_identifier][INFO] - Frontdoor variables for treatment and outcome:[]
[2026-04-24 02:57:13,585][dowhy.causal_model][INFO] - linear_regression
[2026-04-24 02:57:13,585][dowhy.causal_estimator][INFO] - INFO: Using Linear Regression Estimator
[2026-04-24 02:57:13,586][dowhy.causal_estimator][INFO] - b: X5~X1+X0+X1*X3
[2026-04-24 02:57:13,634][dowhy.causal_model][INFO] - Model to find the causal effect of treatment ['X2'] on outcome ['X0']
[2026-04-24 02:57:13,634][dowhy.causal_identifier.auto_identifier][WARNING] - No directed path from treatment to outcome. Causal Effect is zero.
[2026-04-24 02:57:13,634][dowhy.causal_model][INFO] - linear_regression
[2026-04-24 02:57:13,634][dowhy.causal_estimator][INFO] - INFO: Using Linear Regression Estimator
[2026-04-24 02:57:13,634][dowhy.causal_estimator][WARNING] - No directed path from ['X2'] to ['X0'].
[2026-04-24 02:57:13,636][dowhy.causal_model][INFO] - Model to find the causal effect of treatment ['X2'] on outcome ['X1']
[2026-04-24 02:57:13,636][dowhy.causal_identifier.auto_identifier][WARNING] - No directed path from treatment to outcome. Causal Effect is zero.
[2026-04-24 02:57:13,636][dowhy.causal_model][INFO] - linear_regression
[2026-04-24 02:57:13,636][dowhy.causal_estimator][INFO] - INFO: Using Linear Regression Estimator
[2026-04-24 02:57:13,636][dowhy.causal_estimator][WARNING] - No directed path from ['X2'] to ['X1'].
[2026-04-24 02:57:13,637][dowhy.causal_model][INFO] - Model to find the causal effect of treatment ['X2'] on outcome ['X3']
[2026-04-24 02:57:13,637][dowhy.causal_identifier.auto_identifier][WARNING] - No directed path from treatment to outcome. Causal Effect is zero.
[2026-04-24 02:57:13,638][dowhy.causal_model][INFO] - linear_regression
[2026-04-24 02:57:13,638][dowhy.causal_estimator][INFO] - INFO: Using Linear Regression Estimator
[2026-04-24 02:57:13,638][dowhy.causal_estimator][WARNING] - No directed path from ['X2'] to ['X3'].
[2026-04-24 02:57:13,639][dowhy.causal_model][INFO] - Model to find the causal effect of treatment ['X2'] on outcome ['X4']
[2026-04-24 02:57:13,640][dowhy.causal_identifier.auto_identifier][INFO] - Causal effect can be identified.
[2026-04-24 02:57:13,641][dowhy.causal_identifier.auto_identifier][INFO] - Instrumental variables for treatment and outcome:[]
[2026-04-24 02:57:13,641][dowhy.causal_identifier.auto_identifier][INFO] - Frontdoor variables for treatment and outcome:[]
[2026-04-24 02:57:13,641][dowhy.causal_model][INFO] - linear_regression
[2026-04-24 02:57:13,641][dowhy.causal_estimator][INFO] - INFO: Using Linear Regression Estimator
[2026-04-24 02:57:13,641][dowhy.causal_estimator][INFO] - b: X4~X2+X2*X3+X2*X0
[2026-04-24 02:57:13,649][dowhy.causal_model][INFO] - Model to find the causal effect of treatment ['X2'] on outcome ['X5']
[2026-04-24 02:57:13,649][dowhy.causal_identifier.auto_identifier][WARNING] - No directed path from treatment to outcome. Causal Effect is zero.
[2026-04-24 02:57:13,649][dowhy.causal_model][INFO] - linear_regression
[2026-04-24 02:57:13,649][dowhy.causal_estimator][INFO] - INFO: Using Linear Regression Estimator
[2026-04-24 02:57:13,649][dowhy.causal_estimator][WARNING] - No directed path from ['X2'] to ['X5'].
[2026-04-24 02:57:13,697][dowhy.causal_model][INFO] - Model to find the causal effect of treatment ['X3'] on outcome ['X0']
[2026-04-24 02:57:13,697][dowhy.causal_identifier.auto_identifier][WARNING] - No directed path from treatment to outcome. Causal Effect is zero.
[2026-04-24 02:57:13,697][dowhy.causal_model][INFO] - linear_regression
[2026-04-24 02:57:13,697][dowhy.causal_estimator][INFO] - INFO: Using Linear Regression Estimator
[2026-04-24 02:57:13,697][dowhy.causal_estimator][WARNING] - No directed path from ['X3'] to ['X0'].
[2026-04-24 02:57:13,699][dowhy.causal_model][INFO] - Model to find the causal effect of treatment ['X3'] on outcome ['X1']
[2026-04-24 02:57:13,699][dowhy.causal_identifier.auto_identifier][WARNING] - No directed path from treatment to outcome. Causal Effect is zero.
[2026-04-24 02:57:13,699][dowhy.causal_model][INFO] - linear_regression
[2026-04-24 02:57:13,699][dowhy.causal_estimator][INFO] - INFO: Using Linear Regression Estimator
[2026-04-24 02:57:13,699][dowhy.causal_estimator][WARNING] - No directed path from ['X3'] to ['X1'].
[2026-04-24 02:57:13,701][dowhy.causal_model][INFO] - Model to find the causal effect of treatment ['X3'] on outcome ['X2']
[2026-04-24 02:57:13,701][dowhy.causal_identifier.auto_identifier][WARNING] - No directed path from treatment to outcome. Causal Effect is zero.
[2026-04-24 02:57:13,701][dowhy.causal_model][INFO] - linear_regression
[2026-04-24 02:57:13,701][dowhy.causal_estimator][INFO] - INFO: Using Linear Regression Estimator
[2026-04-24 02:57:13,701][dowhy.causal_estimator][WARNING] - No directed path from ['X3'] to ['X2'].
[2026-04-24 02:57:13,703][dowhy.causal_model][INFO] - Model to find the causal effect of treatment ['X3'] on outcome ['X4']
[2026-04-24 02:57:13,704][dowhy.causal_identifier.auto_identifier][INFO] - Causal effect can be identified.
[2026-04-24 02:57:13,704][dowhy.causal_identifier.auto_identifier][INFO] - Instrumental variables for treatment and outcome:[]
[2026-04-24 02:57:13,704][dowhy.causal_identifier.auto_identifier][INFO] - Frontdoor variables for treatment and outcome:[]
[2026-04-24 02:57:13,704][dowhy.causal_model][INFO] - linear_regression
[2026-04-24 02:57:13,705][dowhy.causal_estimator][INFO] - INFO: Using Linear Regression Estimator
[2026-04-24 02:57:13,705][dowhy.causal_estimator][INFO] - b: X4~X3+X0+X3*X2
[2026-04-24 02:57:13,715][dowhy.causal_model][INFO] - Model to find the causal effect of treatment ['X3'] on outcome ['X5']
[2026-04-24 02:57:13,715][dowhy.causal_identifier.auto_identifier][INFO] - Causal effect can be identified.
[2026-04-24 02:57:13,716][dowhy.causal_identifier.auto_identifier][INFO] - Instrumental variables for treatment and outcome:[]
[2026-04-24 02:57:13,716][dowhy.causal_identifier.auto_identifier][INFO] - Frontdoor variables for treatment and outcome:[]
[2026-04-24 02:57:13,716][dowhy.causal_model][INFO] - linear_regression
[2026-04-24 02:57:13,716][dowhy.causal_estimator][INFO] - INFO: Using Linear Regression Estimator
[2026-04-24 02:57:13,717][dowhy.causal_estimator][INFO] - b: X5~X3+X0+X3*X1
[2026-04-24 02:57:13,774][dowhy.causal_model][INFO] - Model to find the causal effect of treatment ['X4'] on outcome ['X0']
[2026-04-24 02:57:13,774][dowhy.causal_identifier.auto_identifier][WARNING] - No directed path from treatment to outcome. Causal Effect is zero.
[2026-04-24 02:57:13,774][dowhy.causal_model][INFO] - linear_regression
[2026-04-24 02:57:13,774][dowhy.causal_estimator][INFO] - INFO: Using Linear Regression Estimator
[2026-04-24 02:57:13,774][dowhy.causal_estimator][WARNING] - No directed path from ['X4'] to ['X0'].
[2026-04-24 02:57:13,776][dowhy.causal_model][INFO] - Model to find the causal effect of treatment ['X4'] on outcome ['X1']
[2026-04-24 02:57:13,776][dowhy.causal_identifier.auto_identifier][WARNING] - No directed path from treatment to outcome. Causal Effect is zero.
[2026-04-24 02:57:13,776][dowhy.causal_model][INFO] - linear_regression
[2026-04-24 02:57:13,776][dowhy.causal_estimator][INFO] - INFO: Using Linear Regression Estimator
[2026-04-24 02:57:13,776][dowhy.causal_estimator][WARNING] - No directed path from ['X4'] to ['X1'].
[2026-04-24 02:57:13,778][dowhy.causal_model][INFO] - Model to find the causal effect of treatment ['X4'] on outcome ['X2']
[2026-04-24 02:57:13,778][dowhy.causal_identifier.auto_identifier][WARNING] - No directed path from treatment to outcome. Causal Effect is zero.
[2026-04-24 02:57:13,778][dowhy.causal_model][INFO] - linear_regression
[2026-04-24 02:57:13,778][dowhy.causal_estimator][INFO] - INFO: Using Linear Regression Estimator
[2026-04-24 02:57:13,778][dowhy.causal_estimator][WARNING] - No directed path from ['X4'] to ['X2'].
[2026-04-24 02:57:13,779][dowhy.causal_model][INFO] - Model to find the causal effect of treatment ['X4'] on outcome ['X3']
[2026-04-24 02:57:13,780][dowhy.causal_identifier.auto_identifier][WARNING] - No directed path from treatment to outcome. Causal Effect is zero.
[2026-04-24 02:57:13,780][dowhy.causal_model][INFO] - linear_regression
[2026-04-24 02:57:13,780][dowhy.causal_estimator][INFO] - INFO: Using Linear Regression Estimator
[2026-04-24 02:57:13,780][dowhy.causal_estimator][WARNING] - No directed path from ['X4'] to ['X3'].
[2026-04-24 02:57:13,781][dowhy.causal_model][INFO] - Model to find the causal effect of treatment ['X4'] on outcome ['X5']
[2026-04-24 02:57:13,781][dowhy.causal_identifier.auto_identifier][WARNING] - No directed path from treatment to outcome. Causal Effect is zero.
[2026-04-24 02:57:13,781][dowhy.causal_model][INFO] - linear_regression
[2026-04-24 02:57:13,781][dowhy.causal_estimator][INFO] - INFO: Using Linear Regression Estimator
[2026-04-24 02:57:13,781][dowhy.causal_estimator][WARNING] - No directed path from ['X4'] to ['X5'].
[2026-04-24 02:57:13,821][dowhy.causal_model][INFO] - Model to find the causal effect of treatment ['X5'] on outcome ['X0']
[2026-04-24 02:57:13,821][dowhy.causal_identifier.auto_identifier][WARNING] - No directed path from treatment to outcome. Causal Effect is zero.
[2026-04-24 02:57:13,821][dowhy.causal_model][INFO] - linear_regression
[2026-04-24 02:57:13,821][dowhy.causal_estimator][INFO] - INFO: Using Linear Regression Estimator
[2026-04-24 02:57:13,821][dowhy.causal_estimator][WARNING] - No directed path from ['X5'] to ['X0'].
[2026-04-24 02:57:13,823][dowhy.causal_model][INFO] - Model to find the causal effect of treatment ['X5'] on outcome ['X1']
[2026-04-24 02:57:13,823][dowhy.causal_identifier.auto_identifier][WARNING] - No directed path from treatment to outcome. Causal Effect is zero.
[2026-04-24 02:57:13,823][dowhy.causal_model][INFO] - linear_regression
[2026-04-24 02:57:13,823][dowhy.causal_estimator][INFO] - INFO: Using Linear Regression Estimator
[2026-04-24 02:57:13,823][dowhy.causal_estimator][WARNING] - No directed path from ['X5'] to ['X1'].
[2026-04-24 02:57:13,825][dowhy.causal_model][INFO] - Model to find the causal effect of treatment ['X5'] on outcome ['X2']
[2026-04-24 02:57:13,825][dowhy.causal_identifier.auto_identifier][WARNING] - No directed path from treatment to outcome. Causal Effect is zero.
[2026-04-24 02:57:13,825][dowhy.causal_model][INFO] - linear_regression
[2026-04-24 02:57:13,825][dowhy.causal_estimator][INFO] - INFO: Using Linear Regression Estimator
[2026-04-24 02:57:13,825][dowhy.causal_estimator][WARNING] - No directed path from ['X5'] to ['X2'].
[2026-04-24 02:57:13,826][dowhy.causal_model][INFO] - Model to find the causal effect of treatment ['X5'] on outcome ['X3']
[2026-04-24 02:57:13,826][dowhy.causal_identifier.auto_identifier][WARNING] - No directed path from treatment to outcome. Causal Effect is zero.
[2026-04-24 02:57:13,826][dowhy.causal_model][INFO] - linear_regression
[2026-04-24 02:57:13,826][dowhy.causal_estimator][INFO] - INFO: Using Linear Regression Estimator
[2026-04-24 02:57:13,826][dowhy.causal_estimator][WARNING] - No directed path from ['X5'] to ['X3'].
[2026-04-24 02:57:13,828][dowhy.causal_model][INFO] - Model to find the causal effect of treatment ['X5'] on outcome ['X4']
[2026-04-24 02:57:13,828][dowhy.causal_identifier.auto_identifier][WARNING] - No directed path from treatment to outcome. Causal Effect is zero.
[2026-04-24 02:57:13,828][dowhy.causal_model][INFO] - linear_regression
[2026-04-24 02:57:13,828][dowhy.causal_estimator][INFO] - INFO: Using Linear Regression Estimator
[2026-04-24 02:57:13,828][dowhy.causal_estimator][WARNING] - No directed path from ['X5'] to ['X4'].
[2026-04-24 02:57:13,891][dowhy.causal_model][INFO] - Model to find the causal effect of treatment ['X0'] on outcome ['X1']
[2026-04-24 02:57:13,891][dowhy.causal_identifier.auto_identifier][INFO] - Causal effect can be identified.
[2026-04-24 02:57:13,891][dowhy.causal_identifier.auto_identifier][INFO] - Instrumental variables for treatment and outcome:[]
[2026-04-24 02:57:13,891][dowhy.causal_identifier.auto_identifier][INFO] - Frontdoor variables for treatment and outcome:[]
[2026-04-24 02:57:13,892][dowhy.causal_model][INFO] - linear_regression
[2026-04-24 02:57:13,892][dowhy.causal_estimator][INFO] - INFO: Using Linear Regression Estimator
[2026-04-24 02:57:13,892][dowhy.causal_estimator][INFO] - b: X1~X0
[2026-04-24 02:57:13,898][dowhy.causal_model][INFO] - Model to find the causal effect of treatment ['X0'] on outcome ['X2']
[2026-04-24 02:57:13,898][dowhy.causal_identifier.auto_identifier][WARNING] - No directed path from treatment to outcome. Causal Effect is zero.
[2026-04-24 02:57:13,898][dowhy.causal_model][INFO] - linear_regression
[2026-04-24 02:57:13,898][dowhy.causal_estimator][INFO] - INFO: Using Linear Regression Estimator
[2026-04-24 02:57:13,898][dowhy.causal_estimator][WARNING] - No directed path from ['X0'] to ['X2'].
[2026-04-24 02:57:13,900][dowhy.causal_model][INFO] - Model to find the causal effect of treatment ['X0'] on outcome ['X3']
[2026-04-24 02:57:13,900][dowhy.causal_identifier.auto_identifier][INFO] - Causal effect can be identified.
[2026-04-24 02:57:13,900][dowhy.causal_identifier.auto_identifier][INFO] - Instrumental variables for treatment and outcome:[]
[2026-04-24 02:57:13,900][dowhy.causal_identifier.auto_identifier][INFO] - Frontdoor variables for treatment and outcome:[]
[2026-04-24 02:57:13,900][dowhy.causal_model][INFO] - linear_regression
[2026-04-24 02:57:13,900][dowhy.causal_estimator][INFO] - INFO: Using Linear Regression Estimator
[2026-04-24 02:57:13,900][dowhy.causal_estimator][INFO] - b: X3~X0
[2026-04-24 02:57:13,906][dowhy.causal_model][INFO] - Model to find the causal effect of treatment ['X0'] on outcome ['X4']
[2026-04-24 02:57:13,907][dowhy.causal_identifier.auto_identifier][INFO] - Causal effect can be identified.
[2026-04-24 02:57:13,907][dowhy.causal_identifier.auto_identifier][INFO] - Instrumental variables for treatment and outcome:[]
[2026-04-24 02:57:13,907][dowhy.causal_identifier.auto_identifier][INFO] - Frontdoor variables for treatment and outcome:[]
[2026-04-24 02:57:13,908][dowhy.causal_model][INFO] - linear_regression
[2026-04-24 02:57:13,908][dowhy.causal_estimator][INFO] - INFO: Using Linear Regression Estimator
[2026-04-24 02:57:13,908][dowhy.causal_estimator][INFO] - b: X4~X0+X0*X2
[2026-04-24 02:57:13,915][dowhy.causal_model][INFO] - Model to find the causal effect of treatment ['X0'] on outcome ['X5']
[2026-04-24 02:57:13,916][dowhy.causal_identifier.auto_identifier][INFO] - Causal effect can be identified.
[2026-04-24 02:57:13,916][dowhy.causal_identifier.auto_identifier][INFO] - Instrumental variables for treatment and outcome:[]
[2026-04-24 02:57:13,917][dowhy.causal_identifier.auto_identifier][INFO] - Frontdoor variables for treatment and outcome:['X4', 'X1', 'X3']
[2026-04-24 02:57:13,918][dowhy.causal_identifier.auto_identifier][INFO] - Causal effect can be identified.
[2026-04-24 02:57:13,918][dowhy.causal_identifier.auto_identifier][INFO] - Causal effect can be identified.
[2026-04-24 02:57:13,919][dowhy.causal_model][INFO] - linear_regression
[2026-04-24 02:57:13,919][dowhy.causal_estimator][INFO] - INFO: Using Linear Regression Estimator
[2026-04-24 02:57:13,919][dowhy.causal_estimator][INFO] - b: X5~X0
[2026-04-24 02:57:13,975][dowhy.causal_model][INFO] - Model to find the causal effect of treatment ['X1'] on outcome ['X0']
[2026-04-24 02:57:13,975][dowhy.causal_identifier.auto_identifier][WARNING] - No directed path from treatment to outcome. Causal Effect is zero.
[2026-04-24 02:57:13,975][dowhy.causal_model][INFO] - linear_regression
[2026-04-24 02:57:13,975][dowhy.causal_estimator][INFO] - INFO: Using Linear Regression Estimator
[2026-04-24 02:57:13,975][dowhy.causal_estimator][WARNING] - No directed path from ['X1'] to ['X0'].
[2026-04-24 02:57:13,977][dowhy.causal_model][INFO] - Model to find the causal effect of treatment ['X1'] on outcome ['X2']
[2026-04-24 02:57:13,977][dowhy.causal_identifier.auto_identifier][WARNING] - No directed path from treatment to outcome. Causal Effect is zero.
[2026-04-24 02:57:13,977][dowhy.causal_model][INFO] - linear_regression
[2026-04-24 02:57:13,977][dowhy.causal_estimator][INFO] - INFO: Using Linear Regression Estimator
[2026-04-24 02:57:13,977][dowhy.causal_estimator][WARNING] - No directed path from ['X1'] to ['X2'].
[2026-04-24 02:57:13,979][dowhy.causal_model][INFO] - Model to find the causal effect of treatment ['X1'] on outcome ['X3']
[2026-04-24 02:57:13,979][dowhy.causal_identifier.auto_identifier][WARNING] - No directed path from treatment to outcome. Causal Effect is zero.
[2026-04-24 02:57:13,979][dowhy.causal_model][INFO] - linear_regression
[2026-04-24 02:57:13,979][dowhy.causal_estimator][INFO] - INFO: Using Linear Regression Estimator
[2026-04-24 02:57:13,979][dowhy.causal_estimator][WARNING] - No directed path from ['X1'] to ['X3'].
[2026-04-24 02:57:13,981][dowhy.causal_model][INFO] - Model to find the causal effect of treatment ['X1'] on outcome ['X4']
[2026-04-24 02:57:13,981][dowhy.causal_identifier.auto_identifier][WARNING] - No directed path from treatment to outcome. Causal Effect is zero.
[2026-04-24 02:57:13,981][dowhy.causal_model][INFO] - linear_regression
[2026-04-24 02:57:13,981][dowhy.causal_estimator][INFO] - INFO: Using Linear Regression Estimator
[2026-04-24 02:57:13,981][dowhy.causal_estimator][WARNING] - No directed path from ['X1'] to ['X4'].
[2026-04-24 02:57:13,983][dowhy.causal_model][INFO] - Model to find the causal effect of treatment ['X1'] on outcome ['X5']
[2026-04-24 02:57:13,984][dowhy.causal_identifier.auto_identifier][INFO] - Causal effect can be identified.
[2026-04-24 02:57:13,984][dowhy.causal_identifier.auto_identifier][INFO] - Instrumental variables for treatment and outcome:[]
[2026-04-24 02:57:13,985][dowhy.causal_identifier.auto_identifier][INFO] - Frontdoor variables for treatment and outcome:[]
[2026-04-24 02:57:13,985][dowhy.causal_model][INFO] - linear_regression
[2026-04-24 02:57:13,985][dowhy.causal_estimator][INFO] - INFO: Using Linear Regression Estimator
[2026-04-24 02:57:13,985][dowhy.causal_estimator][INFO] - b: X5~X1+X0+X1*X3
[2026-04-24 02:57:14,041][dowhy.causal_model][INFO] - Model to find the causal effect of treatment ['X2'] on outcome ['X0']
[2026-04-24 02:57:14,041][dowhy.causal_identifier.auto_identifier][WARNING] - No directed path from treatment to outcome. Causal Effect is zero.
[2026-04-24 02:57:14,041][dowhy.causal_model][INFO] - linear_regression
[2026-04-24 02:57:14,041][dowhy.causal_estimator][INFO] - INFO: Using Linear Regression Estimator
[2026-04-24 02:57:14,041][dowhy.causal_estimator][WARNING] - No directed path from ['X2'] to ['X0'].
[2026-04-24 02:57:14,043][dowhy.causal_model][INFO] - Model to find the causal effect of treatment ['X2'] on outcome ['X1']
[2026-04-24 02:57:14,043][dowhy.causal_identifier.auto_identifier][WARNING] - No directed path from treatment to outcome. Causal Effect is zero.
[2026-04-24 02:57:14,043][dowhy.causal_model][INFO] - linear_regression
[2026-04-24 02:57:14,043][dowhy.causal_estimator][INFO] - INFO: Using Linear Regression Estimator
[2026-04-24 02:57:14,043][dowhy.causal_estimator][WARNING] - No directed path from ['X2'] to ['X1'].
[2026-04-24 02:57:14,045][dowhy.causal_model][INFO] - Model to find the causal effect of treatment ['X2'] on outcome ['X3']
[2026-04-24 02:57:14,045][dowhy.causal_identifier.auto_identifier][WARNING] - No directed path from treatment to outcome. Causal Effect is zero.
[2026-04-24 02:57:14,045][dowhy.causal_model][INFO] - linear_regression
[2026-04-24 02:57:14,045][dowhy.causal_estimator][INFO] - INFO: Using Linear Regression Estimator
[2026-04-24 02:57:14,045][dowhy.causal_estimator][WARNING] - No directed path from ['X2'] to ['X3'].
[2026-04-24 02:57:14,046][dowhy.causal_model][INFO] - Model to find the causal effect of treatment ['X2'] on outcome ['X4']
[2026-04-24 02:57:14,047][dowhy.causal_identifier.auto_identifier][INFO] - Causal effect can be identified.
[2026-04-24 02:57:14,048][dowhy.causal_identifier.auto_identifier][INFO] - Instrumental variables for treatment and outcome:[]
[2026-04-24 02:57:14,048][dowhy.causal_identifier.auto_identifier][INFO] - Frontdoor variables for treatment and outcome:[]
[2026-04-24 02:57:14,048][dowhy.causal_model][INFO] - linear_regression
[2026-04-24 02:57:14,048][dowhy.causal_estimator][INFO] - INFO: Using Linear Regression Estimator
[2026-04-24 02:57:14,049][dowhy.causal_estimator][INFO] - b: X4~X2+X2*X3+X2*X0
[2026-04-24 02:57:14,057][dowhy.causal_model][INFO] - Model to find the causal effect of treatment ['X2'] on outcome ['X5']
[2026-04-24 02:57:14,057][dowhy.causal_identifier.auto_identifier][WARNING] - No directed path from treatment to outcome. Causal Effect is zero.
[2026-04-24 02:57:14,057][dowhy.causal_model][INFO] - linear_regression
[2026-04-24 02:57:14,057][dowhy.causal_estimator][INFO] - INFO: Using Linear Regression Estimator
[2026-04-24 02:57:14,057][dowhy.causal_estimator][WARNING] - No directed path from ['X2'] to ['X5'].
[2026-04-24 02:57:14,099][dowhy.causal_model][INFO] - Model to find the causal effect of treatment ['X3'] on outcome ['X0']
[2026-04-24 02:57:14,099][dowhy.causal_identifier.auto_identifier][WARNING] - No directed path from treatment to outcome. Causal Effect is zero.
[2026-04-24 02:57:14,099][dowhy.causal_model][INFO] - linear_regression
[2026-04-24 02:57:14,099][dowhy.causal_estimator][INFO] - INFO: Using Linear Regression Estimator
[2026-04-24 02:57:14,099][dowhy.causal_estimator][WARNING] - No directed path from ['X3'] to ['X0'].
[2026-04-24 02:57:14,101][dowhy.causal_model][INFO] - Model to find the causal effect of treatment ['X3'] on outcome ['X1']
[2026-04-24 02:57:14,101][dowhy.causal_identifier.auto_identifier][WARNING] - No directed path from treatment to outcome. Causal Effect is zero.
[2026-04-24 02:57:14,101][dowhy.causal_model][INFO] - linear_regression
[2026-04-24 02:57:14,101][dowhy.causal_estimator][INFO] - INFO: Using Linear Regression Estimator
[2026-04-24 02:57:14,101][dowhy.causal_estimator][WARNING] - No directed path from ['X3'] to ['X1'].
[2026-04-24 02:57:14,103][dowhy.causal_model][INFO] - Model to find the causal effect of treatment ['X3'] on outcome ['X2']
[2026-04-24 02:57:14,103][dowhy.causal_identifier.auto_identifier][WARNING] - No directed path from treatment to outcome. Causal Effect is zero.
[2026-04-24 02:57:14,103][dowhy.causal_model][INFO] - linear_regression
[2026-04-24 02:57:14,103][dowhy.causal_estimator][INFO] - INFO: Using Linear Regression Estimator
[2026-04-24 02:57:14,103][dowhy.causal_estimator][WARNING] - No directed path from ['X3'] to ['X2'].
[2026-04-24 02:57:14,105][dowhy.causal_model][INFO] - Model to find the causal effect of treatment ['X3'] on outcome ['X4']
[2026-04-24 02:57:14,105][dowhy.causal_identifier.auto_identifier][INFO] - Causal effect can be identified.
[2026-04-24 02:57:14,106][dowhy.causal_identifier.auto_identifier][INFO] - Instrumental variables for treatment and outcome:[]
[2026-04-24 02:57:14,106][dowhy.causal_identifier.auto_identifier][INFO] - Frontdoor variables for treatment and outcome:[]
[2026-04-24 02:57:14,106][dowhy.causal_model][INFO] - linear_regression
[2026-04-24 02:57:14,106][dowhy.causal_estimator][INFO] - INFO: Using Linear Regression Estimator
[2026-04-24 02:57:14,106][dowhy.causal_estimator][INFO] - b: X4~X3+X0+X3*X2
[2026-04-24 02:57:14,115][dowhy.causal_model][INFO] - Model to find the causal effect of treatment ['X3'] on outcome ['X5']
[2026-04-24 02:57:14,115][dowhy.causal_identifier.auto_identifier][INFO] - Causal effect can be identified.
[2026-04-24 02:57:14,116][dowhy.causal_identifier.auto_identifier][INFO] - Instrumental variables for treatment and outcome:[]
[2026-04-24 02:57:14,116][dowhy.causal_identifier.auto_identifier][INFO] - Frontdoor variables for treatment and outcome:[]
[2026-04-24 02:57:14,116][dowhy.causal_model][INFO] - linear_regression
[2026-04-24 02:57:14,116][dowhy.causal_estimator][INFO] - INFO: Using Linear Regression Estimator
[2026-04-24 02:57:14,116][dowhy.causal_estimator][INFO] - b: X5~X3+X0+X3*X1
[2026-04-24 02:57:14,176][dowhy.causal_model][INFO] - Model to find the causal effect of treatment ['X4'] on outcome ['X0']
[2026-04-24 02:57:14,176][dowhy.causal_identifier.auto_identifier][WARNING] - No directed path from treatment to outcome. Causal Effect is zero.
[2026-04-24 02:57:14,176][dowhy.causal_model][INFO] - linear_regression
[2026-04-24 02:57:14,176][dowhy.causal_estimator][INFO] - INFO: Using Linear Regression Estimator
[2026-04-24 02:57:14,176][dowhy.causal_estimator][WARNING] - No directed path from ['X4'] to ['X0'].
[2026-04-24 02:57:14,178][dowhy.causal_model][INFO] - Model to find the causal effect of treatment ['X4'] on outcome ['X1']
[2026-04-24 02:57:14,178][dowhy.causal_identifier.auto_identifier][WARNING] - No directed path from treatment to outcome. Causal Effect is zero.
[2026-04-24 02:57:14,178][dowhy.causal_model][INFO] - linear_regression
[2026-04-24 02:57:14,178][dowhy.causal_estimator][INFO] - INFO: Using Linear Regression Estimator
[2026-04-24 02:57:14,178][dowhy.causal_estimator][WARNING] - No directed path from ['X4'] to ['X1'].
[2026-04-24 02:57:14,180][dowhy.causal_model][INFO] - Model to find the causal effect of treatment ['X4'] on outcome ['X2']
[2026-04-24 02:57:14,180][dowhy.causal_identifier.auto_identifier][WARNING] - No directed path from treatment to outcome. Causal Effect is zero.
[2026-04-24 02:57:14,180][dowhy.causal_model][INFO] - linear_regression
[2026-04-24 02:57:14,180][dowhy.causal_estimator][INFO] - INFO: Using Linear Regression Estimator
[2026-04-24 02:57:14,180][dowhy.causal_estimator][WARNING] - No directed path from ['X4'] to ['X2'].
[2026-04-24 02:57:14,182][dowhy.causal_model][INFO] - Model to find the causal effect of treatment ['X4'] on outcome ['X3']
[2026-04-24 02:57:14,182][dowhy.causal_identifier.auto_identifier][WARNING] - No directed path from treatment to outcome. Causal Effect is zero.
[2026-04-24 02:57:14,182][dowhy.causal_model][INFO] - linear_regression
[2026-04-24 02:57:14,182][dowhy.causal_estimator][INFO] - INFO: Using Linear Regression Estimator
[2026-04-24 02:57:14,182][dowhy.causal_estimator][WARNING] - No directed path from ['X4'] to ['X3'].
[2026-04-24 02:57:14,184][dowhy.causal_model][INFO] - Model to find the causal effect of treatment ['X4'] on outcome ['X5']
[2026-04-24 02:57:14,184][dowhy.causal_identifier.auto_identifier][WARNING] - No directed path from treatment to outcome. Causal Effect is zero.
[2026-04-24 02:57:14,184][dowhy.causal_model][INFO] - linear_regression
[2026-04-24 02:57:14,184][dowhy.causal_estimator][INFO] - INFO: Using Linear Regression Estimator
[2026-04-24 02:57:14,184][dowhy.causal_estimator][WARNING] - No directed path from ['X4'] to ['X5'].
[2026-04-24 02:57:14,233][dowhy.causal_model][INFO] - Model to find the causal effect of treatment ['X5'] on outcome ['X0']
[2026-04-24 02:57:14,234][dowhy.causal_identifier.auto_identifier][WARNING] - No directed path from treatment to outcome. Causal Effect is zero.
[2026-04-24 02:57:14,234][dowhy.causal_model][INFO] - linear_regression
[2026-04-24 02:57:14,234][dowhy.causal_estimator][INFO] - INFO: Using Linear Regression Estimator
[2026-04-24 02:57:14,234][dowhy.causal_estimator][WARNING] - No directed path from ['X5'] to ['X0'].
[2026-04-24 02:57:14,235][dowhy.causal_model][INFO] - Model to find the causal effect of treatment ['X5'] on outcome ['X1']
[2026-04-24 02:57:14,235][dowhy.causal_identifier.auto_identifier][WARNING] - No directed path from treatment to outcome. Causal Effect is zero.
[2026-04-24 02:57:14,236][dowhy.causal_model][INFO] - linear_regression
[2026-04-24 02:57:14,236][dowhy.causal_estimator][INFO] - INFO: Using Linear Regression Estimator
[2026-04-24 02:57:14,236][dowhy.causal_estimator][WARNING] - No directed path from ['X5'] to ['X1'].
[2026-04-24 02:57:14,237][dowhy.causal_model][INFO] - Model to find the causal effect of treatment ['X5'] on outcome ['X2']
[2026-04-24 02:57:14,237][dowhy.causal_identifier.auto_identifier][WARNING] - No directed path from treatment to outcome. Causal Effect is zero.
[2026-04-24 02:57:14,237][dowhy.causal_model][INFO] - linear_regression
[2026-04-24 02:57:14,237][dowhy.causal_estimator][INFO] - INFO: Using Linear Regression Estimator
[2026-04-24 02:57:14,237][dowhy.causal_estimator][WARNING] - No directed path from ['X5'] to ['X2'].
[2026-04-24 02:57:14,239][dowhy.causal_model][INFO] - Model to find the causal effect of treatment ['X5'] on outcome ['X3']
[2026-04-24 02:57:14,239][dowhy.causal_identifier.auto_identifier][WARNING] - No directed path from treatment to outcome. Causal Effect is zero.
[2026-04-24 02:57:14,239][dowhy.causal_model][INFO] - linear_regression
[2026-04-24 02:57:14,239][dowhy.causal_estimator][INFO] - INFO: Using Linear Regression Estimator
[2026-04-24 02:57:14,239][dowhy.causal_estimator][WARNING] - No directed path from ['X5'] to ['X3'].
[2026-04-24 02:57:14,241][dowhy.causal_model][INFO] - Model to find the causal effect of treatment ['X5'] on outcome ['X4']
[2026-04-24 02:57:14,241][dowhy.causal_identifier.auto_identifier][WARNING] - No directed path from treatment to outcome. Causal Effect is zero.
[2026-04-24 02:57:14,241][dowhy.causal_model][INFO] - linear_regression
[2026-04-24 02:57:14,241][dowhy.causal_estimator][INFO] - INFO: Using Linear Regression Estimator
[2026-04-24 02:57:14,241][dowhy.causal_estimator][WARNING] - No directed path from ['X5'] to ['X4'].
[2026-04-24 02:57:14,304][dowhy.causal_model][INFO] - Model to find the causal effect of treatment ['X0'] on outcome ['X1']
[2026-04-24 02:57:14,304][dowhy.causal_identifier.auto_identifier][INFO] - Causal effect can be identified.
[2026-04-24 02:57:14,304][dowhy.causal_identifier.auto_identifier][INFO] - Instrumental variables for treatment and outcome:[]
[2026-04-24 02:57:14,305][dowhy.causal_identifier.auto_identifier][INFO] - Frontdoor variables for treatment and outcome:[]
[2026-04-24 02:57:14,305][dowhy.causal_model][INFO] - linear_regression
[2026-04-24 02:57:14,305][dowhy.causal_estimator][INFO] - INFO: Using Linear Regression Estimator
[2026-04-24 02:57:14,305][dowhy.causal_estimator][INFO] - b: X1~X0
[2026-04-24 02:57:14,311][dowhy.causal_model][INFO] - Model to find the causal effect of treatment ['X0'] on outcome ['X2']
[2026-04-24 02:57:14,311][dowhy.causal_identifier.auto_identifier][WARNING] - No directed path from treatment to outcome. Causal Effect is zero.
[2026-04-24 02:57:14,311][dowhy.causal_model][INFO] - linear_regression
[2026-04-24 02:57:14,311][dowhy.causal_estimator][INFO] - INFO: Using Linear Regression Estimator
[2026-04-24 02:57:14,311][dowhy.causal_estimator][WARNING] - No directed path from ['X0'] to ['X2'].
[2026-04-24 02:57:14,313][dowhy.causal_model][INFO] - Model to find the causal effect of treatment ['X0'] on outcome ['X3']
[2026-04-24 02:57:14,313][dowhy.causal_identifier.auto_identifier][INFO] - Causal effect can be identified.
[2026-04-24 02:57:14,313][dowhy.causal_identifier.auto_identifier][INFO] - Instrumental variables for treatment and outcome:[]
[2026-04-24 02:57:14,313][dowhy.causal_identifier.auto_identifier][INFO] - Frontdoor variables for treatment and outcome:[]
[2026-04-24 02:57:14,314][dowhy.causal_model][INFO] - linear_regression
[2026-04-24 02:57:14,314][dowhy.causal_estimator][INFO] - INFO: Using Linear Regression Estimator
[2026-04-24 02:57:14,314][dowhy.causal_estimator][INFO] - b: X3~X0
[2026-04-24 02:57:14,319][dowhy.causal_model][INFO] - Model to find the causal effect of treatment ['X0'] on outcome ['X4']
[2026-04-24 02:57:14,320][dowhy.causal_identifier.auto_identifier][INFO] - Causal effect can be identified.
[2026-04-24 02:57:14,320][dowhy.causal_identifier.auto_identifier][INFO] - Instrumental variables for treatment and outcome:[]
[2026-04-24 02:57:14,321][dowhy.causal_identifier.auto_identifier][INFO] - Frontdoor variables for treatment and outcome:[]
[2026-04-24 02:57:14,321][dowhy.causal_model][INFO] - linear_regression
[2026-04-24 02:57:14,321][dowhy.causal_estimator][INFO] - INFO: Using Linear Regression Estimator
[2026-04-24 02:57:14,321][dowhy.causal_estimator][INFO] - b: X4~X0+X0*X2
[2026-04-24 02:57:14,328][dowhy.causal_model][INFO] - Model to find the causal effect of treatment ['X0'] on outcome ['X5']
[2026-04-24 02:57:14,328][dowhy.causal_identifier.auto_identifier][INFO] - Causal effect can be identified.
[2026-04-24 02:57:14,329][dowhy.causal_identifier.auto_identifier][INFO] - Instrumental variables for treatment and outcome:[]
[2026-04-24 02:57:14,329][dowhy.causal_identifier.auto_identifier][INFO] - Frontdoor variables for treatment and outcome:['X4', 'X1', 'X3']
[2026-04-24 02:57:14,330][dowhy.causal_identifier.auto_identifier][INFO] - Causal effect can be identified.
[2026-04-24 02:57:14,331][dowhy.causal_identifier.auto_identifier][INFO] - Causal effect can be identified.
[2026-04-24 02:57:14,332][dowhy.causal_model][INFO] - linear_regression
[2026-04-24 02:57:14,332][dowhy.causal_estimator][INFO] - INFO: Using Linear Regression Estimator
[2026-04-24 02:57:14,332][dowhy.causal_estimator][INFO] - b: X5~X0
[2026-04-24 02:57:14,379][dowhy.causal_model][INFO] - Model to find the causal effect of treatment ['X1'] on outcome ['X0']
[2026-04-24 02:57:14,379][dowhy.causal_identifier.auto_identifier][WARNING] - No directed path from treatment to outcome. Causal Effect is zero.
[2026-04-24 02:57:14,379][dowhy.causal_model][INFO] - linear_regression
[2026-04-24 02:57:14,379][dowhy.causal_estimator][INFO] - INFO: Using Linear Regression Estimator
[2026-04-24 02:57:14,380][dowhy.causal_estimator][WARNING] - No directed path from ['X1'] to ['X0'].
[2026-04-24 02:57:14,381][dowhy.causal_model][INFO] - Model to find the causal effect of treatment ['X1'] on outcome ['X2']
[2026-04-24 02:57:14,381][dowhy.causal_identifier.auto_identifier][WARNING] - No directed path from treatment to outcome. Causal Effect is zero.
[2026-04-24 02:57:14,381][dowhy.causal_model][INFO] - linear_regression
[2026-04-24 02:57:14,381][dowhy.causal_estimator][INFO] - INFO: Using Linear Regression Estimator
[2026-04-24 02:57:14,381][dowhy.causal_estimator][WARNING] - No directed path from ['X1'] to ['X2'].
[2026-04-24 02:57:14,383][dowhy.causal_model][INFO] - Model to find the causal effect of treatment ['X1'] on outcome ['X3']
[2026-04-24 02:57:14,383][dowhy.causal_identifier.auto_identifier][WARNING] - No directed path from treatment to outcome. Causal Effect is zero.
[2026-04-24 02:57:14,383][dowhy.causal_model][INFO] - linear_regression
[2026-04-24 02:57:14,383][dowhy.causal_estimator][INFO] - INFO: Using Linear Regression Estimator
[2026-04-24 02:57:14,383][dowhy.causal_estimator][WARNING] - No directed path from ['X1'] to ['X3'].
[2026-04-24 02:57:14,385][dowhy.causal_model][INFO] - Model to find the causal effect of treatment ['X1'] on outcome ['X4']
[2026-04-24 02:57:14,385][dowhy.causal_identifier.auto_identifier][WARNING] - No directed path from treatment to outcome. Causal Effect is zero.
[2026-04-24 02:57:14,386][dowhy.causal_model][INFO] - linear_regression
[2026-04-24 02:57:14,386][dowhy.causal_estimator][INFO] - INFO: Using Linear Regression Estimator
[2026-04-24 02:57:14,386][dowhy.causal_estimator][WARNING] - No directed path from ['X1'] to ['X4'].
[2026-04-24 02:57:14,387][dowhy.causal_model][INFO] - Model to find the causal effect of treatment ['X1'] on outcome ['X5']
[2026-04-24 02:57:14,388][dowhy.causal_identifier.auto_identifier][INFO] - Causal effect can be identified.
[2026-04-24 02:57:14,389][dowhy.causal_identifier.auto_identifier][INFO] - Instrumental variables for treatment and outcome:[]
[2026-04-24 02:57:14,389][dowhy.causal_identifier.auto_identifier][INFO] - Frontdoor variables for treatment and outcome:[]
[2026-04-24 02:57:14,389][dowhy.causal_model][INFO] - linear_regression
[2026-04-24 02:57:14,389][dowhy.causal_estimator][INFO] - INFO: Using Linear Regression Estimator
[2026-04-24 02:57:14,389][dowhy.causal_estimator][INFO] - b: X5~X1+X0+X1*X3
[2026-04-24 02:57:14,447][dowhy.causal_model][INFO] - Model to find the causal effect of treatment ['X2'] on outcome ['X0']
[2026-04-24 02:57:14,447][dowhy.causal_identifier.auto_identifier][WARNING] - No directed path from treatment to outcome. Causal Effect is zero.
[2026-04-24 02:57:14,447][dowhy.causal_model][INFO] - linear_regression
[2026-04-24 02:57:14,447][dowhy.causal_estimator][INFO] - INFO: Using Linear Regression Estimator
[2026-04-24 02:57:14,447][dowhy.causal_estimator][WARNING] - No directed path from ['X2'] to ['X0'].
[2026-04-24 02:57:14,449][dowhy.causal_model][INFO] - Model to find the causal effect of treatment ['X2'] on outcome ['X1']
[2026-04-24 02:57:14,449][dowhy.causal_identifier.auto_identifier][WARNING] - No directed path from treatment to outcome. Causal Effect is zero.
[2026-04-24 02:57:14,449][dowhy.causal_model][INFO] - linear_regression
[2026-04-24 02:57:14,449][dowhy.causal_estimator][INFO] - INFO: Using Linear Regression Estimator
[2026-04-24 02:57:14,449][dowhy.causal_estimator][WARNING] - No directed path from ['X2'] to ['X1'].
[2026-04-24 02:57:14,451][dowhy.causal_model][INFO] - Model to find the causal effect of treatment ['X2'] on outcome ['X3']
[2026-04-24 02:57:14,451][dowhy.causal_identifier.auto_identifier][WARNING] - No directed path from treatment to outcome. Causal Effect is zero.
[2026-04-24 02:57:14,451][dowhy.causal_model][INFO] - linear_regression
[2026-04-24 02:57:14,451][dowhy.causal_estimator][INFO] - INFO: Using Linear Regression Estimator
[2026-04-24 02:57:14,451][dowhy.causal_estimator][WARNING] - No directed path from ['X2'] to ['X3'].
[2026-04-24 02:57:14,453][dowhy.causal_model][INFO] - Model to find the causal effect of treatment ['X2'] on outcome ['X4']
[2026-04-24 02:57:14,454][dowhy.causal_identifier.auto_identifier][INFO] - Causal effect can be identified.
[2026-04-24 02:57:14,455][dowhy.causal_identifier.auto_identifier][INFO] - Instrumental variables for treatment and outcome:[]
[2026-04-24 02:57:14,455][dowhy.causal_identifier.auto_identifier][INFO] - Frontdoor variables for treatment and outcome:[]
[2026-04-24 02:57:14,455][dowhy.causal_model][INFO] - linear_regression
[2026-04-24 02:57:14,455][dowhy.causal_estimator][INFO] - INFO: Using Linear Regression Estimator
[2026-04-24 02:57:14,455][dowhy.causal_estimator][INFO] - b: X4~X2+X2*X3+X2*X0
[2026-04-24 02:57:14,463][dowhy.causal_model][INFO] - Model to find the causal effect of treatment ['X2'] on outcome ['X5']
[2026-04-24 02:57:14,463][dowhy.causal_identifier.auto_identifier][WARNING] - No directed path from treatment to outcome. Causal Effect is zero.
[2026-04-24 02:57:14,463][dowhy.causal_model][INFO] - linear_regression
[2026-04-24 02:57:14,464][dowhy.causal_estimator][INFO] - INFO: Using Linear Regression Estimator
[2026-04-24 02:57:14,464][dowhy.causal_estimator][WARNING] - No directed path from ['X2'] to ['X5'].
[2026-04-24 02:57:14,513][dowhy.causal_model][INFO] - Model to find the causal effect of treatment ['X3'] on outcome ['X0']
[2026-04-24 02:57:14,513][dowhy.causal_identifier.auto_identifier][WARNING] - No directed path from treatment to outcome. Causal Effect is zero.
[2026-04-24 02:57:14,513][dowhy.causal_model][INFO] - linear_regression
[2026-04-24 02:57:14,513][dowhy.causal_estimator][INFO] - INFO: Using Linear Regression Estimator
[2026-04-24 02:57:14,513][dowhy.causal_estimator][WARNING] - No directed path from ['X3'] to ['X0'].
[2026-04-24 02:57:14,515][dowhy.causal_model][INFO] - Model to find the causal effect of treatment ['X3'] on outcome ['X1']
[2026-04-24 02:57:14,515][dowhy.causal_identifier.auto_identifier][WARNING] - No directed path from treatment to outcome. Causal Effect is zero.
[2026-04-24 02:57:14,515][dowhy.causal_model][INFO] - linear_regression
[2026-04-24 02:57:14,515][dowhy.causal_estimator][INFO] - INFO: Using Linear Regression Estimator
[2026-04-24 02:57:14,515][dowhy.causal_estimator][WARNING] - No directed path from ['X3'] to ['X1'].
[2026-04-24 02:57:14,517][dowhy.causal_model][INFO] - Model to find the causal effect of treatment ['X3'] on outcome ['X2']
[2026-04-24 02:57:14,517][dowhy.causal_identifier.auto_identifier][WARNING] - No directed path from treatment to outcome. Causal Effect is zero.
[2026-04-24 02:57:14,517][dowhy.causal_model][INFO] - linear_regression
[2026-04-24 02:57:14,517][dowhy.causal_estimator][INFO] - INFO: Using Linear Regression Estimator
[2026-04-24 02:57:14,517][dowhy.causal_estimator][WARNING] - No directed path from ['X3'] to ['X2'].
[2026-04-24 02:57:14,519][dowhy.causal_model][INFO] - Model to find the causal effect of treatment ['X3'] on outcome ['X4']
[2026-04-24 02:57:14,519][dowhy.causal_identifier.auto_identifier][INFO] - Causal effect can be identified.
[2026-04-24 02:57:14,520][dowhy.causal_identifier.auto_identifier][INFO] - Instrumental variables for treatment and outcome:[]
[2026-04-24 02:57:14,520][dowhy.causal_identifier.auto_identifier][INFO] - Frontdoor variables for treatment and outcome:[]
[2026-04-24 02:57:14,520][dowhy.causal_model][INFO] - linear_regression
[2026-04-24 02:57:14,520][dowhy.causal_estimator][INFO] - INFO: Using Linear Regression Estimator
[2026-04-24 02:57:14,521][dowhy.causal_estimator][INFO] - b: X4~X3+X0+X3*X2
[2026-04-24 02:57:14,529][dowhy.causal_model][INFO] - Model to find the causal effect of treatment ['X3'] on outcome ['X5']
[2026-04-24 02:57:14,530][dowhy.causal_identifier.auto_identifier][INFO] - Causal effect can be identified.
[2026-04-24 02:57:14,530][dowhy.causal_identifier.auto_identifier][INFO] - Instrumental variables for treatment and outcome:[]
[2026-04-24 02:57:14,530][dowhy.causal_identifier.auto_identifier][INFO] - Frontdoor variables for treatment and outcome:[]
[2026-04-24 02:57:14,530][dowhy.causal_model][INFO] - linear_regression
[2026-04-24 02:57:14,531][dowhy.causal_estimator][INFO] - INFO: Using Linear Regression Estimator
[2026-04-24 02:57:14,531][dowhy.causal_estimator][INFO] - b: X5~X3+X0+X3*X1
[2026-04-24 02:57:14,580][dowhy.causal_model][INFO] - Model to find the causal effect of treatment ['X4'] on outcome ['X0']
[2026-04-24 02:57:14,580][dowhy.causal_identifier.auto_identifier][WARNING] - No directed path from treatment to outcome. Causal Effect is zero.
[2026-04-24 02:57:14,580][dowhy.causal_model][INFO] - linear_regression
[2026-04-24 02:57:14,580][dowhy.causal_estimator][INFO] - INFO: Using Linear Regression Estimator
[2026-04-24 02:57:14,580][dowhy.causal_estimator][WARNING] - No directed path from ['X4'] to ['X0'].
[2026-04-24 02:57:14,582][dowhy.causal_model][INFO] - Model to find the causal effect of treatment ['X4'] on outcome ['X1']
[2026-04-24 02:57:14,582][dowhy.causal_identifier.auto_identifier][WARNING] - No directed path from treatment to outcome. Causal Effect is zero.
[2026-04-24 02:57:14,582][dowhy.causal_model][INFO] - linear_regression
[2026-04-24 02:57:14,582][dowhy.causal_estimator][INFO] - INFO: Using Linear Regression Estimator
[2026-04-24 02:57:14,582][dowhy.causal_estimator][WARNING] - No directed path from ['X4'] to ['X1'].
[2026-04-24 02:57:14,583][dowhy.causal_model][INFO] - Model to find the causal effect of treatment ['X4'] on outcome ['X2']
[2026-04-24 02:57:14,583][dowhy.causal_identifier.auto_identifier][WARNING] - No directed path from treatment to outcome. Causal Effect is zero.
[2026-04-24 02:57:14,583][dowhy.causal_model][INFO] - linear_regression
[2026-04-24 02:57:14,583][dowhy.causal_estimator][INFO] - INFO: Using Linear Regression Estimator
[2026-04-24 02:57:14,583][dowhy.causal_estimator][WARNING] - No directed path from ['X4'] to ['X2'].
[2026-04-24 02:57:14,585][dowhy.causal_model][INFO] - Model to find the causal effect of treatment ['X4'] on outcome ['X3']
[2026-04-24 02:57:14,585][dowhy.causal_identifier.auto_identifier][WARNING] - No directed path from treatment to outcome. Causal Effect is zero.
[2026-04-24 02:57:14,585][dowhy.causal_model][INFO] - linear_regression
[2026-04-24 02:57:14,585][dowhy.causal_estimator][INFO] - INFO: Using Linear Regression Estimator
[2026-04-24 02:57:14,585][dowhy.causal_estimator][WARNING] - No directed path from ['X4'] to ['X3'].
[2026-04-24 02:57:14,587][dowhy.causal_model][INFO] - Model to find the causal effect of treatment ['X4'] on outcome ['X5']
[2026-04-24 02:57:14,587][dowhy.causal_identifier.auto_identifier][WARNING] - No directed path from treatment to outcome. Causal Effect is zero.
[2026-04-24 02:57:14,587][dowhy.causal_model][INFO] - linear_regression
[2026-04-24 02:57:14,587][dowhy.causal_estimator][INFO] - INFO: Using Linear Regression Estimator
[2026-04-24 02:57:14,587][dowhy.causal_estimator][WARNING] - No directed path from ['X4'] to ['X5'].
[2026-04-24 02:57:14,633][dowhy.causal_model][INFO] - Model to find the causal effect of treatment ['X5'] on outcome ['X0']
[2026-04-24 02:57:14,633][dowhy.causal_identifier.auto_identifier][WARNING] - No directed path from treatment to outcome. Causal Effect is zero.
[2026-04-24 02:57:14,633][dowhy.causal_model][INFO] - linear_regression
[2026-04-24 02:57:14,633][dowhy.causal_estimator][INFO] - INFO: Using Linear Regression Estimator
[2026-04-24 02:57:14,633][dowhy.causal_estimator][WARNING] - No directed path from ['X5'] to ['X0'].
[2026-04-24 02:57:14,636][dowhy.causal_model][INFO] - Model to find the causal effect of treatment ['X5'] on outcome ['X1']
[2026-04-24 02:57:14,636][dowhy.causal_identifier.auto_identifier][WARNING] - No directed path from treatment to outcome. Causal Effect is zero.
[2026-04-24 02:57:14,636][dowhy.causal_model][INFO] - linear_regression
[2026-04-24 02:57:14,636][dowhy.causal_estimator][INFO] - INFO: Using Linear Regression Estimator
[2026-04-24 02:57:14,636][dowhy.causal_estimator][WARNING] - No directed path from ['X5'] to ['X1'].
[2026-04-24 02:57:14,638][dowhy.causal_model][INFO] - Model to find the causal effect of treatment ['X5'] on outcome ['X2']
[2026-04-24 02:57:14,638][dowhy.causal_identifier.auto_identifier][WARNING] - No directed path from treatment to outcome. Causal Effect is zero.
[2026-04-24 02:57:14,638][dowhy.causal_model][INFO] - linear_regression
[2026-04-24 02:57:14,638][dowhy.causal_estimator][INFO] - INFO: Using Linear Regression Estimator
[2026-04-24 02:57:14,638][dowhy.causal_estimator][WARNING] - No directed path from ['X5'] to ['X2'].
[2026-04-24 02:57:14,639][dowhy.causal_model][INFO] - Model to find the causal effect of treatment ['X5'] on outcome ['X3']
[2026-04-24 02:57:14,640][dowhy.causal_identifier.auto_identifier][WARNING] - No directed path from treatment to outcome. Causal Effect is zero.
[2026-04-24 02:57:14,640][dowhy.causal_model][INFO] - linear_regression
[2026-04-24 02:57:14,640][dowhy.causal_estimator][INFO] - INFO: Using Linear Regression Estimator
[2026-04-24 02:57:14,640][dowhy.causal_estimator][WARNING] - No directed path from ['X5'] to ['X3'].
[2026-04-24 02:57:14,641][dowhy.causal_model][INFO] - Model to find the causal effect of treatment ['X5'] on outcome ['X4']
[2026-04-24 02:57:14,641][dowhy.causal_identifier.auto_identifier][WARNING] - No directed path from treatment to outcome. Causal Effect is zero.
[2026-04-24 02:57:14,641][dowhy.causal_model][INFO] - linear_regression
[2026-04-24 02:57:14,642][dowhy.causal_estimator][INFO] - INFO: Using Linear Regression Estimator
[2026-04-24 02:57:14,642][dowhy.causal_estimator][WARNING] - No directed path from ['X5'] to ['X4'].
