=== [Causal Discovery] Fold 4 (4/5) ===
Step: load extraction data
Loading extraction data from: outputs/experiments/layered_sparse_linear_sem_nodes_14_shallow_mlp_align/4/alignment_results.csv
Step: prepare ground-truth data
Running sample_150__baseline_150
Saved metadata to outputs/experiments/layered_sparse_linear_sem_nodes_14_shallow_mlp_align/4/metadata.json
Test:  CI( 0 , 1 | () ) = 0.42584258445849965
Test:  CI( 0 , 2 | () ) = 0.42281257888815804
Test:  CI( 1 , 2 | () ) = 0.17736339554721425
Test:  CI( 0 , 3 | () ) = 0.8086003221506208
Test:  CI( 1 , 3 | () ) = 0.8689791535318387
Test:  CI( 2 , 3 | () ) = 0.32061666041990877
Test:  CI( 0 , 4 | () ) = 0.2536583350073838
Test:  CI( 1 , 4 | () ) = 0.11017899170063661
Test:  CI( 2 , 4 | () ) = 0.2617174170983638
Test:  CI( 3 , 4 | () ) = 0.010133279297072306
Test:  CI( 0 , 5 | () ) = 0.49349715308985376
Test:  CI( 1 , 5 | () ) = 0.8819184385775831
Test:  CI( 2 , 5 | () ) = 0.840708749363865
Test:  CI( 3 , 5 | () ) = 0.8299902914308483
Test:  CI( 4 , 5 | () ) = 0.13317082513188971
Test:  CI( 0 , 6 | () ) = 0.0
Test:  CI( 1 , 6 | () ) = 0.0010248767778593404
Test:  CI( 2 , 6 | () ) = 0.5994048134930532
Test:  CI( 3 , 6 | () ) = 0.6590369062338806
Test:  CI( 4 , 6 | () ) = 0.23400806604573177
Test:  CI( 5 , 6 | () ) = 0.9627804415495276
Test:  CI( 0 , 7 | () ) = 1.5432100042289676e-13
Test:  CI( 1 , 7 | () ) = 2.369215934550084e-13
Test:  CI( 2 , 7 | () ) = 0.9286064672368473
Test:  CI( 3 , 7 | () ) = 0.543305257390474
Test:  CI( 4 , 7 | () ) = 0.7377177162200457
Test:  CI( 5 , 7 | () ) = 0.7623568325691379
Test:  CI( 6 , 7 | () ) = 0.0
Test:  CI( 0 , 8 | () ) = 7.3250572274474735e-09
Test:  CI( 1 , 8 | () ) = 8.941714035870518e-11
Test:  CI( 2 , 8 | () ) = 0.0007471743620499627
Test:  CI( 3 , 8 | () ) = 5.295247253345181e-06
Test:  CI( 4 , 8 | () ) = 0.46532463800370527
Test:  CI( 5 , 8 | () ) = 0.7698669200186143
Test:  CI( 6 , 8 | () ) = 0.0
Test:  CI( 7 , 8 | () ) = 0.0
Test:  CI( 0 , 9 | () ) = 2.943953969491986e-10
Test:  CI( 1 , 9 | () ) = 9.492628905150013e-12
Test:  CI( 2 , 9 | () ) = 0.0008824647977749844
Test:  CI( 3 , 9 | () ) = 0.10142828237982315
Test:  CI( 4 , 9 | () ) = 0.9793653559226259
Test:  CI( 5 , 9 | () ) = 0.9283430515738977
Test:  CI( 6 , 9 | () ) = 0.0
Test:  CI( 7 , 9 | () ) = 0.0
Test:  CI( 8 , 9 | () ) = 0.0
Test:  CI( 0 , 10 | () ) = 2.4652458296969826e-08
Test:  CI( 1 , 10 | () ) = 8.104406035158718e-12
Test:  CI( 2 , 10 | () ) = 0.0006835796500976876
Test:  CI( 3 , 10 | () ) = 0.1655378007629984
Test:  CI( 4 , 10 | () ) = 0.026874312991415517
Test:  CI( 5 , 10 | () ) = 0.32376085399343424
Test:  CI( 6 , 10 | () ) = 0.0
Test:  CI( 7 , 10 | () ) = 0.0
Test:  CI( 8 , 10 | () ) = 0.0
Test:  CI( 9 , 10 | () ) = 0.0
Test:  CI( 0 , 11 | () ) = 0.0
Test:  CI( 1 , 11 | () ) = 0.009164805241419716
Test:  CI( 2 , 11 | () ) = 0.7083230002542775
Test:  CI( 3 , 11 | () ) = 0.7725917201721344
Test:  CI( 4 , 11 | () ) = 0.3473820810485859
Test:  CI( 5 , 11 | () ) = 0.6452600306573073
Test:  CI( 6 , 11 | () ) = 0.0
Test:  CI( 7 , 11 | () ) = 0.0
Test:  CI( 8 , 11 | () ) = 0.0
Test:  CI( 9 , 11 | () ) = 0.0
Test:  CI( 10 , 11 | () ) = 0.0
Test:  CI( 0 , 12 | () ) = 1.1309700287398528e-08
Test:  CI( 1 , 12 | () ) = 8.725087541350263e-09
Test:  CI( 2 , 12 | () ) = 0.0012499054382038022
Test:  CI( 3 , 12 | () ) = 5.33650901246574e-11
Test:  CI( 4 , 12 | () ) = 0.34765244379291804
Test:  CI( 5 , 12 | () ) = 0.8056489371071887
Test:  CI( 6 , 12 | () ) = 0.0
Test:  CI( 7 , 12 | () ) = 0.0
Test:  CI( 8 , 12 | () ) = 0.0
Test:  CI( 9 , 12 | () ) = 0.0
Test:  CI( 10 , 12 | () ) = 0.0
Test:  CI( 11 , 12 | () ) = 0.0
Test:  CI( 0 , 13 | () ) = 7.951022218399828e-08
Test:  CI( 1 , 13 | () ) = 6.66533495063959e-12
Test:  CI( 2 , 13 | () ) = 0.0010915314856807523
Test:  CI( 3 , 13 | () ) = 0.18385288817118228
Test:  CI( 4 , 13 | () ) = 0.0063347149559283
Test:  CI( 5 , 13 | () ) = 0.006316344136753971
Test:  CI( 6 , 13 | () ) = 0.0
Test:  CI( 7 , 13 | () ) = 0.0
Test:  CI( 8 , 13 | () ) = 0.0
Test:  CI( 9 , 13 | () ) = 0.0
Test:  CI( 10 , 13 | () ) = 0.0
Test:  CI( 11 , 13 | () ) = 0.0
Test:  CI( 12 , 13 | () ) = 0.0
Test:  CI( 0 , 6 | (1,) ) = 0.0
Test:  CI( 1 , 6 | (0,) ) = 5.171330030862009e-11
Test:  CI( 0 , 7 | (1,) ) = 0.0
Test:  CI( 0 , 7 | (6,) ) = 0.00012906686780245202
Test:  CI( 1 , 7 | (0,) ) = 0.0
Test:  CI( 1 , 7 | (6,) ) = 0.0
Test:  CI( 6 , 7 | (0,) ) = 0.0
Test:  CI( 6 , 7 | (1,) ) = 0.0
Test:  CI( 0 , 8 | (1,) ) = 1.20570220474292e-13
Test:  CI( 0 , 8 | (2,) ) = 2.434574764009767e-10
Test:  CI( 0 , 8 | (3,) ) = 1.8814128033284305e-10
Test:  CI( 0 , 8 | (6,) ) = 0.002018665483733084
Test:  CI( 0 , 8 | (7,) ) = 0.213303812201453
Test:  CI( 1 , 8 | (2,) ) = 2.6825430765597957e-10
Test:  CI( 1 , 8 | (3,) ) = 3.841593709807967e-12
Test:  CI( 1 , 8 | (6,) ) = 6.755648929157587e-09
Test:  CI( 1 , 8 | (7,) ) = 0.7835230575280423
Test:  CI( 2 , 8 | (3,) ) = 0.0013068117766965592
Test:  CI( 2 , 8 | (6,) ) = 1.7114130557160934e-08
Test:  CI( 2 , 8 | (7,) ) = 1.5543122344752192e-15
Test:  CI( 3 , 8 | (2,) ) = 9.502014475026854e-06
Test:  CI( 3 , 8 | (6,) ) = 2.876172633392571e-10
Test:  CI( 3 , 8 | (7,) ) = 0.0
Test:  CI( 6 , 8 | (2,) ) = 0.0
Test:  CI( 6 , 8 | (3,) ) = 0.0
Test:  CI( 6 , 8 | (7,) ) = 0.1509386606039227
Test:  CI( 7 , 8 | (2,) ) = 0.0
Test:  CI( 7 , 8 | (3,) ) = 0.0
Test:  CI( 0 , 9 | (1,) ) = 2.220446049250313e-16
Test:  CI( 0 , 9 | (2,) ) = 5.895062216154656e-12
Test:  CI( 0 , 9 | (6,) ) = 0.009898654810769347
Test:  CI( 0 , 9 | (7,) ) = 0.655790212037564
Test:  CI( 1 , 9 | (8,) ) = 0.04534952976981166
Test:  CI( 2 , 9 | (8,) ) = 0.7099742385254588
Test:  CI( 6 , 9 | (8,) ) = 0.0027407946089679225
Test:  CI( 6 , 9 | (7,) ) = 0.22214336386024325
Test:  CI( 7 , 9 | (8,) ) = 3.33207591740603e-07
Test:  CI( 8 , 9 | (7,) ) = 0.0
Test:  CI( 0 , 10 | (1,) ) = 2.76667577736589e-13
Test:  CI( 0 , 10 | (2,) ) = 9.8180286123295e-10
Test:  CI( 0 , 10 | (6,) ) = 0.023467014322078983
Test:  CI( 1 , 10 | (2,) ) = 2.381916885951796e-11
Test:  CI( 1 , 10 | (6,) ) = 1.0162652941403394e-09
Test:  CI( 1 , 10 | (7,) ) = 0.1416166025746557
Test:  CI( 2 , 10 | (8,) ) = 0.39453793451720465
Test:  CI( 6 , 10 | (8,) ) = 0.29250401724834774
Test:  CI( 7 , 10 | (8,) ) = 0.003416728460584162
Test:  CI( 7 , 10 | (9,) ) = 0.09772561430161786
Test:  CI( 8 , 10 | (9,) ) = 0.03516798233646079
Test:  CI( 0 , 11 | (1,) ) = 0.0
Test:  CI( 0 , 11 | (6,) ) = 0.0
Test:  CI( 0 , 11 | (7,) ) = 0.0
Test:  CI( 0 , 11 | (8,) ) = 0.0
Test:  CI( 0 , 11 | (9,) ) = 0.0
Test:  CI( 0 , 11 | (10,) ) = 0.0
Test:  CI( 1 , 11 | (0,) ) = 2.4447111002245947e-13
Test:  CI( 1 , 11 | (6,) ) = 0.003316025308046866
Test:  CI( 1 , 11 | (7,) ) = 1.4668410708296165e-08
Test:  CI( 1 , 11 | (8,) ) = 0.020118601302670402
Test:  CI( 6 , 11 | (0,) ) = 0.0
Test:  CI( 6 , 11 | (7,) ) = 0.0
Test:  CI( 6 , 11 | (8,) ) = 0.0
Test:  CI( 6 , 11 | (9,) ) = 0.0
Test:  CI( 6 , 11 | (10,) ) = 0.0
Test:  CI( 7 , 11 | (0,) ) = 0.0
Test:  CI( 7 , 11 | (6,) ) = 0.009534321029719406
Test:  CI( 7 , 11 | (8,) ) = 8.881784197001252e-16
Test:  CI( 7 , 11 | (9,) ) = 1.6786572132332367e-12
Test:  CI( 7 , 11 | (10,) ) = 0.0
Test:  CI( 8 , 11 | (0,) ) = 0.0
Test:  CI( 8 , 11 | (6,) ) = 0.04906088970272671
Test:  CI( 9 , 11 | (0,) ) = 0.0
Test:  CI( 9 , 11 | (10,) ) = 1.3455425118547026e-06
Test:  CI( 9 , 11 | (6,) ) = 0.34351232076705074
Test:  CI( 10 , 11 | (0,) ) = 0.0
Test:  CI( 10 , 11 | (6,) ) = 0.848348710821885
Test:  CI( 0 , 12 | (1,) ) = 2.389644038203187e-12
Test:  CI( 0 , 12 | (2,) ) = 5.092624100200283e-10
Test:  CI( 0 , 12 | (3,) ) = 5.118572232731822e-12
Test:  CI( 0 , 12 | (6,) ) = 0.01659740399139964
Test:  CI( 1 , 12 | (2,) ) = 2.6452970258716846e-08
Test:  CI( 1 , 12 | (3,) ) = 3.025113493038134e-11
Test:  CI( 1 , 12 | (6,) ) = 2.45161943190908e-06
Test:  CI( 1 , 12 | (7,) ) = 0.8240114698071768
Test:  CI( 2 , 12 | (3,) ) = 0.0017394460265827139
Test:  CI( 2 , 12 | (6,) ) = 3.280128357818768e-07
Test:  CI( 2 , 12 | (7,) ) = 1.829958407029153e-09
Test:  CI( 2 , 12 | (8,) ) = 0.625339463860181
Test:  CI( 3 , 12 | (6,) ) = 0.0
Test:  CI( 3 , 12 | (7,) ) = 0.0
Test:  CI( 3 , 12 | (8,) ) = 0.0
Test:  CI( 3 , 12 | (9,) ) = 0.0
Test:  CI( 3 , 12 | (10,) ) = 0.0
Test:  CI( 3 , 12 | (11,) ) = 0.0
Test:  CI( 6 , 12 | (3,) ) = 0.0
Test:  CI( 6 , 12 | (7,) ) = 0.5405018068866767
Test:  CI( 7 , 12 | (3,) ) = 0.0
Test:  CI( 7 , 12 | (8,) ) = 6.370237670694223e-12
Test:  CI( 7 , 12 | (9,) ) = 0.5141338235421042
Test:  CI( 8 , 12 | (11,) ) = 0.0
Test:  CI( 8 , 12 | (9,) ) = 0.0
Test:  CI( 8 , 12 | (10,) ) = 0.0
Test:  CI( 8 , 12 | (3,) ) = 0.0
Test:  CI( 9 , 12 | (8,) ) = 1.857980436170692e-11
Test:  CI( 9 , 12 | (11,) ) = 0.0
Test:  CI( 9 , 12 | (10,) ) = 0.0
Test:  CI( 9 , 12 | (3,) ) = 0.0
Test:  CI( 10 , 12 | (8,) ) = 1.927539248924859e-05
Test:  CI( 10 , 12 | (9,) ) = 0.10261476586021745
Test:  CI( 11 , 12 | (8,) ) = 0.23730346708087957
Test:  CI( 0 , 13 | (1,) ) = 1.8989254613188677e-12
Test:  CI( 0 , 13 | (2,) ) = 4.682885634821332e-09
Test:  CI( 0 , 13 | (4,) ) = 4.799466379878936e-09
Test:  CI( 0 , 13 | (5,) ) = 1.1521298581840256e-08
Test:  CI( 0 , 13 | (6,) ) = 0.01253311933031731
Test:  CI( 1 , 13 | (2,) ) = 2.0216051055399475e-11
Test:  CI( 1 , 13 | (4,) ) = 3.1374014497487224e-11
Test:  CI( 1 , 13 | (5,) ) = 1.2081446953970953e-12
Test:  CI( 1 , 13 | (6,) ) = 9.053782168422231e-10
Test:  CI( 1 , 13 | (7,) ) = 0.12012929414682727
Test:  CI( 2 , 13 | (4,) ) = 0.0020424723540648504
Test:  CI( 2 , 13 | (5,) ) = 0.0009902294706958248
Test:  CI( 2 , 13 | (6,) ) = 5.940608633903111e-07
Test:  CI( 2 , 13 | (7,) ) = 4.313187584870093e-10
Test:  CI( 2 , 13 | (8,) ) = 0.5397185160558262
Test:  CI( 4 , 13 | (5,) ) = 0.013998430453808108
Test:  CI( 5 , 13 | (6,) ) = 0.00018312131109810004
Test:  CI( 5 , 13 | (7,) ) = 2.4979929997837047e-06
Test:  CI( 5 , 13 | (8,) ) = 2.0531740529960985e-08
Test:  CI( 5 , 13 | (9,) ) = 0.0
Test:  CI( 5 , 13 | (10,) ) = 0.0
Test:  CI( 5 , 13 | (11,) ) = 6.104528137895748e-05
Test:  CI( 5 , 13 | (12,) ) = 9.504035149987544e-07
Test:  CI( 6 , 13 | (5,) ) = 0.0
Test:  CI( 6 , 13 | (7,) ) = 0.07379403472280432
Test:  CI( 7 , 13 | (5,) ) = 0.0
Test:  CI( 7 , 13 | (8,) ) = 0.002145151459707506
Test:  CI( 7 , 13 | (9,) ) = 0.6990092839262065
Test:  CI( 8 , 13 | (5,) ) = 0.0
Test:  CI( 8 , 13 | (9,) ) = 0.4121575363219294
Test:  CI( 9 , 13 | (10,) ) = 0.0001610772740416877
Test:  CI( 9 , 13 | (11,) ) = 0.0
Test:  CI( 9 , 13 | (12,) ) = 0.0
Test:  CI( 9 , 13 | (5,) ) = 0.0
Test:  CI( 10 , 13 | (9,) ) = 3.1308289294429414e-14
Test:  CI( 10 , 13 | (11,) ) = 0.0
Test:  CI( 10 , 13 | (12,) ) = 0.0
Test:  CI( 10 , 13 | (5,) ) = 0.0
Test:  CI( 11 , 13 | (9,) ) = 0.2090513634891038
Test:  CI( 12 , 13 | (9,) ) = 0.5021244815014421
Test:  CI( 0 , 7 | (1, 6) ) = 0.5069764522893432
Test:  CI( 1 , 7 | (0, 6) ) = 4.596323321948148e-14
Test:  CI( 6 , 7 | (0, 1) ) = 0.0
Test:  CI( 7 , 8 | (2, 3) ) = 0.0
Test:  CI( 7 , 11 | (0, 6) ) = 0.16775397843006523
Test:  CI( 8 , 12 | (9, 3) ) = 0.0
Test:  CI( 5 , 13 | (9, 10) ) = 0.0
Test:  CI( 9 , 13 | (10, 5) ) = 0.15666429002951743
Test:  CI( 10 , 13 | (9, 5) ) = 0.0
Saved adjacency matrix to outputs/experiments/layered_sparse_linear_sem_nodes_14_shallow_mlp_align/4/learned_graph_adj.npy
Test:  CI( 0 , 1 | () ) = 0.6130346674930485
Test:  CI( 0 , 2 | () ) = 0.351901595927147
Test:  CI( 1 , 2 | () ) = 0.09147783896238293
Test:  CI( 0 , 3 | () ) = 0.8439371825238093
Test:  CI( 1 , 3 | () ) = 0.8727184726574841
Test:  CI( 2 , 3 | () ) = 0.20287167049781485
Test:  CI( 0 , 4 | () ) = 0.3563381383887976
Test:  CI( 1 , 4 | () ) = 0.19864465619791183
Test:  CI( 2 , 4 | () ) = 0.8611264903278175
Test:  CI( 3 , 4 | () ) = 0.8252573757454529
Test:  CI( 0 , 5 | () ) = 0.11165542881918267
Test:  CI( 1 , 5 | () ) = 0.7873572461600737
Test:  CI( 2 , 5 | () ) = 0.48558490619714645
Test:  CI( 3 , 5 | () ) = 0.5626307414577871
Test:  CI( 4 , 5 | () ) = 0.1645517419899254
Test:  CI( 0 , 6 | () ) = 0.0
Test:  CI( 1 , 6 | () ) = 2.053501231502608e-06
Test:  CI( 2 , 6 | () ) = 0.6754839680803573
Test:  CI( 3 , 6 | () ) = 0.8822176420019023
Test:  CI( 4 , 6 | () ) = 0.960607374553391
Test:  CI( 5 , 6 | () ) = 0.34307360254487707
Test:  CI( 0 , 7 | () ) = 1.0658141036401503e-14
Test:  CI( 1 , 7 | () ) = 0.0
Test:  CI( 2 , 7 | () ) = 0.28454347463145635
Test:  CI( 3 , 7 | () ) = 0.8317328222117957
Test:  CI( 4 , 7 | () ) = 0.9351060814762311
Test:  CI( 5 , 7 | () ) = 0.34604265636230536
Test:  CI( 6 , 7 | () ) = 0.0
Test:  CI( 0 , 8 | () ) = 3.612732335511737e-11
Test:  CI( 1 , 8 | () ) = 4.263256414560601e-14
Test:  CI( 2 , 8 | () ) = 0.00020780364965955478
Test:  CI( 3 , 8 | () ) = 0.0002436724559611303
Test:  CI( 4 , 8 | () ) = 0.8586364978363241
Test:  CI( 5 , 8 | () ) = 0.9701085568777699
Test:  CI( 6 , 8 | () ) = 0.0
Test:  CI( 7 , 8 | () ) = 0.0
Test:  CI( 0 , 9 | () ) = 1.8347545704955337e-12
Test:  CI( 1 , 9 | () ) = 4.440892098500626e-16
Test:  CI( 2 , 9 | () ) = 0.00010808120168359636
Test:  CI( 3 , 9 | () ) = 0.2963572262832552
Test:  CI( 4 , 9 | () ) = 0.7433555569649402
Test:  CI( 5 , 9 | () ) = 0.80865484807336
Test:  CI( 6 , 9 | () ) = 0.0
Test:  CI( 7 , 9 | () ) = 0.0
Test:  CI( 8 , 9 | () ) = 0.0
Test:  CI( 0 , 10 | () ) = 2.7127189383691075e-12
Test:  CI( 1 , 10 | () ) = 5.0035531273806555e-12
Test:  CI( 2 , 10 | () ) = 7.126541079749416e-05
Test:  CI( 3 , 10 | () ) = 0.3394761931194785
Test:  CI( 4 , 10 | () ) = 0.07926515955561286
Test:  CI( 5 , 10 | () ) = 0.23243745719262643
Test:  CI( 6 , 10 | () ) = 0.0
Test:  CI( 7 , 10 | () ) = 0.0
Test:  CI( 8 , 10 | () ) = 0.0
Test:  CI( 9 , 10 | () ) = 0.0
Test:  CI( 0 , 11 | () ) = 0.0
Test:  CI( 1 , 11 | () ) = 0.0003819002529745763
Test:  CI( 2 , 11 | () ) = 0.616825811733759
Test:  CI( 3 , 11 | () ) = 0.658284615850355
Test:  CI( 4 , 11 | () ) = 0.8211338285247374
Test:  CI( 5 , 11 | () ) = 0.11949593022004024
Test:  CI( 6 , 11 | () ) = 0.0
Test:  CI( 7 , 11 | () ) = 0.0
Test:  CI( 8 , 11 | () ) = 0.0
Test:  CI( 9 , 11 | () ) = 0.0
Test:  CI( 10 , 11 | () ) = 0.0
Test:  CI( 0 , 12 | () ) = 4.0114755961440096e-10
Test:  CI( 1 , 12 | () ) = 1.0845768727563154e-11
Test:  CI( 2 , 12 | () ) = 0.0014707729770189193
Test:  CI( 3 , 12 | () ) = 1.2040272334701285e-08
Test:  CI( 4 , 12 | () ) = 0.8940301977448046
Test:  CI( 5 , 12 | () ) = 0.7342669602646019
Test:  CI( 6 , 12 | () ) = 0.0
Test:  CI( 7 , 12 | () ) = 0.0
Test:  CI( 8 , 12 | () ) = 0.0
Test:  CI( 9 , 12 | () ) = 0.0
Test:  CI( 10 , 12 | () ) = 0.0
Test:  CI( 11 , 12 | () ) = 0.0
Test:  CI( 0 , 13 | () ) = 6.782352457435081e-12
Test:  CI( 1 , 13 | () ) = 3.08424397132967e-11
Test:  CI( 2 , 13 | () ) = 0.00018597991182889295
Test:  CI( 3 , 13 | () ) = 0.4600624697653388
Test:  CI( 4 , 13 | () ) = 0.03985027087108062
Test:  CI( 5 , 13 | () ) = 0.03489128255577256
Test:  CI( 6 , 13 | () ) = 0.0
Test:  CI( 7 , 13 | () ) = 0.0
Test:  CI( 8 , 13 | () ) = 0.0
Test:  CI( 9 , 13 | () ) = 0.0
Test:  CI( 10 , 13 | () ) = 0.0
Test:  CI( 11 , 13 | () ) = 0.0
Test:  CI( 12 , 13 | () ) = 0.0
Test:  CI( 0 , 6 | (1,) ) = 0.0
Test:  CI( 1 , 6 | (0,) ) = 3.6992631180510216e-13
Test:  CI( 0 , 7 | (1,) ) = 0.0
Test:  CI( 0 , 7 | (6,) ) = 9.56109185845655e-06
Test:  CI( 1 , 7 | (0,) ) = 0.0
Test:  CI( 1 , 7 | (6,) ) = 0.0
Test:  CI( 6 , 7 | (0,) ) = 0.0
Test:  CI( 6 , 7 | (1,) ) = 0.0
Test:  CI( 0 , 8 | (1,) ) = 5.10702591327572e-15
Test:  CI( 0 , 8 | (2,) ) = 3.7264857866148304e-11
Test:  CI( 0 , 8 | (3,) ) = 1.7259527140822684e-12
Test:  CI( 0 , 8 | (6,) ) = 0.001173724017056843
Test:  CI( 0 , 8 | (7,) ) = 0.9167477439925795
Test:  CI( 1 , 8 | (2,) ) = 2.375877272697835e-13
Test:  CI( 1 , 8 | (3,) ) = 8.881784197001252e-16
Test:  CI( 1 , 8 | (6,) ) = 4.155554567120134e-09
Test:  CI( 1 , 8 | (7,) ) = 0.6623474754214407
Test:  CI( 2 , 8 | (3,) ) = 1.4266693084241666e-05
Test:  CI( 2 , 8 | (6,) ) = 2.8159216292067413e-08
Test:  CI( 2 , 8 | (7,) ) = 2.887403649509679e-10
Test:  CI( 3 , 8 | (2,) ) = 1.669976073959134e-05
Test:  CI( 3 , 8 | (6,) ) = 2.0434187675277826e-10
Test:  CI( 3 , 8 | (7,) ) = 0.0
Test:  CI( 6 , 8 | (2,) ) = 0.0
Test:  CI( 6 , 8 | (3,) ) = 0.0
Test:  CI( 6 , 8 | (7,) ) = 0.802754324228603
Test:  CI( 7 , 8 | (2,) ) = 0.0
Test:  CI( 7 , 8 | (3,) ) = 0.0
Test:  CI( 0 , 9 | (1,) ) = 0.0
Test:  CI( 0 , 9 | (2,) ) = 1.418198891656175e-12
Test:  CI( 0 , 9 | (6,) ) = 0.00146194368136765
Test:  CI( 0 , 9 | (7,) ) = 0.629273535381029
Test:  CI( 1 , 9 | (8,) ) = 0.00559422914316432
Test:  CI( 1 , 9 | (2,) ) = 2.6645352591003757e-15
Test:  CI( 1 , 9 | (6,) ) = 6.2796434718848104e-12
Test:  CI( 1 , 9 | (7,) ) = 0.21576337593551687
Test:  CI( 2 , 9 | (8,) ) = 0.27464104454586513
Test:  CI( 6 , 9 | (8,) ) = 6.131528885178206e-05
Test:  CI( 6 , 9 | (7,) ) = 0.3658370453421922
Test:  CI( 7 , 9 | (8,) ) = 1.3220416428261217e-07
Test:  CI( 8 , 9 | (7,) ) = 0.0
Test:  CI( 0 , 10 | (1,) ) = 8.881784197001252e-16
Test:  CI( 0 , 10 | (2,) ) = 1.963318396747127e-12
Test:  CI( 0 , 10 | (6,) ) = 0.033318105921508856
Test:  CI( 1 , 10 | (2,) ) = 2.6769253480551924e-11
Test:  CI( 1 , 10 | (6,) ) = 9.630799617799113e-07
Test:  CI( 1 , 10 | (7,) ) = 0.7561973394425185
Test:  CI( 2 , 10 | (8,) ) = 0.15666702176448966
Test:  CI( 6 , 10 | (8,) ) = 0.00933686373184317
Test:  CI( 6 , 10 | (9,) ) = 0.8779987141676002
Test:  CI( 7 , 10 | (8,) ) = 0.0003996644139059313
Test:  CI( 7 , 10 | (9,) ) = 0.6040440376958738
Test:  CI( 8 , 10 | (9,) ) = 0.3824768619612562
Test:  CI( 0 , 11 | (1,) ) = 0.0
Test:  CI( 0 , 11 | (6,) ) = 1.5003209119512917e-08
Test:  CI( 0 , 11 | (7,) ) = 0.0
Test:  CI( 0 , 11 | (8,) ) = 0.0
Test:  CI( 0 , 11 | (9,) ) = 0.0
Test:  CI( 0 , 11 | (10,) ) = 0.0
Test:  CI( 1 , 11 | (0,) ) = 1.1809446531785284e-08
Test:  CI( 1 , 11 | (6,) ) = 0.028157571282787508
Test:  CI( 6 , 11 | (0,) ) = 0.0
Test:  CI( 6 , 11 | (7,) ) = 0.0
Test:  CI( 6 , 11 | (8,) ) = 0.0
Test:  CI( 6 , 11 | (9,) ) = 0.0
Test:  CI( 6 , 11 | (10,) ) = 0.0
Test:  CI( 7 , 11 | (0,) ) = 0.0
Test:  CI( 7 , 11 | (6,) ) = 0.19085952272815288
Test:  CI( 8 , 11 | (0,) ) = 1.9984014443252818e-15
Test:  CI( 8 , 11 | (9,) ) = 0.6418780852190815
Test:  CI( 9 , 11 | (0,) ) = 2.220446049250313e-16
Test:  CI( 9 , 11 | (10,) ) = 1.2157994372596903e-05
Test:  CI( 9 , 11 | (6,) ) = 0.14112554284115553
Test:  CI( 10 , 11 | (0,) ) = 2.2897905793684004e-11
Test:  CI( 10 , 11 | (6,) ) = 0.05160109087400255
Test:  CI( 0 , 12 | (1,) ) = 1.4772627565662333e-12
Test:  CI( 0 , 12 | (2,) ) = 5.906164446400908e-10
Test:  CI( 0 , 12 | (3,) ) = 4.869438186005937e-13
Test:  CI( 0 , 12 | (6,) ) = 0.02401611779057844
Test:  CI( 1 , 12 | (2,) ) = 6.155120857442853e-11
Test:  CI( 1 , 12 | (3,) ) = 3.774758283725532e-15
Test:  CI( 1 , 12 | (6,) ) = 2.2481806698504414e-06
Test:  CI( 1 , 12 | (7,) ) = 0.7366126957659067
Test:  CI( 2 , 12 | (3,) ) = 2.101089840267356e-05
Test:  CI( 2 , 12 | (6,) ) = 2.8451255247308183e-05
Test:  CI( 2 , 12 | (7,) ) = 5.9837606476209615e-05
Test:  CI( 2 , 12 | (8,) ) = 0.10437352705770664
Test:  CI( 3 , 12 | (6,) ) = 0.0
Test:  CI( 3 , 12 | (7,) ) = 0.0
Test:  CI( 3 , 12 | (8,) ) = 0.0
Test:  CI( 3 , 12 | (9,) ) = 0.0
Test:  CI( 3 , 12 | (10,) ) = 0.0
Test:  CI( 3 , 12 | (11,) ) = 0.0
Test:  CI( 6 , 12 | (3,) ) = 0.0
Test:  CI( 6 , 12 | (7,) ) = 0.7065396790294693
Test:  CI( 7 , 12 | (3,) ) = 0.0
Test:  CI( 7 , 12 | (8,) ) = 1.1538326383231379e-07
Test:  CI( 7 , 12 | (9,) ) = 0.8532154213412917
Test:  CI( 8 , 12 | (11,) ) = 0.0
Test:  CI( 8 , 12 | (9,) ) = 0.0
Test:  CI( 8 , 12 | (10,) ) = 0.0
Test:  CI( 8 , 12 | (3,) ) = 0.0
Test:  CI( 9 , 12 | (8,) ) = 6.4697804476043785e-06
Test:  CI( 9 , 12 | (11,) ) = 0.0
Test:  CI( 9 , 12 | (10,) ) = 3.214584154420663e-11
Test:  CI( 9 , 12 | (3,) ) = 0.0
Test:  CI( 10 , 12 | (8,) ) = 0.007043500277868597
Test:  CI( 10 , 12 | (9,) ) = 0.4016323903777521
Test:  CI( 11 , 12 | (8,) ) = 0.0055033667294006605
Test:  CI( 11 , 12 | (9,) ) = 0.601005556019756
Test:  CI( 0 , 13 | (1,) ) = 7.105427357601002e-15
Test:  CI( 0 , 13 | (2,) ) = 6.309841538154615e-12
Test:  CI( 0 , 13 | (6,) ) = 0.07259927392602683
Test:  CI( 1 , 13 | (2,) ) = 1.7186296830118408e-10
Test:  CI( 1 , 13 | (6,) ) = 6.248409925468934e-06
Test:  CI( 1 , 13 | (7,) ) = 0.5766687361615341
Test:  CI( 2 , 13 | (6,) ) = 1.5986064183515225e-07
Test:  CI( 2 , 13 | (7,) ) = 2.6937046815334043e-08
Test:  CI( 2 , 13 | (8,) ) = 0.32976085363090935
Test:  CI( 6 , 13 | (7,) ) = 0.9510531319215041
Test:  CI( 7 , 13 | (8,) ) = 0.0001730669993851297
Test:  CI( 7 , 13 | (9,) ) = 0.31836171084852305
Test:  CI( 8 , 13 | (9,) ) = 0.8037647094370846
Test:  CI( 9 , 13 | (10,) ) = 6.87572709572315e-05
Test:  CI( 9 , 13 | (11,) ) = 0.0
Test:  CI( 9 , 13 | (12,) ) = 0.0
Test:  CI( 10 , 13 | (9,) ) = 2.1942447858691594e-12
Test:  CI( 10 , 13 | (11,) ) = 0.0
Test:  CI( 10 , 13 | (12,) ) = 0.0
Test:  CI( 11 , 13 | (9,) ) = 0.88400293905766
Test:  CI( 12 , 13 | (9,) ) = 0.9340000542809066
Test:  CI( 0 , 7 | (1, 6) ) = 0.12151832700248577
Test:  CI( 2 , 8 | (3, 7) ) = 0.0
Test:  CI( 3 , 8 | (2, 7) ) = 0.0
Test:  CI( 7 , 8 | (2, 3) ) = 0.0
Test:  CI( 8 , 12 | (9, 3) ) = 0.0
Saved metrics to outputs/experiments/layered_sparse_linear_sem_nodes_14_shallow_mlp_align/4/performance_metrics.json
Saved baseline metrics to outputs/experiments/layered_sparse_linear_sem_nodes_14_shallow_mlp_align/4/baseline_performance_metrics.json
Saved PAG-vs-PAG metrics to outputs/experiments/layered_sparse_linear_sem_nodes_14_shallow_mlp_align/4/pag_vs_pag_metrics.json
Found 8 differences:
  1. Missing: 3 --- 9 (DAG: directed_ij)
  2. Missing: 4 --- 10 (DAG: directed_ij)
  3. Missing: 5 --- 10 (DAG: directed_ij)
  4. Wrong orientation: 6 --- 11 (DAG: directed_ij, PAG: bidirected)
  5. Extra: 7 --- 9 (PAG: bidirected)
  6. Wrong orientation: 8 --- 9 (DAG: directed_ij, PAG: bidirected)
  7. Wrong orientation: 8 --- 12 (DAG: directed_ij, PAG: bidirected)
  8. Extra: 9 --- 12 (PAG: directed_ij)
Found 7 partial orientation differences:
  1. Partial orientation: 0 --- 6 (DAG: directed_ij, PAG: partial_ij)
  2. Partial orientation: 0 --- 11 (DAG: directed_ij, PAG: partial_ij)
  3. Partial orientation: 1 --- 6 (DAG: directed_ij, PAG: partial_ij)
  4. Partial orientation: 2 --- 8 (DAG: directed_ij, PAG: partial_ij)
  5. Partial orientation: 3 --- 8 (DAG: directed_ij, PAG: partial_ij)
  6. Partial orientation: 3 --- 12 (DAG: directed_ij, PAG: partial_ij)
  7. Partial orientation: 5 --- 13 (DAG: directed_ij, PAG: partial_ij)
Saved edge comparison details to outputs/experiments/layered_sparse_linear_sem_nodes_14_shallow_mlp_align/4/edge_comparison.txt
Found 11 differences:
  1. Wrong orientation: 0 --- 6 (DAG: directed_ij, PAG: bidirected)
  2. Wrong orientation: 0 --- 11 (DAG: directed_ij, PAG: bidirected)
  3. Missing: 3 --- 9 (DAG: directed_ij)
  4. Missing: 4 --- 10 (DAG: directed_ij)
  5. Missing: 5 --- 10 (DAG: directed_ij)
  6. Missing: 5 --- 13 (DAG: directed_ij)
  7. Extra: 7 --- 9 (PAG: directed_ij)
  8. Wrong orientation: 8 --- 9 (DAG: directed_ij, PAG: bidirected)
  9. Wrong orientation: 8 --- 12 (DAG: directed_ij, PAG: bidirected)
  10. Extra: 9 --- 12 (PAG: directed_ij)
  11. Extra: 9 --- 13 (PAG: directed_ij)
Found 5 partial orientation differences:
  1. Partial orientation: 1 --- 6 (DAG: directed_ij, PAG: partial_ij)
  2. Partial orientation: 2 --- 8 (DAG: directed_ij, PAG: partial_ij)
  3. Partial orientation: 3 --- 8 (DAG: directed_ij, PAG: partial_ij)
  4. Partial orientation: 3 --- 12 (DAG: directed_ij, PAG: partial_ij)
  5. Partial orientation: 10 --- 13 (DAG: directed_ij, PAG: partial_ij)
Saved baseline edge comparison details to outputs/experiments/layered_sparse_linear_sem_nodes_14_shallow_mlp_align/4/edge_comparison_baseline.txt
Found 4 differences:
  1. Extra: 5 --- 13 (PAG: partial_ij)
  2. Wrong orientation: 6 --- 11 (Reference PAG: directed_ij, PAG: bidirected)
  3. Wrong orientation: 7 --- 9 (Reference PAG: directed_ij, PAG: bidirected)
  4. Missing: 9 --- 13 (Reference PAG: directed_ij)
Found 3 partial orientation differences:
  1. Partial orientation: 0 --- 6 (Reference PAG: bidirected, PAG: partial_ij)
  2. Partial orientation: 0 --- 11 (Reference PAG: bidirected, PAG: partial_ij)
  3. Partial orientation: 10 --- 13 (Reference PAG: partial_ij, PAG: directed_ij)
Saved PAG-vs-PAG edge comparison details to outputs/experiments/layered_sparse_linear_sem_nodes_14_shallow_mlp_align/4/edge_comparison_pag_vs_pag.txt
Saved figure to outputs/experiments/layered_sparse_linear_sem_nodes_14_shallow_mlp_align/4/pag_vs_dag.png
Saved baseline figure to outputs/experiments/layered_sparse_linear_sem_nodes_14_shallow_mlp_align/4/baseline_pag_vs_dag.png
Saved combined DAG comparison to outputs/experiments/layered_sparse_linear_sem_nodes_14_shallow_mlp_align/4/pags_vs_dag.png
Saved PAG-vs-PAG figure to outputs/experiments/layered_sparse_linear_sem_nodes_14_shallow_mlp_align/4/pag_vs_pag.png
Saved adjacency matrix to outputs/experiments/layered_sparse_linear_sem_nodes_14_shallow_mlp_align/4/learned_graph_adj.npy
Saved baseline adjacency matrix to outputs/experiments/layered_sparse_linear_sem_nodes_14_shallow_mlp_align/4/baseline_graph_adj.npy
