=== [Train] Fold 4 (4/5) ===
Step: set random seed (5)
Step: build datasets
Key: (48, 9, 6, 3, 2, 10, 10000, 0.5, 2.0, 0.8, 0.1, 0.1, 1000, 4) - Generating new DAG and data...
Seed: 48, Fold: 4
Step: initialize model
Step: training setup (model=ShallowMLP, profile=shallow, control_mode=epochs, epochs=40, target_updates=None)
Step: training
TrnLoss=0.920 ValLoss=0.832 ValR2=0.143
TrnLoss=0.781 ValLoss=0.682 ValR2=0.298
TrnLoss=0.600 ValLoss=0.498 ValR2=0.487
TrnLoss=0.423 ValLoss=0.356 ValR2=0.633
TrnLoss=0.318 ValLoss=0.288 ValR2=0.703
TrnLoss=0.267 ValLoss=0.254 ValR2=0.739
TrnLoss=0.242 ValLoss=0.237 ValR2=0.756
TrnLoss=0.227 ValLoss=0.225 ValR2=0.768
TrnLoss=0.217 ValLoss=0.217 ValR2=0.776
TrnLoss=0.211 ValLoss=0.212 ValR2=0.781
TrnLoss=0.207 ValLoss=0.209 ValR2=0.784
TrnLoss=0.205 ValLoss=0.208 ValR2=0.786
TrnLoss=0.204 ValLoss=0.206 ValR2=0.788
TrnLoss=0.202 ValLoss=0.206 ValR2=0.788
TrnLoss=0.201 ValLoss=0.204 ValR2=0.789
TrnLoss=0.200 ValLoss=0.203 ValR2=0.790
TrnLoss=0.199 ValLoss=0.203 ValR2=0.791
TrnLoss=0.198 ValLoss=0.202 ValR2=0.792
TrnLoss=0.198 ValLoss=0.202 ValR2=0.792
TrnLoss=0.198 ValLoss=0.201 ValR2=0.793
TrnLoss=0.197 ValLoss=0.201 ValR2=0.793
TrnLoss=0.196 ValLoss=0.200 ValR2=0.794
TrnLoss=0.196 ValLoss=0.200 ValR2=0.794
TrnLoss=0.196 ValLoss=0.200 ValR2=0.794
TrnLoss=0.196 ValLoss=0.199 ValR2=0.794
TrnLoss=0.195 ValLoss=0.199 ValR2=0.795
TrnLoss=0.195 ValLoss=0.199 ValR2=0.794
TrnLoss=0.195 ValLoss=0.199 ValR2=0.795
TrnLoss=0.194 ValLoss=0.198 ValR2=0.795
TrnLoss=0.194 ValLoss=0.198 ValR2=0.796
TrnLoss=0.194 ValLoss=0.198 ValR2=0.796
TrnLoss=0.194 ValLoss=0.198 ValR2=0.796
TrnLoss=0.194 ValLoss=0.198 ValR2=0.796
TrnLoss=0.194 ValLoss=0.198 ValR2=0.796
TrnLoss=0.193 ValLoss=0.198 ValR2=0.796
TrnLoss=0.193 ValLoss=0.198 ValR2=0.796
TrnLoss=0.193 ValLoss=0.197 ValR2=0.796
TrnLoss=0.193 ValLoss=0.198 ValR2=0.796
TrnLoss=0.193 ValLoss=0.197 ValR2=0.797
TrnLoss=0.192 ValLoss=0.197 ValR2=0.796
100%|#############| 40/40 [00:19<00:00,  2.01ep/s]
Step: evaluate test split
