=== [Causal Discovery] Fold 2 (2/5) ===
Step: load extraction data
Loading extraction data from: outputs/experiments/linear_sem_sample_100_shallow_mlp_align_observable_state/2/alignment_results.csv
Step: prepare ground-truth data
Key: (176, 6, 3, 3, 2, 10, 10000, 0.5, 2.0, 0.8, 0.1, 0.1, 1000, 2) - Generating new DAG and data...
Seed: 176, Fold: 2
Running sample_100__baseline_100
Saved metadata to outputs/experiments/linear_sem_sample_100_shallow_mlp_align_observable_state/2/metadata.json
Test:  CI( 0 , 1 | () ) = 0.0
Test:  CI( 0 , 2 | () ) = 0.33469971524675435
Test:  CI( 1 , 2 | () ) = 0.6920483182720216
Test:  CI( 0 , 3 | () ) = 0.0
Test:  CI( 1 , 3 | () ) = 0.0
Test:  CI( 2 , 3 | () ) = 0.3336792255362875
Test:  CI( 0 , 4 | () ) = 0.000392103039239311
Test:  CI( 1 , 4 | () ) = 0.019859477511988244
Test:  CI( 2 , 4 | () ) = 0.0
Test:  CI( 3 , 4 | () ) = 0.0003896441398667516
Test:  CI( 0 , 5 | () ) = 0.0
Test:  CI( 1 , 5 | () ) = 0.0
Test:  CI( 2 , 5 | () ) = 0.3902204560542075
Test:  CI( 3 , 5 | () ) = 0.0
Test:  CI( 4 , 5 | () ) = 0.0008011738300102156
Test:  CI( 0 , 3 | (1,) ) = 0.0
Test:  CI( 1 , 3 | (0,) ) = 0.6016982194794314
Test:  CI( 0 , 4 | (2,) ) = 0.0
Test:  CI( 0 , 4 | (3,) ) = 0.981323592482191
Test:  CI( 2 , 4 | (3,) ) = 0.0
Test:  CI( 3 , 4 | (2,) ) = 0.0
Test:  CI( 0 , 5 | (1,) ) = 0.0
Test:  CI( 0 , 5 | (3,) ) = 0.9925378148437585
Test:  CI( 1 , 5 | (3,) ) = 0.0
Test:  CI( 1 , 5 | (4,) ) = 0.0
Test:  CI( 3 , 5 | (1,) ) = 0.0
Test:  CI( 3 , 5 | (4,) ) = 0.0
Test:  CI( 4 , 5 | (1,) ) = 0.00500531776701818
Test:  CI( 4 , 5 | (3,) ) = 0.7984126785871559
Saved adjacency matrix to outputs/experiments/linear_sem_sample_100_shallow_mlp_align_observable_state/2/learned_graph_adj.npy
Test:  CI( 0 , 1 | () ) = 2.608406357573756e-08
Test:  CI( 0 , 2 | () ) = 0.7268047093511283
Test:  CI( 1 , 2 | () ) = 0.9077347360852914
Test:  CI( 0 , 3 | () ) = 0.0
Test:  CI( 1 , 3 | () ) = 3.328676645431017e-08
Test:  CI( 2 , 3 | () ) = 0.2994890536238328
Test:  CI( 0 , 4 | () ) = 0.32837818918190154
Test:  CI( 1 , 4 | () ) = 0.3517719889319648
Test:  CI( 2 , 4 | () ) = 4.218847493575595e-15
Test:  CI( 3 , 4 | () ) = 0.043978605046291364
Test:  CI( 0 , 5 | () ) = 0.0
Test:  CI( 1 , 5 | () ) = 2.220446049250313e-16
Test:  CI( 2 , 5 | () ) = 0.7635312437517636
Test:  CI( 3 , 5 | () ) = 0.0
Test:  CI( 4 , 5 | () ) = 0.15521208001349107
Test:  CI( 0 , 3 | (1,) ) = 0.0
Test:  CI( 1 , 3 | (0,) ) = 0.1353519733599
Test:  CI( 0 , 5 | (1,) ) = 0.0
Test:  CI( 0 , 5 | (3,) ) = 0.41541215098669015
Test:  CI( 1 , 5 | (3,) ) = 5.81756864903582e-13
Test:  CI( 3 , 5 | (1,) ) = 0.0
Saved metrics to outputs/experiments/linear_sem_sample_100_shallow_mlp_align_observable_state/2/performance_metrics.json
Saved baseline metrics to outputs/experiments/linear_sem_sample_100_shallow_mlp_align_observable_state/2/baseline_performance_metrics.json
Saved PAG-vs-PAG metrics to outputs/experiments/linear_sem_sample_100_shallow_mlp_align_observable_state/2/pag_vs_pag_metrics.json
Found 2 differences:
  1. Missing: 0 --- 4 (DAG: directed_ij)
  2. Wrong orientation: 1 --- 5 (DAG: directed_ij, PAG: bidirected)
Found 3 partial orientation differences:
  1. Partial orientation: 0 --- 1 (DAG: directed_ij, PAG: partial_ij)
  2. Partial orientation: 0 --- 3 (DAG: directed_ij, PAG: partial_ij)
  3. Partial orientation: 2 --- 4 (DAG: directed_ij, PAG: partial_ij)
Saved edge comparison details to outputs/experiments/linear_sem_sample_100_shallow_mlp_align_observable_state/2/edge_comparison.txt
Found 3 differences:
  1. Missing: 0 --- 4 (DAG: directed_ij)
  2. Wrong orientation: 1 --- 5 (DAG: directed_ij, PAG: bidirected)
  3. Missing: 3 --- 4 (DAG: directed_ij)
Found 3 partial orientation differences:
  1. Partial orientation: 0 --- 1 (DAG: directed_ij, PAG: partial_ij)
  2. Partial orientation: 0 --- 3 (DAG: directed_ij, PAG: partial_ij)
  3. Partial orientation: 2 --- 4 (DAG: directed_ij, PAG: partial_ij)
Saved baseline edge comparison details to outputs/experiments/linear_sem_sample_100_shallow_mlp_align_observable_state/2/edge_comparison_baseline.txt
Found 1 differences:
  1. Extra: 3 --- 4 (PAG: directed_ij)
Saved PAG-vs-PAG edge comparison details to outputs/experiments/linear_sem_sample_100_shallow_mlp_align_observable_state/2/edge_comparison_pag_vs_pag.txt
Saved figure to outputs/experiments/linear_sem_sample_100_shallow_mlp_align_observable_state/2/pag_vs_dag.png
Saved baseline figure to outputs/experiments/linear_sem_sample_100_shallow_mlp_align_observable_state/2/baseline_pag_vs_dag.png
Saved combined DAG comparison to outputs/experiments/linear_sem_sample_100_shallow_mlp_align_observable_state/2/pags_vs_dag.png
Saved PAG-vs-PAG figure to outputs/experiments/linear_sem_sample_100_shallow_mlp_align_observable_state/2/pag_vs_pag.png
Saved adjacency matrix to outputs/experiments/linear_sem_sample_100_shallow_mlp_align_observable_state/2/learned_graph_adj.npy
Saved baseline adjacency matrix to outputs/experiments/linear_sem_sample_100_shallow_mlp_align_observable_state/2/baseline_graph_adj.npy
