=== [Causal Discovery] Fold 3 (3/5) ===
Step: load extraction data
Loading extraction data from: outputs/experiments/layered_sparse_nonlinear_sem_nodes_8_tabular_mlp_align/3/alignment_results.csv
Step: prepare ground-truth data
Running sample_150__baseline_150
Saved metadata to outputs/experiments/layered_sparse_nonlinear_sem_nodes_8_tabular_mlp_align/3/metadata.json
CI(0, 1 | ()) p=0.8715 -> indep=True
CI(0, 2 | ()) p=0.2364 -> indep=True
CI(1, 2 | ()) p=0.472 -> indep=True
CI(0, 3 | ()) p=1.523e-06 -> indep=False
CI(1, 3 | ()) p=0.003041 -> indep=False
CI(2, 3 | ()) p=0.09044 -> indep=True
CI(0, 4 | ()) p=0.3326 -> indep=True
CI(1, 4 | ()) p=0.01735 -> indep=True
CI(2, 4 | ()) p=0.3244 -> indep=True
CI(3, 4 | ()) p=5.43e-11 -> indep=False
CI(0, 5 | ()) p=0.00165 -> indep=False
CI(1, 5 | ()) p=7.364e-05 -> indep=False
CI(2, 5 | ()) p=0.1124 -> indep=True
CI(3, 5 | ()) p=0.003406 -> indep=False
CI(4, 5 | ()) p=0.003357 -> indep=False
CI(0, 6 | ()) p=0.00156 -> indep=False
CI(1, 6 | ()) p=7.51e-05 -> indep=False
CI(2, 6 | ()) p=0.1255 -> indep=True
CI(3, 6 | ()) p=0.002507 -> indep=False
CI(4, 6 | ()) p=0.003158 -> indep=False
CI(5, 6 | ()) p=0 -> indep=False
CI(0, 7 | ()) p=0.001361 -> indep=False
CI(1, 7 | ()) p=5.883e-05 -> indep=False
CI(2, 7 | ()) p=0.1276 -> indep=True
CI(3, 7 | ()) p=0.002588 -> indep=False
CI(4, 7 | ()) p=0.003136 -> indep=False
CI(5, 7 | ()) p=0 -> indep=False
CI(6, 7 | ()) p=0 -> indep=False
CI(0, 3 | (1,)) p=4.561e-08 -> indep=False
CI(1, 3 | (0,)) p=0.0002209 -> indep=False
CI(0, 5 | (1,)) p=0.02466 -> indep=True
CI(1, 5 | (3,)) p=0.01629 -> indep=True
CI(3, 5 | (4,)) p=0.03273 -> indep=True
CI(0, 6 | (1,)) p=0.02412 -> indep=True
CI(1, 6 | (3,)) p=0.0161 -> indep=True
CI(3, 6 | (4,)) p=0.02811 -> indep=True
CI(4, 6 | (5,)) p=0.1786 -> indep=True
CI(0, 7 | (1,)) p=0.02366 -> indep=True
CI(1, 7 | (3,)) p=0.01428 -> indep=True
CI(3, 7 | (4,)) p=0.02887 -> indep=True
CI(4, 7 | (5,)) p=0.7435 -> indep=True
CI(5, 7 | (6,)) p=0.453 -> indep=True
Saved adjacency matrix to outputs/experiments/layered_sparse_nonlinear_sem_nodes_8_tabular_mlp_align/3/learned_graph_adj.npy
CI(0, 1 | ()) p=0.5903 -> indep=True
CI(0, 2 | ()) p=0.0477 -> indep=True
CI(1, 2 | ()) p=0.3204 -> indep=True
CI(0, 3 | ()) p=3.19e-13 -> indep=False
CI(1, 3 | ()) p=0.0618 -> indep=True
CI(2, 3 | ()) p=0.3884 -> indep=True
CI(0, 4 | ()) p=0.2926 -> indep=True
CI(1, 4 | ()) p=0.03386 -> indep=True
CI(2, 4 | ()) p=0.8708 -> indep=True
CI(3, 4 | ()) p=0.0007766 -> indep=False
CI(0, 5 | ()) p=9.752e-07 -> indep=False
CI(1, 5 | ()) p=0.4878 -> indep=True
CI(2, 5 | ()) p=0.03322 -> indep=True
CI(3, 5 | ()) p=1.333e-10 -> indep=False
CI(4, 5 | ()) p=0.4708 -> indep=True
CI(0, 6 | ()) p=0.6671 -> indep=True
CI(1, 6 | ()) p=2.798e-05 -> indep=False
CI(2, 6 | ()) p=0.6498 -> indep=True
CI(3, 6 | ()) p=0.404 -> indep=True
CI(4, 6 | ()) p=3.476e-06 -> indep=False
CI(5, 6 | ()) p=0.4711 -> indep=True
CI(0, 7 | ()) p=0.4725 -> indep=True
CI(1, 7 | ()) p=0.1634 -> indep=True
CI(2, 7 | ()) p=1.368e-07 -> indep=False
CI(3, 7 | ()) p=0.6518 -> indep=True
CI(4, 7 | ()) p=0.04221 -> indep=True
CI(5, 7 | ()) p=0.7799 -> indep=True
CI(6, 7 | ()) p=0.3588 -> indep=True
CI(0, 5 | (3,)) p=0.09625 -> indep=True
CI(1, 6 | (4,)) p=0.001285 -> indep=False
CI(4, 6 | (1,)) p=1.677e-06 -> indep=False
Saved metrics to outputs/experiments/layered_sparse_nonlinear_sem_nodes_8_tabular_mlp_align/3/performance_metrics.json
Saved baseline metrics to outputs/experiments/layered_sparse_nonlinear_sem_nodes_8_tabular_mlp_align/3/baseline_performance_metrics.json
Saved PAG-vs-PAG metrics to outputs/experiments/layered_sparse_nonlinear_sem_nodes_8_tabular_mlp_align/3/pag_vs_pag_metrics.json
Found 11 differences:
  1. Missing: 0 --- 5 (DAG: directed_ij)
  2. Missing: 1 --- 4 (DAG: directed_ij)
  3. Missing: 1 --- 6 (DAG: directed_ij)
  4. Missing: 2 --- 7 (DAG: directed_ij)
  5. Wrong orientation: 3 --- 4 (DAG: directed_ij, PAG: bidirected)
  6. Missing: 3 --- 5 (DAG: directed_ij)
  7. Extra: 4 --- 5 (PAG: directed_ij)
  8. Missing: 4 --- 6 (DAG: directed_ij)
  9. Missing: 4 --- 7 (DAG: directed_ij)
  10. Extra: 5 --- 6 (PAG: directed_ij)
  11. Extra: 6 --- 7 (PAG: directed_ij)
Found 2 partial orientation differences:
  1. Partial orientation: 0 --- 3 (DAG: directed_ij, PAG: partial_ij)
  2. Partial orientation: 1 --- 3 (DAG: directed_ij, PAG: partial_ij)
Saved edge comparison details to outputs/experiments/layered_sparse_nonlinear_sem_nodes_8_tabular_mlp_align/3/edge_comparison.txt
Found 7 differences:
  1. Missing: 0 --- 5 (DAG: directed_ij)
  2. Missing: 1 --- 3 (DAG: directed_ij)
  3. Missing: 1 --- 4 (DAG: directed_ij)
  4. Wrong orientation: 3 --- 4 (DAG: directed_ij, PAG: bidirected)
  5. Wrong orientation: 3 --- 5 (DAG: directed_ij, PAG: bidirected)
  6. Wrong orientation: 4 --- 6 (DAG: directed_ij, PAG: bidirected)
  7. Missing: 4 --- 7 (DAG: directed_ij)
Found 3 partial orientation differences:
  1. Partial orientation: 0 --- 3 (DAG: directed_ij, PAG: partial_ij)
  2. Partial orientation: 1 --- 6 (DAG: directed_ij, PAG: partial_ij)
  3. Partial orientation: 2 --- 7 (DAG: directed_ij, PAG: partial_ij)
Saved baseline edge comparison details to outputs/experiments/layered_sparse_nonlinear_sem_nodes_8_tabular_mlp_align/3/edge_comparison_baseline.txt
Found 8 differences:
  1. Extra: 1 --- 3 (PAG: partial_ij)
  2. Missing: 1 --- 6 (Reference PAG: partial_ij)
  3. Missing: 2 --- 7 (Reference PAG: partial_ij)
  4. Missing: 3 --- 5 (Reference PAG: bidirected)
  5. Extra: 4 --- 5 (PAG: directed_ij)
  6. Missing: 4 --- 6 (Reference PAG: bidirected)
  7. Extra: 5 --- 6 (PAG: directed_ij)
  8. Extra: 6 --- 7 (PAG: directed_ij)
Saved PAG-vs-PAG edge comparison details to outputs/experiments/layered_sparse_nonlinear_sem_nodes_8_tabular_mlp_align/3/edge_comparison_pag_vs_pag.txt
Saved figure to outputs/experiments/layered_sparse_nonlinear_sem_nodes_8_tabular_mlp_align/3/pag_vs_dag.png
Saved baseline figure to outputs/experiments/layered_sparse_nonlinear_sem_nodes_8_tabular_mlp_align/3/baseline_pag_vs_dag.png
Saved combined DAG comparison to outputs/experiments/layered_sparse_nonlinear_sem_nodes_8_tabular_mlp_align/3/pags_vs_dag.png
Saved PAG-vs-PAG figure to outputs/experiments/layered_sparse_nonlinear_sem_nodes_8_tabular_mlp_align/3/pag_vs_pag.png
Saved adjacency matrix to outputs/experiments/layered_sparse_nonlinear_sem_nodes_8_tabular_mlp_align/3/learned_graph_adj.npy
Saved baseline adjacency matrix to outputs/experiments/layered_sparse_nonlinear_sem_nodes_8_tabular_mlp_align/3/baseline_graph_adj.npy
