=== [Causal Discovery] Fold 4 (4/5) ===
Step: load extraction data
Loading extraction data from: outputs/experiments/linear_sem_shallow_mlp_align_kci_mismatch_observable_state/4/alignment_results.csv
Step: prepare ground-truth data
Key: (176, 6, 3, 3, 2, 10, 10000, 0.5, 2.0, 0.8, 0.1, 0.1, 1000, 4) - Generating new DAG and data...
Seed: 176, Fold: 4
Running sample_150__baseline_150
Saved metadata to outputs/experiments/linear_sem_shallow_mlp_align_kci_mismatch_observable_state/4/metadata.json
CI(0, 1 | ()) p=5.604e-11 -> indep=False
CI(0, 2 | ()) p=0.8363 -> indep=True
CI(1, 2 | ()) p=0.1307 -> indep=True
CI(0, 3 | ()) p=0 -> indep=False
CI(1, 3 | ()) p=5.197e-11 -> indep=False
CI(2, 3 | ()) p=0.7458 -> indep=True
CI(0, 4 | ()) p=0.5077 -> indep=True
CI(1, 4 | ()) p=0.5643 -> indep=True
CI(2, 4 | ()) p=0 -> indep=False
CI(3, 4 | ()) p=0.6357 -> indep=True
CI(0, 5 | ()) p=0 -> indep=False
CI(1, 5 | ()) p=0 -> indep=False
CI(2, 5 | ()) p=0.3798 -> indep=True
CI(3, 5 | ()) p=0 -> indep=False
CI(4, 5 | ()) p=0.719 -> indep=True
CI(0, 3 | (1,)) p=0 -> indep=False
CI(1, 3 | (0,)) p=0.002941 -> indep=False
CI(0, 5 | (1,)) p=0 -> indep=False
CI(0, 5 | (3,)) p=0.02185 -> indep=True
CI(1, 5 | (3,)) p=0 -> indep=False
CI(3, 5 | (1,)) p=0 -> indep=False
Saved adjacency matrix to outputs/experiments/linear_sem_shallow_mlp_align_kci_mismatch_observable_state/4/learned_graph_adj.npy
CI(0, 1 | ()) p=2.888e-13 -> indep=False
CI(0, 2 | ()) p=0.6731 -> indep=True
CI(1, 2 | ()) p=0.845 -> indep=True
CI(0, 3 | ()) p=0 -> indep=False
CI(1, 3 | ()) p=1.49e-08 -> indep=False
CI(2, 3 | ()) p=0.8284 -> indep=True
CI(0, 4 | ()) p=0.05398 -> indep=True
CI(1, 4 | ()) p=0.2016 -> indep=True
CI(2, 4 | ()) p=0 -> indep=False
CI(3, 4 | ()) p=0.3086 -> indep=True
CI(0, 5 | ()) p=0 -> indep=False
CI(1, 5 | ()) p=0 -> indep=False
CI(2, 5 | ()) p=0.6097 -> indep=True
CI(3, 5 | ()) p=0 -> indep=False
CI(4, 5 | ()) p=0.6173 -> indep=True
CI(0, 3 | (1,)) p=0 -> indep=False
CI(1, 3 | (0,)) p=0.03172 -> indep=True
CI(0, 5 | (1,)) p=0 -> indep=False
CI(0, 5 | (3,)) p=0.03891 -> indep=True
CI(1, 5 | (3,)) p=1.288e-09 -> indep=False
CI(3, 5 | (1,)) p=0 -> indep=False
Saved metrics to outputs/experiments/linear_sem_shallow_mlp_align_kci_mismatch_observable_state/4/performance_metrics.json
Saved baseline metrics to outputs/experiments/linear_sem_shallow_mlp_align_kci_mismatch_observable_state/4/baseline_performance_metrics.json
Saved PAG-vs-PAG metrics to outputs/experiments/linear_sem_shallow_mlp_align_kci_mismatch_observable_state/4/pag_vs_pag_metrics.json
Found 4 differences:
  1. Missing: 0 --- 4 (DAG: directed_ij)
  2. Extra: 1 --- 3 (PAG: bidirected)
  3. Wrong orientation: 1 --- 5 (DAG: directed_ij, PAG: bidirected)
  4. Missing: 3 --- 4 (DAG: directed_ij)
Found 3 partial orientation differences:
  1. Partial orientation: 0 --- 1 (DAG: directed_ij, PAG: partial_ij)
  2. Partial orientation: 0 --- 3 (DAG: directed_ij, PAG: partial_ij)
  3. Partial orientation: 2 --- 4 (DAG: directed_ij, PAG: partial_ij)
Saved edge comparison details to outputs/experiments/linear_sem_shallow_mlp_align_kci_mismatch_observable_state/4/edge_comparison.txt
Found 3 differences:
  1. Missing: 0 --- 4 (DAG: directed_ij)
  2. Wrong orientation: 1 --- 5 (DAG: directed_ij, PAG: bidirected)
  3. Missing: 3 --- 4 (DAG: directed_ij)
Found 3 partial orientation differences:
  1. Partial orientation: 0 --- 1 (DAG: directed_ij, PAG: partial_ij)
  2. Partial orientation: 0 --- 3 (DAG: directed_ij, PAG: partial_ij)
  3. Partial orientation: 2 --- 4 (DAG: directed_ij, PAG: partial_ij)
Saved baseline edge comparison details to outputs/experiments/linear_sem_shallow_mlp_align_kci_mismatch_observable_state/4/edge_comparison_baseline.txt
Found 1 differences:
  1. Extra: 1 --- 3 (PAG: bidirected)
Saved PAG-vs-PAG edge comparison details to outputs/experiments/linear_sem_shallow_mlp_align_kci_mismatch_observable_state/4/edge_comparison_pag_vs_pag.txt
Saved figure to outputs/experiments/linear_sem_shallow_mlp_align_kci_mismatch_observable_state/4/pag_vs_dag.png
Saved baseline figure to outputs/experiments/linear_sem_shallow_mlp_align_kci_mismatch_observable_state/4/baseline_pag_vs_dag.png
Saved combined DAG comparison to outputs/experiments/linear_sem_shallow_mlp_align_kci_mismatch_observable_state/4/pags_vs_dag.png
Saved PAG-vs-PAG figure to outputs/experiments/linear_sem_shallow_mlp_align_kci_mismatch_observable_state/4/pag_vs_pag.png
Saved adjacency matrix to outputs/experiments/linear_sem_shallow_mlp_align_kci_mismatch_observable_state/4/learned_graph_adj.npy
Saved baseline adjacency matrix to outputs/experiments/linear_sem_shallow_mlp_align_kci_mismatch_observable_state/4/baseline_graph_adj.npy
