=== [Causal Discovery] Fold 4 (4/5) ===
Step: load extraction data
Loading extraction data from: outputs/experiments/layered_sparse_nonlinear_sem_nodes_10_shallow_mlp_align_observable_state/4/alignment_results.csv
Step: prepare ground-truth data
Running sample_150__baseline_150
Saved metadata to outputs/experiments/layered_sparse_nonlinear_sem_nodes_10_shallow_mlp_align_observable_state/4/metadata.json
CI(0, 1 | ()) p=0.4545 -> indep=True
CI(0, 2 | ()) p=0.09308 -> indep=True
CI(1, 2 | ()) p=0.3613 -> indep=True
CI(0, 3 | ()) p=0.3268 -> indep=True
CI(1, 3 | ()) p=0.04371 -> indep=True
CI(2, 3 | ()) p=0.7603 -> indep=True
CI(0, 4 | ()) p=7.207e-07 -> indep=False
CI(1, 4 | ()) p=0.05584 -> indep=True
CI(2, 4 | ()) p=0.09801 -> indep=True
CI(3, 4 | ()) p=0.3886 -> indep=True
CI(0, 5 | ()) p=0.02391 -> indep=True
CI(1, 5 | ()) p=0.00504 -> indep=False
CI(2, 5 | ()) p=0.3381 -> indep=True
CI(3, 5 | ()) p=0.7185 -> indep=True
CI(4, 5 | ()) p=0.0004927 -> indep=False
CI(0, 6 | ()) p=0.4954 -> indep=True
CI(1, 6 | ()) p=0.6729 -> indep=True
CI(2, 6 | ()) p=0.101 -> indep=True
CI(3, 6 | ()) p=7.827e-07 -> indep=False
CI(4, 6 | ()) p=0.1543 -> indep=True
CI(5, 6 | ()) p=8.321e-06 -> indep=False
CI(0, 7 | ()) p=0 -> indep=False
CI(1, 7 | ()) p=0.5107 -> indep=True
CI(2, 7 | ()) p=0.1201 -> indep=True
CI(3, 7 | ()) p=0.3447 -> indep=True
CI(4, 7 | ()) p=0 -> indep=False
CI(5, 7 | ()) p=0.000178 -> indep=False
CI(6, 7 | ()) p=0.3729 -> indep=True
CI(0, 8 | ()) p=0.001877 -> indep=False
CI(1, 8 | ()) p=0.000166 -> indep=False
CI(2, 8 | ()) p=0 -> indep=False
CI(3, 8 | ()) p=0.7632 -> indep=True
CI(4, 8 | ()) p=0.01343 -> indep=True
CI(5, 8 | ()) p=0 -> indep=False
CI(6, 8 | ()) p=0.0679 -> indep=True
CI(7, 8 | ()) p=7.555e-05 -> indep=False
CI(0, 9 | ()) p=0.1852 -> indep=True
CI(1, 9 | ()) p=0.6127 -> indep=True
CI(2, 9 | ()) p=0.1116 -> indep=True
CI(3, 9 | ()) p=0 -> indep=False
CI(4, 9 | ()) p=0.3176 -> indep=True
CI(5, 9 | ()) p=0.00896 -> indep=False
CI(6, 9 | ()) p=0 -> indep=False
CI(7, 9 | ()) p=0.2743 -> indep=True
CI(8, 9 | ()) p=0.5269 -> indep=True
CI(1, 5 | (4,)) p=1.716e-05 -> indep=False
CI(4, 5 | (1,)) p=2.404e-05 -> indep=False
CI(3, 6 | (5,)) p=8.79e-09 -> indep=False
CI(5, 6 | (3,)) p=1.033e-05 -> indep=False
CI(0, 7 | (4,)) p=0 -> indep=False
CI(0, 7 | (5,)) p=0 -> indep=False
CI(4, 7 | (0,)) p=0 -> indep=False
CI(4, 7 | (5,)) p=1.11e-16 -> indep=False
CI(5, 7 | (0,)) p=0.0005107 -> indep=False
CI(5, 7 | (4,)) p=0.1957 -> indep=True
CI(0, 8 | (1,)) p=0.0001748 -> indep=False
CI(0, 8 | (2,)) p=0.03257 -> indep=True
CI(1, 8 | (2,)) p=3.147e-05 -> indep=False
CI(1, 8 | (5,)) p=0.0423 -> indep=True
CI(2, 8 | (5,)) p=0 -> indep=False
CI(2, 8 | (7,)) p=3.331e-16 -> indep=False
CI(5, 8 | (2,)) p=0 -> indep=False
CI(5, 8 | (7,)) p=0 -> indep=False
CI(7, 8 | (2,)) p=0.0002538 -> indep=False
CI(7, 8 | (5,)) p=0.262 -> indep=True
CI(3, 9 | (5,)) p=0 -> indep=False
CI(3, 9 | (6,)) p=0 -> indep=False
CI(5, 9 | (3,)) p=1.78e-05 -> indep=False
CI(5, 9 | (6,)) p=0.5976 -> indep=True
CI(6, 9 | (3,)) p=0 -> indep=False
Saved adjacency matrix to outputs/experiments/layered_sparse_nonlinear_sem_nodes_10_shallow_mlp_align_observable_state/4/learned_graph_adj.npy
CI(0, 1 | ()) p=0.8071 -> indep=True
CI(0, 2 | ()) p=0.7863 -> indep=True
CI(1, 2 | ()) p=0.8319 -> indep=True
CI(0, 3 | ()) p=0.6158 -> indep=True
CI(1, 3 | ()) p=0.08919 -> indep=True
CI(2, 3 | ()) p=0.2841 -> indep=True
CI(0, 4 | ()) p=2.433e-11 -> indep=False
CI(1, 4 | ()) p=0.2431 -> indep=True
CI(2, 4 | ()) p=0.3321 -> indep=True
CI(3, 4 | ()) p=0.6311 -> indep=True
CI(0, 5 | ()) p=0.6527 -> indep=True
CI(1, 5 | ()) p=0.01055 -> indep=True
CI(2, 5 | ()) p=0.1159 -> indep=True
CI(3, 5 | ()) p=0.8588 -> indep=True
CI(4, 5 | ()) p=3.3e-07 -> indep=False
CI(0, 6 | ()) p=0.6214 -> indep=True
CI(1, 6 | ()) p=0.05423 -> indep=True
CI(2, 6 | ()) p=0.203 -> indep=True
CI(3, 6 | ()) p=0.000553 -> indep=False
CI(4, 6 | ()) p=0.808 -> indep=True
CI(5, 6 | ()) p=0.41 -> indep=True
CI(0, 7 | ()) p=1.612e-08 -> indep=False
CI(1, 7 | ()) p=0.7482 -> indep=True
CI(2, 7 | ()) p=0.2955 -> indep=True
CI(3, 7 | ()) p=0.9346 -> indep=True
CI(4, 7 | ()) p=0.005714 -> indep=False
CI(5, 7 | ()) p=0.5291 -> indep=True
CI(6, 7 | ()) p=0.5498 -> indep=True
CI(0, 8 | ()) p=0.4128 -> indep=True
CI(1, 8 | ()) p=0.02446 -> indep=True
CI(2, 8 | ()) p=2.249e-07 -> indep=False
CI(3, 8 | ()) p=0.7072 -> indep=True
CI(4, 8 | ()) p=2.417e-05 -> indep=False
CI(5, 8 | ()) p=0 -> indep=False
CI(6, 8 | ()) p=0.4168 -> indep=True
CI(7, 8 | ()) p=0.6849 -> indep=True
CI(0, 9 | ()) p=0.7729 -> indep=True
CI(1, 9 | ()) p=0.3609 -> indep=True
CI(2, 9 | ()) p=0.8371 -> indep=True
CI(3, 9 | ()) p=3.234e-06 -> indep=False
CI(4, 9 | ()) p=0.4547 -> indep=True
CI(5, 9 | ()) p=0.5691 -> indep=True
CI(6, 9 | ()) p=0.03211 -> indep=True
CI(7, 9 | ()) p=0.1829 -> indep=True
CI(8, 9 | ()) p=0.7742 -> indep=True
CI(0, 7 | (4,)) p=1.155e-05 -> indep=False
CI(4, 7 | (0,)) p=0.7397 -> indep=True
CI(2, 8 | (4,)) p=6.032e-07 -> indep=False
CI(2, 8 | (5,)) p=3.362e-07 -> indep=False
CI(4, 8 | (2,)) p=2.962e-06 -> indep=False
CI(4, 8 | (5,)) p=0.3005 -> indep=True
CI(5, 8 | (2,)) p=3.464e-14 -> indep=False
Saved metrics to outputs/experiments/layered_sparse_nonlinear_sem_nodes_10_shallow_mlp_align_observable_state/4/performance_metrics.json
Saved baseline metrics to outputs/experiments/layered_sparse_nonlinear_sem_nodes_10_shallow_mlp_align_observable_state/4/baseline_performance_metrics.json
Saved PAG-vs-PAG metrics to outputs/experiments/layered_sparse_nonlinear_sem_nodes_10_shallow_mlp_align_observable_state/4/pag_vs_pag_metrics.json
Found 9 differences:
  1. Wrong orientation: 0 --- 4 (DAG: directed_ij, PAG: bidirected)
  2. Wrong orientation: 0 --- 7 (DAG: directed_ij, PAG: bidirected)
  3. Missing: 1 --- 4 (DAG: directed_ij)
  4. Missing: 2 --- 6 (DAG: directed_ij)
  5. Wrong orientation: 3 --- 6 (DAG: directed_ij, PAG: bidirected)
  6. Wrong orientation: 3 --- 9 (DAG: directed_ij, PAG: bidirected)
  7. Wrong orientation: 4 --- 5 (DAG: directed_ij, PAG: bidirected)
  8. Wrong orientation: 5 --- 6 (DAG: directed_ij, PAG: bidirected)
  9. Wrong orientation: 5 --- 8 (DAG: directed_ij, PAG: bidirected)
Found 2 partial orientation differences:
  1. Partial orientation: 1 --- 5 (DAG: directed_ij, PAG: partial_ij)
  2. Partial orientation: 2 --- 8 (DAG: directed_ij, PAG: partial_ij)
Saved edge comparison details to outputs/experiments/layered_sparse_nonlinear_sem_nodes_10_shallow_mlp_align_observable_state/4/edge_comparison.txt
Found 9 differences:
  1. Missing: 1 --- 4 (DAG: directed_ij)
  2. Missing: 1 --- 5 (DAG: directed_ij)
  3. Missing: 2 --- 6 (DAG: directed_ij)
  4. Wrong orientation: 3 --- 6 (DAG: directed_ij, PAG: bidirected)
  5. Wrong orientation: 3 --- 9 (DAG: directed_ij, PAG: bidirected)
  6. Wrong orientation: 4 --- 5 (DAG: directed_ij, PAG: bidirected)
  7. Missing: 4 --- 7 (DAG: directed_ij)
  8. Missing: 5 --- 6 (DAG: directed_ij)
  9. Missing: 6 --- 9 (DAG: directed_ij)
Found 3 partial orientation differences:
  1. Partial orientation: 0 --- 4 (DAG: directed_ij, PAG: partial_ij)
  2. Partial orientation: 0 --- 7 (DAG: directed_ij, PAG: partial_ij)
  3. Partial orientation: 2 --- 8 (DAG: directed_ij, PAG: partial_ij)
Saved baseline edge comparison details to outputs/experiments/layered_sparse_nonlinear_sem_nodes_10_shallow_mlp_align_observable_state/4/edge_comparison_baseline.txt
Found 5 differences:
  1. Extra: 1 --- 5 (PAG: partial_ij)
  2. Extra: 4 --- 7 (PAG: directed_ij)
  3. Extra: 5 --- 6 (PAG: bidirected)
  4. Wrong orientation: 5 --- 8 (Reference PAG: directed_ij, PAG: bidirected)
  5. Extra: 6 --- 9 (PAG: directed_ij)
Found 2 partial orientation differences:
  1. Partial orientation: 0 --- 4 (Reference PAG: partial_ij, PAG: bidirected)
  2. Partial orientation: 0 --- 7 (Reference PAG: partial_ij, PAG: bidirected)
Saved PAG-vs-PAG edge comparison details to outputs/experiments/layered_sparse_nonlinear_sem_nodes_10_shallow_mlp_align_observable_state/4/edge_comparison_pag_vs_pag.txt
Saved figure to outputs/experiments/layered_sparse_nonlinear_sem_nodes_10_shallow_mlp_align_observable_state/4/pag_vs_dag.png
Saved baseline figure to outputs/experiments/layered_sparse_nonlinear_sem_nodes_10_shallow_mlp_align_observable_state/4/baseline_pag_vs_dag.png
Saved combined DAG comparison to outputs/experiments/layered_sparse_nonlinear_sem_nodes_10_shallow_mlp_align_observable_state/4/pags_vs_dag.png
Saved PAG-vs-PAG figure to outputs/experiments/layered_sparse_nonlinear_sem_nodes_10_shallow_mlp_align_observable_state/4/pag_vs_pag.png
Saved adjacency matrix to outputs/experiments/layered_sparse_nonlinear_sem_nodes_10_shallow_mlp_align_observable_state/4/learned_graph_adj.npy
Saved baseline adjacency matrix to outputs/experiments/layered_sparse_nonlinear_sem_nodes_10_shallow_mlp_align_observable_state/4/baseline_graph_adj.npy
