=== [Train] Fold 5 (5/5) ===
Step: set random seed (6)
Step: build datasets
Key: (391, 7, 4, 3, 2, 10, 10000, 0.5, 2.0, 0.8, 0.1, 0.1, 1000, 5) - Generating new DAG and data...
Seed: 391, Fold: 5
Step: initialize model
Step: training setup (model=ShallowMLP, profile=shallow, control_mode=epochs, epochs=40, target_updates=None)
Step: training
TrnLoss=1.027 ValLoss=0.927 ValR2=0.113
TrnLoss=0.771 ValLoss=0.661 ValR2=0.368
TrnLoss=0.504 ValLoss=0.382 ValR2=0.634
TrnLoss=0.273 ValLoss=0.200 ValR2=0.809
TrnLoss=0.164 ValLoss=0.143 ValR2=0.863
TrnLoss=0.134 ValLoss=0.127 ValR2=0.878
TrnLoss=0.118 ValLoss=0.111 ValR2=0.894
TrnLoss=0.103 ValLoss=0.098 ValR2=0.907
TrnLoss=0.092 ValLoss=0.087 ValR2=0.917
TrnLoss=0.083 ValLoss=0.078 ValR2=0.925
TrnLoss=0.076 ValLoss=0.073 ValR2=0.930
TrnLoss=0.071 ValLoss=0.068 ValR2=0.934
TrnLoss=0.067 ValLoss=0.065 ValR2=0.938
TrnLoss=0.064 ValLoss=0.063 ValR2=0.940
TrnLoss=0.063 ValLoss=0.061 ValR2=0.941
TrnLoss=0.061 ValLoss=0.060 ValR2=0.942
TrnLoss=0.060 ValLoss=0.059 ValR2=0.943
TrnLoss=0.060 ValLoss=0.059 ValR2=0.943
TrnLoss=0.059 ValLoss=0.059 ValR2=0.944
TrnLoss=0.059 ValLoss=0.058 ValR2=0.944
TrnLoss=0.059 ValLoss=0.058 ValR2=0.944
TrnLoss=0.059 ValLoss=0.058 ValR2=0.945
TrnLoss=0.059 ValLoss=0.058 ValR2=0.944
TrnLoss=0.059 ValLoss=0.058 ValR2=0.944
TrnLoss=0.058 ValLoss=0.058 ValR2=0.945
TrnLoss=0.058 ValLoss=0.058 ValR2=0.945
TrnLoss=0.058 ValLoss=0.057 ValR2=0.945
TrnLoss=0.058 ValLoss=0.057 ValR2=0.945
TrnLoss=0.058 ValLoss=0.057 ValR2=0.945
TrnLoss=0.058 ValLoss=0.057 ValR2=0.945
TrnLoss=0.058 ValLoss=0.057 ValR2=0.945
TrnLoss=0.058 ValLoss=0.057 ValR2=0.945
TrnLoss=0.058 ValLoss=0.057 ValR2=0.945
TrnLoss=0.058 ValLoss=0.057 ValR2=0.945
TrnLoss=0.058 ValLoss=0.057 ValR2=0.945
TrnLoss=0.058 ValLoss=0.057 ValR2=0.945
TrnLoss=0.058 ValLoss=0.057 ValR2=0.946
TrnLoss=0.058 ValLoss=0.057 ValR2=0.946
TrnLoss=0.058 ValLoss=0.057 ValR2=0.946
TrnLoss=0.057 ValLoss=0.057 ValR2=0.946
100%|#############| 40/40 [00:19<00:00,  2.01ep/s]
Step: evaluate test split
