=== [Train] Fold 1 (1/5) ===
Step: set random seed (2)
Step: build datasets
Step: initialize model
Step: training setup (model=MLPModel, profile=deep, control_mode=epochs, epochs=60, target_updates=None)
Step: training
TrnLoss=0.322 ValLoss=0.256 ValR2=0.744
TrnLoss=0.154 ValLoss=0.122 ValR2=0.879
TrnLoss=0.144 ValLoss=0.119 ValR2=0.881
TrnLoss=0.141 ValLoss=0.119 ValR2=0.882
TrnLoss=0.142 ValLoss=0.119 ValR2=0.881
TrnLoss=0.139 ValLoss=0.118 ValR2=0.882
TrnLoss=0.138 ValLoss=0.117 ValR2=0.883
TrnLoss=0.139 ValLoss=0.119 ValR2=0.882
TrnLoss=0.136 ValLoss=0.117 ValR2=0.883
TrnLoss=0.138 ValLoss=0.118 ValR2=0.882
TrnLoss=0.134 ValLoss=0.118 ValR2=0.882
TrnLoss=0.137 ValLoss=0.118 ValR2=0.883
TrnLoss=0.134 ValLoss=0.118 ValR2=0.883
TrnLoss=0.134 ValLoss=0.117 ValR2=0.883
TrnLoss=0.134 ValLoss=0.117 ValR2=0.883
TrnLoss=0.133 ValLoss=0.117 ValR2=0.883
TrnLoss=0.133 ValLoss=0.118 ValR2=0.882
TrnLoss=0.132 ValLoss=0.117 ValR2=0.883
TrnLoss=0.133 ValLoss=0.118 ValR2=0.883
TrnLoss=0.134 ValLoss=0.118 ValR2=0.883
TrnLoss=0.131 ValLoss=0.117 ValR2=0.883
TrnLoss=0.132 ValLoss=0.118 ValR2=0.883
Early stopping at epoch 22: no validation improvement for 8 epochs (best epoch=7, best val loss=0.117)
 35%|####5        | 21/60 [00:19<00:36,  1.06ep/s]
Step: evaluate test split
