=== [Train] Fold 5 (5/5) ===
Step: set random seed (6)
Step: build datasets
Step: initialize model
Step: training setup (model=ShallowMLP, profile=shallow, control_mode=epochs, epochs=40, target_updates=None)
Step: training
TrnLoss=0.994 ValLoss=0.932 ValR2=0.019
TrnLoss=0.969 ValLoss=0.924 ValR2=0.028
TrnLoss=0.957 ValLoss=0.921 ValR2=0.030
TrnLoss=0.956 ValLoss=0.920 ValR2=0.032
TrnLoss=0.955 ValLoss=0.920 ValR2=0.032
TrnLoss=0.955 ValLoss=0.918 ValR2=0.034
TrnLoss=0.954 ValLoss=0.918 ValR2=0.034
TrnLoss=0.952 ValLoss=0.918 ValR2=0.034
TrnLoss=0.953 ValLoss=0.917 ValR2=0.035
TrnLoss=0.957 ValLoss=0.918 ValR2=0.034
TrnLoss=0.954 ValLoss=0.917 ValR2=0.035
TrnLoss=0.954 ValLoss=0.916 ValR2=0.036
TrnLoss=0.953 ValLoss=0.917 ValR2=0.035
TrnLoss=0.951 ValLoss=0.916 ValR2=0.036
TrnLoss=0.953 ValLoss=0.917 ValR2=0.035
TrnLoss=0.954 ValLoss=0.916 ValR2=0.036
TrnLoss=0.951 ValLoss=0.917 ValR2=0.035
TrnLoss=0.953 ValLoss=0.916 ValR2=0.036
TrnLoss=0.954 ValLoss=0.917 ValR2=0.035
TrnLoss=0.951 ValLoss=0.917 ValR2=0.035
TrnLoss=0.952 ValLoss=0.915 ValR2=0.037
TrnLoss=0.952 ValLoss=0.917 ValR2=0.035
TrnLoss=0.950 ValLoss=0.917 ValR2=0.035
TrnLoss=0.952 ValLoss=0.916 ValR2=0.036
TrnLoss=0.950 ValLoss=0.916 ValR2=0.036
TrnLoss=0.952 ValLoss=0.917 ValR2=0.035
TrnLoss=0.950 ValLoss=0.916 ValR2=0.036
Early stopping at epoch 27: no validation improvement for 6 epochs (best epoch=21, best val loss=0.915)
 65%|########4    | 26/40 [00:19<00:10,  1.35ep/s]
Step: evaluate test split
