=== [Train] Fold 3 (3/5) ===
Step: set random seed (4)
Step: build datasets
Step: initialize model
Step: training setup (model=ShallowMLP, profile=shallow, control_mode=epochs, epochs=40, target_updates=None)
Step: training
TrnLoss=0.830 ValLoss=0.702 ValR2=0.295
TrnLoss=0.580 ValLoss=0.418 ValR2=0.579
TrnLoss=0.320 ValLoss=0.218 ValR2=0.781
TrnLoss=0.210 ValLoss=0.175 ValR2=0.824
TrnLoss=0.175 ValLoss=0.145 ValR2=0.854
TrnLoss=0.146 ValLoss=0.122 ValR2=0.877
TrnLoss=0.124 ValLoss=0.108 ValR2=0.892
TrnLoss=0.109 ValLoss=0.099 ValR2=0.900
TrnLoss=0.100 ValLoss=0.093 ValR2=0.906
TrnLoss=0.094 ValLoss=0.089 ValR2=0.910
TrnLoss=0.089 ValLoss=0.086 ValR2=0.913
TrnLoss=0.086 ValLoss=0.084 ValR2=0.916
TrnLoss=0.084 ValLoss=0.082 ValR2=0.917
TrnLoss=0.082 ValLoss=0.081 ValR2=0.919
TrnLoss=0.080 ValLoss=0.079 ValR2=0.920
TrnLoss=0.078 ValLoss=0.078 ValR2=0.921
TrnLoss=0.077 ValLoss=0.077 ValR2=0.922
TrnLoss=0.076 ValLoss=0.076 ValR2=0.924
TrnLoss=0.075 ValLoss=0.075 ValR2=0.924
TrnLoss=0.073 ValLoss=0.074 ValR2=0.925
TrnLoss=0.072 ValLoss=0.074 ValR2=0.926
TrnLoss=0.072 ValLoss=0.073 ValR2=0.927
TrnLoss=0.071 ValLoss=0.072 ValR2=0.927
TrnLoss=0.070 ValLoss=0.072 ValR2=0.928
TrnLoss=0.070 ValLoss=0.071 ValR2=0.928
TrnLoss=0.069 ValLoss=0.071 ValR2=0.929
TrnLoss=0.069 ValLoss=0.070 ValR2=0.929
TrnLoss=0.068 ValLoss=0.070 ValR2=0.930
TrnLoss=0.068 ValLoss=0.069 ValR2=0.930
TrnLoss=0.067 ValLoss=0.069 ValR2=0.931
TrnLoss=0.067 ValLoss=0.069 ValR2=0.931
TrnLoss=0.067 ValLoss=0.068 ValR2=0.931
TrnLoss=0.066 ValLoss=0.068 ValR2=0.931
TrnLoss=0.066 ValLoss=0.068 ValR2=0.932
TrnLoss=0.066 ValLoss=0.068 ValR2=0.932
TrnLoss=0.066 ValLoss=0.067 ValR2=0.932
TrnLoss=0.066 ValLoss=0.067 ValR2=0.932
TrnLoss=0.065 ValLoss=0.067 ValR2=0.932
TrnLoss=0.065 ValLoss=0.067 ValR2=0.932
TrnLoss=0.065 ValLoss=0.067 ValR2=0.932
100%|#############| 40/40 [00:19<00:00,  2.02ep/s]
Step: evaluate test split
