=== [Causal Discovery] Fold 3 (3/5) ===
Step: load extraction data
Loading extraction data from: outputs/experiments/layered_sparse_linear_sem_laplace_shallow_mlp_align/3/alignment_results.csv
Step: prepare ground-truth data
Running sample_150__baseline_150
Saved metadata to outputs/experiments/layered_sparse_linear_sem_laplace_shallow_mlp_align/3/metadata.json
Test:  CI( 0 , 1 | () ) = 0.9140444439114492
Test:  CI( 0 , 2 | () ) = 0.0
Test:  CI( 1 , 2 | () ) = 1.2495044057203586e-06
Test:  CI( 0 , 3 | () ) = 1.3051327041324612e-07
Test:  CI( 1 , 3 | () ) = 1.5987211554602254e-14
Test:  CI( 2 , 3 | () ) = 0.0
Test:  CI( 0 , 4 | () ) = 0.0
Test:  CI( 1 , 4 | () ) = 0.14513629226421076
Test:  CI( 2 , 4 | () ) = 0.0
Test:  CI( 3 , 4 | () ) = 0.0
Test:  CI( 0 , 5 | () ) = 4.107825191113079e-14
Test:  CI( 1 , 5 | () ) = 0.0
Test:  CI( 2 , 5 | () ) = 0.0
Test:  CI( 3 , 5 | () ) = 0.0
Test:  CI( 4 , 5 | () ) = 8.748557434046234e-14
Test:  CI( 0 , 2 | (1,) ) = 0.0
Test:  CI( 1 , 2 | (0,) ) = 0.0
Test:  CI( 0 , 3 | (1,) ) = 2.9324986883239035e-11
Test:  CI( 0 , 3 | (2,) ) = 0.0
Test:  CI( 1 , 3 | (0,) ) = 0.0
Test:  CI( 1 , 3 | (2,) ) = 2.0977664050292333e-11
Test:  CI( 2 , 3 | (0,) ) = 0.0
Test:  CI( 2 , 3 | (1,) ) = 0.0
Test:  CI( 0 , 4 | (2,) ) = 0.0
Test:  CI( 0 , 4 | (3,) ) = 0.0
Test:  CI( 2 , 4 | (0,) ) = 1.0436096431476471e-13
Test:  CI( 2 , 4 | (3,) ) = 0.0
Test:  CI( 3 , 4 | (0,) ) = 4.4586556668946287e-13
Test:  CI( 3 , 4 | (2,) ) = 4.014788501649491e-12
Test:  CI( 0 , 5 | (1,) ) = 0.0
Test:  CI( 0 , 5 | (2,) ) = 6.452823653191331e-08
Test:  CI( 0 , 5 | (3,) ) = 1.2904642243682929e-08
Test:  CI( 0 , 5 | (4,) ) = 0.0205697947661323
Test:  CI( 1 , 5 | (2,) ) = 0.0
Test:  CI( 1 , 5 | (3,) ) = 0.0
Test:  CI( 1 , 5 | (4,) ) = 0.0
Test:  CI( 2 , 5 | (1,) ) = 0.0
Test:  CI( 2 , 5 | (3,) ) = 2.2300294943988774e-10
Test:  CI( 2 , 5 | (4,) ) = 0.0
Test:  CI( 3 , 5 | (1,) ) = 0.0
Test:  CI( 3 , 5 | (2,) ) = 1.4598604547444438e-09
Test:  CI( 3 , 5 | (4,) ) = 0.0
Test:  CI( 4 , 5 | (1,) ) = 0.0
Test:  CI( 4 , 5 | (2,) ) = 0.0
Test:  CI( 4 , 5 | (3,) ) = 0.43717188357508996
Test:  CI( 0 , 3 | (1, 2) ) = 0.0
Test:  CI( 1 , 3 | (0, 2) ) = 0.1624144899833646
Test:  CI( 2 , 3 | (0, 1) ) = 0.0
Test:  CI( 3 , 4 | (0, 2) ) = 0.6246877089748115
Test:  CI( 3 , 5 | (1, 2) ) = 0.5153259941421231
Saved adjacency matrix to outputs/experiments/layered_sparse_linear_sem_laplace_shallow_mlp_align/3/learned_graph_adj.npy
Test:  CI( 0 , 1 | () ) = 0.7557961747877135
Test:  CI( 0 , 2 | () ) = 0.0
Test:  CI( 1 , 2 | () ) = 0.004112241512155945
Test:  CI( 0 , 3 | () ) = 2.7885764808388558e-09
Test:  CI( 1 , 3 | () ) = 7.001790070582103e-05
Test:  CI( 2 , 3 | () ) = 0.0
Test:  CI( 0 , 4 | () ) = 0.0
Test:  CI( 1 , 4 | () ) = 0.05131762792140737
Test:  CI( 2 , 4 | () ) = 0.0
Test:  CI( 3 , 4 | () ) = 6.661338147750939e-15
Test:  CI( 0 , 5 | () ) = 6.661338147750939e-16
Test:  CI( 1 , 5 | () ) = 0.0
Test:  CI( 2 , 5 | () ) = 0.0
Test:  CI( 3 , 5 | () ) = 0.0
Test:  CI( 4 , 5 | () ) = 3.3577585156763234e-12
Test:  CI( 0 , 2 | (1,) ) = 0.0
Test:  CI( 1 , 2 | (0,) ) = 8.150934061035287e-08
Test:  CI( 0 , 3 | (1,) ) = 1.180651132415278e-10
Test:  CI( 0 , 3 | (2,) ) = 1.9360186565009485e-08
Test:  CI( 1 , 3 | (0,) ) = 2.936823400689903e-06
Test:  CI( 1 , 3 | (2,) ) = 0.006256275409918466
Test:  CI( 2 , 3 | (0,) ) = 0.0
Test:  CI( 2 , 3 | (1,) ) = 0.0
Test:  CI( 0 , 4 | (2,) ) = 0.01331341198173952
Test:  CI( 2 , 4 | (3,) ) = 0.0
Test:  CI( 3 , 4 | (2,) ) = 0.030890653820613956
Test:  CI( 0 , 5 | (1,) ) = 0.0
Test:  CI( 0 , 5 | (2,) ) = 0.0029862636089765804
Test:  CI( 0 , 5 | (3,) ) = 1.0485787016456527e-07
Test:  CI( 0 , 5 | (4,) ) = 8.585570753227856e-06
Test:  CI( 1 , 5 | (0,) ) = 0.0
Test:  CI( 1 , 5 | (2,) ) = 0.0
Test:  CI( 1 , 5 | (3,) ) = 2.220446049250313e-16
Test:  CI( 1 , 5 | (4,) ) = 0.0
Test:  CI( 2 , 5 | (0,) ) = 0.0
Test:  CI( 2 , 5 | (1,) ) = 0.0
Test:  CI( 2 , 5 | (3,) ) = 0.0
Test:  CI( 2 , 5 | (4,) ) = 0.0
Test:  CI( 3 , 5 | (0,) ) = 0.0
Test:  CI( 3 , 5 | (1,) ) = 0.0
Test:  CI( 3 , 5 | (2,) ) = 0.05134838020011201
Test:  CI( 4 , 5 | (0,) ) = 0.028532368477903303
Saved metrics to outputs/experiments/layered_sparse_linear_sem_laplace_shallow_mlp_align/3/performance_metrics.json
Saved baseline metrics to outputs/experiments/layered_sparse_linear_sem_laplace_shallow_mlp_align/3/baseline_performance_metrics.json
Saved PAG-vs-PAG metrics to outputs/experiments/layered_sparse_linear_sem_laplace_shallow_mlp_align/3/pag_vs_pag_metrics.json
Found 4 differences:
  1. Extra: 0 --- 4 (PAG: partial_ij)
  2. Missing: 1 --- 4 (DAG: directed_ij)
  3. Wrong orientation: 2 --- 4 (DAG: directed_ij, PAG: bidirected)
  4. Wrong orientation: 2 --- 5 (DAG: directed_ij, PAG: bidirected)
Found 3 partial orientation differences:
  1. Partial orientation: 0 --- 2 (DAG: directed_ij, PAG: partial_ij)
  2. Partial orientation: 1 --- 2 (DAG: directed_ij, PAG: partial_ij)
  3. Partial orientation: 1 --- 5 (DAG: directed_ij, PAG: partial_ij)
Saved edge comparison details to outputs/experiments/layered_sparse_linear_sem_laplace_shallow_mlp_align/3/edge_comparison.txt
Found 9 differences:
  1. Wrong orientation: 0 --- 2 (DAG: directed_ij, PAG: bidirected)
  2. Wrong orientation: 0 --- 3 (DAG: directed_ij, PAG: bidirected)
  3. Extra: 0 --- 5 (PAG: bidirected)
  4. Wrong orientation: 1 --- 2 (DAG: directed_ij, PAG: bidirected)
  5. Extra: 1 --- 3 (PAG: bidirected)
  6. Missing: 1 --- 4 (DAG: directed_ij)
  7. Wrong orientation: 1 --- 5 (DAG: directed_ij, PAG: bidirected)
  8. Wrong orientation: 2 --- 4 (DAG: directed_ij, PAG: bidirected)
  9. Wrong orientation: 2 --- 5 (DAG: directed_ij, PAG: bidirected)
Saved baseline edge comparison details to outputs/experiments/layered_sparse_linear_sem_laplace_shallow_mlp_align/3/edge_comparison_baseline.txt
Found 4 differences:
  1. Wrong orientation: 0 --- 3 (Reference PAG: bidirected, PAG: directed_ij)
  2. Extra: 0 --- 4 (PAG: partial_ij)
  3. Missing: 0 --- 5 (Reference PAG: bidirected)
  4. Missing: 1 --- 3 (Reference PAG: bidirected)
Found 3 partial orientation differences:
  1. Partial orientation: 0 --- 2 (Reference PAG: bidirected, PAG: partial_ij)
  2. Partial orientation: 1 --- 2 (Reference PAG: bidirected, PAG: partial_ij)
  3. Partial orientation: 1 --- 5 (Reference PAG: bidirected, PAG: partial_ij)
Saved PAG-vs-PAG edge comparison details to outputs/experiments/layered_sparse_linear_sem_laplace_shallow_mlp_align/3/edge_comparison_pag_vs_pag.txt
Saved figure to outputs/experiments/layered_sparse_linear_sem_laplace_shallow_mlp_align/3/pag_vs_dag.png
Saved baseline figure to outputs/experiments/layered_sparse_linear_sem_laplace_shallow_mlp_align/3/baseline_pag_vs_dag.png
Saved combined DAG comparison to outputs/experiments/layered_sparse_linear_sem_laplace_shallow_mlp_align/3/pags_vs_dag.png
Saved PAG-vs-PAG figure to outputs/experiments/layered_sparse_linear_sem_laplace_shallow_mlp_align/3/pag_vs_pag.png
Saved adjacency matrix to outputs/experiments/layered_sparse_linear_sem_laplace_shallow_mlp_align/3/learned_graph_adj.npy
Saved baseline adjacency matrix to outputs/experiments/layered_sparse_linear_sem_laplace_shallow_mlp_align/3/baseline_graph_adj.npy
