[2026-04-24 02:17:57,373][dowhy.causal_model][INFO] - Model to find the causal effect of treatment ['X0'] on outcome ['X1']
[2026-04-24 02:17:57,373][dowhy.causal_identifier.auto_identifier][WARNING] - No directed path from treatment to outcome. Causal Effect is zero.
[2026-04-24 02:17:57,373][dowhy.causal_model][INFO] - linear_regression
[2026-04-24 02:17:57,373][dowhy.causal_estimator][INFO] - INFO: Using Linear Regression Estimator
[2026-04-24 02:17:57,373][dowhy.causal_estimator][WARNING] - No directed path from ['X0'] to ['X1'].
[2026-04-24 02:17:57,375][dowhy.causal_model][INFO] - Model to find the causal effect of treatment ['X0'] on outcome ['X2']
[2026-04-24 02:17:57,375][dowhy.causal_identifier.auto_identifier][WARNING] - No directed path from treatment to outcome. Causal Effect is zero.
[2026-04-24 02:17:57,375][dowhy.causal_model][INFO] - linear_regression
[2026-04-24 02:17:57,375][dowhy.causal_estimator][INFO] - INFO: Using Linear Regression Estimator
[2026-04-24 02:17:57,375][dowhy.causal_estimator][WARNING] - No directed path from ['X0'] to ['X2'].
[2026-04-24 02:17:57,377][dowhy.causal_model][INFO] - Model to find the causal effect of treatment ['X0'] on outcome ['X3']
[2026-04-24 02:17:57,378][dowhy.causal_identifier.auto_identifier][INFO] - Causal effect can be identified.
[2026-04-24 02:17:57,378][dowhy.causal_identifier.auto_identifier][INFO] - Instrumental variables for treatment and outcome:[]
[2026-04-24 02:17:57,379][dowhy.causal_identifier.auto_identifier][INFO] - Frontdoor variables for treatment and outcome:[]
[2026-04-24 02:17:57,379][dowhy.causal_model][INFO] - linear_regression
[2026-04-24 02:17:57,379][dowhy.causal_estimator][INFO] - INFO: Using Linear Regression Estimator
[2026-04-24 02:17:57,379][dowhy.causal_estimator][INFO] - b: X3~X0+X0*X1
[2026-04-24 02:17:57,387][dowhy.causal_model][INFO] - Model to find the causal effect of treatment ['X0'] on outcome ['X4']
[2026-04-24 02:17:57,387][dowhy.causal_identifier.auto_identifier][INFO] - Causal effect can be identified.
[2026-04-24 02:17:57,388][dowhy.causal_identifier.auto_identifier][INFO] - Instrumental variables for treatment and outcome:[]
[2026-04-24 02:17:57,388][dowhy.causal_identifier.auto_identifier][INFO] - Frontdoor variables for treatment and outcome:['X3']
[2026-04-24 02:17:57,389][dowhy.causal_identifier.auto_identifier][INFO] - Causal effect can be identified.
[2026-04-24 02:17:57,390][dowhy.causal_identifier.auto_identifier][INFO] - Causal effect can be identified.
[2026-04-24 02:17:57,391][dowhy.causal_model][INFO] - linear_regression
[2026-04-24 02:17:57,391][dowhy.causal_estimator][INFO] - INFO: Using Linear Regression Estimator
[2026-04-24 02:17:57,391][dowhy.causal_estimator][INFO] - b: X4~X0+X0*X1
[2026-04-24 02:17:57,399][dowhy.causal_model][INFO] - Model to find the causal effect of treatment ['X0'] on outcome ['X5']
[2026-04-24 02:17:57,399][dowhy.causal_identifier.auto_identifier][INFO] - Causal effect can be identified.
[2026-04-24 02:17:57,400][dowhy.causal_identifier.auto_identifier][INFO] - Instrumental variables for treatment and outcome:[]
[2026-04-24 02:17:57,400][dowhy.causal_identifier.auto_identifier][INFO] - Frontdoor variables for treatment and outcome:['X4', 'X3']
[2026-04-24 02:17:57,401][dowhy.causal_identifier.auto_identifier][INFO] - Causal effect can be identified.
[2026-04-24 02:17:57,402][dowhy.causal_identifier.auto_identifier][INFO] - Causal effect can be identified.
[2026-04-24 02:17:57,402][dowhy.causal_model][INFO] - linear_regression
[2026-04-24 02:17:57,402][dowhy.causal_estimator][INFO] - INFO: Using Linear Regression Estimator
[2026-04-24 02:17:57,403][dowhy.causal_estimator][INFO] - b: X5~X0+X0*X2+X0*X1
[2026-04-24 02:17:57,443][dowhy.causal_model][INFO] - Model to find the causal effect of treatment ['X1'] on outcome ['X0']
[2026-04-24 02:17:57,443][dowhy.causal_identifier.auto_identifier][WARNING] - No directed path from treatment to outcome. Causal Effect is zero.
[2026-04-24 02:17:57,443][dowhy.causal_model][INFO] - linear_regression
[2026-04-24 02:17:57,443][dowhy.causal_estimator][INFO] - INFO: Using Linear Regression Estimator
[2026-04-24 02:17:57,443][dowhy.causal_estimator][WARNING] - No directed path from ['X1'] to ['X0'].
[2026-04-24 02:17:57,445][dowhy.causal_model][INFO] - Model to find the causal effect of treatment ['X1'] on outcome ['X2']
[2026-04-24 02:17:57,445][dowhy.causal_identifier.auto_identifier][WARNING] - No directed path from treatment to outcome. Causal Effect is zero.
[2026-04-24 02:17:57,445][dowhy.causal_model][INFO] - linear_regression
[2026-04-24 02:17:57,445][dowhy.causal_estimator][INFO] - INFO: Using Linear Regression Estimator
[2026-04-24 02:17:57,445][dowhy.causal_estimator][WARNING] - No directed path from ['X1'] to ['X2'].
[2026-04-24 02:17:57,446][dowhy.causal_model][INFO] - Model to find the causal effect of treatment ['X1'] on outcome ['X3']
[2026-04-24 02:17:57,447][dowhy.causal_identifier.auto_identifier][INFO] - Causal effect can be identified.
[2026-04-24 02:17:57,447][dowhy.causal_identifier.auto_identifier][INFO] - Instrumental variables for treatment and outcome:[]
[2026-04-24 02:17:57,447][dowhy.causal_identifier.auto_identifier][INFO] - Frontdoor variables for treatment and outcome:[]
[2026-04-24 02:17:57,447][dowhy.causal_model][INFO] - linear_regression
[2026-04-24 02:17:57,447][dowhy.causal_estimator][INFO] - INFO: Using Linear Regression Estimator
[2026-04-24 02:17:57,448][dowhy.causal_estimator][INFO] - b: X3~X1+X1*X0
[2026-04-24 02:17:57,455][dowhy.causal_model][INFO] - Model to find the causal effect of treatment ['X1'] on outcome ['X4']
[2026-04-24 02:17:57,455][dowhy.causal_identifier.auto_identifier][INFO] - Causal effect can be identified.
[2026-04-24 02:17:57,456][dowhy.causal_identifier.auto_identifier][INFO] - Instrumental variables for treatment and outcome:[]
[2026-04-24 02:17:57,456][dowhy.causal_identifier.auto_identifier][INFO] - Frontdoor variables for treatment and outcome:['X3']
[2026-04-24 02:17:57,457][dowhy.causal_identifier.auto_identifier][INFO] - Causal effect can be identified.
[2026-04-24 02:17:57,458][dowhy.causal_identifier.auto_identifier][INFO] - Causal effect can be identified.
[2026-04-24 02:17:57,458][dowhy.causal_model][INFO] - linear_regression
[2026-04-24 02:17:57,458][dowhy.causal_estimator][INFO] - INFO: Using Linear Regression Estimator
[2026-04-24 02:17:57,458][dowhy.causal_estimator][INFO] - b: X4~X1+X1*X0
[2026-04-24 02:17:57,465][dowhy.causal_model][INFO] - Model to find the causal effect of treatment ['X1'] on outcome ['X5']
[2026-04-24 02:17:57,466][dowhy.causal_identifier.auto_identifier][INFO] - Causal effect can be identified.
[2026-04-24 02:17:57,466][dowhy.causal_identifier.auto_identifier][INFO] - Instrumental variables for treatment and outcome:[]
[2026-04-24 02:17:57,467][dowhy.causal_identifier.auto_identifier][INFO] - Frontdoor variables for treatment and outcome:['X4', 'X3']
[2026-04-24 02:17:57,468][dowhy.causal_identifier.auto_identifier][INFO] - Causal effect can be identified.
[2026-04-24 02:17:57,469][dowhy.causal_identifier.auto_identifier][INFO] - Causal effect can be identified.
[2026-04-24 02:17:57,469][dowhy.causal_model][INFO] - linear_regression
[2026-04-24 02:17:57,469][dowhy.causal_estimator][INFO] - INFO: Using Linear Regression Estimator
[2026-04-24 02:17:57,469][dowhy.causal_estimator][INFO] - b: X5~X1+X1*X0+X1*X2
[2026-04-24 02:17:57,511][dowhy.causal_model][INFO] - Model to find the causal effect of treatment ['X2'] on outcome ['X0']
[2026-04-24 02:17:57,511][dowhy.causal_identifier.auto_identifier][WARNING] - No directed path from treatment to outcome. Causal Effect is zero.
[2026-04-24 02:17:57,511][dowhy.causal_model][INFO] - linear_regression
[2026-04-24 02:17:57,511][dowhy.causal_estimator][INFO] - INFO: Using Linear Regression Estimator
[2026-04-24 02:17:57,511][dowhy.causal_estimator][WARNING] - No directed path from ['X2'] to ['X0'].
[2026-04-24 02:17:57,513][dowhy.causal_model][INFO] - Model to find the causal effect of treatment ['X2'] on outcome ['X1']
[2026-04-24 02:17:57,513][dowhy.causal_identifier.auto_identifier][WARNING] - No directed path from treatment to outcome. Causal Effect is zero.
[2026-04-24 02:17:57,513][dowhy.causal_model][INFO] - linear_regression
[2026-04-24 02:17:57,513][dowhy.causal_estimator][INFO] - INFO: Using Linear Regression Estimator
[2026-04-24 02:17:57,513][dowhy.causal_estimator][WARNING] - No directed path from ['X2'] to ['X1'].
[2026-04-24 02:17:57,514][dowhy.causal_model][INFO] - Model to find the causal effect of treatment ['X2'] on outcome ['X3']
[2026-04-24 02:17:57,515][dowhy.causal_identifier.auto_identifier][WARNING] - No directed path from treatment to outcome. Causal Effect is zero.
[2026-04-24 02:17:57,515][dowhy.causal_model][INFO] - linear_regression
[2026-04-24 02:17:57,515][dowhy.causal_estimator][INFO] - INFO: Using Linear Regression Estimator
[2026-04-24 02:17:57,515][dowhy.causal_estimator][WARNING] - No directed path from ['X2'] to ['X3'].
[2026-04-24 02:17:57,516][dowhy.causal_model][INFO] - Model to find the causal effect of treatment ['X2'] on outcome ['X4']
[2026-04-24 02:17:57,516][dowhy.causal_identifier.auto_identifier][WARNING] - No directed path from treatment to outcome. Causal Effect is zero.
[2026-04-24 02:17:57,516][dowhy.causal_model][INFO] - linear_regression
[2026-04-24 02:17:57,516][dowhy.causal_estimator][INFO] - INFO: Using Linear Regression Estimator
[2026-04-24 02:17:57,516][dowhy.causal_estimator][WARNING] - No directed path from ['X2'] to ['X4'].
[2026-04-24 02:17:57,518][dowhy.causal_model][INFO] - Model to find the causal effect of treatment ['X2'] on outcome ['X5']
[2026-04-24 02:17:57,519][dowhy.causal_identifier.auto_identifier][INFO] - Causal effect can be identified.
[2026-04-24 02:17:57,520][dowhy.causal_identifier.auto_identifier][INFO] - Instrumental variables for treatment and outcome:[]
[2026-04-24 02:17:57,520][dowhy.causal_identifier.auto_identifier][INFO] - Frontdoor variables for treatment and outcome:[]
[2026-04-24 02:17:57,520][dowhy.causal_model][INFO] - linear_regression
[2026-04-24 02:17:57,520][dowhy.causal_estimator][INFO] - INFO: Using Linear Regression Estimator
[2026-04-24 02:17:57,520][dowhy.causal_estimator][INFO] - b: X5~X2+X2*X4+X2*X0+X2*X3+X2*X1
[2026-04-24 02:17:57,562][dowhy.causal_model][INFO] - Model to find the causal effect of treatment ['X3'] on outcome ['X0']
[2026-04-24 02:17:57,562][dowhy.causal_identifier.auto_identifier][WARNING] - No directed path from treatment to outcome. Causal Effect is zero.
[2026-04-24 02:17:57,562][dowhy.causal_model][INFO] - linear_regression
[2026-04-24 02:17:57,562][dowhy.causal_estimator][INFO] - INFO: Using Linear Regression Estimator
[2026-04-24 02:17:57,562][dowhy.causal_estimator][WARNING] - No directed path from ['X3'] to ['X0'].
[2026-04-24 02:17:57,564][dowhy.causal_model][INFO] - Model to find the causal effect of treatment ['X3'] on outcome ['X1']
[2026-04-24 02:17:57,564][dowhy.causal_identifier.auto_identifier][WARNING] - No directed path from treatment to outcome. Causal Effect is zero.
[2026-04-24 02:17:57,564][dowhy.causal_model][INFO] - linear_regression
[2026-04-24 02:17:57,564][dowhy.causal_estimator][INFO] - INFO: Using Linear Regression Estimator
[2026-04-24 02:17:57,564][dowhy.causal_estimator][WARNING] - No directed path from ['X3'] to ['X1'].
[2026-04-24 02:17:57,566][dowhy.causal_model][INFO] - Model to find the causal effect of treatment ['X3'] on outcome ['X2']
[2026-04-24 02:17:57,566][dowhy.causal_identifier.auto_identifier][WARNING] - No directed path from treatment to outcome. Causal Effect is zero.
[2026-04-24 02:17:57,566][dowhy.causal_model][INFO] - linear_regression
[2026-04-24 02:17:57,566][dowhy.causal_estimator][INFO] - INFO: Using Linear Regression Estimator
[2026-04-24 02:17:57,566][dowhy.causal_estimator][WARNING] - No directed path from ['X3'] to ['X2'].
[2026-04-24 02:17:57,568][dowhy.causal_model][INFO] - Model to find the causal effect of treatment ['X3'] on outcome ['X4']
[2026-04-24 02:17:57,569][dowhy.causal_identifier.auto_identifier][INFO] - Causal effect can be identified.
[2026-04-24 02:17:57,569][dowhy.causal_identifier.auto_identifier][INFO] - Instrumental variables for treatment and outcome:['X0', 'X1']
[2026-04-24 02:17:57,570][dowhy.causal_identifier.auto_identifier][INFO] - Frontdoor variables for treatment and outcome:[]
[2026-04-24 02:17:57,570][dowhy.causal_model][INFO] - linear_regression
[2026-04-24 02:17:57,570][dowhy.causal_estimator][INFO] - INFO: Using Linear Regression Estimator
[2026-04-24 02:17:57,570][dowhy.causal_estimator][INFO] - b: X4~X3
[2026-04-24 02:17:57,577][dowhy.causal_model][INFO] - Model to find the causal effect of treatment ['X3'] on outcome ['X5']
[2026-04-24 02:17:57,578][dowhy.causal_identifier.auto_identifier][INFO] - Causal effect can be identified.
[2026-04-24 02:17:57,578][dowhy.causal_identifier.auto_identifier][INFO] - Instrumental variables for treatment and outcome:['X0', 'X1']
[2026-04-24 02:17:57,579][dowhy.causal_identifier.auto_identifier][INFO] - Frontdoor variables for treatment and outcome:['X4']
[2026-04-24 02:17:57,580][dowhy.causal_identifier.auto_identifier][INFO] - Causal effect can be identified.
[2026-04-24 02:17:57,581][dowhy.causal_identifier.auto_identifier][INFO] - Causal effect can be identified.
[2026-04-24 02:17:57,582][dowhy.causal_model][INFO] - linear_regression
[2026-04-24 02:17:57,582][dowhy.causal_estimator][INFO] - INFO: Using Linear Regression Estimator
[2026-04-24 02:17:57,582][dowhy.causal_estimator][INFO] - b: X5~X3+X3*X2
[2026-04-24 02:17:57,628][dowhy.causal_model][INFO] - Model to find the causal effect of treatment ['X4'] on outcome ['X0']
[2026-04-24 02:17:57,628][dowhy.causal_identifier.auto_identifier][WARNING] - No directed path from treatment to outcome. Causal Effect is zero.
[2026-04-24 02:17:57,628][dowhy.causal_model][INFO] - linear_regression
[2026-04-24 02:17:57,628][dowhy.causal_estimator][INFO] - INFO: Using Linear Regression Estimator
[2026-04-24 02:17:57,628][dowhy.causal_estimator][WARNING] - No directed path from ['X4'] to ['X0'].
[2026-04-24 02:17:57,630][dowhy.causal_model][INFO] - Model to find the causal effect of treatment ['X4'] on outcome ['X1']
[2026-04-24 02:17:57,630][dowhy.causal_identifier.auto_identifier][WARNING] - No directed path from treatment to outcome. Causal Effect is zero.
[2026-04-24 02:17:57,630][dowhy.causal_model][INFO] - linear_regression
[2026-04-24 02:17:57,630][dowhy.causal_estimator][INFO] - INFO: Using Linear Regression Estimator
[2026-04-24 02:17:57,630][dowhy.causal_estimator][WARNING] - No directed path from ['X4'] to ['X1'].
[2026-04-24 02:17:57,632][dowhy.causal_model][INFO] - Model to find the causal effect of treatment ['X4'] on outcome ['X2']
[2026-04-24 02:17:57,632][dowhy.causal_identifier.auto_identifier][WARNING] - No directed path from treatment to outcome. Causal Effect is zero.
[2026-04-24 02:17:57,632][dowhy.causal_model][INFO] - linear_regression
[2026-04-24 02:17:57,632][dowhy.causal_estimator][INFO] - INFO: Using Linear Regression Estimator
[2026-04-24 02:17:57,632][dowhy.causal_estimator][WARNING] - No directed path from ['X4'] to ['X2'].
[2026-04-24 02:17:57,633][dowhy.causal_model][INFO] - Model to find the causal effect of treatment ['X4'] on outcome ['X3']
[2026-04-24 02:17:57,633][dowhy.causal_identifier.auto_identifier][WARNING] - No directed path from treatment to outcome. Causal Effect is zero.
[2026-04-24 02:17:57,633][dowhy.causal_model][INFO] - linear_regression
[2026-04-24 02:17:57,634][dowhy.causal_estimator][INFO] - INFO: Using Linear Regression Estimator
[2026-04-24 02:17:57,634][dowhy.causal_estimator][WARNING] - No directed path from ['X4'] to ['X3'].
[2026-04-24 02:17:57,635][dowhy.causal_model][INFO] - Model to find the causal effect of treatment ['X4'] on outcome ['X5']
[2026-04-24 02:17:57,636][dowhy.causal_identifier.auto_identifier][INFO] - Causal effect can be identified.
[2026-04-24 02:17:57,637][dowhy.causal_identifier.auto_identifier][INFO] - Instrumental variables for treatment and outcome:['X3']
[2026-04-24 02:17:57,637][dowhy.causal_identifier.auto_identifier][INFO] - Frontdoor variables for treatment and outcome:[]
[2026-04-24 02:17:57,637][dowhy.causal_model][INFO] - linear_regression
[2026-04-24 02:17:57,637][dowhy.causal_estimator][INFO] - INFO: Using Linear Regression Estimator
[2026-04-24 02:17:57,638][dowhy.causal_estimator][INFO] - b: X5~X4+X4*X2
[2026-04-24 02:17:57,677][dowhy.causal_model][INFO] - Model to find the causal effect of treatment ['X5'] on outcome ['X0']
[2026-04-24 02:17:57,677][dowhy.causal_identifier.auto_identifier][WARNING] - No directed path from treatment to outcome. Causal Effect is zero.
[2026-04-24 02:17:57,677][dowhy.causal_model][INFO] - linear_regression
[2026-04-24 02:17:57,677][dowhy.causal_estimator][INFO] - INFO: Using Linear Regression Estimator
[2026-04-24 02:17:57,677][dowhy.causal_estimator][WARNING] - No directed path from ['X5'] to ['X0'].
[2026-04-24 02:17:57,678][dowhy.causal_model][INFO] - Model to find the causal effect of treatment ['X5'] on outcome ['X1']
[2026-04-24 02:17:57,679][dowhy.causal_identifier.auto_identifier][WARNING] - No directed path from treatment to outcome. Causal Effect is zero.
[2026-04-24 02:17:57,679][dowhy.causal_model][INFO] - linear_regression
[2026-04-24 02:17:57,679][dowhy.causal_estimator][INFO] - INFO: Using Linear Regression Estimator
[2026-04-24 02:17:57,679][dowhy.causal_estimator][WARNING] - No directed path from ['X5'] to ['X1'].
[2026-04-24 02:17:57,680][dowhy.causal_model][INFO] - Model to find the causal effect of treatment ['X5'] on outcome ['X2']
[2026-04-24 02:17:57,680][dowhy.causal_identifier.auto_identifier][WARNING] - No directed path from treatment to outcome. Causal Effect is zero.
[2026-04-24 02:17:57,680][dowhy.causal_model][INFO] - linear_regression
[2026-04-24 02:17:57,680][dowhy.causal_estimator][INFO] - INFO: Using Linear Regression Estimator
[2026-04-24 02:17:57,680][dowhy.causal_estimator][WARNING] - No directed path from ['X5'] to ['X2'].
[2026-04-24 02:17:57,682][dowhy.causal_model][INFO] - Model to find the causal effect of treatment ['X5'] on outcome ['X3']
[2026-04-24 02:17:57,682][dowhy.causal_identifier.auto_identifier][WARNING] - No directed path from treatment to outcome. Causal Effect is zero.
[2026-04-24 02:17:57,682][dowhy.causal_model][INFO] - linear_regression
[2026-04-24 02:17:57,682][dowhy.causal_estimator][INFO] - INFO: Using Linear Regression Estimator
[2026-04-24 02:17:57,682][dowhy.causal_estimator][WARNING] - No directed path from ['X5'] to ['X3'].
[2026-04-24 02:17:57,684][dowhy.causal_model][INFO] - Model to find the causal effect of treatment ['X5'] on outcome ['X4']
[2026-04-24 02:17:57,684][dowhy.causal_identifier.auto_identifier][WARNING] - No directed path from treatment to outcome. Causal Effect is zero.
[2026-04-24 02:17:57,684][dowhy.causal_model][INFO] - linear_regression
[2026-04-24 02:17:57,684][dowhy.causal_estimator][INFO] - INFO: Using Linear Regression Estimator
[2026-04-24 02:17:57,684][dowhy.causal_estimator][WARNING] - No directed path from ['X5'] to ['X4'].
[2026-04-24 02:17:57,732][dowhy.causal_model][INFO] - Model to find the causal effect of treatment ['X0'] on outcome ['X1']
[2026-04-24 02:17:57,732][dowhy.causal_identifier.auto_identifier][WARNING] - No directed path from treatment to outcome. Causal Effect is zero.
[2026-04-24 02:17:57,732][dowhy.causal_model][INFO] - linear_regression
[2026-04-24 02:17:57,732][dowhy.causal_estimator][INFO] - INFO: Using Linear Regression Estimator
[2026-04-24 02:17:57,732][dowhy.causal_estimator][WARNING] - No directed path from ['X0'] to ['X1'].
[2026-04-24 02:17:57,734][dowhy.causal_model][INFO] - Model to find the causal effect of treatment ['X0'] on outcome ['X2']
[2026-04-24 02:17:57,734][dowhy.causal_identifier.auto_identifier][WARNING] - No directed path from treatment to outcome. Causal Effect is zero.
[2026-04-24 02:17:57,734][dowhy.causal_model][INFO] - linear_regression
[2026-04-24 02:17:57,734][dowhy.causal_estimator][INFO] - INFO: Using Linear Regression Estimator
[2026-04-24 02:17:57,734][dowhy.causal_estimator][WARNING] - No directed path from ['X0'] to ['X2'].
[2026-04-24 02:17:57,736][dowhy.causal_model][INFO] - Model to find the causal effect of treatment ['X0'] on outcome ['X3']
[2026-04-24 02:17:57,736][dowhy.causal_identifier.auto_identifier][INFO] - Causal effect can be identified.
[2026-04-24 02:17:57,737][dowhy.causal_identifier.auto_identifier][INFO] - Instrumental variables for treatment and outcome:[]
[2026-04-24 02:17:57,737][dowhy.causal_identifier.auto_identifier][INFO] - Frontdoor variables for treatment and outcome:[]
[2026-04-24 02:17:57,737][dowhy.causal_model][INFO] - linear_regression
[2026-04-24 02:17:57,737][dowhy.causal_estimator][INFO] - INFO: Using Linear Regression Estimator
[2026-04-24 02:17:57,737][dowhy.causal_estimator][INFO] - b: X3~X0+X0*X1
[2026-04-24 02:17:57,745][dowhy.causal_model][INFO] - Model to find the causal effect of treatment ['X0'] on outcome ['X4']
[2026-04-24 02:17:57,745][dowhy.causal_identifier.auto_identifier][INFO] - Causal effect can be identified.
[2026-04-24 02:17:57,746][dowhy.causal_identifier.auto_identifier][INFO] - Instrumental variables for treatment and outcome:[]
[2026-04-24 02:17:57,746][dowhy.causal_identifier.auto_identifier][INFO] - Frontdoor variables for treatment and outcome:['X3']
[2026-04-24 02:17:57,747][dowhy.causal_identifier.auto_identifier][INFO] - Causal effect can be identified.
[2026-04-24 02:17:57,747][dowhy.causal_identifier.auto_identifier][INFO] - Causal effect can be identified.
[2026-04-24 02:17:57,748][dowhy.causal_model][INFO] - linear_regression
[2026-04-24 02:17:57,748][dowhy.causal_estimator][INFO] - INFO: Using Linear Regression Estimator
[2026-04-24 02:17:57,748][dowhy.causal_estimator][INFO] - b: X4~X0+X0*X1
[2026-04-24 02:17:57,756][dowhy.causal_model][INFO] - Model to find the causal effect of treatment ['X0'] on outcome ['X5']
[2026-04-24 02:17:57,756][dowhy.causal_identifier.auto_identifier][INFO] - Causal effect can be identified.
[2026-04-24 02:17:57,757][dowhy.causal_identifier.auto_identifier][INFO] - Instrumental variables for treatment and outcome:[]
[2026-04-24 02:17:57,757][dowhy.causal_identifier.auto_identifier][INFO] - Frontdoor variables for treatment and outcome:['X4', 'X3']
[2026-04-24 02:17:57,758][dowhy.causal_identifier.auto_identifier][INFO] - Causal effect can be identified.
[2026-04-24 02:17:57,759][dowhy.causal_identifier.auto_identifier][INFO] - Causal effect can be identified.
[2026-04-24 02:17:57,759][dowhy.causal_model][INFO] - linear_regression
[2026-04-24 02:17:57,759][dowhy.causal_estimator][INFO] - INFO: Using Linear Regression Estimator
[2026-04-24 02:17:57,759][dowhy.causal_estimator][INFO] - b: X5~X0+X0*X2+X0*X1
[2026-04-24 02:17:57,803][dowhy.causal_model][INFO] - Model to find the causal effect of treatment ['X1'] on outcome ['X0']
[2026-04-24 02:17:57,804][dowhy.causal_identifier.auto_identifier][WARNING] - No directed path from treatment to outcome. Causal Effect is zero.
[2026-04-24 02:17:57,804][dowhy.causal_model][INFO] - linear_regression
[2026-04-24 02:17:57,804][dowhy.causal_estimator][INFO] - INFO: Using Linear Regression Estimator
[2026-04-24 02:17:57,804][dowhy.causal_estimator][WARNING] - No directed path from ['X1'] to ['X0'].
[2026-04-24 02:17:57,806][dowhy.causal_model][INFO] - Model to find the causal effect of treatment ['X1'] on outcome ['X2']
[2026-04-24 02:17:57,806][dowhy.causal_identifier.auto_identifier][WARNING] - No directed path from treatment to outcome. Causal Effect is zero.
[2026-04-24 02:17:57,806][dowhy.causal_model][INFO] - linear_regression
[2026-04-24 02:17:57,806][dowhy.causal_estimator][INFO] - INFO: Using Linear Regression Estimator
[2026-04-24 02:17:57,806][dowhy.causal_estimator][WARNING] - No directed path from ['X1'] to ['X2'].
[2026-04-24 02:17:57,807][dowhy.causal_model][INFO] - Model to find the causal effect of treatment ['X1'] on outcome ['X3']
[2026-04-24 02:17:57,808][dowhy.causal_identifier.auto_identifier][INFO] - Causal effect can be identified.
[2026-04-24 02:17:57,809][dowhy.causal_identifier.auto_identifier][INFO] - Instrumental variables for treatment and outcome:[]
[2026-04-24 02:17:57,809][dowhy.causal_identifier.auto_identifier][INFO] - Frontdoor variables for treatment and outcome:[]
[2026-04-24 02:17:57,809][dowhy.causal_model][INFO] - linear_regression
[2026-04-24 02:17:57,809][dowhy.causal_estimator][INFO] - INFO: Using Linear Regression Estimator
[2026-04-24 02:17:57,809][dowhy.causal_estimator][INFO] - b: X3~X1+X1*X0
[2026-04-24 02:17:57,817][dowhy.causal_model][INFO] - Model to find the causal effect of treatment ['X1'] on outcome ['X4']
[2026-04-24 02:17:57,818][dowhy.causal_identifier.auto_identifier][INFO] - Causal effect can be identified.
[2026-04-24 02:17:57,818][dowhy.causal_identifier.auto_identifier][INFO] - Instrumental variables for treatment and outcome:[]
[2026-04-24 02:17:57,818][dowhy.causal_identifier.auto_identifier][INFO] - Frontdoor variables for treatment and outcome:['X3']
[2026-04-24 02:17:57,819][dowhy.causal_identifier.auto_identifier][INFO] - Causal effect can be identified.
[2026-04-24 02:17:57,820][dowhy.causal_identifier.auto_identifier][INFO] - Causal effect can be identified.
[2026-04-24 02:17:57,821][dowhy.causal_model][INFO] - linear_regression
[2026-04-24 02:17:57,821][dowhy.causal_estimator][INFO] - INFO: Using Linear Regression Estimator
[2026-04-24 02:17:57,821][dowhy.causal_estimator][INFO] - b: X4~X1+X1*X0
[2026-04-24 02:17:57,829][dowhy.causal_model][INFO] - Model to find the causal effect of treatment ['X1'] on outcome ['X5']
[2026-04-24 02:17:57,830][dowhy.causal_identifier.auto_identifier][INFO] - Causal effect can be identified.
[2026-04-24 02:17:57,830][dowhy.causal_identifier.auto_identifier][INFO] - Instrumental variables for treatment and outcome:[]
[2026-04-24 02:17:57,831][dowhy.causal_identifier.auto_identifier][INFO] - Frontdoor variables for treatment and outcome:['X4', 'X3']
[2026-04-24 02:17:57,831][dowhy.causal_identifier.auto_identifier][INFO] - Causal effect can be identified.
[2026-04-24 02:17:57,832][dowhy.causal_identifier.auto_identifier][INFO] - Causal effect can be identified.
[2026-04-24 02:17:57,833][dowhy.causal_model][INFO] - linear_regression
[2026-04-24 02:17:57,833][dowhy.causal_estimator][INFO] - INFO: Using Linear Regression Estimator
[2026-04-24 02:17:57,833][dowhy.causal_estimator][INFO] - b: X5~X1+X1*X0+X1*X2
[2026-04-24 02:17:57,880][dowhy.causal_model][INFO] - Model to find the causal effect of treatment ['X2'] on outcome ['X0']
[2026-04-24 02:17:57,880][dowhy.causal_identifier.auto_identifier][WARNING] - No directed path from treatment to outcome. Causal Effect is zero.
[2026-04-24 02:17:57,880][dowhy.causal_model][INFO] - linear_regression
[2026-04-24 02:17:57,880][dowhy.causal_estimator][INFO] - INFO: Using Linear Regression Estimator
[2026-04-24 02:17:57,881][dowhy.causal_estimator][WARNING] - No directed path from ['X2'] to ['X0'].
[2026-04-24 02:17:57,882][dowhy.causal_model][INFO] - Model to find the causal effect of treatment ['X2'] on outcome ['X1']
[2026-04-24 02:17:57,882][dowhy.causal_identifier.auto_identifier][WARNING] - No directed path from treatment to outcome. Causal Effect is zero.
[2026-04-24 02:17:57,882][dowhy.causal_model][INFO] - linear_regression
[2026-04-24 02:17:57,882][dowhy.causal_estimator][INFO] - INFO: Using Linear Regression Estimator
[2026-04-24 02:17:57,882][dowhy.causal_estimator][WARNING] - No directed path from ['X2'] to ['X1'].
[2026-04-24 02:17:57,884][dowhy.causal_model][INFO] - Model to find the causal effect of treatment ['X2'] on outcome ['X3']
[2026-04-24 02:17:57,884][dowhy.causal_identifier.auto_identifier][WARNING] - No directed path from treatment to outcome. Causal Effect is zero.
[2026-04-24 02:17:57,884][dowhy.causal_model][INFO] - linear_regression
[2026-04-24 02:17:57,884][dowhy.causal_estimator][INFO] - INFO: Using Linear Regression Estimator
[2026-04-24 02:17:57,884][dowhy.causal_estimator][WARNING] - No directed path from ['X2'] to ['X3'].
[2026-04-24 02:17:57,886][dowhy.causal_model][INFO] - Model to find the causal effect of treatment ['X2'] on outcome ['X4']
[2026-04-24 02:17:57,886][dowhy.causal_identifier.auto_identifier][WARNING] - No directed path from treatment to outcome. Causal Effect is zero.
[2026-04-24 02:17:57,886][dowhy.causal_model][INFO] - linear_regression
[2026-04-24 02:17:57,886][dowhy.causal_estimator][INFO] - INFO: Using Linear Regression Estimator
[2026-04-24 02:17:57,886][dowhy.causal_estimator][WARNING] - No directed path from ['X2'] to ['X4'].
[2026-04-24 02:17:57,888][dowhy.causal_model][INFO] - Model to find the causal effect of treatment ['X2'] on outcome ['X5']
[2026-04-24 02:17:57,889][dowhy.causal_identifier.auto_identifier][INFO] - Causal effect can be identified.
[2026-04-24 02:17:57,889][dowhy.causal_identifier.auto_identifier][INFO] - Instrumental variables for treatment and outcome:[]
[2026-04-24 02:17:57,889][dowhy.causal_identifier.auto_identifier][INFO] - Frontdoor variables for treatment and outcome:[]
[2026-04-24 02:17:57,889][dowhy.causal_model][INFO] - linear_regression
[2026-04-24 02:17:57,889][dowhy.causal_estimator][INFO] - INFO: Using Linear Regression Estimator
[2026-04-24 02:17:57,890][dowhy.causal_estimator][INFO] - b: X5~X2+X2*X4+X2*X0+X2*X3+X2*X1
[2026-04-24 02:17:57,930][dowhy.causal_model][INFO] - Model to find the causal effect of treatment ['X3'] on outcome ['X0']
[2026-04-24 02:17:57,930][dowhy.causal_identifier.auto_identifier][WARNING] - No directed path from treatment to outcome. Causal Effect is zero.
[2026-04-24 02:17:57,930][dowhy.causal_model][INFO] - linear_regression
[2026-04-24 02:17:57,930][dowhy.causal_estimator][INFO] - INFO: Using Linear Regression Estimator
[2026-04-24 02:17:57,930][dowhy.causal_estimator][WARNING] - No directed path from ['X3'] to ['X0'].
[2026-04-24 02:17:57,932][dowhy.causal_model][INFO] - Model to find the causal effect of treatment ['X3'] on outcome ['X1']
[2026-04-24 02:17:57,932][dowhy.causal_identifier.auto_identifier][WARNING] - No directed path from treatment to outcome. Causal Effect is zero.
[2026-04-24 02:17:57,932][dowhy.causal_model][INFO] - linear_regression
[2026-04-24 02:17:57,932][dowhy.causal_estimator][INFO] - INFO: Using Linear Regression Estimator
[2026-04-24 02:17:57,932][dowhy.causal_estimator][WARNING] - No directed path from ['X3'] to ['X1'].
[2026-04-24 02:17:57,933][dowhy.causal_model][INFO] - Model to find the causal effect of treatment ['X3'] on outcome ['X2']
[2026-04-24 02:17:57,933][dowhy.causal_identifier.auto_identifier][WARNING] - No directed path from treatment to outcome. Causal Effect is zero.
[2026-04-24 02:17:57,934][dowhy.causal_model][INFO] - linear_regression
[2026-04-24 02:17:57,934][dowhy.causal_estimator][INFO] - INFO: Using Linear Regression Estimator
[2026-04-24 02:17:57,934][dowhy.causal_estimator][WARNING] - No directed path from ['X3'] to ['X2'].
[2026-04-24 02:17:57,935][dowhy.causal_model][INFO] - Model to find the causal effect of treatment ['X3'] on outcome ['X4']
[2026-04-24 02:17:57,936][dowhy.causal_identifier.auto_identifier][INFO] - Causal effect can be identified.
[2026-04-24 02:17:57,936][dowhy.causal_identifier.auto_identifier][INFO] - Instrumental variables for treatment and outcome:['X0', 'X1']
[2026-04-24 02:17:57,937][dowhy.causal_identifier.auto_identifier][INFO] - Frontdoor variables for treatment and outcome:[]
[2026-04-24 02:17:57,937][dowhy.causal_model][INFO] - linear_regression
[2026-04-24 02:17:57,937][dowhy.causal_estimator][INFO] - INFO: Using Linear Regression Estimator
[2026-04-24 02:17:57,937][dowhy.causal_estimator][INFO] - b: X4~X3
[2026-04-24 02:17:57,943][dowhy.causal_model][INFO] - Model to find the causal effect of treatment ['X3'] on outcome ['X5']
[2026-04-24 02:17:57,944][dowhy.causal_identifier.auto_identifier][INFO] - Causal effect can be identified.
[2026-04-24 02:17:57,944][dowhy.causal_identifier.auto_identifier][INFO] - Instrumental variables for treatment and outcome:['X0', 'X1']
[2026-04-24 02:17:57,945][dowhy.causal_identifier.auto_identifier][INFO] - Frontdoor variables for treatment and outcome:['X4']
[2026-04-24 02:17:57,946][dowhy.causal_identifier.auto_identifier][INFO] - Causal effect can be identified.
[2026-04-24 02:17:57,947][dowhy.causal_identifier.auto_identifier][INFO] - Causal effect can be identified.
[2026-04-24 02:17:57,947][dowhy.causal_model][INFO] - linear_regression
[2026-04-24 02:17:57,947][dowhy.causal_estimator][INFO] - INFO: Using Linear Regression Estimator
[2026-04-24 02:17:57,947][dowhy.causal_estimator][INFO] - b: X5~X3+X3*X2
[2026-04-24 02:17:58,060][dowhy.causal_model][INFO] - Model to find the causal effect of treatment ['X4'] on outcome ['X0']
[2026-04-24 02:17:58,060][dowhy.causal_identifier.auto_identifier][WARNING] - No directed path from treatment to outcome. Causal Effect is zero.
[2026-04-24 02:17:58,061][dowhy.causal_model][INFO] - linear_regression
[2026-04-24 02:17:58,061][dowhy.causal_estimator][INFO] - INFO: Using Linear Regression Estimator
[2026-04-24 02:17:58,061][dowhy.causal_estimator][WARNING] - No directed path from ['X4'] to ['X0'].
[2026-04-24 02:17:58,062][dowhy.causal_model][INFO] - Model to find the causal effect of treatment ['X4'] on outcome ['X1']
[2026-04-24 02:17:58,062][dowhy.causal_identifier.auto_identifier][WARNING] - No directed path from treatment to outcome. Causal Effect is zero.
[2026-04-24 02:17:58,062][dowhy.causal_model][INFO] - linear_regression
[2026-04-24 02:17:58,062][dowhy.causal_estimator][INFO] - INFO: Using Linear Regression Estimator
[2026-04-24 02:17:58,063][dowhy.causal_estimator][WARNING] - No directed path from ['X4'] to ['X1'].
[2026-04-24 02:17:58,064][dowhy.causal_model][INFO] - Model to find the causal effect of treatment ['X4'] on outcome ['X2']
[2026-04-24 02:17:58,064][dowhy.causal_identifier.auto_identifier][WARNING] - No directed path from treatment to outcome. Causal Effect is zero.
[2026-04-24 02:17:58,064][dowhy.causal_model][INFO] - linear_regression
[2026-04-24 02:17:58,064][dowhy.causal_estimator][INFO] - INFO: Using Linear Regression Estimator
[2026-04-24 02:17:58,064][dowhy.causal_estimator][WARNING] - No directed path from ['X4'] to ['X2'].
[2026-04-24 02:17:58,066][dowhy.causal_model][INFO] - Model to find the causal effect of treatment ['X4'] on outcome ['X3']
[2026-04-24 02:17:58,066][dowhy.causal_identifier.auto_identifier][WARNING] - No directed path from treatment to outcome. Causal Effect is zero.
[2026-04-24 02:17:58,066][dowhy.causal_model][INFO] - linear_regression
[2026-04-24 02:17:58,067][dowhy.causal_estimator][INFO] - INFO: Using Linear Regression Estimator
[2026-04-24 02:17:58,067][dowhy.causal_estimator][WARNING] - No directed path from ['X4'] to ['X3'].
[2026-04-24 02:17:58,068][dowhy.causal_model][INFO] - Model to find the causal effect of treatment ['X4'] on outcome ['X5']
[2026-04-24 02:17:58,069][dowhy.causal_identifier.auto_identifier][INFO] - Causal effect can be identified.
[2026-04-24 02:17:58,070][dowhy.causal_identifier.auto_identifier][INFO] - Instrumental variables for treatment and outcome:['X3']
[2026-04-24 02:17:58,070][dowhy.causal_identifier.auto_identifier][INFO] - Frontdoor variables for treatment and outcome:[]
[2026-04-24 02:17:58,070][dowhy.causal_model][INFO] - linear_regression
[2026-04-24 02:17:58,071][dowhy.causal_estimator][INFO] - INFO: Using Linear Regression Estimator
[2026-04-24 02:17:58,071][dowhy.causal_estimator][INFO] - b: X5~X4+X4*X2
[2026-04-24 02:17:58,117][dowhy.causal_model][INFO] - Model to find the causal effect of treatment ['X5'] on outcome ['X0']
[2026-04-24 02:17:58,117][dowhy.causal_identifier.auto_identifier][WARNING] - No directed path from treatment to outcome. Causal Effect is zero.
[2026-04-24 02:17:58,117][dowhy.causal_model][INFO] - linear_regression
[2026-04-24 02:17:58,117][dowhy.causal_estimator][INFO] - INFO: Using Linear Regression Estimator
[2026-04-24 02:17:58,117][dowhy.causal_estimator][WARNING] - No directed path from ['X5'] to ['X0'].
[2026-04-24 02:17:58,119][dowhy.causal_model][INFO] - Model to find the causal effect of treatment ['X5'] on outcome ['X1']
[2026-04-24 02:17:58,119][dowhy.causal_identifier.auto_identifier][WARNING] - No directed path from treatment to outcome. Causal Effect is zero.
[2026-04-24 02:17:58,119][dowhy.causal_model][INFO] - linear_regression
[2026-04-24 02:17:58,119][dowhy.causal_estimator][INFO] - INFO: Using Linear Regression Estimator
[2026-04-24 02:17:58,119][dowhy.causal_estimator][WARNING] - No directed path from ['X5'] to ['X1'].
[2026-04-24 02:17:58,121][dowhy.causal_model][INFO] - Model to find the causal effect of treatment ['X5'] on outcome ['X2']
[2026-04-24 02:17:58,121][dowhy.causal_identifier.auto_identifier][WARNING] - No directed path from treatment to outcome. Causal Effect is zero.
[2026-04-24 02:17:58,121][dowhy.causal_model][INFO] - linear_regression
[2026-04-24 02:17:58,121][dowhy.causal_estimator][INFO] - INFO: Using Linear Regression Estimator
[2026-04-24 02:17:58,121][dowhy.causal_estimator][WARNING] - No directed path from ['X5'] to ['X2'].
[2026-04-24 02:17:58,122][dowhy.causal_model][INFO] - Model to find the causal effect of treatment ['X5'] on outcome ['X3']
[2026-04-24 02:17:58,122][dowhy.causal_identifier.auto_identifier][WARNING] - No directed path from treatment to outcome. Causal Effect is zero.
[2026-04-24 02:17:58,122][dowhy.causal_model][INFO] - linear_regression
[2026-04-24 02:17:58,122][dowhy.causal_estimator][INFO] - INFO: Using Linear Regression Estimator
[2026-04-24 02:17:58,123][dowhy.causal_estimator][WARNING] - No directed path from ['X5'] to ['X3'].
[2026-04-24 02:17:58,124][dowhy.causal_model][INFO] - Model to find the causal effect of treatment ['X5'] on outcome ['X4']
[2026-04-24 02:17:58,124][dowhy.causal_identifier.auto_identifier][WARNING] - No directed path from treatment to outcome. Causal Effect is zero.
[2026-04-24 02:17:58,124][dowhy.causal_model][INFO] - linear_regression
[2026-04-24 02:17:58,124][dowhy.causal_estimator][INFO] - INFO: Using Linear Regression Estimator
[2026-04-24 02:17:58,124][dowhy.causal_estimator][WARNING] - No directed path from ['X5'] to ['X4'].
[2026-04-24 02:17:58,173][dowhy.causal_model][INFO] - Model to find the causal effect of treatment ['X0'] on outcome ['X1']
[2026-04-24 02:17:58,173][dowhy.causal_identifier.auto_identifier][WARNING] - No directed path from treatment to outcome. Causal Effect is zero.
[2026-04-24 02:17:58,173][dowhy.causal_model][INFO] - linear_regression
[2026-04-24 02:17:58,173][dowhy.causal_estimator][INFO] - INFO: Using Linear Regression Estimator
[2026-04-24 02:17:58,173][dowhy.causal_estimator][WARNING] - No directed path from ['X0'] to ['X1'].
[2026-04-24 02:17:58,175][dowhy.causal_model][INFO] - Model to find the causal effect of treatment ['X0'] on outcome ['X2']
[2026-04-24 02:17:58,175][dowhy.causal_identifier.auto_identifier][WARNING] - No directed path from treatment to outcome. Causal Effect is zero.
[2026-04-24 02:17:58,175][dowhy.causal_model][INFO] - linear_regression
[2026-04-24 02:17:58,175][dowhy.causal_estimator][INFO] - INFO: Using Linear Regression Estimator
[2026-04-24 02:17:58,175][dowhy.causal_estimator][WARNING] - No directed path from ['X0'] to ['X2'].
[2026-04-24 02:17:58,177][dowhy.causal_model][INFO] - Model to find the causal effect of treatment ['X0'] on outcome ['X3']
[2026-04-24 02:17:58,177][dowhy.causal_identifier.auto_identifier][INFO] - Causal effect can be identified.
[2026-04-24 02:17:58,178][dowhy.causal_identifier.auto_identifier][INFO] - Instrumental variables for treatment and outcome:[]
[2026-04-24 02:17:58,178][dowhy.causal_identifier.auto_identifier][INFO] - Frontdoor variables for treatment and outcome:[]
[2026-04-24 02:17:58,178][dowhy.causal_model][INFO] - linear_regression
[2026-04-24 02:17:58,178][dowhy.causal_estimator][INFO] - INFO: Using Linear Regression Estimator
[2026-04-24 02:17:58,178][dowhy.causal_estimator][INFO] - b: X3~X0+X0*X1
[2026-04-24 02:17:58,186][dowhy.causal_model][INFO] - Model to find the causal effect of treatment ['X0'] on outcome ['X4']
[2026-04-24 02:17:58,186][dowhy.causal_identifier.auto_identifier][INFO] - Causal effect can be identified.
[2026-04-24 02:17:58,187][dowhy.causal_identifier.auto_identifier][INFO] - Instrumental variables for treatment and outcome:[]
[2026-04-24 02:17:58,187][dowhy.causal_identifier.auto_identifier][INFO] - Frontdoor variables for treatment and outcome:['X3']
[2026-04-24 02:17:58,188][dowhy.causal_identifier.auto_identifier][INFO] - Causal effect can be identified.
[2026-04-24 02:17:58,188][dowhy.causal_identifier.auto_identifier][INFO] - Causal effect can be identified.
[2026-04-24 02:17:58,189][dowhy.causal_model][INFO] - linear_regression
[2026-04-24 02:17:58,189][dowhy.causal_estimator][INFO] - INFO: Using Linear Regression Estimator
[2026-04-24 02:17:58,189][dowhy.causal_estimator][INFO] - b: X4~X0+X0*X1
[2026-04-24 02:17:58,197][dowhy.causal_model][INFO] - Model to find the causal effect of treatment ['X0'] on outcome ['X5']
[2026-04-24 02:17:58,197][dowhy.causal_identifier.auto_identifier][INFO] - Causal effect can be identified.
[2026-04-24 02:17:58,198][dowhy.causal_identifier.auto_identifier][INFO] - Instrumental variables for treatment and outcome:[]
[2026-04-24 02:17:58,198][dowhy.causal_identifier.auto_identifier][INFO] - Frontdoor variables for treatment and outcome:['X4', 'X3']
[2026-04-24 02:17:58,199][dowhy.causal_identifier.auto_identifier][INFO] - Causal effect can be identified.
[2026-04-24 02:17:58,200][dowhy.causal_identifier.auto_identifier][INFO] - Causal effect can be identified.
[2026-04-24 02:17:58,201][dowhy.causal_model][INFO] - linear_regression
[2026-04-24 02:17:58,201][dowhy.causal_estimator][INFO] - INFO: Using Linear Regression Estimator
[2026-04-24 02:17:58,201][dowhy.causal_estimator][INFO] - b: X5~X0+X0*X2+X0*X1
[2026-04-24 02:17:58,241][dowhy.causal_model][INFO] - Model to find the causal effect of treatment ['X1'] on outcome ['X0']
[2026-04-24 02:17:58,241][dowhy.causal_identifier.auto_identifier][WARNING] - No directed path from treatment to outcome. Causal Effect is zero.
[2026-04-24 02:17:58,242][dowhy.causal_model][INFO] - linear_regression
[2026-04-24 02:17:58,242][dowhy.causal_estimator][INFO] - INFO: Using Linear Regression Estimator
[2026-04-24 02:17:58,242][dowhy.causal_estimator][WARNING] - No directed path from ['X1'] to ['X0'].
[2026-04-24 02:17:58,243][dowhy.causal_model][INFO] - Model to find the causal effect of treatment ['X1'] on outcome ['X2']
[2026-04-24 02:17:58,243][dowhy.causal_identifier.auto_identifier][WARNING] - No directed path from treatment to outcome. Causal Effect is zero.
[2026-04-24 02:17:58,243][dowhy.causal_model][INFO] - linear_regression
[2026-04-24 02:17:58,243][dowhy.causal_estimator][INFO] - INFO: Using Linear Regression Estimator
[2026-04-24 02:17:58,243][dowhy.causal_estimator][WARNING] - No directed path from ['X1'] to ['X2'].
[2026-04-24 02:17:58,245][dowhy.causal_model][INFO] - Model to find the causal effect of treatment ['X1'] on outcome ['X3']
[2026-04-24 02:17:58,245][dowhy.causal_identifier.auto_identifier][INFO] - Causal effect can be identified.
[2026-04-24 02:17:58,246][dowhy.causal_identifier.auto_identifier][INFO] - Instrumental variables for treatment and outcome:[]
[2026-04-24 02:17:58,246][dowhy.causal_identifier.auto_identifier][INFO] - Frontdoor variables for treatment and outcome:[]
[2026-04-24 02:17:58,246][dowhy.causal_model][INFO] - linear_regression
[2026-04-24 02:17:58,246][dowhy.causal_estimator][INFO] - INFO: Using Linear Regression Estimator
[2026-04-24 02:17:58,246][dowhy.causal_estimator][INFO] - b: X3~X1+X1*X0
[2026-04-24 02:17:58,253][dowhy.causal_model][INFO] - Model to find the causal effect of treatment ['X1'] on outcome ['X4']
[2026-04-24 02:17:58,254][dowhy.causal_identifier.auto_identifier][INFO] - Causal effect can be identified.
[2026-04-24 02:17:58,254][dowhy.causal_identifier.auto_identifier][INFO] - Instrumental variables for treatment and outcome:[]
[2026-04-24 02:17:58,254][dowhy.causal_identifier.auto_identifier][INFO] - Frontdoor variables for treatment and outcome:['X3']
[2026-04-24 02:17:58,255][dowhy.causal_identifier.auto_identifier][INFO] - Causal effect can be identified.
[2026-04-24 02:17:58,256][dowhy.causal_identifier.auto_identifier][INFO] - Causal effect can be identified.
[2026-04-24 02:17:58,256][dowhy.causal_model][INFO] - linear_regression
[2026-04-24 02:17:58,256][dowhy.causal_estimator][INFO] - INFO: Using Linear Regression Estimator
[2026-04-24 02:17:58,257][dowhy.causal_estimator][INFO] - b: X4~X1+X1*X0
[2026-04-24 02:17:58,264][dowhy.causal_model][INFO] - Model to find the causal effect of treatment ['X1'] on outcome ['X5']
[2026-04-24 02:17:58,264][dowhy.causal_identifier.auto_identifier][INFO] - Causal effect can be identified.
[2026-04-24 02:17:58,265][dowhy.causal_identifier.auto_identifier][INFO] - Instrumental variables for treatment and outcome:[]
[2026-04-24 02:17:58,265][dowhy.causal_identifier.auto_identifier][INFO] - Frontdoor variables for treatment and outcome:['X4', 'X3']
[2026-04-24 02:17:58,266][dowhy.causal_identifier.auto_identifier][INFO] - Causal effect can be identified.
[2026-04-24 02:17:58,267][dowhy.causal_identifier.auto_identifier][INFO] - Causal effect can be identified.
[2026-04-24 02:17:58,267][dowhy.causal_model][INFO] - linear_regression
[2026-04-24 02:17:58,267][dowhy.causal_estimator][INFO] - INFO: Using Linear Regression Estimator
[2026-04-24 02:17:58,268][dowhy.causal_estimator][INFO] - b: X5~X1+X1*X0+X1*X2
[2026-04-24 02:17:58,311][dowhy.causal_model][INFO] - Model to find the causal effect of treatment ['X2'] on outcome ['X0']
[2026-04-24 02:17:58,311][dowhy.causal_identifier.auto_identifier][WARNING] - No directed path from treatment to outcome. Causal Effect is zero.
[2026-04-24 02:17:58,311][dowhy.causal_model][INFO] - linear_regression
[2026-04-24 02:17:58,311][dowhy.causal_estimator][INFO] - INFO: Using Linear Regression Estimator
[2026-04-24 02:17:58,311][dowhy.causal_estimator][WARNING] - No directed path from ['X2'] to ['X0'].
[2026-04-24 02:17:58,313][dowhy.causal_model][INFO] - Model to find the causal effect of treatment ['X2'] on outcome ['X1']
[2026-04-24 02:17:58,313][dowhy.causal_identifier.auto_identifier][WARNING] - No directed path from treatment to outcome. Causal Effect is zero.
[2026-04-24 02:17:58,313][dowhy.causal_model][INFO] - linear_regression
[2026-04-24 02:17:58,313][dowhy.causal_estimator][INFO] - INFO: Using Linear Regression Estimator
[2026-04-24 02:17:58,313][dowhy.causal_estimator][WARNING] - No directed path from ['X2'] to ['X1'].
[2026-04-24 02:17:58,315][dowhy.causal_model][INFO] - Model to find the causal effect of treatment ['X2'] on outcome ['X3']
[2026-04-24 02:17:58,315][dowhy.causal_identifier.auto_identifier][WARNING] - No directed path from treatment to outcome. Causal Effect is zero.
[2026-04-24 02:17:58,315][dowhy.causal_model][INFO] - linear_regression
[2026-04-24 02:17:58,315][dowhy.causal_estimator][INFO] - INFO: Using Linear Regression Estimator
[2026-04-24 02:17:58,316][dowhy.causal_estimator][WARNING] - No directed path from ['X2'] to ['X3'].
[2026-04-24 02:17:58,317][dowhy.causal_model][INFO] - Model to find the causal effect of treatment ['X2'] on outcome ['X4']
[2026-04-24 02:17:58,317][dowhy.causal_identifier.auto_identifier][WARNING] - No directed path from treatment to outcome. Causal Effect is zero.
[2026-04-24 02:17:58,317][dowhy.causal_model][INFO] - linear_regression
[2026-04-24 02:17:58,317][dowhy.causal_estimator][INFO] - INFO: Using Linear Regression Estimator
[2026-04-24 02:17:58,317][dowhy.causal_estimator][WARNING] - No directed path from ['X2'] to ['X4'].
[2026-04-24 02:17:58,319][dowhy.causal_model][INFO] - Model to find the causal effect of treatment ['X2'] on outcome ['X5']
[2026-04-24 02:17:58,320][dowhy.causal_identifier.auto_identifier][INFO] - Causal effect can be identified.
[2026-04-24 02:17:58,321][dowhy.causal_identifier.auto_identifier][INFO] - Instrumental variables for treatment and outcome:[]
[2026-04-24 02:17:58,321][dowhy.causal_identifier.auto_identifier][INFO] - Frontdoor variables for treatment and outcome:[]
[2026-04-24 02:17:58,321][dowhy.causal_model][INFO] - linear_regression
[2026-04-24 02:17:58,321][dowhy.causal_estimator][INFO] - INFO: Using Linear Regression Estimator
[2026-04-24 02:17:58,321][dowhy.causal_estimator][INFO] - b: X5~X2+X2*X4+X2*X0+X2*X3+X2*X1
[2026-04-24 02:17:58,369][dowhy.causal_model][INFO] - Model to find the causal effect of treatment ['X3'] on outcome ['X0']
[2026-04-24 02:17:58,369][dowhy.causal_identifier.auto_identifier][WARNING] - No directed path from treatment to outcome. Causal Effect is zero.
[2026-04-24 02:17:58,370][dowhy.causal_model][INFO] - linear_regression
[2026-04-24 02:17:58,370][dowhy.causal_estimator][INFO] - INFO: Using Linear Regression Estimator
[2026-04-24 02:17:58,370][dowhy.causal_estimator][WARNING] - No directed path from ['X3'] to ['X0'].
[2026-04-24 02:17:58,371][dowhy.causal_model][INFO] - Model to find the causal effect of treatment ['X3'] on outcome ['X1']
[2026-04-24 02:17:58,371][dowhy.causal_identifier.auto_identifier][WARNING] - No directed path from treatment to outcome. Causal Effect is zero.
[2026-04-24 02:17:58,371][dowhy.causal_model][INFO] - linear_regression
[2026-04-24 02:17:58,371][dowhy.causal_estimator][INFO] - INFO: Using Linear Regression Estimator
[2026-04-24 02:17:58,371][dowhy.causal_estimator][WARNING] - No directed path from ['X3'] to ['X1'].
[2026-04-24 02:17:58,373][dowhy.causal_model][INFO] - Model to find the causal effect of treatment ['X3'] on outcome ['X2']
[2026-04-24 02:17:58,373][dowhy.causal_identifier.auto_identifier][WARNING] - No directed path from treatment to outcome. Causal Effect is zero.
[2026-04-24 02:17:58,373][dowhy.causal_model][INFO] - linear_regression
[2026-04-24 02:17:58,373][dowhy.causal_estimator][INFO] - INFO: Using Linear Regression Estimator
[2026-04-24 02:17:58,373][dowhy.causal_estimator][WARNING] - No directed path from ['X3'] to ['X2'].
[2026-04-24 02:17:58,375][dowhy.causal_model][INFO] - Model to find the causal effect of treatment ['X3'] on outcome ['X4']
[2026-04-24 02:17:58,376][dowhy.causal_identifier.auto_identifier][INFO] - Causal effect can be identified.
[2026-04-24 02:17:58,376][dowhy.causal_identifier.auto_identifier][INFO] - Instrumental variables for treatment and outcome:['X0', 'X1']
[2026-04-24 02:17:58,377][dowhy.causal_identifier.auto_identifier][INFO] - Frontdoor variables for treatment and outcome:[]
[2026-04-24 02:17:58,377][dowhy.causal_model][INFO] - linear_regression
[2026-04-24 02:17:58,377][dowhy.causal_estimator][INFO] - INFO: Using Linear Regression Estimator
[2026-04-24 02:17:58,377][dowhy.causal_estimator][INFO] - b: X4~X3
[2026-04-24 02:17:58,383][dowhy.causal_model][INFO] - Model to find the causal effect of treatment ['X3'] on outcome ['X5']
[2026-04-24 02:17:58,384][dowhy.causal_identifier.auto_identifier][INFO] - Causal effect can be identified.
[2026-04-24 02:17:58,384][dowhy.causal_identifier.auto_identifier][INFO] - Instrumental variables for treatment and outcome:['X0', 'X1']
[2026-04-24 02:17:58,385][dowhy.causal_identifier.auto_identifier][INFO] - Frontdoor variables for treatment and outcome:['X4']
[2026-04-24 02:17:58,386][dowhy.causal_identifier.auto_identifier][INFO] - Causal effect can be identified.
[2026-04-24 02:17:58,387][dowhy.causal_identifier.auto_identifier][INFO] - Causal effect can be identified.
[2026-04-24 02:17:58,387][dowhy.causal_model][INFO] - linear_regression
[2026-04-24 02:17:58,387][dowhy.causal_estimator][INFO] - INFO: Using Linear Regression Estimator
[2026-04-24 02:17:58,388][dowhy.causal_estimator][INFO] - b: X5~X3+X3*X2
[2026-04-24 02:17:58,427][dowhy.causal_model][INFO] - Model to find the causal effect of treatment ['X4'] on outcome ['X0']
[2026-04-24 02:17:58,427][dowhy.causal_identifier.auto_identifier][WARNING] - No directed path from treatment to outcome. Causal Effect is zero.
[2026-04-24 02:17:58,427][dowhy.causal_model][INFO] - linear_regression
[2026-04-24 02:17:58,427][dowhy.causal_estimator][INFO] - INFO: Using Linear Regression Estimator
[2026-04-24 02:17:58,427][dowhy.causal_estimator][WARNING] - No directed path from ['X4'] to ['X0'].
[2026-04-24 02:17:58,429][dowhy.causal_model][INFO] - Model to find the causal effect of treatment ['X4'] on outcome ['X1']
[2026-04-24 02:17:58,429][dowhy.causal_identifier.auto_identifier][WARNING] - No directed path from treatment to outcome. Causal Effect is zero.
[2026-04-24 02:17:58,429][dowhy.causal_model][INFO] - linear_regression
[2026-04-24 02:17:58,429][dowhy.causal_estimator][INFO] - INFO: Using Linear Regression Estimator
[2026-04-24 02:17:58,429][dowhy.causal_estimator][WARNING] - No directed path from ['X4'] to ['X1'].
[2026-04-24 02:17:58,430][dowhy.causal_model][INFO] - Model to find the causal effect of treatment ['X4'] on outcome ['X2']
[2026-04-24 02:17:58,430][dowhy.causal_identifier.auto_identifier][WARNING] - No directed path from treatment to outcome. Causal Effect is zero.
[2026-04-24 02:17:58,431][dowhy.causal_model][INFO] - linear_regression
[2026-04-24 02:17:58,431][dowhy.causal_estimator][INFO] - INFO: Using Linear Regression Estimator
[2026-04-24 02:17:58,431][dowhy.causal_estimator][WARNING] - No directed path from ['X4'] to ['X2'].
[2026-04-24 02:17:58,432][dowhy.causal_model][INFO] - Model to find the causal effect of treatment ['X4'] on outcome ['X3']
[2026-04-24 02:17:58,432][dowhy.causal_identifier.auto_identifier][WARNING] - No directed path from treatment to outcome. Causal Effect is zero.
[2026-04-24 02:17:58,432][dowhy.causal_model][INFO] - linear_regression
[2026-04-24 02:17:58,432][dowhy.causal_estimator][INFO] - INFO: Using Linear Regression Estimator
[2026-04-24 02:17:58,432][dowhy.causal_estimator][WARNING] - No directed path from ['X4'] to ['X3'].
[2026-04-24 02:17:58,434][dowhy.causal_model][INFO] - Model to find the causal effect of treatment ['X4'] on outcome ['X5']
[2026-04-24 02:17:58,435][dowhy.causal_identifier.auto_identifier][INFO] - Causal effect can be identified.
[2026-04-24 02:17:58,435][dowhy.causal_identifier.auto_identifier][INFO] - Instrumental variables for treatment and outcome:['X3']
[2026-04-24 02:17:58,436][dowhy.causal_identifier.auto_identifier][INFO] - Frontdoor variables for treatment and outcome:[]
[2026-04-24 02:17:58,436][dowhy.causal_model][INFO] - linear_regression
[2026-04-24 02:17:58,436][dowhy.causal_estimator][INFO] - INFO: Using Linear Regression Estimator
[2026-04-24 02:17:58,436][dowhy.causal_estimator][INFO] - b: X5~X4+X4*X2
[2026-04-24 02:17:58,475][dowhy.causal_model][INFO] - Model to find the causal effect of treatment ['X5'] on outcome ['X0']
[2026-04-24 02:17:58,475][dowhy.causal_identifier.auto_identifier][WARNING] - No directed path from treatment to outcome. Causal Effect is zero.
[2026-04-24 02:17:58,475][dowhy.causal_model][INFO] - linear_regression
[2026-04-24 02:17:58,475][dowhy.causal_estimator][INFO] - INFO: Using Linear Regression Estimator
[2026-04-24 02:17:58,475][dowhy.causal_estimator][WARNING] - No directed path from ['X5'] to ['X0'].
[2026-04-24 02:17:58,477][dowhy.causal_model][INFO] - Model to find the causal effect of treatment ['X5'] on outcome ['X1']
[2026-04-24 02:17:58,477][dowhy.causal_identifier.auto_identifier][WARNING] - No directed path from treatment to outcome. Causal Effect is zero.
[2026-04-24 02:17:58,477][dowhy.causal_model][INFO] - linear_regression
[2026-04-24 02:17:58,477][dowhy.causal_estimator][INFO] - INFO: Using Linear Regression Estimator
[2026-04-24 02:17:58,477][dowhy.causal_estimator][WARNING] - No directed path from ['X5'] to ['X1'].
[2026-04-24 02:17:58,479][dowhy.causal_model][INFO] - Model to find the causal effect of treatment ['X5'] on outcome ['X2']
[2026-04-24 02:17:58,479][dowhy.causal_identifier.auto_identifier][WARNING] - No directed path from treatment to outcome. Causal Effect is zero.
[2026-04-24 02:17:58,479][dowhy.causal_model][INFO] - linear_regression
[2026-04-24 02:17:58,479][dowhy.causal_estimator][INFO] - INFO: Using Linear Regression Estimator
[2026-04-24 02:17:58,479][dowhy.causal_estimator][WARNING] - No directed path from ['X5'] to ['X2'].
[2026-04-24 02:17:58,481][dowhy.causal_model][INFO] - Model to find the causal effect of treatment ['X5'] on outcome ['X3']
[2026-04-24 02:17:58,481][dowhy.causal_identifier.auto_identifier][WARNING] - No directed path from treatment to outcome. Causal Effect is zero.
[2026-04-24 02:17:58,481][dowhy.causal_model][INFO] - linear_regression
[2026-04-24 02:17:58,481][dowhy.causal_estimator][INFO] - INFO: Using Linear Regression Estimator
[2026-04-24 02:17:58,481][dowhy.causal_estimator][WARNING] - No directed path from ['X5'] to ['X3'].
[2026-04-24 02:17:58,483][dowhy.causal_model][INFO] - Model to find the causal effect of treatment ['X5'] on outcome ['X4']
[2026-04-24 02:17:58,483][dowhy.causal_identifier.auto_identifier][WARNING] - No directed path from treatment to outcome. Causal Effect is zero.
[2026-04-24 02:17:58,483][dowhy.causal_model][INFO] - linear_regression
[2026-04-24 02:17:58,483][dowhy.causal_estimator][INFO] - INFO: Using Linear Regression Estimator
[2026-04-24 02:17:58,483][dowhy.causal_estimator][WARNING] - No directed path from ['X5'] to ['X4'].
[2026-04-24 02:17:58,538][dowhy.causal_model][INFO] - Model to find the causal effect of treatment ['X0'] on outcome ['X1']
[2026-04-24 02:17:58,539][dowhy.causal_identifier.auto_identifier][WARNING] - No directed path from treatment to outcome. Causal Effect is zero.
[2026-04-24 02:17:58,539][dowhy.causal_model][INFO] - linear_regression
[2026-04-24 02:17:58,539][dowhy.causal_estimator][INFO] - INFO: Using Linear Regression Estimator
[2026-04-24 02:17:58,539][dowhy.causal_estimator][WARNING] - No directed path from ['X0'] to ['X1'].
[2026-04-24 02:17:58,540][dowhy.causal_model][INFO] - Model to find the causal effect of treatment ['X0'] on outcome ['X2']
[2026-04-24 02:17:58,540][dowhy.causal_identifier.auto_identifier][WARNING] - No directed path from treatment to outcome. Causal Effect is zero.
[2026-04-24 02:17:58,541][dowhy.causal_model][INFO] - linear_regression
[2026-04-24 02:17:58,541][dowhy.causal_estimator][INFO] - INFO: Using Linear Regression Estimator
[2026-04-24 02:17:58,541][dowhy.causal_estimator][WARNING] - No directed path from ['X0'] to ['X2'].
[2026-04-24 02:17:58,543][dowhy.causal_model][INFO] - Model to find the causal effect of treatment ['X0'] on outcome ['X3']
[2026-04-24 02:17:58,543][dowhy.causal_identifier.auto_identifier][INFO] - Causal effect can be identified.
[2026-04-24 02:17:58,544][dowhy.causal_identifier.auto_identifier][INFO] - Instrumental variables for treatment and outcome:[]
[2026-04-24 02:17:58,544][dowhy.causal_identifier.auto_identifier][INFO] - Frontdoor variables for treatment and outcome:[]
[2026-04-24 02:17:58,544][dowhy.causal_model][INFO] - linear_regression
[2026-04-24 02:17:58,544][dowhy.causal_estimator][INFO] - INFO: Using Linear Regression Estimator
[2026-04-24 02:17:58,544][dowhy.causal_estimator][INFO] - b: X3~X0+X0*X1
[2026-04-24 02:17:58,553][dowhy.causal_model][INFO] - Model to find the causal effect of treatment ['X0'] on outcome ['X4']
[2026-04-24 02:17:58,553][dowhy.causal_identifier.auto_identifier][INFO] - Causal effect can be identified.
[2026-04-24 02:17:58,554][dowhy.causal_identifier.auto_identifier][INFO] - Instrumental variables for treatment and outcome:[]
[2026-04-24 02:17:58,554][dowhy.causal_identifier.auto_identifier][INFO] - Frontdoor variables for treatment and outcome:['X3']
[2026-04-24 02:17:58,555][dowhy.causal_identifier.auto_identifier][INFO] - Causal effect can be identified.
[2026-04-24 02:17:58,555][dowhy.causal_identifier.auto_identifier][INFO] - Causal effect can be identified.
[2026-04-24 02:17:58,556][dowhy.causal_model][INFO] - linear_regression
[2026-04-24 02:17:58,556][dowhy.causal_estimator][INFO] - INFO: Using Linear Regression Estimator
[2026-04-24 02:17:58,556][dowhy.causal_estimator][INFO] - b: X4~X0+X0*X1
[2026-04-24 02:17:58,565][dowhy.causal_model][INFO] - Model to find the causal effect of treatment ['X0'] on outcome ['X5']
[2026-04-24 02:17:58,565][dowhy.causal_identifier.auto_identifier][INFO] - Causal effect can be identified.
[2026-04-24 02:17:58,566][dowhy.causal_identifier.auto_identifier][INFO] - Instrumental variables for treatment and outcome:[]
[2026-04-24 02:17:58,566][dowhy.causal_identifier.auto_identifier][INFO] - Frontdoor variables for treatment and outcome:['X4', 'X3']
[2026-04-24 02:17:58,567][dowhy.causal_identifier.auto_identifier][INFO] - Causal effect can be identified.
[2026-04-24 02:17:58,568][dowhy.causal_identifier.auto_identifier][INFO] - Causal effect can be identified.
[2026-04-24 02:17:58,569][dowhy.causal_model][INFO] - linear_regression
[2026-04-24 02:17:58,569][dowhy.causal_estimator][INFO] - INFO: Using Linear Regression Estimator
[2026-04-24 02:17:58,569][dowhy.causal_estimator][INFO] - b: X5~X0+X0*X2+X0*X1
[2026-04-24 02:17:58,611][dowhy.causal_model][INFO] - Model to find the causal effect of treatment ['X1'] on outcome ['X0']
[2026-04-24 02:17:58,611][dowhy.causal_identifier.auto_identifier][WARNING] - No directed path from treatment to outcome. Causal Effect is zero.
[2026-04-24 02:17:58,611][dowhy.causal_model][INFO] - linear_regression
[2026-04-24 02:17:58,611][dowhy.causal_estimator][INFO] - INFO: Using Linear Regression Estimator
[2026-04-24 02:17:58,611][dowhy.causal_estimator][WARNING] - No directed path from ['X1'] to ['X0'].
[2026-04-24 02:17:58,613][dowhy.causal_model][INFO] - Model to find the causal effect of treatment ['X1'] on outcome ['X2']
[2026-04-24 02:17:58,613][dowhy.causal_identifier.auto_identifier][WARNING] - No directed path from treatment to outcome. Causal Effect is zero.
[2026-04-24 02:17:58,613][dowhy.causal_model][INFO] - linear_regression
[2026-04-24 02:17:58,613][dowhy.causal_estimator][INFO] - INFO: Using Linear Regression Estimator
[2026-04-24 02:17:58,613][dowhy.causal_estimator][WARNING] - No directed path from ['X1'] to ['X2'].
[2026-04-24 02:17:58,615][dowhy.causal_model][INFO] - Model to find the causal effect of treatment ['X1'] on outcome ['X3']
[2026-04-24 02:17:58,615][dowhy.causal_identifier.auto_identifier][INFO] - Causal effect can be identified.
[2026-04-24 02:17:58,616][dowhy.causal_identifier.auto_identifier][INFO] - Instrumental variables for treatment and outcome:[]
[2026-04-24 02:17:58,616][dowhy.causal_identifier.auto_identifier][INFO] - Frontdoor variables for treatment and outcome:[]
[2026-04-24 02:17:58,616][dowhy.causal_model][INFO] - linear_regression
[2026-04-24 02:17:58,616][dowhy.causal_estimator][INFO] - INFO: Using Linear Regression Estimator
[2026-04-24 02:17:58,616][dowhy.causal_estimator][INFO] - b: X3~X1+X1*X0
[2026-04-24 02:17:58,623][dowhy.causal_model][INFO] - Model to find the causal effect of treatment ['X1'] on outcome ['X4']
[2026-04-24 02:17:58,624][dowhy.causal_identifier.auto_identifier][INFO] - Causal effect can be identified.
[2026-04-24 02:17:58,624][dowhy.causal_identifier.auto_identifier][INFO] - Instrumental variables for treatment and outcome:[]
[2026-04-24 02:17:58,624][dowhy.causal_identifier.auto_identifier][INFO] - Frontdoor variables for treatment and outcome:['X3']
[2026-04-24 02:17:58,625][dowhy.causal_identifier.auto_identifier][INFO] - Causal effect can be identified.
[2026-04-24 02:17:58,626][dowhy.causal_identifier.auto_identifier][INFO] - Causal effect can be identified.
[2026-04-24 02:17:58,626][dowhy.causal_model][INFO] - linear_regression
[2026-04-24 02:17:58,627][dowhy.causal_estimator][INFO] - INFO: Using Linear Regression Estimator
[2026-04-24 02:17:58,627][dowhy.causal_estimator][INFO] - b: X4~X1+X1*X0
[2026-04-24 02:17:58,634][dowhy.causal_model][INFO] - Model to find the causal effect of treatment ['X1'] on outcome ['X5']
[2026-04-24 02:17:58,634][dowhy.causal_identifier.auto_identifier][INFO] - Causal effect can be identified.
[2026-04-24 02:17:58,635][dowhy.causal_identifier.auto_identifier][INFO] - Instrumental variables for treatment and outcome:[]
[2026-04-24 02:17:58,635][dowhy.causal_identifier.auto_identifier][INFO] - Frontdoor variables for treatment and outcome:['X4', 'X3']
[2026-04-24 02:17:58,636][dowhy.causal_identifier.auto_identifier][INFO] - Causal effect can be identified.
[2026-04-24 02:17:58,637][dowhy.causal_identifier.auto_identifier][INFO] - Causal effect can be identified.
[2026-04-24 02:17:58,638][dowhy.causal_model][INFO] - linear_regression
[2026-04-24 02:17:58,638][dowhy.causal_estimator][INFO] - INFO: Using Linear Regression Estimator
[2026-04-24 02:17:58,638][dowhy.causal_estimator][INFO] - b: X5~X1+X1*X0+X1*X2
[2026-04-24 02:17:58,678][dowhy.causal_model][INFO] - Model to find the causal effect of treatment ['X2'] on outcome ['X0']
[2026-04-24 02:17:58,678][dowhy.causal_identifier.auto_identifier][WARNING] - No directed path from treatment to outcome. Causal Effect is zero.
[2026-04-24 02:17:58,679][dowhy.causal_model][INFO] - linear_regression
[2026-04-24 02:17:58,679][dowhy.causal_estimator][INFO] - INFO: Using Linear Regression Estimator
[2026-04-24 02:17:58,679][dowhy.causal_estimator][WARNING] - No directed path from ['X2'] to ['X0'].
[2026-04-24 02:17:58,680][dowhy.causal_model][INFO] - Model to find the causal effect of treatment ['X2'] on outcome ['X1']
[2026-04-24 02:17:58,680][dowhy.causal_identifier.auto_identifier][WARNING] - No directed path from treatment to outcome. Causal Effect is zero.
[2026-04-24 02:17:58,680][dowhy.causal_model][INFO] - linear_regression
[2026-04-24 02:17:58,680][dowhy.causal_estimator][INFO] - INFO: Using Linear Regression Estimator
[2026-04-24 02:17:58,680][dowhy.causal_estimator][WARNING] - No directed path from ['X2'] to ['X1'].
[2026-04-24 02:17:58,682][dowhy.causal_model][INFO] - Model to find the causal effect of treatment ['X2'] on outcome ['X3']
[2026-04-24 02:17:58,682][dowhy.causal_identifier.auto_identifier][WARNING] - No directed path from treatment to outcome. Causal Effect is zero.
[2026-04-24 02:17:58,682][dowhy.causal_model][INFO] - linear_regression
[2026-04-24 02:17:58,682][dowhy.causal_estimator][INFO] - INFO: Using Linear Regression Estimator
[2026-04-24 02:17:58,682][dowhy.causal_estimator][WARNING] - No directed path from ['X2'] to ['X3'].
[2026-04-24 02:17:58,684][dowhy.causal_model][INFO] - Model to find the causal effect of treatment ['X2'] on outcome ['X4']
[2026-04-24 02:17:58,684][dowhy.causal_identifier.auto_identifier][WARNING] - No directed path from treatment to outcome. Causal Effect is zero.
[2026-04-24 02:17:58,684][dowhy.causal_model][INFO] - linear_regression
[2026-04-24 02:17:58,684][dowhy.causal_estimator][INFO] - INFO: Using Linear Regression Estimator
[2026-04-24 02:17:58,684][dowhy.causal_estimator][WARNING] - No directed path from ['X2'] to ['X4'].
[2026-04-24 02:17:58,686][dowhy.causal_model][INFO] - Model to find the causal effect of treatment ['X2'] on outcome ['X5']
[2026-04-24 02:17:58,687][dowhy.causal_identifier.auto_identifier][INFO] - Causal effect can be identified.
[2026-04-24 02:17:58,687][dowhy.causal_identifier.auto_identifier][INFO] - Instrumental variables for treatment and outcome:[]
[2026-04-24 02:17:58,687][dowhy.causal_identifier.auto_identifier][INFO] - Frontdoor variables for treatment and outcome:[]
[2026-04-24 02:17:58,688][dowhy.causal_model][INFO] - linear_regression
[2026-04-24 02:17:58,688][dowhy.causal_estimator][INFO] - INFO: Using Linear Regression Estimator
[2026-04-24 02:17:58,688][dowhy.causal_estimator][INFO] - b: X5~X2+X2*X4+X2*X0+X2*X3+X2*X1
[2026-04-24 02:17:58,735][dowhy.causal_model][INFO] - Model to find the causal effect of treatment ['X3'] on outcome ['X0']
[2026-04-24 02:17:58,735][dowhy.causal_identifier.auto_identifier][WARNING] - No directed path from treatment to outcome. Causal Effect is zero.
[2026-04-24 02:17:58,735][dowhy.causal_model][INFO] - linear_regression
[2026-04-24 02:17:58,735][dowhy.causal_estimator][INFO] - INFO: Using Linear Regression Estimator
[2026-04-24 02:17:58,735][dowhy.causal_estimator][WARNING] - No directed path from ['X3'] to ['X0'].
[2026-04-24 02:17:58,737][dowhy.causal_model][INFO] - Model to find the causal effect of treatment ['X3'] on outcome ['X1']
[2026-04-24 02:17:58,737][dowhy.causal_identifier.auto_identifier][WARNING] - No directed path from treatment to outcome. Causal Effect is zero.
[2026-04-24 02:17:58,737][dowhy.causal_model][INFO] - linear_regression
[2026-04-24 02:17:58,737][dowhy.causal_estimator][INFO] - INFO: Using Linear Regression Estimator
[2026-04-24 02:17:58,737][dowhy.causal_estimator][WARNING] - No directed path from ['X3'] to ['X1'].
[2026-04-24 02:17:58,739][dowhy.causal_model][INFO] - Model to find the causal effect of treatment ['X3'] on outcome ['X2']
[2026-04-24 02:17:58,739][dowhy.causal_identifier.auto_identifier][WARNING] - No directed path from treatment to outcome. Causal Effect is zero.
[2026-04-24 02:17:58,739][dowhy.causal_model][INFO] - linear_regression
[2026-04-24 02:17:58,739][dowhy.causal_estimator][INFO] - INFO: Using Linear Regression Estimator
[2026-04-24 02:17:58,739][dowhy.causal_estimator][WARNING] - No directed path from ['X3'] to ['X2'].
[2026-04-24 02:17:58,742][dowhy.causal_model][INFO] - Model to find the causal effect of treatment ['X3'] on outcome ['X4']
[2026-04-24 02:17:58,742][dowhy.causal_identifier.auto_identifier][INFO] - Causal effect can be identified.
[2026-04-24 02:17:58,743][dowhy.causal_identifier.auto_identifier][INFO] - Instrumental variables for treatment and outcome:['X0', 'X1']
[2026-04-24 02:17:58,743][dowhy.causal_identifier.auto_identifier][INFO] - Frontdoor variables for treatment and outcome:[]
[2026-04-24 02:17:58,743][dowhy.causal_model][INFO] - linear_regression
[2026-04-24 02:17:58,743][dowhy.causal_estimator][INFO] - INFO: Using Linear Regression Estimator
[2026-04-24 02:17:58,743][dowhy.causal_estimator][INFO] - b: X4~X3
[2026-04-24 02:17:58,750][dowhy.causal_model][INFO] - Model to find the causal effect of treatment ['X3'] on outcome ['X5']
[2026-04-24 02:17:58,751][dowhy.causal_identifier.auto_identifier][INFO] - Causal effect can be identified.
[2026-04-24 02:17:58,751][dowhy.causal_identifier.auto_identifier][INFO] - Instrumental variables for treatment and outcome:['X0', 'X1']
[2026-04-24 02:17:58,752][dowhy.causal_identifier.auto_identifier][INFO] - Frontdoor variables for treatment and outcome:['X4']
[2026-04-24 02:17:58,753][dowhy.causal_identifier.auto_identifier][INFO] - Causal effect can be identified.
[2026-04-24 02:17:58,754][dowhy.causal_identifier.auto_identifier][INFO] - Causal effect can be identified.
[2026-04-24 02:17:58,755][dowhy.causal_model][INFO] - linear_regression
[2026-04-24 02:17:58,755][dowhy.causal_estimator][INFO] - INFO: Using Linear Regression Estimator
[2026-04-24 02:17:58,755][dowhy.causal_estimator][INFO] - b: X5~X3+X3*X2
[2026-04-24 02:17:58,800][dowhy.causal_model][INFO] - Model to find the causal effect of treatment ['X4'] on outcome ['X0']
[2026-04-24 02:17:58,800][dowhy.causal_identifier.auto_identifier][WARNING] - No directed path from treatment to outcome. Causal Effect is zero.
[2026-04-24 02:17:58,800][dowhy.causal_model][INFO] - linear_regression
[2026-04-24 02:17:58,800][dowhy.causal_estimator][INFO] - INFO: Using Linear Regression Estimator
[2026-04-24 02:17:58,800][dowhy.causal_estimator][WARNING] - No directed path from ['X4'] to ['X0'].
[2026-04-24 02:17:58,802][dowhy.causal_model][INFO] - Model to find the causal effect of treatment ['X4'] on outcome ['X1']
[2026-04-24 02:17:58,802][dowhy.causal_identifier.auto_identifier][WARNING] - No directed path from treatment to outcome. Causal Effect is zero.
[2026-04-24 02:17:58,802][dowhy.causal_model][INFO] - linear_regression
[2026-04-24 02:17:58,802][dowhy.causal_estimator][INFO] - INFO: Using Linear Regression Estimator
[2026-04-24 02:17:58,802][dowhy.causal_estimator][WARNING] - No directed path from ['X4'] to ['X1'].
[2026-04-24 02:17:58,804][dowhy.causal_model][INFO] - Model to find the causal effect of treatment ['X4'] on outcome ['X2']
[2026-04-24 02:17:58,804][dowhy.causal_identifier.auto_identifier][WARNING] - No directed path from treatment to outcome. Causal Effect is zero.
[2026-04-24 02:17:58,804][dowhy.causal_model][INFO] - linear_regression
[2026-04-24 02:17:58,804][dowhy.causal_estimator][INFO] - INFO: Using Linear Regression Estimator
[2026-04-24 02:17:58,804][dowhy.causal_estimator][WARNING] - No directed path from ['X4'] to ['X2'].
[2026-04-24 02:17:58,806][dowhy.causal_model][INFO] - Model to find the causal effect of treatment ['X4'] on outcome ['X3']
[2026-04-24 02:17:58,806][dowhy.causal_identifier.auto_identifier][WARNING] - No directed path from treatment to outcome. Causal Effect is zero.
[2026-04-24 02:17:58,806][dowhy.causal_model][INFO] - linear_regression
[2026-04-24 02:17:58,806][dowhy.causal_estimator][INFO] - INFO: Using Linear Regression Estimator
[2026-04-24 02:17:58,806][dowhy.causal_estimator][WARNING] - No directed path from ['X4'] to ['X3'].
[2026-04-24 02:17:58,808][dowhy.causal_model][INFO] - Model to find the causal effect of treatment ['X4'] on outcome ['X5']
[2026-04-24 02:17:58,808][dowhy.causal_identifier.auto_identifier][INFO] - Causal effect can be identified.
[2026-04-24 02:17:58,809][dowhy.causal_identifier.auto_identifier][INFO] - Instrumental variables for treatment and outcome:['X3']
[2026-04-24 02:17:58,809][dowhy.causal_identifier.auto_identifier][INFO] - Frontdoor variables for treatment and outcome:[]
[2026-04-24 02:17:58,809][dowhy.causal_model][INFO] - linear_regression
[2026-04-24 02:17:58,809][dowhy.causal_estimator][INFO] - INFO: Using Linear Regression Estimator
[2026-04-24 02:17:58,810][dowhy.causal_estimator][INFO] - b: X5~X4+X4*X2
[2026-04-24 02:17:58,848][dowhy.causal_model][INFO] - Model to find the causal effect of treatment ['X5'] on outcome ['X0']
[2026-04-24 02:17:58,848][dowhy.causal_identifier.auto_identifier][WARNING] - No directed path from treatment to outcome. Causal Effect is zero.
[2026-04-24 02:17:58,848][dowhy.causal_model][INFO] - linear_regression
[2026-04-24 02:17:58,848][dowhy.causal_estimator][INFO] - INFO: Using Linear Regression Estimator
[2026-04-24 02:17:58,848][dowhy.causal_estimator][WARNING] - No directed path from ['X5'] to ['X0'].
[2026-04-24 02:17:58,850][dowhy.causal_model][INFO] - Model to find the causal effect of treatment ['X5'] on outcome ['X1']
[2026-04-24 02:17:58,850][dowhy.causal_identifier.auto_identifier][WARNING] - No directed path from treatment to outcome. Causal Effect is zero.
[2026-04-24 02:17:58,850][dowhy.causal_model][INFO] - linear_regression
[2026-04-24 02:17:58,850][dowhy.causal_estimator][INFO] - INFO: Using Linear Regression Estimator
[2026-04-24 02:17:58,850][dowhy.causal_estimator][WARNING] - No directed path from ['X5'] to ['X1'].
[2026-04-24 02:17:58,852][dowhy.causal_model][INFO] - Model to find the causal effect of treatment ['X5'] on outcome ['X2']
[2026-04-24 02:17:58,852][dowhy.causal_identifier.auto_identifier][WARNING] - No directed path from treatment to outcome. Causal Effect is zero.
[2026-04-24 02:17:58,852][dowhy.causal_model][INFO] - linear_regression
[2026-04-24 02:17:58,852][dowhy.causal_estimator][INFO] - INFO: Using Linear Regression Estimator
[2026-04-24 02:17:58,852][dowhy.causal_estimator][WARNING] - No directed path from ['X5'] to ['X2'].
[2026-04-24 02:17:58,853][dowhy.causal_model][INFO] - Model to find the causal effect of treatment ['X5'] on outcome ['X3']
[2026-04-24 02:17:58,853][dowhy.causal_identifier.auto_identifier][WARNING] - No directed path from treatment to outcome. Causal Effect is zero.
[2026-04-24 02:17:58,853][dowhy.causal_model][INFO] - linear_regression
[2026-04-24 02:17:58,853][dowhy.causal_estimator][INFO] - INFO: Using Linear Regression Estimator
[2026-04-24 02:17:58,853][dowhy.causal_estimator][WARNING] - No directed path from ['X5'] to ['X3'].
[2026-04-24 02:17:58,855][dowhy.causal_model][INFO] - Model to find the causal effect of treatment ['X5'] on outcome ['X4']
[2026-04-24 02:17:58,855][dowhy.causal_identifier.auto_identifier][WARNING] - No directed path from treatment to outcome. Causal Effect is zero.
[2026-04-24 02:17:58,855][dowhy.causal_model][INFO] - linear_regression
[2026-04-24 02:17:58,855][dowhy.causal_estimator][INFO] - INFO: Using Linear Regression Estimator
[2026-04-24 02:17:58,855][dowhy.causal_estimator][WARNING] - No directed path from ['X5'] to ['X4'].
[2026-04-24 02:17:58,904][dowhy.causal_model][INFO] - Model to find the causal effect of treatment ['X0'] on outcome ['X1']
[2026-04-24 02:17:58,904][dowhy.causal_identifier.auto_identifier][WARNING] - No directed path from treatment to outcome. Causal Effect is zero.
[2026-04-24 02:17:58,904][dowhy.causal_model][INFO] - linear_regression
[2026-04-24 02:17:58,904][dowhy.causal_estimator][INFO] - INFO: Using Linear Regression Estimator
[2026-04-24 02:17:58,904][dowhy.causal_estimator][WARNING] - No directed path from ['X0'] to ['X1'].
[2026-04-24 02:17:58,906][dowhy.causal_model][INFO] - Model to find the causal effect of treatment ['X0'] on outcome ['X2']
[2026-04-24 02:17:58,906][dowhy.causal_identifier.auto_identifier][WARNING] - No directed path from treatment to outcome. Causal Effect is zero.
[2026-04-24 02:17:58,906][dowhy.causal_model][INFO] - linear_regression
[2026-04-24 02:17:58,906][dowhy.causal_estimator][INFO] - INFO: Using Linear Regression Estimator
[2026-04-24 02:17:58,906][dowhy.causal_estimator][WARNING] - No directed path from ['X0'] to ['X2'].
[2026-04-24 02:17:58,908][dowhy.causal_model][INFO] - Model to find the causal effect of treatment ['X0'] on outcome ['X3']
[2026-04-24 02:17:58,909][dowhy.causal_identifier.auto_identifier][INFO] - Causal effect can be identified.
[2026-04-24 02:17:58,909][dowhy.causal_identifier.auto_identifier][INFO] - Instrumental variables for treatment and outcome:[]
[2026-04-24 02:17:58,909][dowhy.causal_identifier.auto_identifier][INFO] - Frontdoor variables for treatment and outcome:[]
[2026-04-24 02:17:58,909][dowhy.causal_model][INFO] - linear_regression
[2026-04-24 02:17:58,909][dowhy.causal_estimator][INFO] - INFO: Using Linear Regression Estimator
[2026-04-24 02:17:58,910][dowhy.causal_estimator][INFO] - b: X3~X0+X0*X1
[2026-04-24 02:17:58,918][dowhy.causal_model][INFO] - Model to find the causal effect of treatment ['X0'] on outcome ['X4']
[2026-04-24 02:17:58,918][dowhy.causal_identifier.auto_identifier][INFO] - Causal effect can be identified.
[2026-04-24 02:17:58,919][dowhy.causal_identifier.auto_identifier][INFO] - Instrumental variables for treatment and outcome:[]
[2026-04-24 02:17:58,919][dowhy.causal_identifier.auto_identifier][INFO] - Frontdoor variables for treatment and outcome:['X3']
[2026-04-24 02:17:58,920][dowhy.causal_identifier.auto_identifier][INFO] - Causal effect can be identified.
[2026-04-24 02:17:58,921][dowhy.causal_identifier.auto_identifier][INFO] - Causal effect can be identified.
[2026-04-24 02:17:58,921][dowhy.causal_model][INFO] - linear_regression
[2026-04-24 02:17:58,921][dowhy.causal_estimator][INFO] - INFO: Using Linear Regression Estimator
[2026-04-24 02:17:58,922][dowhy.causal_estimator][INFO] - b: X4~X0+X0*X1
[2026-04-24 02:17:58,930][dowhy.causal_model][INFO] - Model to find the causal effect of treatment ['X0'] on outcome ['X5']
[2026-04-24 02:17:58,931][dowhy.causal_identifier.auto_identifier][INFO] - Causal effect can be identified.
[2026-04-24 02:17:58,931][dowhy.causal_identifier.auto_identifier][INFO] - Instrumental variables for treatment and outcome:[]
[2026-04-24 02:17:58,932][dowhy.causal_identifier.auto_identifier][INFO] - Frontdoor variables for treatment and outcome:['X4', 'X3']
[2026-04-24 02:17:58,933][dowhy.causal_identifier.auto_identifier][INFO] - Causal effect can be identified.
[2026-04-24 02:17:58,934][dowhy.causal_identifier.auto_identifier][INFO] - Causal effect can be identified.
[2026-04-24 02:17:58,934][dowhy.causal_model][INFO] - linear_regression
[2026-04-24 02:17:58,934][dowhy.causal_estimator][INFO] - INFO: Using Linear Regression Estimator
[2026-04-24 02:17:58,934][dowhy.causal_estimator][INFO] - b: X5~X0+X0*X2+X0*X1
[2026-04-24 02:17:58,981][dowhy.causal_model][INFO] - Model to find the causal effect of treatment ['X1'] on outcome ['X0']
[2026-04-24 02:17:58,981][dowhy.causal_identifier.auto_identifier][WARNING] - No directed path from treatment to outcome. Causal Effect is zero.
[2026-04-24 02:17:58,981][dowhy.causal_model][INFO] - linear_regression
[2026-04-24 02:17:58,981][dowhy.causal_estimator][INFO] - INFO: Using Linear Regression Estimator
[2026-04-24 02:17:58,981][dowhy.causal_estimator][WARNING] - No directed path from ['X1'] to ['X0'].
[2026-04-24 02:17:58,983][dowhy.causal_model][INFO] - Model to find the causal effect of treatment ['X1'] on outcome ['X2']
[2026-04-24 02:17:58,983][dowhy.causal_identifier.auto_identifier][WARNING] - No directed path from treatment to outcome. Causal Effect is zero.
[2026-04-24 02:17:58,983][dowhy.causal_model][INFO] - linear_regression
[2026-04-24 02:17:58,983][dowhy.causal_estimator][INFO] - INFO: Using Linear Regression Estimator
[2026-04-24 02:17:58,983][dowhy.causal_estimator][WARNING] - No directed path from ['X1'] to ['X2'].
[2026-04-24 02:17:58,985][dowhy.causal_model][INFO] - Model to find the causal effect of treatment ['X1'] on outcome ['X3']
[2026-04-24 02:17:58,986][dowhy.causal_identifier.auto_identifier][INFO] - Causal effect can be identified.
[2026-04-24 02:17:58,986][dowhy.causal_identifier.auto_identifier][INFO] - Instrumental variables for treatment and outcome:[]
[2026-04-24 02:17:58,986][dowhy.causal_identifier.auto_identifier][INFO] - Frontdoor variables for treatment and outcome:[]
[2026-04-24 02:17:58,986][dowhy.causal_model][INFO] - linear_regression
[2026-04-24 02:17:58,986][dowhy.causal_estimator][INFO] - INFO: Using Linear Regression Estimator
[2026-04-24 02:17:58,986][dowhy.causal_estimator][INFO] - b: X3~X1+X1*X0
[2026-04-24 02:17:58,994][dowhy.causal_model][INFO] - Model to find the causal effect of treatment ['X1'] on outcome ['X4']
[2026-04-24 02:17:58,995][dowhy.causal_identifier.auto_identifier][INFO] - Causal effect can be identified.
[2026-04-24 02:17:58,995][dowhy.causal_identifier.auto_identifier][INFO] - Instrumental variables for treatment and outcome:[]
[2026-04-24 02:17:58,996][dowhy.causal_identifier.auto_identifier][INFO] - Frontdoor variables for treatment and outcome:['X3']
[2026-04-24 02:17:58,996][dowhy.causal_identifier.auto_identifier][INFO] - Causal effect can be identified.
[2026-04-24 02:17:58,997][dowhy.causal_identifier.auto_identifier][INFO] - Causal effect can be identified.
[2026-04-24 02:17:58,998][dowhy.causal_model][INFO] - linear_regression
[2026-04-24 02:17:58,998][dowhy.causal_estimator][INFO] - INFO: Using Linear Regression Estimator
[2026-04-24 02:17:58,998][dowhy.causal_estimator][INFO] - b: X4~X1+X1*X0
[2026-04-24 02:17:59,006][dowhy.causal_model][INFO] - Model to find the causal effect of treatment ['X1'] on outcome ['X5']
[2026-04-24 02:17:59,007][dowhy.causal_identifier.auto_identifier][INFO] - Causal effect can be identified.
[2026-04-24 02:17:59,007][dowhy.causal_identifier.auto_identifier][INFO] - Instrumental variables for treatment and outcome:[]
[2026-04-24 02:17:59,008][dowhy.causal_identifier.auto_identifier][INFO] - Frontdoor variables for treatment and outcome:['X4', 'X3']
[2026-04-24 02:17:59,009][dowhy.causal_identifier.auto_identifier][INFO] - Causal effect can be identified.
[2026-04-24 02:17:59,010][dowhy.causal_identifier.auto_identifier][INFO] - Causal effect can be identified.
[2026-04-24 02:17:59,010][dowhy.causal_model][INFO] - linear_regression
[2026-04-24 02:17:59,010][dowhy.causal_estimator][INFO] - INFO: Using Linear Regression Estimator
[2026-04-24 02:17:59,010][dowhy.causal_estimator][INFO] - b: X5~X1+X1*X0+X1*X2
[2026-04-24 02:17:59,050][dowhy.causal_model][INFO] - Model to find the causal effect of treatment ['X2'] on outcome ['X0']
[2026-04-24 02:17:59,050][dowhy.causal_identifier.auto_identifier][WARNING] - No directed path from treatment to outcome. Causal Effect is zero.
[2026-04-24 02:17:59,050][dowhy.causal_model][INFO] - linear_regression
[2026-04-24 02:17:59,051][dowhy.causal_estimator][INFO] - INFO: Using Linear Regression Estimator
[2026-04-24 02:17:59,051][dowhy.causal_estimator][WARNING] - No directed path from ['X2'] to ['X0'].
[2026-04-24 02:17:59,052][dowhy.causal_model][INFO] - Model to find the causal effect of treatment ['X2'] on outcome ['X1']
[2026-04-24 02:17:59,052][dowhy.causal_identifier.auto_identifier][WARNING] - No directed path from treatment to outcome. Causal Effect is zero.
[2026-04-24 02:17:59,052][dowhy.causal_model][INFO] - linear_regression
[2026-04-24 02:17:59,052][dowhy.causal_estimator][INFO] - INFO: Using Linear Regression Estimator
[2026-04-24 02:17:59,052][dowhy.causal_estimator][WARNING] - No directed path from ['X2'] to ['X1'].
[2026-04-24 02:17:59,054][dowhy.causal_model][INFO] - Model to find the causal effect of treatment ['X2'] on outcome ['X3']
[2026-04-24 02:17:59,054][dowhy.causal_identifier.auto_identifier][WARNING] - No directed path from treatment to outcome. Causal Effect is zero.
[2026-04-24 02:17:59,054][dowhy.causal_model][INFO] - linear_regression
[2026-04-24 02:17:59,054][dowhy.causal_estimator][INFO] - INFO: Using Linear Regression Estimator
[2026-04-24 02:17:59,054][dowhy.causal_estimator][WARNING] - No directed path from ['X2'] to ['X3'].
[2026-04-24 02:17:59,056][dowhy.causal_model][INFO] - Model to find the causal effect of treatment ['X2'] on outcome ['X4']
[2026-04-24 02:17:59,056][dowhy.causal_identifier.auto_identifier][WARNING] - No directed path from treatment to outcome. Causal Effect is zero.
[2026-04-24 02:17:59,056][dowhy.causal_model][INFO] - linear_regression
[2026-04-24 02:17:59,056][dowhy.causal_estimator][INFO] - INFO: Using Linear Regression Estimator
[2026-04-24 02:17:59,056][dowhy.causal_estimator][WARNING] - No directed path from ['X2'] to ['X4'].
[2026-04-24 02:17:59,057][dowhy.causal_model][INFO] - Model to find the causal effect of treatment ['X2'] on outcome ['X5']
[2026-04-24 02:17:59,058][dowhy.causal_identifier.auto_identifier][INFO] - Causal effect can be identified.
[2026-04-24 02:17:59,059][dowhy.causal_identifier.auto_identifier][INFO] - Instrumental variables for treatment and outcome:[]
[2026-04-24 02:17:59,059][dowhy.causal_identifier.auto_identifier][INFO] - Frontdoor variables for treatment and outcome:[]
[2026-04-24 02:17:59,059][dowhy.causal_model][INFO] - linear_regression
[2026-04-24 02:17:59,059][dowhy.causal_estimator][INFO] - INFO: Using Linear Regression Estimator
[2026-04-24 02:17:59,059][dowhy.causal_estimator][INFO] - b: X5~X2+X2*X4+X2*X0+X2*X3+X2*X1
[2026-04-24 02:17:59,099][dowhy.causal_model][INFO] - Model to find the causal effect of treatment ['X3'] on outcome ['X0']
[2026-04-24 02:17:59,099][dowhy.causal_identifier.auto_identifier][WARNING] - No directed path from treatment to outcome. Causal Effect is zero.
[2026-04-24 02:17:59,099][dowhy.causal_model][INFO] - linear_regression
[2026-04-24 02:17:59,099][dowhy.causal_estimator][INFO] - INFO: Using Linear Regression Estimator
[2026-04-24 02:17:59,099][dowhy.causal_estimator][WARNING] - No directed path from ['X3'] to ['X0'].
[2026-04-24 02:17:59,101][dowhy.causal_model][INFO] - Model to find the causal effect of treatment ['X3'] on outcome ['X1']
[2026-04-24 02:17:59,101][dowhy.causal_identifier.auto_identifier][WARNING] - No directed path from treatment to outcome. Causal Effect is zero.
[2026-04-24 02:17:59,101][dowhy.causal_model][INFO] - linear_regression
[2026-04-24 02:17:59,101][dowhy.causal_estimator][INFO] - INFO: Using Linear Regression Estimator
[2026-04-24 02:17:59,101][dowhy.causal_estimator][WARNING] - No directed path from ['X3'] to ['X1'].
[2026-04-24 02:17:59,102][dowhy.causal_model][INFO] - Model to find the causal effect of treatment ['X3'] on outcome ['X2']
[2026-04-24 02:17:59,102][dowhy.causal_identifier.auto_identifier][WARNING] - No directed path from treatment to outcome. Causal Effect is zero.
[2026-04-24 02:17:59,102][dowhy.causal_model][INFO] - linear_regression
[2026-04-24 02:17:59,103][dowhy.causal_estimator][INFO] - INFO: Using Linear Regression Estimator
[2026-04-24 02:17:59,103][dowhy.causal_estimator][WARNING] - No directed path from ['X3'] to ['X2'].
[2026-04-24 02:17:59,104][dowhy.causal_model][INFO] - Model to find the causal effect of treatment ['X3'] on outcome ['X4']
[2026-04-24 02:17:59,105][dowhy.causal_identifier.auto_identifier][INFO] - Causal effect can be identified.
[2026-04-24 02:17:59,105][dowhy.causal_identifier.auto_identifier][INFO] - Instrumental variables for treatment and outcome:['X0', 'X1']
[2026-04-24 02:17:59,106][dowhy.causal_identifier.auto_identifier][INFO] - Frontdoor variables for treatment and outcome:[]
[2026-04-24 02:17:59,106][dowhy.causal_model][INFO] - linear_regression
[2026-04-24 02:17:59,106][dowhy.causal_estimator][INFO] - INFO: Using Linear Regression Estimator
[2026-04-24 02:17:59,106][dowhy.causal_estimator][INFO] - b: X4~X3
[2026-04-24 02:17:59,112][dowhy.causal_model][INFO] - Model to find the causal effect of treatment ['X3'] on outcome ['X5']
[2026-04-24 02:17:59,113][dowhy.causal_identifier.auto_identifier][INFO] - Causal effect can be identified.
[2026-04-24 02:17:59,113][dowhy.causal_identifier.auto_identifier][INFO] - Instrumental variables for treatment and outcome:['X0', 'X1']
[2026-04-24 02:17:59,114][dowhy.causal_identifier.auto_identifier][INFO] - Frontdoor variables for treatment and outcome:['X4']
[2026-04-24 02:17:59,115][dowhy.causal_identifier.auto_identifier][INFO] - Causal effect can be identified.
[2026-04-24 02:17:59,116][dowhy.causal_identifier.auto_identifier][INFO] - Causal effect can be identified.
[2026-04-24 02:17:59,116][dowhy.causal_model][INFO] - linear_regression
[2026-04-24 02:17:59,116][dowhy.causal_estimator][INFO] - INFO: Using Linear Regression Estimator
[2026-04-24 02:17:59,117][dowhy.causal_estimator][INFO] - b: X5~X3+X3*X2
[2026-04-24 02:17:59,160][dowhy.causal_model][INFO] - Model to find the causal effect of treatment ['X4'] on outcome ['X0']
[2026-04-24 02:17:59,161][dowhy.causal_identifier.auto_identifier][WARNING] - No directed path from treatment to outcome. Causal Effect is zero.
[2026-04-24 02:17:59,161][dowhy.causal_model][INFO] - linear_regression
[2026-04-24 02:17:59,161][dowhy.causal_estimator][INFO] - INFO: Using Linear Regression Estimator
[2026-04-24 02:17:59,161][dowhy.causal_estimator][WARNING] - No directed path from ['X4'] to ['X0'].
[2026-04-24 02:17:59,162][dowhy.causal_model][INFO] - Model to find the causal effect of treatment ['X4'] on outcome ['X1']
[2026-04-24 02:17:59,163][dowhy.causal_identifier.auto_identifier][WARNING] - No directed path from treatment to outcome. Causal Effect is zero.
[2026-04-24 02:17:59,163][dowhy.causal_model][INFO] - linear_regression
[2026-04-24 02:17:59,163][dowhy.causal_estimator][INFO] - INFO: Using Linear Regression Estimator
[2026-04-24 02:17:59,163][dowhy.causal_estimator][WARNING] - No directed path from ['X4'] to ['X1'].
[2026-04-24 02:17:59,164][dowhy.causal_model][INFO] - Model to find the causal effect of treatment ['X4'] on outcome ['X2']
[2026-04-24 02:17:59,164][dowhy.causal_identifier.auto_identifier][WARNING] - No directed path from treatment to outcome. Causal Effect is zero.
[2026-04-24 02:17:59,164][dowhy.causal_model][INFO] - linear_regression
[2026-04-24 02:17:59,164][dowhy.causal_estimator][INFO] - INFO: Using Linear Regression Estimator
[2026-04-24 02:17:59,165][dowhy.causal_estimator][WARNING] - No directed path from ['X4'] to ['X2'].
[2026-04-24 02:17:59,166][dowhy.causal_model][INFO] - Model to find the causal effect of treatment ['X4'] on outcome ['X3']
[2026-04-24 02:17:59,166][dowhy.causal_identifier.auto_identifier][WARNING] - No directed path from treatment to outcome. Causal Effect is zero.
[2026-04-24 02:17:59,166][dowhy.causal_model][INFO] - linear_regression
[2026-04-24 02:17:59,167][dowhy.causal_estimator][INFO] - INFO: Using Linear Regression Estimator
[2026-04-24 02:17:59,167][dowhy.causal_estimator][WARNING] - No directed path from ['X4'] to ['X3'].
[2026-04-24 02:17:59,168][dowhy.causal_model][INFO] - Model to find the causal effect of treatment ['X4'] on outcome ['X5']
[2026-04-24 02:17:59,169][dowhy.causal_identifier.auto_identifier][INFO] - Causal effect can be identified.
[2026-04-24 02:17:59,170][dowhy.causal_identifier.auto_identifier][INFO] - Instrumental variables for treatment and outcome:['X3']
[2026-04-24 02:17:59,170][dowhy.causal_identifier.auto_identifier][INFO] - Frontdoor variables for treatment and outcome:[]
[2026-04-24 02:17:59,170][dowhy.causal_model][INFO] - linear_regression
[2026-04-24 02:17:59,170][dowhy.causal_estimator][INFO] - INFO: Using Linear Regression Estimator
[2026-04-24 02:17:59,171][dowhy.causal_estimator][INFO] - b: X5~X4+X4*X2
[2026-04-24 02:17:59,215][dowhy.causal_model][INFO] - Model to find the causal effect of treatment ['X5'] on outcome ['X0']
[2026-04-24 02:17:59,215][dowhy.causal_identifier.auto_identifier][WARNING] - No directed path from treatment to outcome. Causal Effect is zero.
[2026-04-24 02:17:59,215][dowhy.causal_model][INFO] - linear_regression
[2026-04-24 02:17:59,215][dowhy.causal_estimator][INFO] - INFO: Using Linear Regression Estimator
[2026-04-24 02:17:59,215][dowhy.causal_estimator][WARNING] - No directed path from ['X5'] to ['X0'].
[2026-04-24 02:17:59,216][dowhy.causal_model][INFO] - Model to find the causal effect of treatment ['X5'] on outcome ['X1']
[2026-04-24 02:17:59,217][dowhy.causal_identifier.auto_identifier][WARNING] - No directed path from treatment to outcome. Causal Effect is zero.
[2026-04-24 02:17:59,217][dowhy.causal_model][INFO] - linear_regression
[2026-04-24 02:17:59,217][dowhy.causal_estimator][INFO] - INFO: Using Linear Regression Estimator
[2026-04-24 02:17:59,217][dowhy.causal_estimator][WARNING] - No directed path from ['X5'] to ['X1'].
[2026-04-24 02:17:59,218][dowhy.causal_model][INFO] - Model to find the causal effect of treatment ['X5'] on outcome ['X2']
[2026-04-24 02:17:59,218][dowhy.causal_identifier.auto_identifier][WARNING] - No directed path from treatment to outcome. Causal Effect is zero.
[2026-04-24 02:17:59,218][dowhy.causal_model][INFO] - linear_regression
[2026-04-24 02:17:59,218][dowhy.causal_estimator][INFO] - INFO: Using Linear Regression Estimator
[2026-04-24 02:17:59,218][dowhy.causal_estimator][WARNING] - No directed path from ['X5'] to ['X2'].
[2026-04-24 02:17:59,220][dowhy.causal_model][INFO] - Model to find the causal effect of treatment ['X5'] on outcome ['X3']
[2026-04-24 02:17:59,220][dowhy.causal_identifier.auto_identifier][WARNING] - No directed path from treatment to outcome. Causal Effect is zero.
[2026-04-24 02:17:59,220][dowhy.causal_model][INFO] - linear_regression
[2026-04-24 02:17:59,220][dowhy.causal_estimator][INFO] - INFO: Using Linear Regression Estimator
[2026-04-24 02:17:59,220][dowhy.causal_estimator][WARNING] - No directed path from ['X5'] to ['X3'].
[2026-04-24 02:17:59,222][dowhy.causal_model][INFO] - Model to find the causal effect of treatment ['X5'] on outcome ['X4']
[2026-04-24 02:17:59,222][dowhy.causal_identifier.auto_identifier][WARNING] - No directed path from treatment to outcome. Causal Effect is zero.
[2026-04-24 02:17:59,222][dowhy.causal_model][INFO] - linear_regression
[2026-04-24 02:17:59,222][dowhy.causal_estimator][INFO] - INFO: Using Linear Regression Estimator
[2026-04-24 02:17:59,222][dowhy.causal_estimator][WARNING] - No directed path from ['X5'] to ['X4'].
