=== [Train] Fold 1 (1/5) ===
Step: set random seed (2)
Step: build datasets
Key: (310, 10, 7, 3, 2, 10, 10000, 0.5, 2.0, 0.8, 0.1, 0.1, 1000, 1) - Generating new DAG and data...
Seed: 310, Fold: 1
Step: initialize model
Step: training setup (model=ShallowMLP, profile=shallow, control_mode=epochs, epochs=40, target_updates=None)
Step: training
TrnLoss=0.954 ValLoss=0.934 ValR2=0.119
TrnLoss=0.797 ValLoss=0.744 ValR2=0.298
TrnLoss=0.593 ValLoss=0.503 ValR2=0.526
TrnLoss=0.387 ValLoss=0.329 ValR2=0.690
TrnLoss=0.287 ValLoss=0.281 ValR2=0.736
TrnLoss=0.261 ValLoss=0.257 ValR2=0.758
TrnLoss=0.245 ValLoss=0.246 ValR2=0.769
TrnLoss=0.236 ValLoss=0.235 ValR2=0.779
TrnLoss=0.227 ValLoss=0.226 ValR2=0.788
TrnLoss=0.219 ValLoss=0.218 ValR2=0.795
TrnLoss=0.212 ValLoss=0.212 ValR2=0.801
TrnLoss=0.208 ValLoss=0.207 ValR2=0.805
TrnLoss=0.203 ValLoss=0.202 ValR2=0.809
TrnLoss=0.201 ValLoss=0.199 ValR2=0.812
TrnLoss=0.198 ValLoss=0.197 ValR2=0.815
TrnLoss=0.197 ValLoss=0.195 ValR2=0.816
TrnLoss=0.196 ValLoss=0.194 ValR2=0.817
TrnLoss=0.195 ValLoss=0.193 ValR2=0.818
TrnLoss=0.194 ValLoss=0.193 ValR2=0.819
TrnLoss=0.193 ValLoss=0.192 ValR2=0.819
TrnLoss=0.193 ValLoss=0.192 ValR2=0.819
TrnLoss=0.192 ValLoss=0.192 ValR2=0.820
TrnLoss=0.192 ValLoss=0.192 ValR2=0.820
TrnLoss=0.192 ValLoss=0.191 ValR2=0.820
TrnLoss=0.192 ValLoss=0.191 ValR2=0.820
TrnLoss=0.191 ValLoss=0.191 ValR2=0.820
TrnLoss=0.191 ValLoss=0.191 ValR2=0.820
TrnLoss=0.191 ValLoss=0.191 ValR2=0.821
TrnLoss=0.190 ValLoss=0.191 ValR2=0.820
TrnLoss=0.190 ValLoss=0.191 ValR2=0.820
TrnLoss=0.190 ValLoss=0.191 ValR2=0.821
TrnLoss=0.190 ValLoss=0.191 ValR2=0.820
TrnLoss=0.190 ValLoss=0.191 ValR2=0.820
Early stopping at epoch 33: no validation improvement for 6 epochs (best epoch=27, best val loss=0.191)
 80%|##########4  | 32/40 [00:19<00:04,  1.62ep/s]
Step: evaluate test split
