=== [Causal Discovery] Fold 2 (2/5) ===
Step: load extraction data
Loading extraction data from: outputs/experiments/layered_sparse_nonlinear_sem_nodes_10_tabular_mlp_align/2/alignment_results.csv
Step: prepare ground-truth data
Running sample_150__baseline_150
Saved metadata to outputs/experiments/layered_sparse_nonlinear_sem_nodes_10_tabular_mlp_align/2/metadata.json
CI(0, 1 | ()) p=0.4498 -> indep=True
CI(0, 2 | ()) p=0.3993 -> indep=True
CI(1, 2 | ()) p=0.9129 -> indep=True
CI(0, 3 | ()) p=0.5628 -> indep=True
CI(1, 3 | ()) p=0.1406 -> indep=True
CI(2, 3 | ()) p=0.4427 -> indep=True
CI(0, 4 | ()) p=1.434e-13 -> indep=False
CI(1, 4 | ()) p=0.07327 -> indep=True
CI(2, 4 | ()) p=0.02575 -> indep=True
CI(3, 4 | ()) p=0.4821 -> indep=True
CI(0, 5 | ()) p=0.1882 -> indep=True
CI(1, 5 | ()) p=0.0001336 -> indep=False
CI(2, 5 | ()) p=0.8804 -> indep=True
CI(3, 5 | ()) p=0.6578 -> indep=True
CI(4, 5 | ()) p=8.66e-15 -> indep=False
CI(0, 6 | ()) p=0.3277 -> indep=True
CI(1, 6 | ()) p=0.0697 -> indep=True
CI(2, 6 | ()) p=0.1057 -> indep=True
CI(3, 6 | ()) p=7.788e-07 -> indep=False
CI(4, 6 | ()) p=0.0139 -> indep=True
CI(5, 6 | ()) p=8.701e-05 -> indep=False
CI(0, 7 | ()) p=1.11e-16 -> indep=False
CI(1, 7 | ()) p=0.01996 -> indep=True
CI(2, 7 | ()) p=0.03862 -> indep=True
CI(3, 7 | ()) p=0.06576 -> indep=True
CI(4, 7 | ()) p=0 -> indep=False
CI(5, 7 | ()) p=9.61e-09 -> indep=False
CI(6, 7 | ()) p=0.6499 -> indep=True
CI(0, 8 | ()) p=0.1209 -> indep=True
CI(1, 8 | ()) p=0.1436 -> indep=True
CI(2, 8 | ()) p=0.008208 -> indep=False
CI(3, 8 | ()) p=0.04533 -> indep=True
CI(4, 8 | ()) p=8.071e-05 -> indep=False
CI(5, 8 | ()) p=1.11e-16 -> indep=False
CI(6, 8 | ()) p=0.01864 -> indep=True
CI(7, 8 | ()) p=2.289e-06 -> indep=False
CI(0, 9 | ()) p=0.6399 -> indep=True
CI(1, 9 | ()) p=0.5769 -> indep=True
CI(2, 9 | ()) p=0.05714 -> indep=True
CI(3, 9 | ()) p=6.098e-11 -> indep=False
CI(4, 9 | ()) p=0.06083 -> indep=True
CI(5, 9 | ()) p=0.1028 -> indep=True
CI(6, 9 | ()) p=3.332e-08 -> indep=False
CI(7, 9 | ()) p=5.15e-05 -> indep=False
CI(8, 9 | ()) p=4.379e-06 -> indep=False
CI(1, 5 | (4,)) p=0.0004962 -> indep=False
CI(4, 5 | (1,)) p=1.734e-12 -> indep=False
CI(3, 6 | (5,)) p=7.004e-07 -> indep=False
CI(5, 6 | (3,)) p=7.481e-06 -> indep=False
CI(0, 7 | (4,)) p=5.556e-05 -> indep=False
CI(0, 7 | (5,)) p=2.424e-11 -> indep=False
CI(4, 7 | (0,)) p=6.177e-08 -> indep=False
CI(4, 7 | (5,)) p=1.247e-10 -> indep=False
CI(5, 7 | (0,)) p=0.0001373 -> indep=False
CI(5, 7 | (4,)) p=0.01972 -> indep=True
CI(2, 8 | (4,)) p=0.002771 -> indep=False
CI(2, 8 | (5,)) p=0.00128 -> indep=False
CI(2, 8 | (7,)) p=0.01432 -> indep=True
CI(4, 8 | (5,)) p=0.4819 -> indep=True
CI(5, 8 | (7,)) p=8.953e-12 -> indep=False
CI(7, 8 | (5,)) p=0.06578 -> indep=True
CI(3, 9 | (8,)) p=4.156e-08 -> indep=False
CI(3, 9 | (6,)) p=1.677e-05 -> indep=False
CI(3, 9 | (7,)) p=6.871e-08 -> indep=False
CI(6, 9 | (8,)) p=8.309e-05 -> indep=False
CI(6, 9 | (3,)) p=0.06214 -> indep=True
CI(7, 9 | (8,)) p=0.09024 -> indep=True
CI(8, 9 | (3,)) p=0.0609 -> indep=True
Saved adjacency matrix to outputs/experiments/layered_sparse_nonlinear_sem_nodes_10_tabular_mlp_align/2/learned_graph_adj.npy
CI(0, 1 | ()) p=0.5568 -> indep=True
CI(0, 2 | ()) p=0.9083 -> indep=True
CI(1, 2 | ()) p=0.7655 -> indep=True
CI(0, 3 | ()) p=0.7264 -> indep=True
CI(1, 3 | ()) p=0.5697 -> indep=True
CI(2, 3 | ()) p=0.5874 -> indep=True
CI(0, 4 | ()) p=5.642e-06 -> indep=False
CI(1, 4 | ()) p=0.613 -> indep=True
CI(2, 4 | ()) p=0.572 -> indep=True
CI(3, 4 | ()) p=0.7381 -> indep=True
CI(0, 5 | ()) p=0.1334 -> indep=True
CI(1, 5 | ()) p=0.01071 -> indep=True
CI(2, 5 | ()) p=0.6366 -> indep=True
CI(3, 5 | ()) p=0.7118 -> indep=True
CI(4, 5 | ()) p=1.21e-12 -> indep=False
CI(0, 6 | ()) p=0.5108 -> indep=True
CI(1, 6 | ()) p=0.1138 -> indep=True
CI(2, 6 | ()) p=0.0232 -> indep=True
CI(3, 6 | ()) p=0.0004051 -> indep=False
CI(4, 6 | ()) p=0.2442 -> indep=True
CI(5, 6 | ()) p=0.0003082 -> indep=False
CI(0, 7 | ()) p=0.1703 -> indep=True
CI(1, 7 | ()) p=0.2184 -> indep=True
CI(2, 7 | ()) p=0.8302 -> indep=True
CI(3, 7 | ()) p=0.8509 -> indep=True
CI(4, 7 | ()) p=0.001176 -> indep=False
CI(5, 7 | ()) p=0.7831 -> indep=True
CI(6, 7 | ()) p=0.4229 -> indep=True
CI(0, 8 | ()) p=0.8715 -> indep=True
CI(1, 8 | ()) p=0.2861 -> indep=True
CI(2, 8 | ()) p=0.00627 -> indep=False
CI(3, 8 | ()) p=0.7907 -> indep=True
CI(4, 8 | ()) p=0.0002107 -> indep=False
CI(5, 8 | ()) p=2.697e-10 -> indep=False
CI(6, 8 | ()) p=0.5226 -> indep=True
CI(7, 8 | ()) p=0.1708 -> indep=True
CI(0, 9 | ()) p=0.4939 -> indep=True
CI(1, 9 | ()) p=0.7939 -> indep=True
CI(2, 9 | ()) p=0.09863 -> indep=True
CI(3, 9 | ()) p=8.198e-06 -> indep=False
CI(4, 9 | ()) p=0.08216 -> indep=True
CI(5, 9 | ()) p=0.4239 -> indep=True
CI(6, 9 | ()) p=1.726e-07 -> indep=False
CI(7, 9 | ()) p=0.3502 -> indep=True
CI(8, 9 | ()) p=0.01994 -> indep=True
CI(3, 6 | (5,)) p=5.029e-05 -> indep=False
CI(5, 6 | (3,)) p=0.0003739 -> indep=False
CI(2, 8 | (4,)) p=0.002079 -> indep=False
CI(2, 8 | (5,)) p=0.0001052 -> indep=False
CI(4, 8 | (2,)) p=0.0001811 -> indep=False
CI(4, 8 | (5,)) p=0.5194 -> indep=True
CI(5, 8 | (2,)) p=1.81e-10 -> indep=False
CI(3, 9 | (6,)) p=0.00557 -> indep=False
CI(6, 9 | (3,)) p=3.677e-05 -> indep=False
Saved metrics to outputs/experiments/layered_sparse_nonlinear_sem_nodes_10_tabular_mlp_align/2/performance_metrics.json
Saved baseline metrics to outputs/experiments/layered_sparse_nonlinear_sem_nodes_10_tabular_mlp_align/2/baseline_performance_metrics.json
Saved PAG-vs-PAG metrics to outputs/experiments/layered_sparse_nonlinear_sem_nodes_10_tabular_mlp_align/2/pag_vs_pag_metrics.json
Found 9 differences:
  1. Wrong orientation: 0 --- 4 (DAG: directed_ij, PAG: bidirected)
  2. Wrong orientation: 0 --- 7 (DAG: directed_ij, PAG: bidirected)
  3. Missing: 1 --- 4 (DAG: directed_ij)
  4. Missing: 2 --- 6 (DAG: directed_ij)
  5. Missing: 2 --- 8 (DAG: directed_ij)
  6. Wrong orientation: 4 --- 5 (DAG: directed_ij, PAG: bidirected)
  7. Wrong orientation: 5 --- 6 (DAG: directed_ij, PAG: bidirected)
  8. Wrong orientation: 5 --- 8 (DAG: directed_ij, PAG: bidirected)
  9. Missing: 6 --- 9 (DAG: directed_ij)
Found 3 partial orientation differences:
  1. Partial orientation: 1 --- 5 (DAG: directed_ij, PAG: partial_ij)
  2. Partial orientation: 3 --- 6 (DAG: directed_ij, PAG: partial_ij)
  3. Partial orientation: 3 --- 9 (DAG: directed_ij, PAG: partial_ij)
Saved edge comparison details to outputs/experiments/layered_sparse_nonlinear_sem_nodes_10_tabular_mlp_align/2/edge_comparison.txt
Found 9 differences:
  1. Missing: 0 --- 7 (DAG: directed_ij)
  2. Missing: 1 --- 4 (DAG: directed_ij)
  3. Missing: 1 --- 5 (DAG: directed_ij)
  4. Missing: 2 --- 6 (DAG: directed_ij)
  5. Wrong orientation: 4 --- 5 (DAG: directed_ij, PAG: bidirected)
  6. Wrong orientation: 4 --- 7 (DAG: directed_ij, PAG: bidirected)
  7. Wrong orientation: 5 --- 6 (DAG: directed_ij, PAG: bidirected)
  8. Wrong orientation: 5 --- 8 (DAG: directed_ij, PAG: bidirected)
  9. Wrong orientation: 6 --- 9 (DAG: directed_ij, PAG: bidirected)
Found 4 partial orientation differences:
  1. Partial orientation: 0 --- 4 (DAG: directed_ij, PAG: partial_ij)
  2. Partial orientation: 2 --- 8 (DAG: directed_ij, PAG: partial_ij)
  3. Partial orientation: 3 --- 6 (DAG: directed_ij, PAG: partial_ij)
  4. Partial orientation: 3 --- 9 (DAG: directed_ij, PAG: partial_ij)
Saved baseline edge comparison details to outputs/experiments/layered_sparse_nonlinear_sem_nodes_10_tabular_mlp_align/2/edge_comparison_baseline.txt
Found 5 differences:
  1. Extra: 0 --- 7 (PAG: bidirected)
  2. Extra: 1 --- 5 (PAG: partial_ij)
  3. Missing: 2 --- 8 (Reference PAG: partial_ij)
  4. Wrong orientation: 4 --- 7 (Reference PAG: bidirected, PAG: directed_ij)
  5. Missing: 6 --- 9 (Reference PAG: bidirected)
Found 1 partial orientation differences:
  1. Partial orientation: 0 --- 4 (Reference PAG: partial_ij, PAG: bidirected)
Saved PAG-vs-PAG edge comparison details to outputs/experiments/layered_sparse_nonlinear_sem_nodes_10_tabular_mlp_align/2/edge_comparison_pag_vs_pag.txt
Saved figure to outputs/experiments/layered_sparse_nonlinear_sem_nodes_10_tabular_mlp_align/2/pag_vs_dag.png
Saved baseline figure to outputs/experiments/layered_sparse_nonlinear_sem_nodes_10_tabular_mlp_align/2/baseline_pag_vs_dag.png
Saved combined DAG comparison to outputs/experiments/layered_sparse_nonlinear_sem_nodes_10_tabular_mlp_align/2/pags_vs_dag.png
Saved PAG-vs-PAG figure to outputs/experiments/layered_sparse_nonlinear_sem_nodes_10_tabular_mlp_align/2/pag_vs_pag.png
Saved adjacency matrix to outputs/experiments/layered_sparse_nonlinear_sem_nodes_10_tabular_mlp_align/2/learned_graph_adj.npy
Saved baseline adjacency matrix to outputs/experiments/layered_sparse_nonlinear_sem_nodes_10_tabular_mlp_align/2/baseline_graph_adj.npy
