[2026-04-24 03:56:18,771][dowhy.causal_model][INFO] - Model to find the causal effect of treatment ['X0'] on outcome ['X1']
[2026-04-24 03:56:18,772][dowhy.causal_identifier.auto_identifier][INFO] - Causal effect can be identified.
[2026-04-24 03:56:18,772][dowhy.causal_identifier.auto_identifier][INFO] - Instrumental variables for treatment and outcome:[]
[2026-04-24 03:56:18,773][dowhy.causal_identifier.auto_identifier][INFO] - Frontdoor variables for treatment and outcome:[]
[2026-04-24 03:56:18,773][dowhy.causal_model][INFO] - linear_regression
[2026-04-24 03:56:18,773][dowhy.causal_estimator][INFO] - INFO: Using Linear Regression Estimator
[2026-04-24 03:56:18,773][dowhy.causal_estimator][INFO] - b: X1~X0
[2026-04-24 03:56:18,779][dowhy.causal_model][INFO] - Model to find the causal effect of treatment ['X0'] on outcome ['X2']
[2026-04-24 03:56:18,779][dowhy.causal_identifier.auto_identifier][WARNING] - No directed path from treatment to outcome. Causal Effect is zero.
[2026-04-24 03:56:18,779][dowhy.causal_model][INFO] - linear_regression
[2026-04-24 03:56:18,779][dowhy.causal_estimator][INFO] - INFO: Using Linear Regression Estimator
[2026-04-24 03:56:18,779][dowhy.causal_estimator][WARNING] - No directed path from ['X0'] to ['X2'].
[2026-04-24 03:56:18,781][dowhy.causal_model][INFO] - Model to find the causal effect of treatment ['X0'] on outcome ['X3']
[2026-04-24 03:56:18,781][dowhy.causal_identifier.auto_identifier][INFO] - Causal effect can be identified.
[2026-04-24 03:56:18,782][dowhy.causal_identifier.auto_identifier][INFO] - Instrumental variables for treatment and outcome:[]
[2026-04-24 03:56:18,782][dowhy.causal_identifier.auto_identifier][INFO] - Frontdoor variables for treatment and outcome:[]
[2026-04-24 03:56:18,782][dowhy.causal_model][INFO] - linear_regression
[2026-04-24 03:56:18,782][dowhy.causal_estimator][INFO] - INFO: Using Linear Regression Estimator
[2026-04-24 03:56:18,782][dowhy.causal_estimator][INFO] - b: X3~X0
[2026-04-24 03:56:18,788][dowhy.causal_model][INFO] - Model to find the causal effect of treatment ['X0'] on outcome ['X4']
[2026-04-24 03:56:18,788][dowhy.causal_identifier.auto_identifier][INFO] - Causal effect can be identified.
[2026-04-24 03:56:18,789][dowhy.causal_identifier.auto_identifier][INFO] - Instrumental variables for treatment and outcome:[]
[2026-04-24 03:56:18,789][dowhy.causal_identifier.auto_identifier][INFO] - Frontdoor variables for treatment and outcome:[]
[2026-04-24 03:56:18,789][dowhy.causal_model][INFO] - linear_regression
[2026-04-24 03:56:18,789][dowhy.causal_estimator][INFO] - INFO: Using Linear Regression Estimator
[2026-04-24 03:56:18,789][dowhy.causal_estimator][INFO] - b: X4~X0+X0*X2
[2026-04-24 03:56:18,797][dowhy.causal_model][INFO] - Model to find the causal effect of treatment ['X0'] on outcome ['X5']
[2026-04-24 03:56:18,797][dowhy.causal_identifier.auto_identifier][INFO] - Causal effect can be identified.
[2026-04-24 03:56:18,797][dowhy.causal_identifier.auto_identifier][INFO] - Instrumental variables for treatment and outcome:[]
[2026-04-24 03:56:18,798][dowhy.causal_identifier.auto_identifier][INFO] - Frontdoor variables for treatment and outcome:['X1', 'X4', 'X3']
[2026-04-24 03:56:18,799][dowhy.causal_identifier.auto_identifier][INFO] - Causal effect can be identified.
[2026-04-24 03:56:18,800][dowhy.causal_identifier.auto_identifier][INFO] - Causal effect can be identified.
[2026-04-24 03:56:18,801][dowhy.causal_model][INFO] - linear_regression
[2026-04-24 03:56:18,801][dowhy.causal_estimator][INFO] - INFO: Using Linear Regression Estimator
[2026-04-24 03:56:18,801][dowhy.causal_estimator][INFO] - b: X5~X0
[2026-04-24 03:56:18,839][dowhy.causal_model][INFO] - Model to find the causal effect of treatment ['X1'] on outcome ['X0']
[2026-04-24 03:56:18,839][dowhy.causal_identifier.auto_identifier][WARNING] - No directed path from treatment to outcome. Causal Effect is zero.
[2026-04-24 03:56:18,839][dowhy.causal_model][INFO] - linear_regression
[2026-04-24 03:56:18,839][dowhy.causal_estimator][INFO] - INFO: Using Linear Regression Estimator
[2026-04-24 03:56:18,839][dowhy.causal_estimator][WARNING] - No directed path from ['X1'] to ['X0'].
[2026-04-24 03:56:18,841][dowhy.causal_model][INFO] - Model to find the causal effect of treatment ['X1'] on outcome ['X2']
[2026-04-24 03:56:18,841][dowhy.causal_identifier.auto_identifier][WARNING] - No directed path from treatment to outcome. Causal Effect is zero.
[2026-04-24 03:56:18,841][dowhy.causal_model][INFO] - linear_regression
[2026-04-24 03:56:18,841][dowhy.causal_estimator][INFO] - INFO: Using Linear Regression Estimator
[2026-04-24 03:56:18,841][dowhy.causal_estimator][WARNING] - No directed path from ['X1'] to ['X2'].
[2026-04-24 03:56:18,843][dowhy.causal_model][INFO] - Model to find the causal effect of treatment ['X1'] on outcome ['X3']
[2026-04-24 03:56:18,843][dowhy.causal_identifier.auto_identifier][WARNING] - No directed path from treatment to outcome. Causal Effect is zero.
[2026-04-24 03:56:18,843][dowhy.causal_model][INFO] - linear_regression
[2026-04-24 03:56:18,843][dowhy.causal_estimator][INFO] - INFO: Using Linear Regression Estimator
[2026-04-24 03:56:18,843][dowhy.causal_estimator][WARNING] - No directed path from ['X1'] to ['X3'].
[2026-04-24 03:56:18,845][dowhy.causal_model][INFO] - Model to find the causal effect of treatment ['X1'] on outcome ['X4']
[2026-04-24 03:56:18,845][dowhy.causal_identifier.auto_identifier][WARNING] - No directed path from treatment to outcome. Causal Effect is zero.
[2026-04-24 03:56:18,845][dowhy.causal_model][INFO] - linear_regression
[2026-04-24 03:56:18,845][dowhy.causal_estimator][INFO] - INFO: Using Linear Regression Estimator
[2026-04-24 03:56:18,845][dowhy.causal_estimator][WARNING] - No directed path from ['X1'] to ['X4'].
[2026-04-24 03:56:18,846][dowhy.causal_model][INFO] - Model to find the causal effect of treatment ['X1'] on outcome ['X5']
[2026-04-24 03:56:18,847][dowhy.causal_identifier.auto_identifier][INFO] - Causal effect can be identified.
[2026-04-24 03:56:18,848][dowhy.causal_identifier.auto_identifier][INFO] - Instrumental variables for treatment and outcome:[]
[2026-04-24 03:56:18,848][dowhy.causal_identifier.auto_identifier][INFO] - Frontdoor variables for treatment and outcome:[]
[2026-04-24 03:56:18,848][dowhy.causal_model][INFO] - linear_regression
[2026-04-24 03:56:18,848][dowhy.causal_estimator][INFO] - INFO: Using Linear Regression Estimator
[2026-04-24 03:56:18,848][dowhy.causal_estimator][INFO] - b: X5~X1+X3+X1*X3
[2026-04-24 03:56:18,888][dowhy.causal_model][INFO] - Model to find the causal effect of treatment ['X2'] on outcome ['X0']
[2026-04-24 03:56:18,888][dowhy.causal_identifier.auto_identifier][WARNING] - No directed path from treatment to outcome. Causal Effect is zero.
[2026-04-24 03:56:18,888][dowhy.causal_model][INFO] - linear_regression
[2026-04-24 03:56:18,888][dowhy.causal_estimator][INFO] - INFO: Using Linear Regression Estimator
[2026-04-24 03:56:18,888][dowhy.causal_estimator][WARNING] - No directed path from ['X2'] to ['X0'].
[2026-04-24 03:56:18,890][dowhy.causal_model][INFO] - Model to find the causal effect of treatment ['X2'] on outcome ['X1']
[2026-04-24 03:56:18,890][dowhy.causal_identifier.auto_identifier][WARNING] - No directed path from treatment to outcome. Causal Effect is zero.
[2026-04-24 03:56:18,890][dowhy.causal_model][INFO] - linear_regression
[2026-04-24 03:56:18,890][dowhy.causal_estimator][INFO] - INFO: Using Linear Regression Estimator
[2026-04-24 03:56:18,890][dowhy.causal_estimator][WARNING] - No directed path from ['X2'] to ['X1'].
[2026-04-24 03:56:18,892][dowhy.causal_model][INFO] - Model to find the causal effect of treatment ['X2'] on outcome ['X3']
[2026-04-24 03:56:18,892][dowhy.causal_identifier.auto_identifier][WARNING] - No directed path from treatment to outcome. Causal Effect is zero.
[2026-04-24 03:56:18,892][dowhy.causal_model][INFO] - linear_regression
[2026-04-24 03:56:18,892][dowhy.causal_estimator][INFO] - INFO: Using Linear Regression Estimator
[2026-04-24 03:56:18,892][dowhy.causal_estimator][WARNING] - No directed path from ['X2'] to ['X3'].
[2026-04-24 03:56:18,894][dowhy.causal_model][INFO] - Model to find the causal effect of treatment ['X2'] on outcome ['X4']
[2026-04-24 03:56:18,895][dowhy.causal_identifier.auto_identifier][INFO] - Causal effect can be identified.
[2026-04-24 03:56:18,896][dowhy.causal_identifier.auto_identifier][INFO] - Instrumental variables for treatment and outcome:[]
[2026-04-24 03:56:18,896][dowhy.causal_identifier.auto_identifier][INFO] - Frontdoor variables for treatment and outcome:[]
[2026-04-24 03:56:18,896][dowhy.causal_model][INFO] - linear_regression
[2026-04-24 03:56:18,896][dowhy.causal_estimator][INFO] - INFO: Using Linear Regression Estimator
[2026-04-24 03:56:18,896][dowhy.causal_estimator][INFO] - b: X4~X2+X2*X0+X2*X3
[2026-04-24 03:56:18,905][dowhy.causal_model][INFO] - Model to find the causal effect of treatment ['X2'] on outcome ['X5']
[2026-04-24 03:56:18,905][dowhy.causal_identifier.auto_identifier][WARNING] - No directed path from treatment to outcome. Causal Effect is zero.
[2026-04-24 03:56:18,905][dowhy.causal_model][INFO] - linear_regression
[2026-04-24 03:56:18,905][dowhy.causal_estimator][INFO] - INFO: Using Linear Regression Estimator
[2026-04-24 03:56:18,905][dowhy.causal_estimator][WARNING] - No directed path from ['X2'] to ['X5'].
[2026-04-24 03:56:18,943][dowhy.causal_model][INFO] - Model to find the causal effect of treatment ['X3'] on outcome ['X0']
[2026-04-24 03:56:18,943][dowhy.causal_identifier.auto_identifier][WARNING] - No directed path from treatment to outcome. Causal Effect is zero.
[2026-04-24 03:56:18,943][dowhy.causal_model][INFO] - linear_regression
[2026-04-24 03:56:18,943][dowhy.causal_estimator][INFO] - INFO: Using Linear Regression Estimator
[2026-04-24 03:56:18,943][dowhy.causal_estimator][WARNING] - No directed path from ['X3'] to ['X0'].
[2026-04-24 03:56:18,945][dowhy.causal_model][INFO] - Model to find the causal effect of treatment ['X3'] on outcome ['X1']
[2026-04-24 03:56:18,945][dowhy.causal_identifier.auto_identifier][WARNING] - No directed path from treatment to outcome. Causal Effect is zero.
[2026-04-24 03:56:18,945][dowhy.causal_model][INFO] - linear_regression
[2026-04-24 03:56:18,945][dowhy.causal_estimator][INFO] - INFO: Using Linear Regression Estimator
[2026-04-24 03:56:18,945][dowhy.causal_estimator][WARNING] - No directed path from ['X3'] to ['X1'].
[2026-04-24 03:56:18,947][dowhy.causal_model][INFO] - Model to find the causal effect of treatment ['X3'] on outcome ['X2']
[2026-04-24 03:56:18,947][dowhy.causal_identifier.auto_identifier][WARNING] - No directed path from treatment to outcome. Causal Effect is zero.
[2026-04-24 03:56:18,947][dowhy.causal_model][INFO] - linear_regression
[2026-04-24 03:56:18,947][dowhy.causal_estimator][INFO] - INFO: Using Linear Regression Estimator
[2026-04-24 03:56:18,947][dowhy.causal_estimator][WARNING] - No directed path from ['X3'] to ['X2'].
[2026-04-24 03:56:18,949][dowhy.causal_model][INFO] - Model to find the causal effect of treatment ['X3'] on outcome ['X4']
[2026-04-24 03:56:18,950][dowhy.causal_identifier.auto_identifier][INFO] - Causal effect can be identified.
[2026-04-24 03:56:18,951][dowhy.causal_identifier.auto_identifier][INFO] - Instrumental variables for treatment and outcome:[]
[2026-04-24 03:56:18,951][dowhy.causal_identifier.auto_identifier][INFO] - Frontdoor variables for treatment and outcome:[]
[2026-04-24 03:56:18,951][dowhy.causal_model][INFO] - linear_regression
[2026-04-24 03:56:18,951][dowhy.causal_estimator][INFO] - INFO: Using Linear Regression Estimator
[2026-04-24 03:56:18,951][dowhy.causal_estimator][INFO] - b: X4~X3+X0+X3*X2
[2026-04-24 03:56:18,961][dowhy.causal_model][INFO] - Model to find the causal effect of treatment ['X3'] on outcome ['X5']
[2026-04-24 03:56:18,961][dowhy.causal_identifier.auto_identifier][INFO] - Causal effect can be identified.
[2026-04-24 03:56:18,962][dowhy.causal_identifier.auto_identifier][INFO] - Instrumental variables for treatment and outcome:[]
[2026-04-24 03:56:18,962][dowhy.causal_identifier.auto_identifier][INFO] - Frontdoor variables for treatment and outcome:[]
[2026-04-24 03:56:18,962][dowhy.causal_model][INFO] - linear_regression
[2026-04-24 03:56:18,962][dowhy.causal_estimator][INFO] - INFO: Using Linear Regression Estimator
[2026-04-24 03:56:18,963][dowhy.causal_estimator][INFO] - b: X5~X3+X1+X3*X1
[2026-04-24 03:56:19,008][dowhy.causal_model][INFO] - Model to find the causal effect of treatment ['X4'] on outcome ['X0']
[2026-04-24 03:56:19,008][dowhy.causal_identifier.auto_identifier][WARNING] - No directed path from treatment to outcome. Causal Effect is zero.
[2026-04-24 03:56:19,008][dowhy.causal_model][INFO] - linear_regression
[2026-04-24 03:56:19,008][dowhy.causal_estimator][INFO] - INFO: Using Linear Regression Estimator
[2026-04-24 03:56:19,008][dowhy.causal_estimator][WARNING] - No directed path from ['X4'] to ['X0'].
[2026-04-24 03:56:19,010][dowhy.causal_model][INFO] - Model to find the causal effect of treatment ['X4'] on outcome ['X1']
[2026-04-24 03:56:19,010][dowhy.causal_identifier.auto_identifier][WARNING] - No directed path from treatment to outcome. Causal Effect is zero.
[2026-04-24 03:56:19,010][dowhy.causal_model][INFO] - linear_regression
[2026-04-24 03:56:19,010][dowhy.causal_estimator][INFO] - INFO: Using Linear Regression Estimator
[2026-04-24 03:56:19,010][dowhy.causal_estimator][WARNING] - No directed path from ['X4'] to ['X1'].
[2026-04-24 03:56:19,012][dowhy.causal_model][INFO] - Model to find the causal effect of treatment ['X4'] on outcome ['X2']
[2026-04-24 03:56:19,012][dowhy.causal_identifier.auto_identifier][WARNING] - No directed path from treatment to outcome. Causal Effect is zero.
[2026-04-24 03:56:19,012][dowhy.causal_model][INFO] - linear_regression
[2026-04-24 03:56:19,012][dowhy.causal_estimator][INFO] - INFO: Using Linear Regression Estimator
[2026-04-24 03:56:19,012][dowhy.causal_estimator][WARNING] - No directed path from ['X4'] to ['X2'].
[2026-04-24 03:56:19,013][dowhy.causal_model][INFO] - Model to find the causal effect of treatment ['X4'] on outcome ['X3']
[2026-04-24 03:56:19,013][dowhy.causal_identifier.auto_identifier][WARNING] - No directed path from treatment to outcome. Causal Effect is zero.
[2026-04-24 03:56:19,014][dowhy.causal_model][INFO] - linear_regression
[2026-04-24 03:56:19,014][dowhy.causal_estimator][INFO] - INFO: Using Linear Regression Estimator
[2026-04-24 03:56:19,014][dowhy.causal_estimator][WARNING] - No directed path from ['X4'] to ['X3'].
[2026-04-24 03:56:19,015][dowhy.causal_model][INFO] - Model to find the causal effect of treatment ['X4'] on outcome ['X5']
[2026-04-24 03:56:19,015][dowhy.causal_identifier.auto_identifier][WARNING] - No directed path from treatment to outcome. Causal Effect is zero.
[2026-04-24 03:56:19,015][dowhy.causal_model][INFO] - linear_regression
[2026-04-24 03:56:19,015][dowhy.causal_estimator][INFO] - INFO: Using Linear Regression Estimator
[2026-04-24 03:56:19,015][dowhy.causal_estimator][WARNING] - No directed path from ['X4'] to ['X5'].
[2026-04-24 03:56:19,046][dowhy.causal_model][INFO] - Model to find the causal effect of treatment ['X5'] on outcome ['X0']
[2026-04-24 03:56:19,046][dowhy.causal_identifier.auto_identifier][WARNING] - No directed path from treatment to outcome. Causal Effect is zero.
[2026-04-24 03:56:19,046][dowhy.causal_model][INFO] - linear_regression
[2026-04-24 03:56:19,046][dowhy.causal_estimator][INFO] - INFO: Using Linear Regression Estimator
[2026-04-24 03:56:19,046][dowhy.causal_estimator][WARNING] - No directed path from ['X5'] to ['X0'].
[2026-04-24 03:56:19,047][dowhy.causal_model][INFO] - Model to find the causal effect of treatment ['X5'] on outcome ['X1']
[2026-04-24 03:56:19,047][dowhy.causal_identifier.auto_identifier][WARNING] - No directed path from treatment to outcome. Causal Effect is zero.
[2026-04-24 03:56:19,048][dowhy.causal_model][INFO] - linear_regression
[2026-04-24 03:56:19,048][dowhy.causal_estimator][INFO] - INFO: Using Linear Regression Estimator
[2026-04-24 03:56:19,048][dowhy.causal_estimator][WARNING] - No directed path from ['X5'] to ['X1'].
[2026-04-24 03:56:19,049][dowhy.causal_model][INFO] - Model to find the causal effect of treatment ['X5'] on outcome ['X2']
[2026-04-24 03:56:19,049][dowhy.causal_identifier.auto_identifier][WARNING] - No directed path from treatment to outcome. Causal Effect is zero.
[2026-04-24 03:56:19,049][dowhy.causal_model][INFO] - linear_regression
[2026-04-24 03:56:19,049][dowhy.causal_estimator][INFO] - INFO: Using Linear Regression Estimator
[2026-04-24 03:56:19,049][dowhy.causal_estimator][WARNING] - No directed path from ['X5'] to ['X2'].
[2026-04-24 03:56:19,051][dowhy.causal_model][INFO] - Model to find the causal effect of treatment ['X5'] on outcome ['X3']
[2026-04-24 03:56:19,051][dowhy.causal_identifier.auto_identifier][WARNING] - No directed path from treatment to outcome. Causal Effect is zero.
[2026-04-24 03:56:19,051][dowhy.causal_model][INFO] - linear_regression
[2026-04-24 03:56:19,051][dowhy.causal_estimator][INFO] - INFO: Using Linear Regression Estimator
[2026-04-24 03:56:19,051][dowhy.causal_estimator][WARNING] - No directed path from ['X5'] to ['X3'].
[2026-04-24 03:56:19,053][dowhy.causal_model][INFO] - Model to find the causal effect of treatment ['X5'] on outcome ['X4']
[2026-04-24 03:56:19,053][dowhy.causal_identifier.auto_identifier][WARNING] - No directed path from treatment to outcome. Causal Effect is zero.
[2026-04-24 03:56:19,053][dowhy.causal_model][INFO] - linear_regression
[2026-04-24 03:56:19,053][dowhy.causal_estimator][INFO] - INFO: Using Linear Regression Estimator
[2026-04-24 03:56:19,053][dowhy.causal_estimator][WARNING] - No directed path from ['X5'] to ['X4'].
[2026-04-24 03:56:19,101][dowhy.causal_model][INFO] - Model to find the causal effect of treatment ['X0'] on outcome ['X1']
[2026-04-24 03:56:19,101][dowhy.causal_identifier.auto_identifier][INFO] - Causal effect can be identified.
[2026-04-24 03:56:19,101][dowhy.causal_identifier.auto_identifier][INFO] - Instrumental variables for treatment and outcome:[]
[2026-04-24 03:56:19,102][dowhy.causal_identifier.auto_identifier][INFO] - Frontdoor variables for treatment and outcome:[]
[2026-04-24 03:56:19,102][dowhy.causal_model][INFO] - linear_regression
[2026-04-24 03:56:19,102][dowhy.causal_estimator][INFO] - INFO: Using Linear Regression Estimator
[2026-04-24 03:56:19,102][dowhy.causal_estimator][INFO] - b: X1~X0
[2026-04-24 03:56:19,109][dowhy.causal_model][INFO] - Model to find the causal effect of treatment ['X0'] on outcome ['X2']
[2026-04-24 03:56:19,109][dowhy.causal_identifier.auto_identifier][WARNING] - No directed path from treatment to outcome. Causal Effect is zero.
[2026-04-24 03:56:19,109][dowhy.causal_model][INFO] - linear_regression
[2026-04-24 03:56:19,109][dowhy.causal_estimator][INFO] - INFO: Using Linear Regression Estimator
[2026-04-24 03:56:19,109][dowhy.causal_estimator][WARNING] - No directed path from ['X0'] to ['X2'].
[2026-04-24 03:56:19,112][dowhy.causal_model][INFO] - Model to find the causal effect of treatment ['X0'] on outcome ['X3']
[2026-04-24 03:56:19,112][dowhy.causal_identifier.auto_identifier][INFO] - Causal effect can be identified.
[2026-04-24 03:56:19,112][dowhy.causal_identifier.auto_identifier][INFO] - Instrumental variables for treatment and outcome:[]
[2026-04-24 03:56:19,112][dowhy.causal_identifier.auto_identifier][INFO] - Frontdoor variables for treatment and outcome:[]
[2026-04-24 03:56:19,112][dowhy.causal_model][INFO] - linear_regression
[2026-04-24 03:56:19,113][dowhy.causal_estimator][INFO] - INFO: Using Linear Regression Estimator
[2026-04-24 03:56:19,113][dowhy.causal_estimator][INFO] - b: X3~X0
[2026-04-24 03:56:19,119][dowhy.causal_model][INFO] - Model to find the causal effect of treatment ['X0'] on outcome ['X4']
[2026-04-24 03:56:19,120][dowhy.causal_identifier.auto_identifier][INFO] - Causal effect can be identified.
[2026-04-24 03:56:19,120][dowhy.causal_identifier.auto_identifier][INFO] - Instrumental variables for treatment and outcome:[]
[2026-04-24 03:56:19,121][dowhy.causal_identifier.auto_identifier][INFO] - Frontdoor variables for treatment and outcome:[]
[2026-04-24 03:56:19,121][dowhy.causal_model][INFO] - linear_regression
[2026-04-24 03:56:19,121][dowhy.causal_estimator][INFO] - INFO: Using Linear Regression Estimator
[2026-04-24 03:56:19,121][dowhy.causal_estimator][INFO] - b: X4~X0+X0*X2
[2026-04-24 03:56:19,130][dowhy.causal_model][INFO] - Model to find the causal effect of treatment ['X0'] on outcome ['X5']
[2026-04-24 03:56:19,130][dowhy.causal_identifier.auto_identifier][INFO] - Causal effect can be identified.
[2026-04-24 03:56:19,130][dowhy.causal_identifier.auto_identifier][INFO] - Instrumental variables for treatment and outcome:[]
[2026-04-24 03:56:19,131][dowhy.causal_identifier.auto_identifier][INFO] - Frontdoor variables for treatment and outcome:['X1', 'X4', 'X3']
[2026-04-24 03:56:19,132][dowhy.causal_identifier.auto_identifier][INFO] - Causal effect can be identified.
[2026-04-24 03:56:19,133][dowhy.causal_identifier.auto_identifier][INFO] - Causal effect can be identified.
[2026-04-24 03:56:19,133][dowhy.causal_model][INFO] - linear_regression
[2026-04-24 03:56:19,133][dowhy.causal_estimator][INFO] - INFO: Using Linear Regression Estimator
[2026-04-24 03:56:19,133][dowhy.causal_estimator][INFO] - b: X5~X0
[2026-04-24 03:56:19,179][dowhy.causal_model][INFO] - Model to find the causal effect of treatment ['X1'] on outcome ['X0']
[2026-04-24 03:56:19,179][dowhy.causal_identifier.auto_identifier][WARNING] - No directed path from treatment to outcome. Causal Effect is zero.
[2026-04-24 03:56:19,180][dowhy.causal_model][INFO] - linear_regression
[2026-04-24 03:56:19,180][dowhy.causal_estimator][INFO] - INFO: Using Linear Regression Estimator
[2026-04-24 03:56:19,180][dowhy.causal_estimator][WARNING] - No directed path from ['X1'] to ['X0'].
[2026-04-24 03:56:19,182][dowhy.causal_model][INFO] - Model to find the causal effect of treatment ['X1'] on outcome ['X2']
[2026-04-24 03:56:19,182][dowhy.causal_identifier.auto_identifier][WARNING] - No directed path from treatment to outcome. Causal Effect is zero.
[2026-04-24 03:56:19,182][dowhy.causal_model][INFO] - linear_regression
[2026-04-24 03:56:19,182][dowhy.causal_estimator][INFO] - INFO: Using Linear Regression Estimator
[2026-04-24 03:56:19,182][dowhy.causal_estimator][WARNING] - No directed path from ['X1'] to ['X2'].
[2026-04-24 03:56:19,184][dowhy.causal_model][INFO] - Model to find the causal effect of treatment ['X1'] on outcome ['X3']
[2026-04-24 03:56:19,184][dowhy.causal_identifier.auto_identifier][WARNING] - No directed path from treatment to outcome. Causal Effect is zero.
[2026-04-24 03:56:19,184][dowhy.causal_model][INFO] - linear_regression
[2026-04-24 03:56:19,184][dowhy.causal_estimator][INFO] - INFO: Using Linear Regression Estimator
[2026-04-24 03:56:19,184][dowhy.causal_estimator][WARNING] - No directed path from ['X1'] to ['X3'].
[2026-04-24 03:56:19,185][dowhy.causal_model][INFO] - Model to find the causal effect of treatment ['X1'] on outcome ['X4']
[2026-04-24 03:56:19,185][dowhy.causal_identifier.auto_identifier][WARNING] - No directed path from treatment to outcome. Causal Effect is zero.
[2026-04-24 03:56:19,186][dowhy.causal_model][INFO] - linear_regression
[2026-04-24 03:56:19,186][dowhy.causal_estimator][INFO] - INFO: Using Linear Regression Estimator
[2026-04-24 03:56:19,186][dowhy.causal_estimator][WARNING] - No directed path from ['X1'] to ['X4'].
[2026-04-24 03:56:19,187][dowhy.causal_model][INFO] - Model to find the causal effect of treatment ['X1'] on outcome ['X5']
[2026-04-24 03:56:19,188][dowhy.causal_identifier.auto_identifier][INFO] - Causal effect can be identified.
[2026-04-24 03:56:19,189][dowhy.causal_identifier.auto_identifier][INFO] - Instrumental variables for treatment and outcome:[]
[2026-04-24 03:56:19,189][dowhy.causal_identifier.auto_identifier][INFO] - Frontdoor variables for treatment and outcome:[]
[2026-04-24 03:56:19,189][dowhy.causal_model][INFO] - linear_regression
[2026-04-24 03:56:19,189][dowhy.causal_estimator][INFO] - INFO: Using Linear Regression Estimator
[2026-04-24 03:56:19,189][dowhy.causal_estimator][INFO] - b: X5~X1+X3+X1*X3
[2026-04-24 03:56:19,300][dowhy.causal_model][INFO] - Model to find the causal effect of treatment ['X2'] on outcome ['X0']
[2026-04-24 03:56:19,301][dowhy.causal_identifier.auto_identifier][WARNING] - No directed path from treatment to outcome. Causal Effect is zero.
[2026-04-24 03:56:19,301][dowhy.causal_model][INFO] - linear_regression
[2026-04-24 03:56:19,301][dowhy.causal_estimator][INFO] - INFO: Using Linear Regression Estimator
[2026-04-24 03:56:19,301][dowhy.causal_estimator][WARNING] - No directed path from ['X2'] to ['X0'].
[2026-04-24 03:56:19,302][dowhy.causal_model][INFO] - Model to find the causal effect of treatment ['X2'] on outcome ['X1']
[2026-04-24 03:56:19,302][dowhy.causal_identifier.auto_identifier][WARNING] - No directed path from treatment to outcome. Causal Effect is zero.
[2026-04-24 03:56:19,303][dowhy.causal_model][INFO] - linear_regression
[2026-04-24 03:56:19,303][dowhy.causal_estimator][INFO] - INFO: Using Linear Regression Estimator
[2026-04-24 03:56:19,303][dowhy.causal_estimator][WARNING] - No directed path from ['X2'] to ['X1'].
[2026-04-24 03:56:19,304][dowhy.causal_model][INFO] - Model to find the causal effect of treatment ['X2'] on outcome ['X3']
[2026-04-24 03:56:19,304][dowhy.causal_identifier.auto_identifier][WARNING] - No directed path from treatment to outcome. Causal Effect is zero.
[2026-04-24 03:56:19,304][dowhy.causal_model][INFO] - linear_regression
[2026-04-24 03:56:19,304][dowhy.causal_estimator][INFO] - INFO: Using Linear Regression Estimator
[2026-04-24 03:56:19,304][dowhy.causal_estimator][WARNING] - No directed path from ['X2'] to ['X3'].
[2026-04-24 03:56:19,306][dowhy.causal_model][INFO] - Model to find the causal effect of treatment ['X2'] on outcome ['X4']
[2026-04-24 03:56:19,307][dowhy.causal_identifier.auto_identifier][INFO] - Causal effect can be identified.
[2026-04-24 03:56:19,308][dowhy.causal_identifier.auto_identifier][INFO] - Instrumental variables for treatment and outcome:[]
[2026-04-24 03:56:19,308][dowhy.causal_identifier.auto_identifier][INFO] - Frontdoor variables for treatment and outcome:[]
[2026-04-24 03:56:19,308][dowhy.causal_model][INFO] - linear_regression
[2026-04-24 03:56:19,308][dowhy.causal_estimator][INFO] - INFO: Using Linear Regression Estimator
[2026-04-24 03:56:19,308][dowhy.causal_estimator][INFO] - b: X4~X2+X2*X0+X2*X3
[2026-04-24 03:56:19,316][dowhy.causal_model][INFO] - Model to find the causal effect of treatment ['X2'] on outcome ['X5']
[2026-04-24 03:56:19,316][dowhy.causal_identifier.auto_identifier][WARNING] - No directed path from treatment to outcome. Causal Effect is zero.
[2026-04-24 03:56:19,316][dowhy.causal_model][INFO] - linear_regression
[2026-04-24 03:56:19,316][dowhy.causal_estimator][INFO] - INFO: Using Linear Regression Estimator
[2026-04-24 03:56:19,316][dowhy.causal_estimator][WARNING] - No directed path from ['X2'] to ['X5'].
[2026-04-24 03:56:19,353][dowhy.causal_model][INFO] - Model to find the causal effect of treatment ['X3'] on outcome ['X0']
[2026-04-24 03:56:19,353][dowhy.causal_identifier.auto_identifier][WARNING] - No directed path from treatment to outcome. Causal Effect is zero.
[2026-04-24 03:56:19,353][dowhy.causal_model][INFO] - linear_regression
[2026-04-24 03:56:19,353][dowhy.causal_estimator][INFO] - INFO: Using Linear Regression Estimator
[2026-04-24 03:56:19,353][dowhy.causal_estimator][WARNING] - No directed path from ['X3'] to ['X0'].
[2026-04-24 03:56:19,355][dowhy.causal_model][INFO] - Model to find the causal effect of treatment ['X3'] on outcome ['X1']
[2026-04-24 03:56:19,355][dowhy.causal_identifier.auto_identifier][WARNING] - No directed path from treatment to outcome. Causal Effect is zero.
[2026-04-24 03:56:19,355][dowhy.causal_model][INFO] - linear_regression
[2026-04-24 03:56:19,355][dowhy.causal_estimator][INFO] - INFO: Using Linear Regression Estimator
[2026-04-24 03:56:19,355][dowhy.causal_estimator][WARNING] - No directed path from ['X3'] to ['X1'].
[2026-04-24 03:56:19,357][dowhy.causal_model][INFO] - Model to find the causal effect of treatment ['X3'] on outcome ['X2']
[2026-04-24 03:56:19,357][dowhy.causal_identifier.auto_identifier][WARNING] - No directed path from treatment to outcome. Causal Effect is zero.
[2026-04-24 03:56:19,357][dowhy.causal_model][INFO] - linear_regression
[2026-04-24 03:56:19,357][dowhy.causal_estimator][INFO] - INFO: Using Linear Regression Estimator
[2026-04-24 03:56:19,357][dowhy.causal_estimator][WARNING] - No directed path from ['X3'] to ['X2'].
[2026-04-24 03:56:19,359][dowhy.causal_model][INFO] - Model to find the causal effect of treatment ['X3'] on outcome ['X4']
[2026-04-24 03:56:19,360][dowhy.causal_identifier.auto_identifier][INFO] - Causal effect can be identified.
[2026-04-24 03:56:19,360][dowhy.causal_identifier.auto_identifier][INFO] - Instrumental variables for treatment and outcome:[]
[2026-04-24 03:56:19,360][dowhy.causal_identifier.auto_identifier][INFO] - Frontdoor variables for treatment and outcome:[]
[2026-04-24 03:56:19,360][dowhy.causal_model][INFO] - linear_regression
[2026-04-24 03:56:19,360][dowhy.causal_estimator][INFO] - INFO: Using Linear Regression Estimator
[2026-04-24 03:56:19,361][dowhy.causal_estimator][INFO] - b: X4~X3+X0+X3*X2
[2026-04-24 03:56:19,370][dowhy.causal_model][INFO] - Model to find the causal effect of treatment ['X3'] on outcome ['X5']
[2026-04-24 03:56:19,371][dowhy.causal_identifier.auto_identifier][INFO] - Causal effect can be identified.
[2026-04-24 03:56:19,371][dowhy.causal_identifier.auto_identifier][INFO] - Instrumental variables for treatment and outcome:[]
[2026-04-24 03:56:19,371][dowhy.causal_identifier.auto_identifier][INFO] - Frontdoor variables for treatment and outcome:[]
[2026-04-24 03:56:19,371][dowhy.causal_model][INFO] - linear_regression
[2026-04-24 03:56:19,371][dowhy.causal_estimator][INFO] - INFO: Using Linear Regression Estimator
[2026-04-24 03:56:19,372][dowhy.causal_estimator][INFO] - b: X5~X3+X1+X3*X1
[2026-04-24 03:56:19,419][dowhy.causal_model][INFO] - Model to find the causal effect of treatment ['X4'] on outcome ['X0']
[2026-04-24 03:56:19,419][dowhy.causal_identifier.auto_identifier][WARNING] - No directed path from treatment to outcome. Causal Effect is zero.
[2026-04-24 03:56:19,419][dowhy.causal_model][INFO] - linear_regression
[2026-04-24 03:56:19,419][dowhy.causal_estimator][INFO] - INFO: Using Linear Regression Estimator
[2026-04-24 03:56:19,419][dowhy.causal_estimator][WARNING] - No directed path from ['X4'] to ['X0'].
[2026-04-24 03:56:19,420][dowhy.causal_model][INFO] - Model to find the causal effect of treatment ['X4'] on outcome ['X1']
[2026-04-24 03:56:19,421][dowhy.causal_identifier.auto_identifier][WARNING] - No directed path from treatment to outcome. Causal Effect is zero.
[2026-04-24 03:56:19,421][dowhy.causal_model][INFO] - linear_regression
[2026-04-24 03:56:19,421][dowhy.causal_estimator][INFO] - INFO: Using Linear Regression Estimator
[2026-04-24 03:56:19,421][dowhy.causal_estimator][WARNING] - No directed path from ['X4'] to ['X1'].
[2026-04-24 03:56:19,422][dowhy.causal_model][INFO] - Model to find the causal effect of treatment ['X4'] on outcome ['X2']
[2026-04-24 03:56:19,422][dowhy.causal_identifier.auto_identifier][WARNING] - No directed path from treatment to outcome. Causal Effect is zero.
[2026-04-24 03:56:19,422][dowhy.causal_model][INFO] - linear_regression
[2026-04-24 03:56:19,422][dowhy.causal_estimator][INFO] - INFO: Using Linear Regression Estimator
[2026-04-24 03:56:19,422][dowhy.causal_estimator][WARNING] - No directed path from ['X4'] to ['X2'].
[2026-04-24 03:56:19,424][dowhy.causal_model][INFO] - Model to find the causal effect of treatment ['X4'] on outcome ['X3']
[2026-04-24 03:56:19,424][dowhy.causal_identifier.auto_identifier][WARNING] - No directed path from treatment to outcome. Causal Effect is zero.
[2026-04-24 03:56:19,424][dowhy.causal_model][INFO] - linear_regression
[2026-04-24 03:56:19,424][dowhy.causal_estimator][INFO] - INFO: Using Linear Regression Estimator
[2026-04-24 03:56:19,424][dowhy.causal_estimator][WARNING] - No directed path from ['X4'] to ['X3'].
[2026-04-24 03:56:19,426][dowhy.causal_model][INFO] - Model to find the causal effect of treatment ['X4'] on outcome ['X5']
[2026-04-24 03:56:19,426][dowhy.causal_identifier.auto_identifier][WARNING] - No directed path from treatment to outcome. Causal Effect is zero.
[2026-04-24 03:56:19,426][dowhy.causal_model][INFO] - linear_regression
[2026-04-24 03:56:19,426][dowhy.causal_estimator][INFO] - INFO: Using Linear Regression Estimator
[2026-04-24 03:56:19,426][dowhy.causal_estimator][WARNING] - No directed path from ['X4'] to ['X5'].
[2026-04-24 03:56:19,458][dowhy.causal_model][INFO] - Model to find the causal effect of treatment ['X5'] on outcome ['X0']
[2026-04-24 03:56:19,458][dowhy.causal_identifier.auto_identifier][WARNING] - No directed path from treatment to outcome. Causal Effect is zero.
[2026-04-24 03:56:19,458][dowhy.causal_model][INFO] - linear_regression
[2026-04-24 03:56:19,458][dowhy.causal_estimator][INFO] - INFO: Using Linear Regression Estimator
[2026-04-24 03:56:19,459][dowhy.causal_estimator][WARNING] - No directed path from ['X5'] to ['X0'].
[2026-04-24 03:56:19,460][dowhy.causal_model][INFO] - Model to find the causal effect of treatment ['X5'] on outcome ['X1']
[2026-04-24 03:56:19,460][dowhy.causal_identifier.auto_identifier][WARNING] - No directed path from treatment to outcome. Causal Effect is zero.
[2026-04-24 03:56:19,460][dowhy.causal_model][INFO] - linear_regression
[2026-04-24 03:56:19,460][dowhy.causal_estimator][INFO] - INFO: Using Linear Regression Estimator
[2026-04-24 03:56:19,460][dowhy.causal_estimator][WARNING] - No directed path from ['X5'] to ['X1'].
[2026-04-24 03:56:19,462][dowhy.causal_model][INFO] - Model to find the causal effect of treatment ['X5'] on outcome ['X2']
[2026-04-24 03:56:19,462][dowhy.causal_identifier.auto_identifier][WARNING] - No directed path from treatment to outcome. Causal Effect is zero.
[2026-04-24 03:56:19,462][dowhy.causal_model][INFO] - linear_regression
[2026-04-24 03:56:19,462][dowhy.causal_estimator][INFO] - INFO: Using Linear Regression Estimator
[2026-04-24 03:56:19,462][dowhy.causal_estimator][WARNING] - No directed path from ['X5'] to ['X2'].
[2026-04-24 03:56:19,464][dowhy.causal_model][INFO] - Model to find the causal effect of treatment ['X5'] on outcome ['X3']
[2026-04-24 03:56:19,464][dowhy.causal_identifier.auto_identifier][WARNING] - No directed path from treatment to outcome. Causal Effect is zero.
[2026-04-24 03:56:19,464][dowhy.causal_model][INFO] - linear_regression
[2026-04-24 03:56:19,464][dowhy.causal_estimator][INFO] - INFO: Using Linear Regression Estimator
[2026-04-24 03:56:19,464][dowhy.causal_estimator][WARNING] - No directed path from ['X5'] to ['X3'].
[2026-04-24 03:56:19,465][dowhy.causal_model][INFO] - Model to find the causal effect of treatment ['X5'] on outcome ['X4']
[2026-04-24 03:56:19,465][dowhy.causal_identifier.auto_identifier][WARNING] - No directed path from treatment to outcome. Causal Effect is zero.
[2026-04-24 03:56:19,465][dowhy.causal_model][INFO] - linear_regression
[2026-04-24 03:56:19,465][dowhy.causal_estimator][INFO] - INFO: Using Linear Regression Estimator
[2026-04-24 03:56:19,466][dowhy.causal_estimator][WARNING] - No directed path from ['X5'] to ['X4'].
[2026-04-24 03:56:19,514][dowhy.causal_model][INFO] - Model to find the causal effect of treatment ['X0'] on outcome ['X1']
[2026-04-24 03:56:19,514][dowhy.causal_identifier.auto_identifier][INFO] - Causal effect can be identified.
[2026-04-24 03:56:19,515][dowhy.causal_identifier.auto_identifier][INFO] - Instrumental variables for treatment and outcome:[]
[2026-04-24 03:56:19,515][dowhy.causal_identifier.auto_identifier][INFO] - Frontdoor variables for treatment and outcome:[]
[2026-04-24 03:56:19,515][dowhy.causal_model][INFO] - linear_regression
[2026-04-24 03:56:19,515][dowhy.causal_estimator][INFO] - INFO: Using Linear Regression Estimator
[2026-04-24 03:56:19,515][dowhy.causal_estimator][INFO] - b: X1~X0
[2026-04-24 03:56:19,522][dowhy.causal_model][INFO] - Model to find the causal effect of treatment ['X0'] on outcome ['X2']
[2026-04-24 03:56:19,522][dowhy.causal_identifier.auto_identifier][WARNING] - No directed path from treatment to outcome. Causal Effect is zero.
[2026-04-24 03:56:19,522][dowhy.causal_model][INFO] - linear_regression
[2026-04-24 03:56:19,522][dowhy.causal_estimator][INFO] - INFO: Using Linear Regression Estimator
[2026-04-24 03:56:19,522][dowhy.causal_estimator][WARNING] - No directed path from ['X0'] to ['X2'].
[2026-04-24 03:56:19,524][dowhy.causal_model][INFO] - Model to find the causal effect of treatment ['X0'] on outcome ['X3']
[2026-04-24 03:56:19,524][dowhy.causal_identifier.auto_identifier][INFO] - Causal effect can be identified.
[2026-04-24 03:56:19,524][dowhy.causal_identifier.auto_identifier][INFO] - Instrumental variables for treatment and outcome:[]
[2026-04-24 03:56:19,524][dowhy.causal_identifier.auto_identifier][INFO] - Frontdoor variables for treatment and outcome:[]
[2026-04-24 03:56:19,524][dowhy.causal_model][INFO] - linear_regression
[2026-04-24 03:56:19,524][dowhy.causal_estimator][INFO] - INFO: Using Linear Regression Estimator
[2026-04-24 03:56:19,524][dowhy.causal_estimator][INFO] - b: X3~X0
[2026-04-24 03:56:19,531][dowhy.causal_model][INFO] - Model to find the causal effect of treatment ['X0'] on outcome ['X4']
[2026-04-24 03:56:19,531][dowhy.causal_identifier.auto_identifier][INFO] - Causal effect can be identified.
[2026-04-24 03:56:19,532][dowhy.causal_identifier.auto_identifier][INFO] - Instrumental variables for treatment and outcome:[]
[2026-04-24 03:56:19,532][dowhy.causal_identifier.auto_identifier][INFO] - Frontdoor variables for treatment and outcome:[]
[2026-04-24 03:56:19,532][dowhy.causal_model][INFO] - linear_regression
[2026-04-24 03:56:19,532][dowhy.causal_estimator][INFO] - INFO: Using Linear Regression Estimator
[2026-04-24 03:56:19,533][dowhy.causal_estimator][INFO] - b: X4~X0+X0*X2
[2026-04-24 03:56:19,541][dowhy.causal_model][INFO] - Model to find the causal effect of treatment ['X0'] on outcome ['X5']
[2026-04-24 03:56:19,542][dowhy.causal_identifier.auto_identifier][INFO] - Causal effect can be identified.
[2026-04-24 03:56:19,542][dowhy.causal_identifier.auto_identifier][INFO] - Instrumental variables for treatment and outcome:[]
[2026-04-24 03:56:19,543][dowhy.causal_identifier.auto_identifier][INFO] - Frontdoor variables for treatment and outcome:['X1', 'X4', 'X3']
[2026-04-24 03:56:19,544][dowhy.causal_identifier.auto_identifier][INFO] - Causal effect can be identified.
[2026-04-24 03:56:19,544][dowhy.causal_identifier.auto_identifier][INFO] - Causal effect can be identified.
[2026-04-24 03:56:19,545][dowhy.causal_model][INFO] - linear_regression
[2026-04-24 03:56:19,545][dowhy.causal_estimator][INFO] - INFO: Using Linear Regression Estimator
[2026-04-24 03:56:19,545][dowhy.causal_estimator][INFO] - b: X5~X0
[2026-04-24 03:56:19,590][dowhy.causal_model][INFO] - Model to find the causal effect of treatment ['X1'] on outcome ['X0']
[2026-04-24 03:56:19,590][dowhy.causal_identifier.auto_identifier][WARNING] - No directed path from treatment to outcome. Causal Effect is zero.
[2026-04-24 03:56:19,590][dowhy.causal_model][INFO] - linear_regression
[2026-04-24 03:56:19,591][dowhy.causal_estimator][INFO] - INFO: Using Linear Regression Estimator
[2026-04-24 03:56:19,591][dowhy.causal_estimator][WARNING] - No directed path from ['X1'] to ['X0'].
[2026-04-24 03:56:19,592][dowhy.causal_model][INFO] - Model to find the causal effect of treatment ['X1'] on outcome ['X2']
[2026-04-24 03:56:19,592][dowhy.causal_identifier.auto_identifier][WARNING] - No directed path from treatment to outcome. Causal Effect is zero.
[2026-04-24 03:56:19,592][dowhy.causal_model][INFO] - linear_regression
[2026-04-24 03:56:19,592][dowhy.causal_estimator][INFO] - INFO: Using Linear Regression Estimator
[2026-04-24 03:56:19,592][dowhy.causal_estimator][WARNING] - No directed path from ['X1'] to ['X2'].
[2026-04-24 03:56:19,594][dowhy.causal_model][INFO] - Model to find the causal effect of treatment ['X1'] on outcome ['X3']
[2026-04-24 03:56:19,594][dowhy.causal_identifier.auto_identifier][WARNING] - No directed path from treatment to outcome. Causal Effect is zero.
[2026-04-24 03:56:19,594][dowhy.causal_model][INFO] - linear_regression
[2026-04-24 03:56:19,594][dowhy.causal_estimator][INFO] - INFO: Using Linear Regression Estimator
[2026-04-24 03:56:19,594][dowhy.causal_estimator][WARNING] - No directed path from ['X1'] to ['X3'].
[2026-04-24 03:56:19,596][dowhy.causal_model][INFO] - Model to find the causal effect of treatment ['X1'] on outcome ['X4']
[2026-04-24 03:56:19,596][dowhy.causal_identifier.auto_identifier][WARNING] - No directed path from treatment to outcome. Causal Effect is zero.
[2026-04-24 03:56:19,596][dowhy.causal_model][INFO] - linear_regression
[2026-04-24 03:56:19,596][dowhy.causal_estimator][INFO] - INFO: Using Linear Regression Estimator
[2026-04-24 03:56:19,596][dowhy.causal_estimator][WARNING] - No directed path from ['X1'] to ['X4'].
[2026-04-24 03:56:19,598][dowhy.causal_model][INFO] - Model to find the causal effect of treatment ['X1'] on outcome ['X5']
[2026-04-24 03:56:19,599][dowhy.causal_identifier.auto_identifier][INFO] - Causal effect can be identified.
[2026-04-24 03:56:19,600][dowhy.causal_identifier.auto_identifier][INFO] - Instrumental variables for treatment and outcome:[]
[2026-04-24 03:56:19,600][dowhy.causal_identifier.auto_identifier][INFO] - Frontdoor variables for treatment and outcome:[]
[2026-04-24 03:56:19,600][dowhy.causal_model][INFO] - linear_regression
[2026-04-24 03:56:19,600][dowhy.causal_estimator][INFO] - INFO: Using Linear Regression Estimator
[2026-04-24 03:56:19,600][dowhy.causal_estimator][INFO] - b: X5~X1+X3+X1*X3
[2026-04-24 03:56:19,647][dowhy.causal_model][INFO] - Model to find the causal effect of treatment ['X2'] on outcome ['X0']
[2026-04-24 03:56:19,647][dowhy.causal_identifier.auto_identifier][WARNING] - No directed path from treatment to outcome. Causal Effect is zero.
[2026-04-24 03:56:19,647][dowhy.causal_model][INFO] - linear_regression
[2026-04-24 03:56:19,647][dowhy.causal_estimator][INFO] - INFO: Using Linear Regression Estimator
[2026-04-24 03:56:19,647][dowhy.causal_estimator][WARNING] - No directed path from ['X2'] to ['X0'].
[2026-04-24 03:56:19,649][dowhy.causal_model][INFO] - Model to find the causal effect of treatment ['X2'] on outcome ['X1']
[2026-04-24 03:56:19,649][dowhy.causal_identifier.auto_identifier][WARNING] - No directed path from treatment to outcome. Causal Effect is zero.
[2026-04-24 03:56:19,649][dowhy.causal_model][INFO] - linear_regression
[2026-04-24 03:56:19,649][dowhy.causal_estimator][INFO] - INFO: Using Linear Regression Estimator
[2026-04-24 03:56:19,649][dowhy.causal_estimator][WARNING] - No directed path from ['X2'] to ['X1'].
[2026-04-24 03:56:19,651][dowhy.causal_model][INFO] - Model to find the causal effect of treatment ['X2'] on outcome ['X3']
[2026-04-24 03:56:19,651][dowhy.causal_identifier.auto_identifier][WARNING] - No directed path from treatment to outcome. Causal Effect is zero.
[2026-04-24 03:56:19,651][dowhy.causal_model][INFO] - linear_regression
[2026-04-24 03:56:19,651][dowhy.causal_estimator][INFO] - INFO: Using Linear Regression Estimator
[2026-04-24 03:56:19,651][dowhy.causal_estimator][WARNING] - No directed path from ['X2'] to ['X3'].
[2026-04-24 03:56:19,653][dowhy.causal_model][INFO] - Model to find the causal effect of treatment ['X2'] on outcome ['X4']
[2026-04-24 03:56:19,654][dowhy.causal_identifier.auto_identifier][INFO] - Causal effect can be identified.
[2026-04-24 03:56:19,654][dowhy.causal_identifier.auto_identifier][INFO] - Instrumental variables for treatment and outcome:[]
[2026-04-24 03:56:19,654][dowhy.causal_identifier.auto_identifier][INFO] - Frontdoor variables for treatment and outcome:[]
[2026-04-24 03:56:19,654][dowhy.causal_model][INFO] - linear_regression
[2026-04-24 03:56:19,655][dowhy.causal_estimator][INFO] - INFO: Using Linear Regression Estimator
[2026-04-24 03:56:19,655][dowhy.causal_estimator][INFO] - b: X4~X2+X2*X0+X2*X3
[2026-04-24 03:56:19,662][dowhy.causal_model][INFO] - Model to find the causal effect of treatment ['X2'] on outcome ['X5']
[2026-04-24 03:56:19,662][dowhy.causal_identifier.auto_identifier][WARNING] - No directed path from treatment to outcome. Causal Effect is zero.
[2026-04-24 03:56:19,662][dowhy.causal_model][INFO] - linear_regression
[2026-04-24 03:56:19,662][dowhy.causal_estimator][INFO] - INFO: Using Linear Regression Estimator
[2026-04-24 03:56:19,662][dowhy.causal_estimator][WARNING] - No directed path from ['X2'] to ['X5'].
[2026-04-24 03:56:19,693][dowhy.causal_model][INFO] - Model to find the causal effect of treatment ['X3'] on outcome ['X0']
[2026-04-24 03:56:19,693][dowhy.causal_identifier.auto_identifier][WARNING] - No directed path from treatment to outcome. Causal Effect is zero.
[2026-04-24 03:56:19,693][dowhy.causal_model][INFO] - linear_regression
[2026-04-24 03:56:19,693][dowhy.causal_estimator][INFO] - INFO: Using Linear Regression Estimator
[2026-04-24 03:56:19,693][dowhy.causal_estimator][WARNING] - No directed path from ['X3'] to ['X0'].
[2026-04-24 03:56:19,695][dowhy.causal_model][INFO] - Model to find the causal effect of treatment ['X3'] on outcome ['X1']
[2026-04-24 03:56:19,695][dowhy.causal_identifier.auto_identifier][WARNING] - No directed path from treatment to outcome. Causal Effect is zero.
[2026-04-24 03:56:19,695][dowhy.causal_model][INFO] - linear_regression
[2026-04-24 03:56:19,695][dowhy.causal_estimator][INFO] - INFO: Using Linear Regression Estimator
[2026-04-24 03:56:19,695][dowhy.causal_estimator][WARNING] - No directed path from ['X3'] to ['X1'].
[2026-04-24 03:56:19,696][dowhy.causal_model][INFO] - Model to find the causal effect of treatment ['X3'] on outcome ['X2']
[2026-04-24 03:56:19,696][dowhy.causal_identifier.auto_identifier][WARNING] - No directed path from treatment to outcome. Causal Effect is zero.
[2026-04-24 03:56:19,696][dowhy.causal_model][INFO] - linear_regression
[2026-04-24 03:56:19,697][dowhy.causal_estimator][INFO] - INFO: Using Linear Regression Estimator
[2026-04-24 03:56:19,697][dowhy.causal_estimator][WARNING] - No directed path from ['X3'] to ['X2'].
[2026-04-24 03:56:19,698][dowhy.causal_model][INFO] - Model to find the causal effect of treatment ['X3'] on outcome ['X4']
[2026-04-24 03:56:19,699][dowhy.causal_identifier.auto_identifier][INFO] - Causal effect can be identified.
[2026-04-24 03:56:19,699][dowhy.causal_identifier.auto_identifier][INFO] - Instrumental variables for treatment and outcome:[]
[2026-04-24 03:56:19,699][dowhy.causal_identifier.auto_identifier][INFO] - Frontdoor variables for treatment and outcome:[]
[2026-04-24 03:56:19,699][dowhy.causal_model][INFO] - linear_regression
[2026-04-24 03:56:19,699][dowhy.causal_estimator][INFO] - INFO: Using Linear Regression Estimator
[2026-04-24 03:56:19,700][dowhy.causal_estimator][INFO] - b: X4~X3+X0+X3*X2
[2026-04-24 03:56:19,708][dowhy.causal_model][INFO] - Model to find the causal effect of treatment ['X3'] on outcome ['X5']
[2026-04-24 03:56:19,709][dowhy.causal_identifier.auto_identifier][INFO] - Causal effect can be identified.
[2026-04-24 03:56:19,709][dowhy.causal_identifier.auto_identifier][INFO] - Instrumental variables for treatment and outcome:[]
[2026-04-24 03:56:19,709][dowhy.causal_identifier.auto_identifier][INFO] - Frontdoor variables for treatment and outcome:[]
[2026-04-24 03:56:19,709][dowhy.causal_model][INFO] - linear_regression
[2026-04-24 03:56:19,709][dowhy.causal_estimator][INFO] - INFO: Using Linear Regression Estimator
[2026-04-24 03:56:19,710][dowhy.causal_estimator][INFO] - b: X5~X3+X1+X3*X1
[2026-04-24 03:56:19,751][dowhy.causal_model][INFO] - Model to find the causal effect of treatment ['X4'] on outcome ['X0']
[2026-04-24 03:56:19,751][dowhy.causal_identifier.auto_identifier][WARNING] - No directed path from treatment to outcome. Causal Effect is zero.
[2026-04-24 03:56:19,751][dowhy.causal_model][INFO] - linear_regression
[2026-04-24 03:56:19,751][dowhy.causal_estimator][INFO] - INFO: Using Linear Regression Estimator
[2026-04-24 03:56:19,751][dowhy.causal_estimator][WARNING] - No directed path from ['X4'] to ['X0'].
[2026-04-24 03:56:19,753][dowhy.causal_model][INFO] - Model to find the causal effect of treatment ['X4'] on outcome ['X1']
[2026-04-24 03:56:19,753][dowhy.causal_identifier.auto_identifier][WARNING] - No directed path from treatment to outcome. Causal Effect is zero.
[2026-04-24 03:56:19,753][dowhy.causal_model][INFO] - linear_regression
[2026-04-24 03:56:19,753][dowhy.causal_estimator][INFO] - INFO: Using Linear Regression Estimator
[2026-04-24 03:56:19,753][dowhy.causal_estimator][WARNING] - No directed path from ['X4'] to ['X1'].
[2026-04-24 03:56:19,755][dowhy.causal_model][INFO] - Model to find the causal effect of treatment ['X4'] on outcome ['X2']
[2026-04-24 03:56:19,755][dowhy.causal_identifier.auto_identifier][WARNING] - No directed path from treatment to outcome. Causal Effect is zero.
[2026-04-24 03:56:19,755][dowhy.causal_model][INFO] - linear_regression
[2026-04-24 03:56:19,755][dowhy.causal_estimator][INFO] - INFO: Using Linear Regression Estimator
[2026-04-24 03:56:19,755][dowhy.causal_estimator][WARNING] - No directed path from ['X4'] to ['X2'].
[2026-04-24 03:56:19,757][dowhy.causal_model][INFO] - Model to find the causal effect of treatment ['X4'] on outcome ['X3']
[2026-04-24 03:56:19,757][dowhy.causal_identifier.auto_identifier][WARNING] - No directed path from treatment to outcome. Causal Effect is zero.
[2026-04-24 03:56:19,757][dowhy.causal_model][INFO] - linear_regression
[2026-04-24 03:56:19,757][dowhy.causal_estimator][INFO] - INFO: Using Linear Regression Estimator
[2026-04-24 03:56:19,757][dowhy.causal_estimator][WARNING] - No directed path from ['X4'] to ['X3'].
[2026-04-24 03:56:19,759][dowhy.causal_model][INFO] - Model to find the causal effect of treatment ['X4'] on outcome ['X5']
[2026-04-24 03:56:19,759][dowhy.causal_identifier.auto_identifier][WARNING] - No directed path from treatment to outcome. Causal Effect is zero.
[2026-04-24 03:56:19,759][dowhy.causal_model][INFO] - linear_regression
[2026-04-24 03:56:19,759][dowhy.causal_estimator][INFO] - INFO: Using Linear Regression Estimator
[2026-04-24 03:56:19,759][dowhy.causal_estimator][WARNING] - No directed path from ['X4'] to ['X5'].
[2026-04-24 03:56:19,795][dowhy.causal_model][INFO] - Model to find the causal effect of treatment ['X5'] on outcome ['X0']
[2026-04-24 03:56:19,795][dowhy.causal_identifier.auto_identifier][WARNING] - No directed path from treatment to outcome. Causal Effect is zero.
[2026-04-24 03:56:19,796][dowhy.causal_model][INFO] - linear_regression
[2026-04-24 03:56:19,796][dowhy.causal_estimator][INFO] - INFO: Using Linear Regression Estimator
[2026-04-24 03:56:19,796][dowhy.causal_estimator][WARNING] - No directed path from ['X5'] to ['X0'].
[2026-04-24 03:56:19,797][dowhy.causal_model][INFO] - Model to find the causal effect of treatment ['X5'] on outcome ['X1']
[2026-04-24 03:56:19,797][dowhy.causal_identifier.auto_identifier][WARNING] - No directed path from treatment to outcome. Causal Effect is zero.
[2026-04-24 03:56:19,798][dowhy.causal_model][INFO] - linear_regression
[2026-04-24 03:56:19,798][dowhy.causal_estimator][INFO] - INFO: Using Linear Regression Estimator
[2026-04-24 03:56:19,798][dowhy.causal_estimator][WARNING] - No directed path from ['X5'] to ['X1'].
[2026-04-24 03:56:19,799][dowhy.causal_model][INFO] - Model to find the causal effect of treatment ['X5'] on outcome ['X2']
[2026-04-24 03:56:19,799][dowhy.causal_identifier.auto_identifier][WARNING] - No directed path from treatment to outcome. Causal Effect is zero.
[2026-04-24 03:56:19,799][dowhy.causal_model][INFO] - linear_regression
[2026-04-24 03:56:19,799][dowhy.causal_estimator][INFO] - INFO: Using Linear Regression Estimator
[2026-04-24 03:56:19,799][dowhy.causal_estimator][WARNING] - No directed path from ['X5'] to ['X2'].
[2026-04-24 03:56:19,801][dowhy.causal_model][INFO] - Model to find the causal effect of treatment ['X5'] on outcome ['X3']
[2026-04-24 03:56:19,801][dowhy.causal_identifier.auto_identifier][WARNING] - No directed path from treatment to outcome. Causal Effect is zero.
[2026-04-24 03:56:19,801][dowhy.causal_model][INFO] - linear_regression
[2026-04-24 03:56:19,801][dowhy.causal_estimator][INFO] - INFO: Using Linear Regression Estimator
[2026-04-24 03:56:19,801][dowhy.causal_estimator][WARNING] - No directed path from ['X5'] to ['X3'].
[2026-04-24 03:56:19,803][dowhy.causal_model][INFO] - Model to find the causal effect of treatment ['X5'] on outcome ['X4']
[2026-04-24 03:56:19,803][dowhy.causal_identifier.auto_identifier][WARNING] - No directed path from treatment to outcome. Causal Effect is zero.
[2026-04-24 03:56:19,803][dowhy.causal_model][INFO] - linear_regression
[2026-04-24 03:56:19,803][dowhy.causal_estimator][INFO] - INFO: Using Linear Regression Estimator
[2026-04-24 03:56:19,803][dowhy.causal_estimator][WARNING] - No directed path from ['X5'] to ['X4'].
[2026-04-24 03:56:19,858][dowhy.causal_model][INFO] - Model to find the causal effect of treatment ['X0'] on outcome ['X1']
[2026-04-24 03:56:19,858][dowhy.causal_identifier.auto_identifier][INFO] - Causal effect can be identified.
[2026-04-24 03:56:19,858][dowhy.causal_identifier.auto_identifier][INFO] - Instrumental variables for treatment and outcome:[]
[2026-04-24 03:56:19,858][dowhy.causal_identifier.auto_identifier][INFO] - Frontdoor variables for treatment and outcome:[]
[2026-04-24 03:56:19,859][dowhy.causal_model][INFO] - linear_regression
[2026-04-24 03:56:19,859][dowhy.causal_estimator][INFO] - INFO: Using Linear Regression Estimator
[2026-04-24 03:56:19,859][dowhy.causal_estimator][INFO] - b: X1~X0
[2026-04-24 03:56:19,865][dowhy.causal_model][INFO] - Model to find the causal effect of treatment ['X0'] on outcome ['X2']
[2026-04-24 03:56:19,865][dowhy.causal_identifier.auto_identifier][WARNING] - No directed path from treatment to outcome. Causal Effect is zero.
[2026-04-24 03:56:19,865][dowhy.causal_model][INFO] - linear_regression
[2026-04-24 03:56:19,865][dowhy.causal_estimator][INFO] - INFO: Using Linear Regression Estimator
[2026-04-24 03:56:19,865][dowhy.causal_estimator][WARNING] - No directed path from ['X0'] to ['X2'].
[2026-04-24 03:56:19,867][dowhy.causal_model][INFO] - Model to find the causal effect of treatment ['X0'] on outcome ['X3']
[2026-04-24 03:56:19,867][dowhy.causal_identifier.auto_identifier][INFO] - Causal effect can be identified.
[2026-04-24 03:56:19,867][dowhy.causal_identifier.auto_identifier][INFO] - Instrumental variables for treatment and outcome:[]
[2026-04-24 03:56:19,868][dowhy.causal_identifier.auto_identifier][INFO] - Frontdoor variables for treatment and outcome:[]
[2026-04-24 03:56:19,868][dowhy.causal_model][INFO] - linear_regression
[2026-04-24 03:56:19,868][dowhy.causal_estimator][INFO] - INFO: Using Linear Regression Estimator
[2026-04-24 03:56:19,868][dowhy.causal_estimator][INFO] - b: X3~X0
[2026-04-24 03:56:19,874][dowhy.causal_model][INFO] - Model to find the causal effect of treatment ['X0'] on outcome ['X4']
[2026-04-24 03:56:19,874][dowhy.causal_identifier.auto_identifier][INFO] - Causal effect can be identified.
[2026-04-24 03:56:19,875][dowhy.causal_identifier.auto_identifier][INFO] - Instrumental variables for treatment and outcome:[]
[2026-04-24 03:56:19,875][dowhy.causal_identifier.auto_identifier][INFO] - Frontdoor variables for treatment and outcome:[]
[2026-04-24 03:56:19,875][dowhy.causal_model][INFO] - linear_regression
[2026-04-24 03:56:19,875][dowhy.causal_estimator][INFO] - INFO: Using Linear Regression Estimator
[2026-04-24 03:56:19,875][dowhy.causal_estimator][INFO] - b: X4~X0+X0*X2
[2026-04-24 03:56:19,883][dowhy.causal_model][INFO] - Model to find the causal effect of treatment ['X0'] on outcome ['X5']
[2026-04-24 03:56:19,883][dowhy.causal_identifier.auto_identifier][INFO] - Causal effect can be identified.
[2026-04-24 03:56:19,883][dowhy.causal_identifier.auto_identifier][INFO] - Instrumental variables for treatment and outcome:[]
[2026-04-24 03:56:19,884][dowhy.causal_identifier.auto_identifier][INFO] - Frontdoor variables for treatment and outcome:['X1', 'X4', 'X3']
[2026-04-24 03:56:19,884][dowhy.causal_identifier.auto_identifier][INFO] - Causal effect can be identified.
[2026-04-24 03:56:19,885][dowhy.causal_identifier.auto_identifier][INFO] - Causal effect can be identified.
[2026-04-24 03:56:19,886][dowhy.causal_model][INFO] - linear_regression
[2026-04-24 03:56:19,886][dowhy.causal_estimator][INFO] - INFO: Using Linear Regression Estimator
[2026-04-24 03:56:19,886][dowhy.causal_estimator][INFO] - b: X5~X0
[2026-04-24 03:56:19,927][dowhy.causal_model][INFO] - Model to find the causal effect of treatment ['X1'] on outcome ['X0']
[2026-04-24 03:56:19,927][dowhy.causal_identifier.auto_identifier][WARNING] - No directed path from treatment to outcome. Causal Effect is zero.
[2026-04-24 03:56:19,927][dowhy.causal_model][INFO] - linear_regression
[2026-04-24 03:56:19,927][dowhy.causal_estimator][INFO] - INFO: Using Linear Regression Estimator
[2026-04-24 03:56:19,927][dowhy.causal_estimator][WARNING] - No directed path from ['X1'] to ['X0'].
[2026-04-24 03:56:19,929][dowhy.causal_model][INFO] - Model to find the causal effect of treatment ['X1'] on outcome ['X2']
[2026-04-24 03:56:19,929][dowhy.causal_identifier.auto_identifier][WARNING] - No directed path from treatment to outcome. Causal Effect is zero.
[2026-04-24 03:56:19,929][dowhy.causal_model][INFO] - linear_regression
[2026-04-24 03:56:19,929][dowhy.causal_estimator][INFO] - INFO: Using Linear Regression Estimator
[2026-04-24 03:56:19,929][dowhy.causal_estimator][WARNING] - No directed path from ['X1'] to ['X2'].
[2026-04-24 03:56:19,931][dowhy.causal_model][INFO] - Model to find the causal effect of treatment ['X1'] on outcome ['X3']
[2026-04-24 03:56:19,931][dowhy.causal_identifier.auto_identifier][WARNING] - No directed path from treatment to outcome. Causal Effect is zero.
[2026-04-24 03:56:19,931][dowhy.causal_model][INFO] - linear_regression
[2026-04-24 03:56:19,931][dowhy.causal_estimator][INFO] - INFO: Using Linear Regression Estimator
[2026-04-24 03:56:19,931][dowhy.causal_estimator][WARNING] - No directed path from ['X1'] to ['X3'].
[2026-04-24 03:56:19,933][dowhy.causal_model][INFO] - Model to find the causal effect of treatment ['X1'] on outcome ['X4']
[2026-04-24 03:56:19,933][dowhy.causal_identifier.auto_identifier][WARNING] - No directed path from treatment to outcome. Causal Effect is zero.
[2026-04-24 03:56:19,933][dowhy.causal_model][INFO] - linear_regression
[2026-04-24 03:56:19,933][dowhy.causal_estimator][INFO] - INFO: Using Linear Regression Estimator
[2026-04-24 03:56:19,933][dowhy.causal_estimator][WARNING] - No directed path from ['X1'] to ['X4'].
[2026-04-24 03:56:19,934][dowhy.causal_model][INFO] - Model to find the causal effect of treatment ['X1'] on outcome ['X5']
[2026-04-24 03:56:19,935][dowhy.causal_identifier.auto_identifier][INFO] - Causal effect can be identified.
[2026-04-24 03:56:19,936][dowhy.causal_identifier.auto_identifier][INFO] - Instrumental variables for treatment and outcome:[]
[2026-04-24 03:56:19,936][dowhy.causal_identifier.auto_identifier][INFO] - Frontdoor variables for treatment and outcome:[]
[2026-04-24 03:56:19,936][dowhy.causal_model][INFO] - linear_regression
[2026-04-24 03:56:19,936][dowhy.causal_estimator][INFO] - INFO: Using Linear Regression Estimator
[2026-04-24 03:56:19,936][dowhy.causal_estimator][INFO] - b: X5~X1+X3+X1*X3
[2026-04-24 03:56:19,977][dowhy.causal_model][INFO] - Model to find the causal effect of treatment ['X2'] on outcome ['X0']
[2026-04-24 03:56:19,977][dowhy.causal_identifier.auto_identifier][WARNING] - No directed path from treatment to outcome. Causal Effect is zero.
[2026-04-24 03:56:19,977][dowhy.causal_model][INFO] - linear_regression
[2026-04-24 03:56:19,977][dowhy.causal_estimator][INFO] - INFO: Using Linear Regression Estimator
[2026-04-24 03:56:19,977][dowhy.causal_estimator][WARNING] - No directed path from ['X2'] to ['X0'].
[2026-04-24 03:56:19,979][dowhy.causal_model][INFO] - Model to find the causal effect of treatment ['X2'] on outcome ['X1']
[2026-04-24 03:56:19,979][dowhy.causal_identifier.auto_identifier][WARNING] - No directed path from treatment to outcome. Causal Effect is zero.
[2026-04-24 03:56:19,980][dowhy.causal_model][INFO] - linear_regression
[2026-04-24 03:56:19,980][dowhy.causal_estimator][INFO] - INFO: Using Linear Regression Estimator
[2026-04-24 03:56:19,980][dowhy.causal_estimator][WARNING] - No directed path from ['X2'] to ['X1'].
[2026-04-24 03:56:19,981][dowhy.causal_model][INFO] - Model to find the causal effect of treatment ['X2'] on outcome ['X3']
[2026-04-24 03:56:19,981][dowhy.causal_identifier.auto_identifier][WARNING] - No directed path from treatment to outcome. Causal Effect is zero.
[2026-04-24 03:56:19,981][dowhy.causal_model][INFO] - linear_regression
[2026-04-24 03:56:19,981][dowhy.causal_estimator][INFO] - INFO: Using Linear Regression Estimator
[2026-04-24 03:56:19,981][dowhy.causal_estimator][WARNING] - No directed path from ['X2'] to ['X3'].
[2026-04-24 03:56:19,983][dowhy.causal_model][INFO] - Model to find the causal effect of treatment ['X2'] on outcome ['X4']
[2026-04-24 03:56:19,984][dowhy.causal_identifier.auto_identifier][INFO] - Causal effect can be identified.
[2026-04-24 03:56:19,985][dowhy.causal_identifier.auto_identifier][INFO] - Instrumental variables for treatment and outcome:[]
[2026-04-24 03:56:19,985][dowhy.causal_identifier.auto_identifier][INFO] - Frontdoor variables for treatment and outcome:[]
[2026-04-24 03:56:19,985][dowhy.causal_model][INFO] - linear_regression
[2026-04-24 03:56:19,985][dowhy.causal_estimator][INFO] - INFO: Using Linear Regression Estimator
[2026-04-24 03:56:19,985][dowhy.causal_estimator][INFO] - b: X4~X2+X2*X0+X2*X3
[2026-04-24 03:56:19,993][dowhy.causal_model][INFO] - Model to find the causal effect of treatment ['X2'] on outcome ['X5']
[2026-04-24 03:56:19,993][dowhy.causal_identifier.auto_identifier][WARNING] - No directed path from treatment to outcome. Causal Effect is zero.
[2026-04-24 03:56:19,994][dowhy.causal_model][INFO] - linear_regression
[2026-04-24 03:56:19,994][dowhy.causal_estimator][INFO] - INFO: Using Linear Regression Estimator
[2026-04-24 03:56:19,994][dowhy.causal_estimator][WARNING] - No directed path from ['X2'] to ['X5'].
[2026-04-24 03:56:20,032][dowhy.causal_model][INFO] - Model to find the causal effect of treatment ['X3'] on outcome ['X0']
[2026-04-24 03:56:20,032][dowhy.causal_identifier.auto_identifier][WARNING] - No directed path from treatment to outcome. Causal Effect is zero.
[2026-04-24 03:56:20,032][dowhy.causal_model][INFO] - linear_regression
[2026-04-24 03:56:20,032][dowhy.causal_estimator][INFO] - INFO: Using Linear Regression Estimator
[2026-04-24 03:56:20,032][dowhy.causal_estimator][WARNING] - No directed path from ['X3'] to ['X0'].
[2026-04-24 03:56:20,034][dowhy.causal_model][INFO] - Model to find the causal effect of treatment ['X3'] on outcome ['X1']
[2026-04-24 03:56:20,034][dowhy.causal_identifier.auto_identifier][WARNING] - No directed path from treatment to outcome. Causal Effect is zero.
[2026-04-24 03:56:20,034][dowhy.causal_model][INFO] - linear_regression
[2026-04-24 03:56:20,034][dowhy.causal_estimator][INFO] - INFO: Using Linear Regression Estimator
[2026-04-24 03:56:20,034][dowhy.causal_estimator][WARNING] - No directed path from ['X3'] to ['X1'].
[2026-04-24 03:56:20,036][dowhy.causal_model][INFO] - Model to find the causal effect of treatment ['X3'] on outcome ['X2']
[2026-04-24 03:56:20,036][dowhy.causal_identifier.auto_identifier][WARNING] - No directed path from treatment to outcome. Causal Effect is zero.
[2026-04-24 03:56:20,036][dowhy.causal_model][INFO] - linear_regression
[2026-04-24 03:56:20,036][dowhy.causal_estimator][INFO] - INFO: Using Linear Regression Estimator
[2026-04-24 03:56:20,036][dowhy.causal_estimator][WARNING] - No directed path from ['X3'] to ['X2'].
[2026-04-24 03:56:20,038][dowhy.causal_model][INFO] - Model to find the causal effect of treatment ['X3'] on outcome ['X4']
[2026-04-24 03:56:20,038][dowhy.causal_identifier.auto_identifier][INFO] - Causal effect can be identified.
[2026-04-24 03:56:20,039][dowhy.causal_identifier.auto_identifier][INFO] - Instrumental variables for treatment and outcome:[]
[2026-04-24 03:56:20,039][dowhy.causal_identifier.auto_identifier][INFO] - Frontdoor variables for treatment and outcome:[]
[2026-04-24 03:56:20,039][dowhy.causal_model][INFO] - linear_regression
[2026-04-24 03:56:20,039][dowhy.causal_estimator][INFO] - INFO: Using Linear Regression Estimator
[2026-04-24 03:56:20,040][dowhy.causal_estimator][INFO] - b: X4~X3+X0+X3*X2
[2026-04-24 03:56:20,049][dowhy.causal_model][INFO] - Model to find the causal effect of treatment ['X3'] on outcome ['X5']
[2026-04-24 03:56:20,050][dowhy.causal_identifier.auto_identifier][INFO] - Causal effect can be identified.
[2026-04-24 03:56:20,050][dowhy.causal_identifier.auto_identifier][INFO] - Instrumental variables for treatment and outcome:[]
[2026-04-24 03:56:20,050][dowhy.causal_identifier.auto_identifier][INFO] - Frontdoor variables for treatment and outcome:[]
[2026-04-24 03:56:20,050][dowhy.causal_model][INFO] - linear_regression
[2026-04-24 03:56:20,050][dowhy.causal_estimator][INFO] - INFO: Using Linear Regression Estimator
[2026-04-24 03:56:20,051][dowhy.causal_estimator][INFO] - b: X5~X3+X1+X3*X1
[2026-04-24 03:56:20,095][dowhy.causal_model][INFO] - Model to find the causal effect of treatment ['X4'] on outcome ['X0']
[2026-04-24 03:56:20,095][dowhy.causal_identifier.auto_identifier][WARNING] - No directed path from treatment to outcome. Causal Effect is zero.
[2026-04-24 03:56:20,095][dowhy.causal_model][INFO] - linear_regression
[2026-04-24 03:56:20,095][dowhy.causal_estimator][INFO] - INFO: Using Linear Regression Estimator
[2026-04-24 03:56:20,095][dowhy.causal_estimator][WARNING] - No directed path from ['X4'] to ['X0'].
[2026-04-24 03:56:20,097][dowhy.causal_model][INFO] - Model to find the causal effect of treatment ['X4'] on outcome ['X1']
[2026-04-24 03:56:20,097][dowhy.causal_identifier.auto_identifier][WARNING] - No directed path from treatment to outcome. Causal Effect is zero.
[2026-04-24 03:56:20,097][dowhy.causal_model][INFO] - linear_regression
[2026-04-24 03:56:20,097][dowhy.causal_estimator][INFO] - INFO: Using Linear Regression Estimator
[2026-04-24 03:56:20,097][dowhy.causal_estimator][WARNING] - No directed path from ['X4'] to ['X1'].
[2026-04-24 03:56:20,099][dowhy.causal_model][INFO] - Model to find the causal effect of treatment ['X4'] on outcome ['X2']
[2026-04-24 03:56:20,099][dowhy.causal_identifier.auto_identifier][WARNING] - No directed path from treatment to outcome. Causal Effect is zero.
[2026-04-24 03:56:20,099][dowhy.causal_model][INFO] - linear_regression
[2026-04-24 03:56:20,099][dowhy.causal_estimator][INFO] - INFO: Using Linear Regression Estimator
[2026-04-24 03:56:20,099][dowhy.causal_estimator][WARNING] - No directed path from ['X4'] to ['X2'].
[2026-04-24 03:56:20,101][dowhy.causal_model][INFO] - Model to find the causal effect of treatment ['X4'] on outcome ['X3']
[2026-04-24 03:56:20,101][dowhy.causal_identifier.auto_identifier][WARNING] - No directed path from treatment to outcome. Causal Effect is zero.
[2026-04-24 03:56:20,101][dowhy.causal_model][INFO] - linear_regression
[2026-04-24 03:56:20,101][dowhy.causal_estimator][INFO] - INFO: Using Linear Regression Estimator
[2026-04-24 03:56:20,101][dowhy.causal_estimator][WARNING] - No directed path from ['X4'] to ['X3'].
[2026-04-24 03:56:20,102][dowhy.causal_model][INFO] - Model to find the causal effect of treatment ['X4'] on outcome ['X5']
[2026-04-24 03:56:20,102][dowhy.causal_identifier.auto_identifier][WARNING] - No directed path from treatment to outcome. Causal Effect is zero.
[2026-04-24 03:56:20,102][dowhy.causal_model][INFO] - linear_regression
[2026-04-24 03:56:20,102][dowhy.causal_estimator][INFO] - INFO: Using Linear Regression Estimator
[2026-04-24 03:56:20,102][dowhy.causal_estimator][WARNING] - No directed path from ['X4'] to ['X5'].
[2026-04-24 03:56:20,133][dowhy.causal_model][INFO] - Model to find the causal effect of treatment ['X5'] on outcome ['X0']
[2026-04-24 03:56:20,133][dowhy.causal_identifier.auto_identifier][WARNING] - No directed path from treatment to outcome. Causal Effect is zero.
[2026-04-24 03:56:20,133][dowhy.causal_model][INFO] - linear_regression
[2026-04-24 03:56:20,133][dowhy.causal_estimator][INFO] - INFO: Using Linear Regression Estimator
[2026-04-24 03:56:20,133][dowhy.causal_estimator][WARNING] - No directed path from ['X5'] to ['X0'].
[2026-04-24 03:56:20,135][dowhy.causal_model][INFO] - Model to find the causal effect of treatment ['X5'] on outcome ['X1']
[2026-04-24 03:56:20,135][dowhy.causal_identifier.auto_identifier][WARNING] - No directed path from treatment to outcome. Causal Effect is zero.
[2026-04-24 03:56:20,135][dowhy.causal_model][INFO] - linear_regression
[2026-04-24 03:56:20,135][dowhy.causal_estimator][INFO] - INFO: Using Linear Regression Estimator
[2026-04-24 03:56:20,135][dowhy.causal_estimator][WARNING] - No directed path from ['X5'] to ['X1'].
[2026-04-24 03:56:20,136][dowhy.causal_model][INFO] - Model to find the causal effect of treatment ['X5'] on outcome ['X2']
[2026-04-24 03:56:20,136][dowhy.causal_identifier.auto_identifier][WARNING] - No directed path from treatment to outcome. Causal Effect is zero.
[2026-04-24 03:56:20,136][dowhy.causal_model][INFO] - linear_regression
[2026-04-24 03:56:20,136][dowhy.causal_estimator][INFO] - INFO: Using Linear Regression Estimator
[2026-04-24 03:56:20,136][dowhy.causal_estimator][WARNING] - No directed path from ['X5'] to ['X2'].
[2026-04-24 03:56:20,138][dowhy.causal_model][INFO] - Model to find the causal effect of treatment ['X5'] on outcome ['X3']
[2026-04-24 03:56:20,138][dowhy.causal_identifier.auto_identifier][WARNING] - No directed path from treatment to outcome. Causal Effect is zero.
[2026-04-24 03:56:20,138][dowhy.causal_model][INFO] - linear_regression
[2026-04-24 03:56:20,138][dowhy.causal_estimator][INFO] - INFO: Using Linear Regression Estimator
[2026-04-24 03:56:20,138][dowhy.causal_estimator][WARNING] - No directed path from ['X5'] to ['X3'].
[2026-04-24 03:56:20,140][dowhy.causal_model][INFO] - Model to find the causal effect of treatment ['X5'] on outcome ['X4']
[2026-04-24 03:56:20,140][dowhy.causal_identifier.auto_identifier][WARNING] - No directed path from treatment to outcome. Causal Effect is zero.
[2026-04-24 03:56:20,140][dowhy.causal_model][INFO] - linear_regression
[2026-04-24 03:56:20,140][dowhy.causal_estimator][INFO] - INFO: Using Linear Regression Estimator
[2026-04-24 03:56:20,140][dowhy.causal_estimator][WARNING] - No directed path from ['X5'] to ['X4'].
[2026-04-24 03:56:20,187][dowhy.causal_model][INFO] - Model to find the causal effect of treatment ['X0'] on outcome ['X1']
[2026-04-24 03:56:20,188][dowhy.causal_identifier.auto_identifier][INFO] - Causal effect can be identified.
[2026-04-24 03:56:20,188][dowhy.causal_identifier.auto_identifier][INFO] - Instrumental variables for treatment and outcome:[]
[2026-04-24 03:56:20,188][dowhy.causal_identifier.auto_identifier][INFO] - Frontdoor variables for treatment and outcome:[]
[2026-04-24 03:56:20,188][dowhy.causal_model][INFO] - linear_regression
[2026-04-24 03:56:20,188][dowhy.causal_estimator][INFO] - INFO: Using Linear Regression Estimator
[2026-04-24 03:56:20,188][dowhy.causal_estimator][INFO] - b: X1~X0
[2026-04-24 03:56:20,194][dowhy.causal_model][INFO] - Model to find the causal effect of treatment ['X0'] on outcome ['X2']
[2026-04-24 03:56:20,194][dowhy.causal_identifier.auto_identifier][WARNING] - No directed path from treatment to outcome. Causal Effect is zero.
[2026-04-24 03:56:20,195][dowhy.causal_model][INFO] - linear_regression
[2026-04-24 03:56:20,195][dowhy.causal_estimator][INFO] - INFO: Using Linear Regression Estimator
[2026-04-24 03:56:20,195][dowhy.causal_estimator][WARNING] - No directed path from ['X0'] to ['X2'].
[2026-04-24 03:56:20,197][dowhy.causal_model][INFO] - Model to find the causal effect of treatment ['X0'] on outcome ['X3']
[2026-04-24 03:56:20,197][dowhy.causal_identifier.auto_identifier][INFO] - Causal effect can be identified.
[2026-04-24 03:56:20,197][dowhy.causal_identifier.auto_identifier][INFO] - Instrumental variables for treatment and outcome:[]
[2026-04-24 03:56:20,197][dowhy.causal_identifier.auto_identifier][INFO] - Frontdoor variables for treatment and outcome:[]
[2026-04-24 03:56:20,197][dowhy.causal_model][INFO] - linear_regression
[2026-04-24 03:56:20,198][dowhy.causal_estimator][INFO] - INFO: Using Linear Regression Estimator
[2026-04-24 03:56:20,198][dowhy.causal_estimator][INFO] - b: X3~X0
[2026-04-24 03:56:20,204][dowhy.causal_model][INFO] - Model to find the causal effect of treatment ['X0'] on outcome ['X4']
[2026-04-24 03:56:20,204][dowhy.causal_identifier.auto_identifier][INFO] - Causal effect can be identified.
[2026-04-24 03:56:20,205][dowhy.causal_identifier.auto_identifier][INFO] - Instrumental variables for treatment and outcome:[]
[2026-04-24 03:56:20,205][dowhy.causal_identifier.auto_identifier][INFO] - Frontdoor variables for treatment and outcome:[]
[2026-04-24 03:56:20,206][dowhy.causal_model][INFO] - linear_regression
[2026-04-24 03:56:20,206][dowhy.causal_estimator][INFO] - INFO: Using Linear Regression Estimator
[2026-04-24 03:56:20,206][dowhy.causal_estimator][INFO] - b: X4~X0+X0*X2
[2026-04-24 03:56:20,214][dowhy.causal_model][INFO] - Model to find the causal effect of treatment ['X0'] on outcome ['X5']
[2026-04-24 03:56:20,214][dowhy.causal_identifier.auto_identifier][INFO] - Causal effect can be identified.
[2026-04-24 03:56:20,215][dowhy.causal_identifier.auto_identifier][INFO] - Instrumental variables for treatment and outcome:[]
[2026-04-24 03:56:20,215][dowhy.causal_identifier.auto_identifier][INFO] - Frontdoor variables for treatment and outcome:['X1', 'X4', 'X3']
[2026-04-24 03:56:20,216][dowhy.causal_identifier.auto_identifier][INFO] - Causal effect can be identified.
[2026-04-24 03:56:20,217][dowhy.causal_identifier.auto_identifier][INFO] - Causal effect can be identified.
[2026-04-24 03:56:20,218][dowhy.causal_model][INFO] - linear_regression
[2026-04-24 03:56:20,218][dowhy.causal_estimator][INFO] - INFO: Using Linear Regression Estimator
[2026-04-24 03:56:20,218][dowhy.causal_estimator][INFO] - b: X5~X0
[2026-04-24 03:56:20,264][dowhy.causal_model][INFO] - Model to find the causal effect of treatment ['X1'] on outcome ['X0']
[2026-04-24 03:56:20,264][dowhy.causal_identifier.auto_identifier][WARNING] - No directed path from treatment to outcome. Causal Effect is zero.
[2026-04-24 03:56:20,264][dowhy.causal_model][INFO] - linear_regression
[2026-04-24 03:56:20,264][dowhy.causal_estimator][INFO] - INFO: Using Linear Regression Estimator
[2026-04-24 03:56:20,265][dowhy.causal_estimator][WARNING] - No directed path from ['X1'] to ['X0'].
[2026-04-24 03:56:20,266][dowhy.causal_model][INFO] - Model to find the causal effect of treatment ['X1'] on outcome ['X2']
[2026-04-24 03:56:20,266][dowhy.causal_identifier.auto_identifier][WARNING] - No directed path from treatment to outcome. Causal Effect is zero.
[2026-04-24 03:56:20,266][dowhy.causal_model][INFO] - linear_regression
[2026-04-24 03:56:20,266][dowhy.causal_estimator][INFO] - INFO: Using Linear Regression Estimator
[2026-04-24 03:56:20,266][dowhy.causal_estimator][WARNING] - No directed path from ['X1'] to ['X2'].
[2026-04-24 03:56:20,268][dowhy.causal_model][INFO] - Model to find the causal effect of treatment ['X1'] on outcome ['X3']
[2026-04-24 03:56:20,268][dowhy.causal_identifier.auto_identifier][WARNING] - No directed path from treatment to outcome. Causal Effect is zero.
[2026-04-24 03:56:20,268][dowhy.causal_model][INFO] - linear_regression
[2026-04-24 03:56:20,268][dowhy.causal_estimator][INFO] - INFO: Using Linear Regression Estimator
[2026-04-24 03:56:20,268][dowhy.causal_estimator][WARNING] - No directed path from ['X1'] to ['X3'].
[2026-04-24 03:56:20,270][dowhy.causal_model][INFO] - Model to find the causal effect of treatment ['X1'] on outcome ['X4']
[2026-04-24 03:56:20,270][dowhy.causal_identifier.auto_identifier][WARNING] - No directed path from treatment to outcome. Causal Effect is zero.
[2026-04-24 03:56:20,270][dowhy.causal_model][INFO] - linear_regression
[2026-04-24 03:56:20,270][dowhy.causal_estimator][INFO] - INFO: Using Linear Regression Estimator
[2026-04-24 03:56:20,270][dowhy.causal_estimator][WARNING] - No directed path from ['X1'] to ['X4'].
[2026-04-24 03:56:20,272][dowhy.causal_model][INFO] - Model to find the causal effect of treatment ['X1'] on outcome ['X5']
[2026-04-24 03:56:20,273][dowhy.causal_identifier.auto_identifier][INFO] - Causal effect can be identified.
[2026-04-24 03:56:20,274][dowhy.causal_identifier.auto_identifier][INFO] - Instrumental variables for treatment and outcome:[]
[2026-04-24 03:56:20,274][dowhy.causal_identifier.auto_identifier][INFO] - Frontdoor variables for treatment and outcome:[]
[2026-04-24 03:56:20,274][dowhy.causal_model][INFO] - linear_regression
[2026-04-24 03:56:20,274][dowhy.causal_estimator][INFO] - INFO: Using Linear Regression Estimator
[2026-04-24 03:56:20,274][dowhy.causal_estimator][INFO] - b: X5~X1+X3+X1*X3
[2026-04-24 03:56:20,318][dowhy.causal_model][INFO] - Model to find the causal effect of treatment ['X2'] on outcome ['X0']
[2026-04-24 03:56:20,318][dowhy.causal_identifier.auto_identifier][WARNING] - No directed path from treatment to outcome. Causal Effect is zero.
[2026-04-24 03:56:20,318][dowhy.causal_model][INFO] - linear_regression
[2026-04-24 03:56:20,318][dowhy.causal_estimator][INFO] - INFO: Using Linear Regression Estimator
[2026-04-24 03:56:20,318][dowhy.causal_estimator][WARNING] - No directed path from ['X2'] to ['X0'].
[2026-04-24 03:56:20,320][dowhy.causal_model][INFO] - Model to find the causal effect of treatment ['X2'] on outcome ['X1']
[2026-04-24 03:56:20,320][dowhy.causal_identifier.auto_identifier][WARNING] - No directed path from treatment to outcome. Causal Effect is zero.
[2026-04-24 03:56:20,320][dowhy.causal_model][INFO] - linear_regression
[2026-04-24 03:56:20,320][dowhy.causal_estimator][INFO] - INFO: Using Linear Regression Estimator
[2026-04-24 03:56:20,320][dowhy.causal_estimator][WARNING] - No directed path from ['X2'] to ['X1'].
[2026-04-24 03:56:20,321][dowhy.causal_model][INFO] - Model to find the causal effect of treatment ['X2'] on outcome ['X3']
[2026-04-24 03:56:20,322][dowhy.causal_identifier.auto_identifier][WARNING] - No directed path from treatment to outcome. Causal Effect is zero.
[2026-04-24 03:56:20,322][dowhy.causal_model][INFO] - linear_regression
[2026-04-24 03:56:20,322][dowhy.causal_estimator][INFO] - INFO: Using Linear Regression Estimator
[2026-04-24 03:56:20,322][dowhy.causal_estimator][WARNING] - No directed path from ['X2'] to ['X3'].
[2026-04-24 03:56:20,323][dowhy.causal_model][INFO] - Model to find the causal effect of treatment ['X2'] on outcome ['X4']
[2026-04-24 03:56:20,324][dowhy.causal_identifier.auto_identifier][INFO] - Causal effect can be identified.
[2026-04-24 03:56:20,325][dowhy.causal_identifier.auto_identifier][INFO] - Instrumental variables for treatment and outcome:[]
[2026-04-24 03:56:20,325][dowhy.causal_identifier.auto_identifier][INFO] - Frontdoor variables for treatment and outcome:[]
[2026-04-24 03:56:20,325][dowhy.causal_model][INFO] - linear_regression
[2026-04-24 03:56:20,325][dowhy.causal_estimator][INFO] - INFO: Using Linear Regression Estimator
[2026-04-24 03:56:20,325][dowhy.causal_estimator][INFO] - b: X4~X2+X2*X0+X2*X3
[2026-04-24 03:56:20,333][dowhy.causal_model][INFO] - Model to find the causal effect of treatment ['X2'] on outcome ['X5']
[2026-04-24 03:56:20,333][dowhy.causal_identifier.auto_identifier][WARNING] - No directed path from treatment to outcome. Causal Effect is zero.
[2026-04-24 03:56:20,333][dowhy.causal_model][INFO] - linear_regression
[2026-04-24 03:56:20,333][dowhy.causal_estimator][INFO] - INFO: Using Linear Regression Estimator
[2026-04-24 03:56:20,333][dowhy.causal_estimator][WARNING] - No directed path from ['X2'] to ['X5'].
[2026-04-24 03:56:20,365][dowhy.causal_model][INFO] - Model to find the causal effect of treatment ['X3'] on outcome ['X0']
[2026-04-24 03:56:20,365][dowhy.causal_identifier.auto_identifier][WARNING] - No directed path from treatment to outcome. Causal Effect is zero.
[2026-04-24 03:56:20,365][dowhy.causal_model][INFO] - linear_regression
[2026-04-24 03:56:20,365][dowhy.causal_estimator][INFO] - INFO: Using Linear Regression Estimator
[2026-04-24 03:56:20,365][dowhy.causal_estimator][WARNING] - No directed path from ['X3'] to ['X0'].
[2026-04-24 03:56:20,367][dowhy.causal_model][INFO] - Model to find the causal effect of treatment ['X3'] on outcome ['X1']
[2026-04-24 03:56:20,367][dowhy.causal_identifier.auto_identifier][WARNING] - No directed path from treatment to outcome. Causal Effect is zero.
[2026-04-24 03:56:20,367][dowhy.causal_model][INFO] - linear_regression
[2026-04-24 03:56:20,367][dowhy.causal_estimator][INFO] - INFO: Using Linear Regression Estimator
[2026-04-24 03:56:20,367][dowhy.causal_estimator][WARNING] - No directed path from ['X3'] to ['X1'].
[2026-04-24 03:56:20,368][dowhy.causal_model][INFO] - Model to find the causal effect of treatment ['X3'] on outcome ['X2']
[2026-04-24 03:56:20,368][dowhy.causal_identifier.auto_identifier][WARNING] - No directed path from treatment to outcome. Causal Effect is zero.
[2026-04-24 03:56:20,368][dowhy.causal_model][INFO] - linear_regression
[2026-04-24 03:56:20,368][dowhy.causal_estimator][INFO] - INFO: Using Linear Regression Estimator
[2026-04-24 03:56:20,368][dowhy.causal_estimator][WARNING] - No directed path from ['X3'] to ['X2'].
[2026-04-24 03:56:20,370][dowhy.causal_model][INFO] - Model to find the causal effect of treatment ['X3'] on outcome ['X4']
[2026-04-24 03:56:20,371][dowhy.causal_identifier.auto_identifier][INFO] - Causal effect can be identified.
[2026-04-24 03:56:20,371][dowhy.causal_identifier.auto_identifier][INFO] - Instrumental variables for treatment and outcome:[]
[2026-04-24 03:56:20,371][dowhy.causal_identifier.auto_identifier][INFO] - Frontdoor variables for treatment and outcome:[]
[2026-04-24 03:56:20,371][dowhy.causal_model][INFO] - linear_regression
[2026-04-24 03:56:20,371][dowhy.causal_estimator][INFO] - INFO: Using Linear Regression Estimator
[2026-04-24 03:56:20,372][dowhy.causal_estimator][INFO] - b: X4~X3+X0+X3*X2
[2026-04-24 03:56:20,380][dowhy.causal_model][INFO] - Model to find the causal effect of treatment ['X3'] on outcome ['X5']
[2026-04-24 03:56:20,381][dowhy.causal_identifier.auto_identifier][INFO] - Causal effect can be identified.
[2026-04-24 03:56:20,381][dowhy.causal_identifier.auto_identifier][INFO] - Instrumental variables for treatment and outcome:[]
[2026-04-24 03:56:20,381][dowhy.causal_identifier.auto_identifier][INFO] - Frontdoor variables for treatment and outcome:[]
[2026-04-24 03:56:20,381][dowhy.causal_model][INFO] - linear_regression
[2026-04-24 03:56:20,381][dowhy.causal_estimator][INFO] - INFO: Using Linear Regression Estimator
[2026-04-24 03:56:20,382][dowhy.causal_estimator][INFO] - b: X5~X3+X1+X3*X1
[2026-04-24 03:56:20,424][dowhy.causal_model][INFO] - Model to find the causal effect of treatment ['X4'] on outcome ['X0']
[2026-04-24 03:56:20,425][dowhy.causal_identifier.auto_identifier][WARNING] - No directed path from treatment to outcome. Causal Effect is zero.
[2026-04-24 03:56:20,425][dowhy.causal_model][INFO] - linear_regression
[2026-04-24 03:56:20,425][dowhy.causal_estimator][INFO] - INFO: Using Linear Regression Estimator
[2026-04-24 03:56:20,425][dowhy.causal_estimator][WARNING] - No directed path from ['X4'] to ['X0'].
[2026-04-24 03:56:20,427][dowhy.causal_model][INFO] - Model to find the causal effect of treatment ['X4'] on outcome ['X1']
[2026-04-24 03:56:20,427][dowhy.causal_identifier.auto_identifier][WARNING] - No directed path from treatment to outcome. Causal Effect is zero.
[2026-04-24 03:56:20,427][dowhy.causal_model][INFO] - linear_regression
[2026-04-24 03:56:20,427][dowhy.causal_estimator][INFO] - INFO: Using Linear Regression Estimator
[2026-04-24 03:56:20,427][dowhy.causal_estimator][WARNING] - No directed path from ['X4'] to ['X1'].
[2026-04-24 03:56:20,429][dowhy.causal_model][INFO] - Model to find the causal effect of treatment ['X4'] on outcome ['X2']
[2026-04-24 03:56:20,429][dowhy.causal_identifier.auto_identifier][WARNING] - No directed path from treatment to outcome. Causal Effect is zero.
[2026-04-24 03:56:20,429][dowhy.causal_model][INFO] - linear_regression
[2026-04-24 03:56:20,429][dowhy.causal_estimator][INFO] - INFO: Using Linear Regression Estimator
[2026-04-24 03:56:20,429][dowhy.causal_estimator][WARNING] - No directed path from ['X4'] to ['X2'].
[2026-04-24 03:56:20,431][dowhy.causal_model][INFO] - Model to find the causal effect of treatment ['X4'] on outcome ['X3']
[2026-04-24 03:56:20,431][dowhy.causal_identifier.auto_identifier][WARNING] - No directed path from treatment to outcome. Causal Effect is zero.
[2026-04-24 03:56:20,431][dowhy.causal_model][INFO] - linear_regression
[2026-04-24 03:56:20,431][dowhy.causal_estimator][INFO] - INFO: Using Linear Regression Estimator
[2026-04-24 03:56:20,431][dowhy.causal_estimator][WARNING] - No directed path from ['X4'] to ['X3'].
[2026-04-24 03:56:20,432][dowhy.causal_model][INFO] - Model to find the causal effect of treatment ['X4'] on outcome ['X5']
[2026-04-24 03:56:20,433][dowhy.causal_identifier.auto_identifier][WARNING] - No directed path from treatment to outcome. Causal Effect is zero.
[2026-04-24 03:56:20,433][dowhy.causal_model][INFO] - linear_regression
[2026-04-24 03:56:20,433][dowhy.causal_estimator][INFO] - INFO: Using Linear Regression Estimator
[2026-04-24 03:56:20,433][dowhy.causal_estimator][WARNING] - No directed path from ['X4'] to ['X5'].
[2026-04-24 03:56:20,469][dowhy.causal_model][INFO] - Model to find the causal effect of treatment ['X5'] on outcome ['X0']
[2026-04-24 03:56:20,469][dowhy.causal_identifier.auto_identifier][WARNING] - No directed path from treatment to outcome. Causal Effect is zero.
[2026-04-24 03:56:20,469][dowhy.causal_model][INFO] - linear_regression
[2026-04-24 03:56:20,469][dowhy.causal_estimator][INFO] - INFO: Using Linear Regression Estimator
[2026-04-24 03:56:20,469][dowhy.causal_estimator][WARNING] - No directed path from ['X5'] to ['X0'].
[2026-04-24 03:56:20,471][dowhy.causal_model][INFO] - Model to find the causal effect of treatment ['X5'] on outcome ['X1']
[2026-04-24 03:56:20,471][dowhy.causal_identifier.auto_identifier][WARNING] - No directed path from treatment to outcome. Causal Effect is zero.
[2026-04-24 03:56:20,471][dowhy.causal_model][INFO] - linear_regression
[2026-04-24 03:56:20,472][dowhy.causal_estimator][INFO] - INFO: Using Linear Regression Estimator
[2026-04-24 03:56:20,472][dowhy.causal_estimator][WARNING] - No directed path from ['X5'] to ['X1'].
[2026-04-24 03:56:20,473][dowhy.causal_model][INFO] - Model to find the causal effect of treatment ['X5'] on outcome ['X2']
[2026-04-24 03:56:20,473][dowhy.causal_identifier.auto_identifier][WARNING] - No directed path from treatment to outcome. Causal Effect is zero.
[2026-04-24 03:56:20,473][dowhy.causal_model][INFO] - linear_regression
[2026-04-24 03:56:20,473][dowhy.causal_estimator][INFO] - INFO: Using Linear Regression Estimator
[2026-04-24 03:56:20,473][dowhy.causal_estimator][WARNING] - No directed path from ['X5'] to ['X2'].
[2026-04-24 03:56:20,475][dowhy.causal_model][INFO] - Model to find the causal effect of treatment ['X5'] on outcome ['X3']
[2026-04-24 03:56:20,475][dowhy.causal_identifier.auto_identifier][WARNING] - No directed path from treatment to outcome. Causal Effect is zero.
[2026-04-24 03:56:20,475][dowhy.causal_model][INFO] - linear_regression
[2026-04-24 03:56:20,475][dowhy.causal_estimator][INFO] - INFO: Using Linear Regression Estimator
[2026-04-24 03:56:20,475][dowhy.causal_estimator][WARNING] - No directed path from ['X5'] to ['X3'].
[2026-04-24 03:56:20,477][dowhy.causal_model][INFO] - Model to find the causal effect of treatment ['X5'] on outcome ['X4']
[2026-04-24 03:56:20,477][dowhy.causal_identifier.auto_identifier][WARNING] - No directed path from treatment to outcome. Causal Effect is zero.
[2026-04-24 03:56:20,477][dowhy.causal_model][INFO] - linear_regression
[2026-04-24 03:56:20,477][dowhy.causal_estimator][INFO] - INFO: Using Linear Regression Estimator
[2026-04-24 03:56:20,477][dowhy.causal_estimator][WARNING] - No directed path from ['X5'] to ['X4'].
