=== [Train] Fold 4 (4/5) ===
Step: set random seed (5)
Step: build datasets
Step: initialize model
Step: training setup (model=ShallowMLP, profile=shallow, control_mode=epochs, epochs=40, target_updates=None)
Step: training
TrnLoss=1.016 ValLoss=0.980 ValR2=0.006
TrnLoss=0.987 ValLoss=0.963 ValR2=0.023
TrnLoss=0.970 ValLoss=0.945 ValR2=0.041
TrnLoss=0.956 ValLoss=0.929 ValR2=0.058
TrnLoss=0.944 ValLoss=0.921 ValR2=0.066
TrnLoss=0.942 ValLoss=0.919 ValR2=0.067
TrnLoss=0.943 ValLoss=0.918 ValR2=0.069
TrnLoss=0.941 ValLoss=0.919 ValR2=0.068
TrnLoss=0.941 ValLoss=0.919 ValR2=0.068
TrnLoss=0.942 ValLoss=0.919 ValR2=0.068
TrnLoss=0.939 ValLoss=0.919 ValR2=0.067
TrnLoss=0.938 ValLoss=0.919 ValR2=0.068
TrnLoss=0.939 ValLoss=0.919 ValR2=0.068
TrnLoss=0.938 ValLoss=0.918 ValR2=0.068
TrnLoss=0.939 ValLoss=0.920 ValR2=0.067
Early stopping at epoch 15: no validation improvement for 6 epochs (best epoch=7, best val loss=0.918)
 35%|####5        | 14/40 [00:18<00:34,  1.33s/ep]
Step: evaluate test split
