=== [Causal Discovery] Fold 1 (1/5) ===
Step: load extraction data
Loading extraction data from: outputs/experiments/linear_sem_shallow_mlp_align/1/alignment_results.csv
Step: prepare ground-truth data
Running sample_150__baseline_150
Saved metadata to outputs/experiments/linear_sem_shallow_mlp_align/1/metadata.json
Test:  CI( 0 , 1 | () ) = 0.0
Test:  CI( 0 , 2 | () ) = 0.7496154684117939
Test:  CI( 1 , 2 | () ) = 0.1286465330811286
Test:  CI( 0 , 3 | () ) = 0.0
Test:  CI( 1 , 3 | () ) = 0.0
Test:  CI( 2 , 3 | () ) = 0.6715353998693916
Test:  CI( 0 , 4 | () ) = 0.0032868501376941417
Test:  CI( 1 , 4 | () ) = 0.0016365823067072682
Test:  CI( 2 , 4 | () ) = 0.0
Test:  CI( 3 , 4 | () ) = 0.003966073657972746
Test:  CI( 0 , 5 | () ) = 0.0
Test:  CI( 1 , 5 | () ) = 0.0
Test:  CI( 2 , 5 | () ) = 0.4182569068109192
Test:  CI( 3 , 5 | () ) = 0.0
Test:  CI( 4 , 5 | () ) = 0.0016177111084794138
Test:  CI( 0 , 3 | (1,) ) = 0.0
Test:  CI( 1 , 3 | (0,) ) = 0.1908344913449913
Test:  CI( 0 , 4 | (1,) ) = 0.2513130831383008
Test:  CI( 1 , 4 | (2,) ) = 1.2559337791984149e-08
Test:  CI( 1 , 4 | (3,) ) = 0.09250460517790238
Test:  CI( 2 , 4 | (3,) ) = 0.0
Test:  CI( 3 , 4 | (2,) ) = 0.0
Test:  CI( 0 , 5 | (1,) ) = 0.0
Test:  CI( 0 , 5 | (3,) ) = 0.005064735398265796
Test:  CI( 0 , 5 | (4,) ) = 0.0
Test:  CI( 1 , 5 | (0,) ) = 0.0
Test:  CI( 1 , 5 | (3,) ) = 0.0
Test:  CI( 1 , 5 | (4,) ) = 0.0
Test:  CI( 3 , 5 | (0,) ) = 0.007959470484677045
Test:  CI( 3 , 5 | (1,) ) = 0.0
Test:  CI( 3 , 5 | (4,) ) = 0.0
Test:  CI( 4 , 5 | (0,) ) = 0.24551692403251812
Test:  CI( 3 , 5 | (0, 1) ) = 0.0
Saved adjacency matrix to outputs/experiments/linear_sem_shallow_mlp_align/1/learned_graph_adj.npy
Test:  CI( 0 , 1 | () ) = 0.0
Test:  CI( 0 , 2 | () ) = 0.8676849631136381
Test:  CI( 1 , 2 | () ) = 0.5876570530161311
Test:  CI( 0 , 3 | () ) = 0.0
Test:  CI( 1 , 3 | () ) = 1.234568003383174e-13
Test:  CI( 2 , 3 | () ) = 0.29067671365305947
Test:  CI( 0 , 4 | () ) = 0.0016628299826795256
Test:  CI( 1 , 4 | () ) = 0.007150824167094116
Test:  CI( 2 , 4 | () ) = 0.0
Test:  CI( 3 , 4 | () ) = 0.8844918234402472
Test:  CI( 0 , 5 | () ) = 0.0
Test:  CI( 1 , 5 | () ) = 0.0
Test:  CI( 2 , 5 | () ) = 0.25814060675140693
Test:  CI( 3 , 5 | () ) = 0.0
Test:  CI( 4 , 5 | () ) = 0.5134313619159052
Test:  CI( 0 , 3 | (1,) ) = 0.0
Test:  CI( 1 , 3 | (0,) ) = 0.4033406345527042
Test:  CI( 0 , 4 | (1,) ) = 0.06242982400433883
Test:  CI( 1 , 4 | (2,) ) = 7.120742735233776e-06
Test:  CI( 2 , 4 | (1,) ) = 0.0
Test:  CI( 0 , 5 | (1,) ) = 0.0
Test:  CI( 0 , 5 | (3,) ) = 0.003531172567055041
Test:  CI( 1 , 5 | (0,) ) = 1.0063905042656529e-07
Test:  CI( 1 , 5 | (3,) ) = 0.0
Test:  CI( 3 , 5 | (0,) ) = 0.0
Test:  CI( 3 , 5 | (1,) ) = 0.0
Test:  CI( 1 , 5 | (0, 3) ) = 8.881784197001252e-16
Saved metrics to outputs/experiments/linear_sem_shallow_mlp_align/1/performance_metrics.json
Saved baseline metrics to outputs/experiments/linear_sem_shallow_mlp_align/1/baseline_performance_metrics.json
Saved PAG-vs-PAG metrics to outputs/experiments/linear_sem_shallow_mlp_align/1/pag_vs_pag_metrics.json
Found 4 differences:
  1. Missing: 0 --- 4 (DAG: directed_ij)
  2. Extra: 0 --- 5 (PAG: partial_ij)
  3. Wrong orientation: 3 --- 4 (DAG: directed_ij, PAG: bidirected)
  4. Wrong orientation: 3 --- 5 (DAG: directed_ij, PAG: bidirected)
Found 4 partial orientation differences:
  1. Partial orientation: 0 --- 1 (DAG: directed_ij, PAG: partial_ij)
  2. Partial orientation: 0 --- 3 (DAG: directed_ij, PAG: partial_ij)
  3. Partial orientation: 1 --- 5 (DAG: directed_ij, PAG: partial_ij)
  4. Partial orientation: 2 --- 4 (DAG: directed_ij, PAG: partial_ij)
Saved edge comparison details to outputs/experiments/linear_sem_shallow_mlp_align/1/edge_comparison.txt
Found 5 differences:
  1. Missing: 0 --- 4 (DAG: directed_ij)
  2. Extra: 0 --- 5 (PAG: partial_ij)
  3. Extra: 1 --- 4 (PAG: bidirected)
  4. Wrong orientation: 1 --- 5 (DAG: directed_ij, PAG: bidirected)
  5. Missing: 3 --- 4 (DAG: directed_ij)
Found 4 partial orientation differences:
  1. Partial orientation: 0 --- 1 (DAG: directed_ij, PAG: partial_ij)
  2. Partial orientation: 0 --- 3 (DAG: directed_ij, PAG: partial_ij)
  3. Partial orientation: 2 --- 4 (DAG: directed_ij, PAG: partial_ij)
  4. Partial orientation: 3 --- 5 (DAG: directed_ij, PAG: partial_ij)
Saved baseline edge comparison details to outputs/experiments/linear_sem_shallow_mlp_align/1/edge_comparison_baseline.txt
Found 2 differences:
  1. Missing: 1 --- 4 (Reference PAG: bidirected)
  2. Extra: 3 --- 4 (PAG: bidirected)
Found 2 partial orientation differences:
  1. Partial orientation: 1 --- 5 (Reference PAG: bidirected, PAG: partial_ij)
  2. Partial orientation: 3 --- 5 (Reference PAG: partial_ij, PAG: bidirected)
Saved PAG-vs-PAG edge comparison details to outputs/experiments/linear_sem_shallow_mlp_align/1/edge_comparison_pag_vs_pag.txt
Saved figure to outputs/experiments/linear_sem_shallow_mlp_align/1/pag_vs_dag.png
Saved baseline figure to outputs/experiments/linear_sem_shallow_mlp_align/1/baseline_pag_vs_dag.png
Saved combined DAG comparison to outputs/experiments/linear_sem_shallow_mlp_align/1/pags_vs_dag.png
Saved PAG-vs-PAG figure to outputs/experiments/linear_sem_shallow_mlp_align/1/pag_vs_pag.png
Saved adjacency matrix to outputs/experiments/linear_sem_shallow_mlp_align/1/learned_graph_adj.npy
Saved baseline adjacency matrix to outputs/experiments/linear_sem_shallow_mlp_align/1/baseline_graph_adj.npy
