=== [Causal Discovery] Fold 4 (4/5) ===
Step: load extraction data
Loading extraction data from: outputs/experiments/layered_sparse_linear_sem_student_t3_shallow_mlp_align_observable_state/4/alignment_results.csv
Step: prepare ground-truth data
Running sample_150__baseline_150
Saved metadata to outputs/experiments/layered_sparse_linear_sem_student_t3_shallow_mlp_align_observable_state/4/metadata.json
Test:  CI( 0 , 1 | () ) = 0.3636006290398466
Test:  CI( 0 , 2 | () ) = 0.0
Test:  CI( 1 , 2 | () ) = 4.3309580588513086e-08
Test:  CI( 0 , 3 | () ) = 9.335575201774304e-07
Test:  CI( 1 , 3 | () ) = 0.0
Test:  CI( 2 , 3 | () ) = 0.0
Test:  CI( 0 , 4 | () ) = 0.0
Test:  CI( 1 , 4 | () ) = 0.001161669288238354
Test:  CI( 2 , 4 | () ) = 0.0
Test:  CI( 3 , 4 | () ) = 8.427036846114788e-12
Test:  CI( 0 , 5 | () ) = 3.617837851521699e-08
Test:  CI( 1 , 5 | () ) = 0.0
Test:  CI( 2 , 5 | () ) = 0.0
Test:  CI( 3 , 5 | () ) = 0.0
Test:  CI( 4 , 5 | () ) = 2.841650966978193e-05
Test:  CI( 0 , 2 | (1,) ) = 0.0
Test:  CI( 1 , 2 | (0,) ) = 0.0
Test:  CI( 0 , 3 | (1,) ) = 2.708944180085382e-14
Test:  CI( 0 , 3 | (2,) ) = 0.0
Test:  CI( 1 , 3 | (0,) ) = 0.0
Test:  CI( 1 , 3 | (2,) ) = 0.0
Test:  CI( 2 , 3 | (0,) ) = 0.0
Test:  CI( 2 , 3 | (1,) ) = 0.0
Test:  CI( 0 , 4 | (1,) ) = 0.0
Test:  CI( 0 , 4 | (2,) ) = 0.0
Test:  CI( 0 , 4 | (3,) ) = 0.0
Test:  CI( 1 , 4 | (0,) ) = 2.346646728490498e-06
Test:  CI( 1 , 4 | (2,) ) = 0.0
Test:  CI( 1 , 4 | (3,) ) = 0.0
Test:  CI( 2 , 4 | (0,) ) = 2.1509603089775453e-06
Test:  CI( 2 , 4 | (1,) ) = 0.0
Test:  CI( 2 , 4 | (3,) ) = 0.0
Test:  CI( 3 , 4 | (0,) ) = 1.664420368863162e-06
Test:  CI( 3 , 4 | (1,) ) = 0.0
Test:  CI( 3 , 4 | (2,) ) = 0.0
Test:  CI( 0 , 5 | (1,) ) = 0.0
Test:  CI( 0 , 5 | (2,) ) = 0.0
Test:  CI( 0 , 5 | (3,) ) = 0.014572584223289109
Test:  CI( 1 , 5 | (2,) ) = 0.0
Test:  CI( 1 , 5 | (3,) ) = 0.0
Test:  CI( 1 , 5 | (4,) ) = 0.0
Test:  CI( 2 , 5 | (1,) ) = 0.0
Test:  CI( 2 , 5 | (3,) ) = 0.0095548557452525
Test:  CI( 2 , 5 | (4,) ) = 0.0
Test:  CI( 3 , 5 | (1,) ) = 0.0
Test:  CI( 3 , 5 | (2,) ) = 0.0
Test:  CI( 3 , 5 | (4,) ) = 0.0
Test:  CI( 4 , 5 | (1,) ) = 0.0
Test:  CI( 4 , 5 | (2,) ) = 0.0
Test:  CI( 4 , 5 | (3,) ) = 3.9730186518482924e-07
Test:  CI( 2 , 3 | (0, 1) ) = 0.0
Test:  CI( 0 , 4 | (1, 2) ) = 0.4906633747085034
Test:  CI( 1 , 4 | (0, 2) ) = 0.0
Test:  CI( 1 , 4 | (0, 3) ) = 0.0
Test:  CI( 1 , 4 | (2, 3) ) = 0.0
Test:  CI( 2 , 4 | (0, 1) ) = 0.0
Test:  CI( 2 , 4 | (0, 3) ) = 0.48092752676998796
Test:  CI( 3 , 4 | (0, 1) ) = 0.0
Test:  CI( 2 , 5 | (1, 3) ) = 0.0
Test:  CI( 4 , 5 | (1, 3) ) = 0.0
Saved adjacency matrix to outputs/experiments/layered_sparse_linear_sem_student_t3_shallow_mlp_align_observable_state/4/learned_graph_adj.npy
Test:  CI( 0 , 1 | () ) = 0.008026116448546672
Test:  CI( 0 , 2 | () ) = 0.0
Test:  CI( 1 , 2 | () ) = 9.969802761133906e-14
Test:  CI( 0 , 3 | () ) = 4.76677277649884e-07
Test:  CI( 1 , 3 | () ) = 4.005684672847565e-13
Test:  CI( 2 , 3 | () ) = 0.0
Test:  CI( 0 , 4 | () ) = 0.0
Test:  CI( 1 , 4 | () ) = 0.9258087613697616
Test:  CI( 2 , 4 | () ) = 0.0
Test:  CI( 3 , 4 | () ) = 7.103651000761602e-12
Test:  CI( 0 , 5 | () ) = 2.220446049250313e-16
Test:  CI( 1 , 5 | () ) = 0.0
Test:  CI( 2 , 5 | () ) = 0.0
Test:  CI( 3 , 5 | () ) = 0.0
Test:  CI( 4 , 5 | () ) = 1.1510381536794512e-09
Test:  CI( 0 , 2 | (1,) ) = 0.0
Test:  CI( 1 , 2 | (0,) ) = 0.0
Test:  CI( 0 , 3 | (1,) ) = 2.295803758989301e-05
Test:  CI( 0 , 3 | (2,) ) = 1.2168044349891716e-13
Test:  CI( 1 , 3 | (0,) ) = 2.3997248632667834e-11
Test:  CI( 1 , 3 | (2,) ) = 0.010898648377654974
Test:  CI( 2 , 3 | (0,) ) = 0.0
Test:  CI( 0 , 4 | (2,) ) = 0.07146505247193402
Test:  CI( 2 , 4 | (3,) ) = 1.3422596367718143e-12
Test:  CI( 3 , 4 | (2,) ) = 0.5596184162873445
Test:  CI( 0 , 5 | (1,) ) = 0.0
Test:  CI( 0 , 5 | (2,) ) = 0.0014602267414824954
Test:  CI( 0 , 5 | (3,) ) = 1.7941514940389425e-10
Test:  CI( 0 , 5 | (4,) ) = 9.80109748915936e-09
Test:  CI( 1 , 5 | (0,) ) = 0.0
Test:  CI( 1 , 5 | (2,) ) = 0.0
Test:  CI( 1 , 5 | (3,) ) = 0.0
Test:  CI( 1 , 5 | (4,) ) = 0.0
Test:  CI( 2 , 5 | (0,) ) = 0.0
Test:  CI( 2 , 5 | (1,) ) = 0.0
Test:  CI( 2 , 5 | (3,) ) = 0.0
Test:  CI( 2 , 5 | (4,) ) = 0.0
Test:  CI( 3 , 5 | (0,) ) = 0.0
Test:  CI( 3 , 5 | (1,) ) = 8.881784197001252e-16
Test:  CI( 3 , 5 | (2,) ) = 0.05420445190833423
Test:  CI( 4 , 5 | (0,) ) = 0.03806050490190138
Saved metrics to outputs/experiments/layered_sparse_linear_sem_student_t3_shallow_mlp_align_observable_state/4/performance_metrics.json
Saved baseline metrics to outputs/experiments/layered_sparse_linear_sem_student_t3_shallow_mlp_align_observable_state/4/baseline_performance_metrics.json
Saved PAG-vs-PAG metrics to outputs/experiments/layered_sparse_linear_sem_student_t3_shallow_mlp_align_observable_state/4/pag_vs_pag_metrics.json
Found 10 differences:
  1. Wrong orientation: 1 --- 2 (DAG: directed_ij, PAG: bidirected)
  2. Extra: 1 --- 3 (PAG: bidirected)
  3. Wrong orientation: 1 --- 4 (DAG: directed_ij, PAG: bidirected)
  4. Wrong orientation: 1 --- 5 (DAG: directed_ij, PAG: bidirected)
  5. Wrong orientation: 2 --- 3 (DAG: directed_ij, PAG: bidirected)
  6. Missing: 2 --- 4 (DAG: directed_ij)
  7. Wrong orientation: 2 --- 5 (DAG: directed_ij, PAG: bidirected)
  8. Extra: 3 --- 4 (PAG: bidirected)
  9. Extra: 3 --- 5 (PAG: directed_ij)
  10. Extra: 4 --- 5 (PAG: bidirected)
Found 2 partial orientation differences:
  1. Partial orientation: 0 --- 2 (DAG: directed_ij, PAG: partial_ij)
  2. Partial orientation: 0 --- 3 (DAG: directed_ij, PAG: partial_ij)
Saved edge comparison details to outputs/experiments/layered_sparse_linear_sem_student_t3_shallow_mlp_align_observable_state/4/edge_comparison.txt
Found 7 differences:
  1. Extra: 0 --- 1 (PAG: bidirected)
  2. Wrong orientation: 0 --- 2 (DAG: directed_ij, PAG: bidirected)
  3. Wrong orientation: 0 --- 3 (DAG: directed_ij, PAG: bidirected)
  4. Extra: 0 --- 5 (PAG: bidirected)
  5. Missing: 1 --- 4 (DAG: directed_ij)
  6. Wrong orientation: 2 --- 4 (DAG: directed_ij, PAG: bidirected)
  7. Wrong orientation: 2 --- 5 (DAG: directed_ij, PAG: bidirected)
Found 2 partial orientation differences:
  1. Partial orientation: 1 --- 2 (DAG: directed_ij, PAG: partial_ij)
  2. Partial orientation: 1 --- 5 (DAG: directed_ij, PAG: partial_ij)
Saved baseline edge comparison details to outputs/experiments/layered_sparse_linear_sem_student_t3_shallow_mlp_align_observable_state/4/edge_comparison_baseline.txt
Found 9 differences:
  1. Missing: 0 --- 1 (Reference PAG: bidirected)
  2. Missing: 0 --- 5 (Reference PAG: bidirected)
  3. Extra: 1 --- 3 (PAG: bidirected)
  4. Extra: 1 --- 4 (PAG: bidirected)
  5. Wrong orientation: 2 --- 3 (Reference PAG: directed_ij, PAG: bidirected)
  6. Missing: 2 --- 4 (Reference PAG: bidirected)
  7. Extra: 3 --- 4 (PAG: bidirected)
  8. Extra: 3 --- 5 (PAG: directed_ij)
  9. Extra: 4 --- 5 (PAG: bidirected)
Found 4 partial orientation differences:
  1. Partial orientation: 0 --- 2 (Reference PAG: bidirected, PAG: partial_ij)
  2. Partial orientation: 0 --- 3 (Reference PAG: bidirected, PAG: partial_ij)
  3. Partial orientation: 1 --- 2 (Reference PAG: partial_ij, PAG: bidirected)
  4. Partial orientation: 1 --- 5 (Reference PAG: partial_ij, PAG: bidirected)
Saved PAG-vs-PAG edge comparison details to outputs/experiments/layered_sparse_linear_sem_student_t3_shallow_mlp_align_observable_state/4/edge_comparison_pag_vs_pag.txt
Saved figure to outputs/experiments/layered_sparse_linear_sem_student_t3_shallow_mlp_align_observable_state/4/pag_vs_dag.png
Saved baseline figure to outputs/experiments/layered_sparse_linear_sem_student_t3_shallow_mlp_align_observable_state/4/baseline_pag_vs_dag.png
Saved combined DAG comparison to outputs/experiments/layered_sparse_linear_sem_student_t3_shallow_mlp_align_observable_state/4/pags_vs_dag.png
Saved PAG-vs-PAG figure to outputs/experiments/layered_sparse_linear_sem_student_t3_shallow_mlp_align_observable_state/4/pag_vs_pag.png
Saved adjacency matrix to outputs/experiments/layered_sparse_linear_sem_student_t3_shallow_mlp_align_observable_state/4/learned_graph_adj.npy
Saved baseline adjacency matrix to outputs/experiments/layered_sparse_linear_sem_student_t3_shallow_mlp_align_observable_state/4/baseline_graph_adj.npy
