=== [Train] Fold 1 (1/5) ===
Step: set random seed (2)
Step: build datasets
Step: initialize model
Step: training setup (model=ShallowMLP, profile=shallow, control_mode=epochs, epochs=40, target_updates=None)
Step: training
TrnLoss=0.982 ValLoss=0.929 ValR2=0.112
TrnLoss=0.797 ValLoss=0.701 ValR2=0.331
TrnLoss=0.537 ValLoss=0.384 ValR2=0.633
TrnLoss=0.264 ValLoss=0.191 ValR2=0.818
TrnLoss=0.168 ValLoss=0.147 ValR2=0.860
TrnLoss=0.134 ValLoss=0.122 ValR2=0.883
TrnLoss=0.118 ValLoss=0.109 ValR2=0.896
TrnLoss=0.108 ValLoss=0.100 ValR2=0.904
TrnLoss=0.100 ValLoss=0.093 ValR2=0.911
TrnLoss=0.094 ValLoss=0.088 ValR2=0.916
TrnLoss=0.090 ValLoss=0.085 ValR2=0.919
TrnLoss=0.086 ValLoss=0.082 ValR2=0.922
TrnLoss=0.084 ValLoss=0.080 ValR2=0.924
TrnLoss=0.082 ValLoss=0.078 ValR2=0.925
TrnLoss=0.080 ValLoss=0.077 ValR2=0.926
TrnLoss=0.079 ValLoss=0.076 ValR2=0.927
TrnLoss=0.077 ValLoss=0.075 ValR2=0.928
TrnLoss=0.076 ValLoss=0.074 ValR2=0.929
TrnLoss=0.075 ValLoss=0.073 ValR2=0.930
TrnLoss=0.074 ValLoss=0.073 ValR2=0.930
TrnLoss=0.073 ValLoss=0.072 ValR2=0.931
TrnLoss=0.073 ValLoss=0.072 ValR2=0.932
TrnLoss=0.072 ValLoss=0.071 ValR2=0.932
TrnLoss=0.071 ValLoss=0.071 ValR2=0.933
TrnLoss=0.071 ValLoss=0.070 ValR2=0.933
TrnLoss=0.070 ValLoss=0.070 ValR2=0.933
TrnLoss=0.070 ValLoss=0.069 ValR2=0.934
TrnLoss=0.069 ValLoss=0.069 ValR2=0.934
TrnLoss=0.068 ValLoss=0.068 ValR2=0.935
TrnLoss=0.068 ValLoss=0.068 ValR2=0.935
TrnLoss=0.068 ValLoss=0.068 ValR2=0.935
TrnLoss=0.067 ValLoss=0.067 ValR2=0.936
TrnLoss=0.067 ValLoss=0.067 ValR2=0.936
TrnLoss=0.067 ValLoss=0.067 ValR2=0.936
TrnLoss=0.066 ValLoss=0.067 ValR2=0.936
TrnLoss=0.066 ValLoss=0.066 ValR2=0.937
TrnLoss=0.066 ValLoss=0.066 ValR2=0.937
TrnLoss=0.066 ValLoss=0.066 ValR2=0.937
TrnLoss=0.065 ValLoss=0.066 ValR2=0.937
TrnLoss=0.065 ValLoss=0.066 ValR2=0.937
100%|#############| 40/40 [00:20<00:00,  2.00ep/s]
Step: evaluate test split
