=== [Causal Discovery] Fold 3 (3/5) ===
Step: load extraction data
Loading extraction data from: outputs/experiments/linear_sem_tabular_mlp_no_align/3/extraction_results.csv
Step: prepare ground-truth data
Running sample_150__baseline_150
Saved metadata to outputs/experiments/linear_sem_tabular_mlp_no_align/3/metadata.json
Test:  CI( 0 , 1 | () ) = 0.0
Test:  CI( 0 , 2 | () ) = 0.4029784662500022
Test:  CI( 1 , 2 | () ) = 0.3279674843162821
Test:  CI( 0 , 3 | () ) = 0.8192064075330636
Test:  CI( 1 , 3 | () ) = 0.15141145815726964
Test:  CI( 2 , 3 | () ) = 0.0
Test:  CI( 0 , 4 | () ) = 0.6730858394075805
Test:  CI( 1 , 4 | () ) = 9.162898673142905e-07
Test:  CI( 2 , 4 | () ) = 0.0
Test:  CI( 3 , 4 | () ) = 0.0
Test:  CI( 0 , 5 | () ) = 4.440892098500626e-16
Test:  CI( 1 , 5 | () ) = 0.08034469445367409
Test:  CI( 2 , 5 | () ) = 0.0007218469271079719
Test:  CI( 3 , 5 | () ) = 0.04192794449911563
Test:  CI( 4 , 5 | () ) = 9.293377178920537e-10
Test:  CI( 1 , 4 | (2,) ) = 0.0
Test:  CI( 1 , 4 | (3,) ) = 0.0
Test:  CI( 2 , 4 | (1,) ) = 0.0
Test:  CI( 2 , 4 | (3,) ) = 4.959680173222125e-06
Test:  CI( 3 , 4 | (1,) ) = 0.0
Test:  CI( 3 , 4 | (2,) ) = 0.14451198936611465
Test:  CI( 0 , 5 | (2,) ) = 2.220446049250313e-16
Test:  CI( 0 , 5 | (4,) ) = 0.0
Test:  CI( 2 , 5 | (0,) ) = 0.000372621513202942
Test:  CI( 2 , 5 | (4,) ) = 0.22125996474073029
Test:  CI( 4 , 5 | (0,) ) = 7.949196856316121e-14
Saved adjacency matrix to outputs/experiments/linear_sem_tabular_mlp_no_align/3/learned_graph_adj.npy
Test:  CI( 0 , 1 | () ) = 1.3322676295501878e-15
Test:  CI( 0 , 2 | () ) = 0.2730597197527742
Test:  CI( 1 , 2 | () ) = 0.7093516360415193
Test:  CI( 0 , 3 | () ) = 0.0
Test:  CI( 1 , 3 | () ) = 7.823075520718703e-12
Test:  CI( 2 , 3 | () ) = 0.4399816469977711
Test:  CI( 0 , 4 | () ) = 0.5450313422070554
Test:  CI( 1 , 4 | () ) = 0.4541591126586435
Test:  CI( 2 , 4 | () ) = 0.0
Test:  CI( 3 , 4 | () ) = 0.24989730112786424
Test:  CI( 0 , 5 | () ) = 0.0
Test:  CI( 1 , 5 | () ) = 0.0
Test:  CI( 2 , 5 | () ) = 0.7074933337635745
Test:  CI( 3 , 5 | () ) = 0.0
Test:  CI( 4 , 5 | () ) = 0.6211088906305404
Test:  CI( 0 , 3 | (1,) ) = 0.0
Test:  CI( 1 , 3 | (0,) ) = 0.5687269998396653
Test:  CI( 0 , 5 | (1,) ) = 0.0
Test:  CI( 0 , 5 | (3,) ) = 0.0021804308000366035
Test:  CI( 1 , 5 | (0,) ) = 2.483746541770415e-10
Test:  CI( 1 , 5 | (3,) ) = 0.0
Test:  CI( 3 , 5 | (0,) ) = 2.9753977059954195e-14
Test:  CI( 3 , 5 | (1,) ) = 0.0
Test:  CI( 0 , 5 | (1, 3) ) = 0.44297688761483944
Test:  CI( 1 , 5 | (0, 3) ) = 0.0
Test:  CI( 3 , 5 | (0, 1) ) = 0.0
Saved metrics to outputs/experiments/linear_sem_tabular_mlp_no_align/3/performance_metrics.json
Saved baseline metrics to outputs/experiments/linear_sem_tabular_mlp_no_align/3/baseline_performance_metrics.json
Saved PAG-vs-PAG metrics to outputs/experiments/linear_sem_tabular_mlp_no_align/3/pag_vs_pag_metrics.json
Found 10 differences:
  1. Wrong orientation: 0 --- 1 (DAG: directed_ij, PAG: bidirected)
  2. Missing: 0 --- 3 (DAG: directed_ij)
  3. Missing: 0 --- 4 (DAG: directed_ij)
  4. Extra: 0 --- 5 (PAG: bidirected)
  5. Extra: 1 --- 4 (PAG: bidirected)
  6. Missing: 1 --- 5 (DAG: directed_ij)
  7. Extra: 2 --- 3 (PAG: partial_ij)
  8. Missing: 3 --- 4 (DAG: directed_ij)
  9. Missing: 3 --- 5 (DAG: directed_ij)
  10. Extra: 4 --- 5 (PAG: bidirected)
Found 1 partial orientation differences:
  1. Partial orientation: 2 --- 4 (DAG: directed_ij, PAG: partial_ij)
Saved edge comparison details to outputs/experiments/linear_sem_tabular_mlp_no_align/3/edge_comparison.txt
Found 2 differences:
  1. Missing: 0 --- 4 (DAG: directed_ij)
  2. Missing: 3 --- 4 (DAG: directed_ij)
Found 3 partial orientation differences:
  1. Partial orientation: 0 --- 1 (DAG: directed_ij, PAG: partial_ij)
  2. Partial orientation: 0 --- 3 (DAG: directed_ij, PAG: partial_ij)
  3. Partial orientation: 2 --- 4 (DAG: directed_ij, PAG: partial_ij)
Saved baseline edge comparison details to outputs/experiments/linear_sem_tabular_mlp_no_align/3/edge_comparison_baseline.txt
Found 7 differences:
  1. Missing: 0 --- 3 (Reference PAG: partial_ij)
  2. Extra: 0 --- 5 (PAG: bidirected)
  3. Extra: 1 --- 4 (PAG: bidirected)
  4. Missing: 1 --- 5 (Reference PAG: directed_ij)
  5. Extra: 2 --- 3 (PAG: partial_ij)
  6. Missing: 3 --- 5 (Reference PAG: directed_ij)
  7. Extra: 4 --- 5 (PAG: bidirected)
Found 1 partial orientation differences:
  1. Partial orientation: 0 --- 1 (Reference PAG: partial_ij, PAG: bidirected)
Saved PAG-vs-PAG edge comparison details to outputs/experiments/linear_sem_tabular_mlp_no_align/3/edge_comparison_pag_vs_pag.txt
Saved figure to outputs/experiments/linear_sem_tabular_mlp_no_align/3/pag_vs_dag.png
Saved baseline figure to outputs/experiments/linear_sem_tabular_mlp_no_align/3/baseline_pag_vs_dag.png
Saved combined DAG comparison to outputs/experiments/linear_sem_tabular_mlp_no_align/3/pags_vs_dag.png
Saved PAG-vs-PAG figure to outputs/experiments/linear_sem_tabular_mlp_no_align/3/pag_vs_pag.png
Saved adjacency matrix to outputs/experiments/linear_sem_tabular_mlp_no_align/3/learned_graph_adj.npy
Saved baseline adjacency matrix to outputs/experiments/linear_sem_tabular_mlp_no_align/3/baseline_graph_adj.npy
