=== [Causal Discovery] Fold 4 (4/5) ===
Step: load extraction data
Loading extraction data from: outputs/experiments/chain_nonlinear_sem_shallow_mlp_align_observable_state/4/alignment_results.csv
Step: prepare ground-truth data
Running sample_150__baseline_150
Saved metadata to outputs/experiments/chain_nonlinear_sem_shallow_mlp_align_observable_state/4/metadata.json
CI(0, 1 | ()) p=0 -> indep=False
CI(0, 2 | ()) p=0.002954 -> indep=False
CI(1, 2 | ()) p=5.432e-06 -> indep=False
CI(0, 3 | ()) p=0.0001719 -> indep=False
CI(1, 3 | ()) p=9.654e-09 -> indep=False
CI(2, 3 | ()) p=0 -> indep=False
CI(0, 4 | ()) p=0.001103 -> indep=False
CI(1, 4 | ()) p=7.489e-06 -> indep=False
CI(2, 4 | ()) p=0 -> indep=False
CI(3, 4 | ()) p=0 -> indep=False
CI(0, 5 | ()) p=0.000148 -> indep=False
CI(1, 5 | ()) p=7.23e-08 -> indep=False
CI(2, 5 | ()) p=0 -> indep=False
CI(3, 5 | ()) p=0 -> indep=False
CI(4, 5 | ()) p=0 -> indep=False
CI(0, 2 | (1,)) p=0.207 -> indep=True
CI(0, 3 | (1,)) p=0.2037 -> indep=True
CI(1, 3 | (2,)) p=9.992e-15 -> indep=False
CI(2, 3 | (1,)) p=0 -> indep=False
CI(0, 4 | (1,)) p=0.1133 -> indep=True
CI(1, 4 | (2,)) p=0.06794 -> indep=True
CI(2, 4 | (3,)) p=0.0322 -> indep=True
CI(0, 5 | (1,)) p=0.05676 -> indep=True
CI(1, 5 | (2,)) p=0.0006975 -> indep=False
CI(1, 5 | (3,)) p=0.001342 -> indep=False
CI(1, 5 | (4,)) p=2.046e-07 -> indep=False
CI(2, 5 | (1,)) p=0 -> indep=False
CI(2, 5 | (3,)) p=0.2002 -> indep=True
CI(3, 5 | (1,)) p=0 -> indep=False
CI(3, 5 | (4,)) p=0.0001086 -> indep=False
CI(4, 5 | (1,)) p=0 -> indep=False
CI(4, 5 | (3,)) p=0.01263 -> indep=True
CI(3, 5 | (0, 1)) p=0 -> indep=False
Saved adjacency matrix to outputs/experiments/chain_nonlinear_sem_shallow_mlp_align_observable_state/4/learned_graph_adj.npy
CI(0, 1 | ()) p=1.264e-12 -> indep=False
CI(0, 2 | ()) p=0.1272 -> indep=True
CI(1, 2 | ()) p=1.365e-08 -> indep=False
CI(0, 3 | ()) p=0.2757 -> indep=True
CI(1, 3 | ()) p=0.02715 -> indep=True
CI(2, 3 | ()) p=1.455e-06 -> indep=False
CI(0, 4 | ()) p=0.751 -> indep=True
CI(1, 4 | ()) p=0.1047 -> indep=True
CI(2, 4 | ()) p=0.2624 -> indep=True
CI(3, 4 | ()) p=3.331e-16 -> indep=False
CI(0, 5 | ()) p=0.1222 -> indep=True
CI(1, 5 | ()) p=0.5908 -> indep=True
CI(2, 5 | ()) p=0.02676 -> indep=True
CI(3, 5 | ()) p=0.0001732 -> indep=False
CI(4, 5 | ()) p=8.867e-12 -> indep=False
CI(3, 5 | (4,)) p=0.8248 -> indep=True
Saved metrics to outputs/experiments/chain_nonlinear_sem_shallow_mlp_align_observable_state/4/performance_metrics.json
Saved baseline metrics to outputs/experiments/chain_nonlinear_sem_shallow_mlp_align_observable_state/4/baseline_performance_metrics.json
Saved PAG-vs-PAG metrics to outputs/experiments/chain_nonlinear_sem_shallow_mlp_align_observable_state/4/pag_vs_pag_metrics.json
Found 7 differences:
  1. Wrong orientation: 1 --- 2 (DAG: directed_ij, PAG: bidirected)
  2. Extra: 1 --- 3 (PAG: directed_ij)
  3. Extra: 1 --- 5 (PAG: bidirected)
  4. Wrong orientation: 2 --- 3 (DAG: directed_ij, PAG: bidirected)
  5. Wrong orientation: 3 --- 4 (DAG: directed_ij, PAG: bidirected)
  6. Extra: 3 --- 5 (PAG: directed_ij)
  7. Missing: 4 --- 5 (DAG: directed_ij)
Found 1 partial orientation differences:
  1. Partial orientation: 0 --- 1 (DAG: directed_ij, PAG: partial_ij)
Saved edge comparison details to outputs/experiments/chain_nonlinear_sem_shallow_mlp_align_observable_state/4/edge_comparison.txt
Found 3 differences:
  1. Wrong orientation: 1 --- 2 (DAG: directed_ij, PAG: bidirected)
  2. Wrong orientation: 2 --- 3 (DAG: directed_ij, PAG: bidirected)
  3. Wrong orientation: 3 --- 4 (DAG: directed_ij, PAG: bidirected)
Found 1 partial orientation differences:
  1. Partial orientation: 0 --- 1 (DAG: directed_ij, PAG: partial_ij)
Saved baseline edge comparison details to outputs/experiments/chain_nonlinear_sem_shallow_mlp_align_observable_state/4/edge_comparison_baseline.txt
Found 4 differences:
  1. Extra: 1 --- 3 (PAG: directed_ij)
  2. Extra: 1 --- 5 (PAG: bidirected)
  3. Extra: 3 --- 5 (PAG: directed_ij)
  4. Missing: 4 --- 5 (Reference PAG: directed_ij)
Saved PAG-vs-PAG edge comparison details to outputs/experiments/chain_nonlinear_sem_shallow_mlp_align_observable_state/4/edge_comparison_pag_vs_pag.txt
Saved figure to outputs/experiments/chain_nonlinear_sem_shallow_mlp_align_observable_state/4/pag_vs_dag.png
Saved baseline figure to outputs/experiments/chain_nonlinear_sem_shallow_mlp_align_observable_state/4/baseline_pag_vs_dag.png
Saved combined DAG comparison to outputs/experiments/chain_nonlinear_sem_shallow_mlp_align_observable_state/4/pags_vs_dag.png
Saved PAG-vs-PAG figure to outputs/experiments/chain_nonlinear_sem_shallow_mlp_align_observable_state/4/pag_vs_pag.png
Saved adjacency matrix to outputs/experiments/chain_nonlinear_sem_shallow_mlp_align_observable_state/4/learned_graph_adj.npy
Saved baseline adjacency matrix to outputs/experiments/chain_nonlinear_sem_shallow_mlp_align_observable_state/4/baseline_graph_adj.npy
