=== [Causal Discovery] Fold 5 (5/5) ===
Step: load extraction data
Loading extraction data from: outputs/experiments/linear_sem_nodes_8_shallow_mlp_align/5/alignment_results.csv
Step: prepare ground-truth data
Running sample_150__baseline_150
Saved metadata to outputs/experiments/linear_sem_nodes_8_shallow_mlp_align/5/metadata.json
Test:  CI( 0 , 1 | () ) = 0.8217726350576933
Test:  CI( 0 , 2 | () ) = 0.0
Test:  CI( 1 , 2 | () ) = 0.7210311699629159
Test:  CI( 0 , 3 | () ) = 0.3893865917764088
Test:  CI( 1 , 3 | () ) = 0.05452089719026065
Test:  CI( 2 , 3 | () ) = 0.1588021234537209
Test:  CI( 0 , 4 | () ) = 0.0
Test:  CI( 1 , 4 | () ) = 6.357705473192254e-10
Test:  CI( 2 , 4 | () ) = 2.220446049250313e-16
Test:  CI( 3 , 4 | () ) = 0.17432629554492118
Test:  CI( 0 , 5 | () ) = 0.4111377838778587
Test:  CI( 1 , 5 | () ) = 6.399325513939402e-13
Test:  CI( 2 , 5 | () ) = 0.33539076881403673
Test:  CI( 3 , 5 | () ) = 0.0
Test:  CI( 4 , 5 | () ) = 0.004118533762556886
Test:  CI( 0 , 6 | () ) = 6.323716308376248e-07
Test:  CI( 1 , 6 | () ) = 0.0
Test:  CI( 2 , 6 | () ) = 3.419042826635632e-11
Test:  CI( 3 , 6 | () ) = 0.016989522575433957
Test:  CI( 4 , 6 | () ) = 0.0
Test:  CI( 5 , 6 | () ) = 0.0
Test:  CI( 0 , 7 | () ) = 0.0
Test:  CI( 1 , 7 | () ) = 5.617664111667864e-10
Test:  CI( 2 , 7 | () ) = 0.0
Test:  CI( 3 , 7 | () ) = 0.06921961595419801
Test:  CI( 4 , 7 | () ) = 0.0
Test:  CI( 5 , 7 | () ) = 0.009868211089456125
Test:  CI( 6 , 7 | () ) = 0.0
Test:  CI( 0 , 4 | (1,) ) = 0.0
Test:  CI( 0 , 4 | (2,) ) = 1.9761969838327786e-14
Test:  CI( 1 , 4 | (0,) ) = 0.0
Test:  CI( 1 , 4 | (2,) ) = 1.687538997430238e-14
Test:  CI( 2 , 4 | (0,) ) = 0.5785193596276346
Test:  CI( 1 , 5 | (3,) ) = 0.0
Test:  CI( 1 , 5 | (4,) ) = 7.032241455817712e-11
Test:  CI( 3 , 5 | (1,) ) = 0.0
Test:  CI( 3 , 5 | (4,) ) = 0.0
Test:  CI( 4 , 5 | (1,) ) = 0.7745972464497437
Test:  CI( 0 , 6 | (1,) ) = 0.0
Test:  CI( 0 , 6 | (2,) ) = 0.6466566677527754
Test:  CI( 1 , 6 | (2,) ) = 0.0
Test:  CI( 1 , 6 | (4,) ) = 0.0
Test:  CI( 1 , 6 | (5,) ) = 0.0
Test:  CI( 2 , 6 | (1,) ) = 0.0
Test:  CI( 2 , 6 | (4,) ) = 0.033568399064428656
Test:  CI( 4 , 6 | (1,) ) = 3.2307490016592055e-13
Test:  CI( 4 , 6 | (5,) ) = 0.0
Test:  CI( 5 , 6 | (1,) ) = 3.3861802251067274e-13
Test:  CI( 5 , 6 | (4,) ) = 0.0
Test:  CI( 0 , 7 | (1,) ) = 0.0
Test:  CI( 0 , 7 | (2,) ) = 3.546718474467525e-12
Test:  CI( 0 , 7 | (4,) ) = 0.9813590377135184
Test:  CI( 1 , 7 | (2,) ) = 4.884981308350689e-15
Test:  CI( 1 , 7 | (4,) ) = 0.5289261330952655
Test:  CI( 2 , 7 | (4,) ) = 0.03332161096876529
Test:  CI( 4 , 7 | (5,) ) = 0.0
Test:  CI( 4 , 7 | (6,) ) = 0.0
Test:  CI( 5 , 7 | (4,) ) = 0.1301974325929125
Test:  CI( 6 , 7 | (4,) ) = 0.3102872583470164
Saved adjacency matrix to outputs/experiments/linear_sem_nodes_8_shallow_mlp_align/5/learned_graph_adj.npy
Test:  CI( 0 , 1 | () ) = 0.07768447801457334
Test:  CI( 0 , 2 | () ) = 0.0
Test:  CI( 1 , 2 | () ) = 0.31639449955798327
Test:  CI( 0 , 3 | () ) = 0.0851069356991827
Test:  CI( 1 , 3 | () ) = 0.5585651076405895
Test:  CI( 2 , 3 | () ) = 0.1607299004552658
Test:  CI( 0 , 4 | () ) = 0.0
Test:  CI( 1 , 4 | () ) = 0.0
Test:  CI( 2 , 4 | () ) = 3.3064662119386412e-12
Test:  CI( 3 , 4 | () ) = 0.26889417751534106
Test:  CI( 0 , 5 | () ) = 0.5964600919431049
Test:  CI( 1 , 5 | () ) = 6.661338147750939e-15
Test:  CI( 2 , 5 | () ) = 0.8449146982414204
Test:  CI( 3 , 5 | () ) = 0.0
Test:  CI( 4 , 5 | () ) = 1.442356922787269e-07
Test:  CI( 0 , 6 | () ) = 5.889656997659642e-07
Test:  CI( 1 , 6 | () ) = 0.0
Test:  CI( 2 , 6 | () ) = 2.8785687167243168e-08
Test:  CI( 3 , 6 | () ) = 0.031544347843101006
Test:  CI( 4 , 6 | () ) = 0.0
Test:  CI( 5 , 6 | () ) = 0.0
Test:  CI( 0 , 7 | () ) = 1.0658141036401503e-14
Test:  CI( 1 , 7 | () ) = 0.0
Test:  CI( 2 , 7 | () ) = 3.129456243033957e-07
Test:  CI( 3 , 7 | () ) = 0.23211726797504673
Test:  CI( 4 , 7 | () ) = 0.0
Test:  CI( 5 , 7 | () ) = 9.661344047673381e-06
Test:  CI( 6 , 7 | () ) = 0.0
Test:  CI( 0 , 4 | (1,) ) = 0.0
Test:  CI( 0 , 4 | (2,) ) = 5.81756864903582e-14
Test:  CI( 1 , 4 | (0,) ) = 0.0
Test:  CI( 1 , 4 | (2,) ) = 0.0
Test:  CI( 2 , 4 | (0,) ) = 0.8021331513806575
Test:  CI( 1 , 5 | (3,) ) = 0.0
Test:  CI( 1 , 5 | (4,) ) = 2.566488488398022e-08
Test:  CI( 3 , 5 | (1,) ) = 0.0
Test:  CI( 3 , 5 | (4,) ) = 0.0
Test:  CI( 4 , 5 | (1,) ) = 0.7833185175525621
Test:  CI( 0 , 6 | (1,) ) = 6.538423136248639e-10
Test:  CI( 0 , 6 | (2,) ) = 0.16765482230017925
Test:  CI( 1 , 6 | (2,) ) = 0.0
Test:  CI( 1 , 6 | (4,) ) = 0.0
Test:  CI( 1 , 6 | (5,) ) = 0.0
Test:  CI( 2 , 6 | (1,) ) = 0.0
Test:  CI( 2 , 6 | (4,) ) = 0.541879939236787
Test:  CI( 4 , 6 | (1,) ) = 5.450284668029326e-11
Test:  CI( 4 , 6 | (5,) ) = 0.0
Test:  CI( 5 , 6 | (1,) ) = 1.0880185641326534e-14
Test:  CI( 5 , 6 | (4,) ) = 0.0
Test:  CI( 0 , 7 | (1,) ) = 0.0
Test:  CI( 0 , 7 | (2,) ) = 1.6224004806275616e-08
Test:  CI( 0 , 7 | (4,) ) = 0.3362438083394417
Test:  CI( 1 , 7 | (2,) ) = 0.0
Test:  CI( 1 , 7 | (4,) ) = 0.7708223916986423
Test:  CI( 2 , 7 | (4,) ) = 0.2834688787297681
Test:  CI( 4 , 7 | (5,) ) = 0.0
Test:  CI( 4 , 7 | (6,) ) = 0.0
Test:  CI( 5 , 7 | (4,) ) = 0.9241118853985453
Test:  CI( 6 , 7 | (4,) ) = 0.6526423310592389
Saved metrics to outputs/experiments/linear_sem_nodes_8_shallow_mlp_align/5/performance_metrics.json
Saved baseline metrics to outputs/experiments/linear_sem_nodes_8_shallow_mlp_align/5/baseline_performance_metrics.json
Saved PAG-vs-PAG metrics to outputs/experiments/linear_sem_nodes_8_shallow_mlp_align/5/pag_vs_pag_metrics.json
Found 3 differences:
  1. Missing: 2 --- 6 (DAG: directed_ij)
  2. Extra: 4 --- 6 (PAG: bidirected)
  3. Wrong orientation: 5 --- 6 (DAG: directed_ij, PAG: bidirected)
Found 6 partial orientation differences:
  1. Partial orientation: 0 --- 2 (DAG: directed_ij, PAG: partial_ij)
  2. Partial orientation: 0 --- 4 (DAG: directed_ij, PAG: partial_ij)
  3. Partial orientation: 1 --- 4 (DAG: directed_ij, PAG: partial_ij)
  4. Partial orientation: 1 --- 5 (DAG: directed_ij, PAG: partial_ij)
  5. Partial orientation: 1 --- 6 (DAG: directed_ij, PAG: partial_ij)
  6. Partial orientation: 3 --- 5 (DAG: directed_ij, PAG: partial_ij)
Saved edge comparison details to outputs/experiments/linear_sem_nodes_8_shallow_mlp_align/5/edge_comparison.txt
Found 3 differences:
  1. Missing: 2 --- 6 (DAG: directed_ij)
  2. Extra: 4 --- 6 (PAG: bidirected)
  3. Wrong orientation: 5 --- 6 (DAG: directed_ij, PAG: bidirected)
Found 6 partial orientation differences:
  1. Partial orientation: 0 --- 2 (DAG: directed_ij, PAG: partial_ij)
  2. Partial orientation: 0 --- 4 (DAG: directed_ij, PAG: partial_ij)
  3. Partial orientation: 1 --- 4 (DAG: directed_ij, PAG: partial_ij)
  4. Partial orientation: 1 --- 5 (DAG: directed_ij, PAG: partial_ij)
  5. Partial orientation: 1 --- 6 (DAG: directed_ij, PAG: partial_ij)
  6. Partial orientation: 3 --- 5 (DAG: directed_ij, PAG: partial_ij)
Saved baseline edge comparison details to outputs/experiments/linear_sem_nodes_8_shallow_mlp_align/5/edge_comparison_baseline.txt
No differences found - graphs match perfectly!
Saved PAG-vs-PAG edge comparison details to outputs/experiments/linear_sem_nodes_8_shallow_mlp_align/5/edge_comparison_pag_vs_pag.txt
Saved figure to outputs/experiments/linear_sem_nodes_8_shallow_mlp_align/5/pag_vs_dag.png
Saved baseline figure to outputs/experiments/linear_sem_nodes_8_shallow_mlp_align/5/baseline_pag_vs_dag.png
Saved combined DAG comparison to outputs/experiments/linear_sem_nodes_8_shallow_mlp_align/5/pags_vs_dag.png
Saved PAG-vs-PAG figure to outputs/experiments/linear_sem_nodes_8_shallow_mlp_align/5/pag_vs_pag.png
Saved adjacency matrix to outputs/experiments/linear_sem_nodes_8_shallow_mlp_align/5/learned_graph_adj.npy
Saved baseline adjacency matrix to outputs/experiments/linear_sem_nodes_8_shallow_mlp_align/5/baseline_graph_adj.npy
