=== [Causal Discovery] Fold 5 (5/5) ===
Step: load extraction data
Loading extraction data from: outputs/experiments/linear_sem_sample_1000_shallow_mlp_align_observable_state/5/alignment_results.csv
Step: prepare ground-truth data
Key: (176, 6, 3, 3, 2, 10, 10000, 0.5, 2.0, 0.8, 0.1, 0.1, 1000, 5) - Generating new DAG and data...
Seed: 176, Fold: 5
Running sample_1000__baseline_1000
Saved metadata to outputs/experiments/linear_sem_sample_1000_shallow_mlp_align_observable_state/5/metadata.json
Test:  CI( 0 , 1 | () ) = 0.0
Test:  CI( 0 , 2 | () ) = 0.873650312593981
Test:  CI( 1 , 2 | () ) = 0.6540983792807105
Test:  CI( 0 , 3 | () ) = 0.0
Test:  CI( 1 , 3 | () ) = 0.0
Test:  CI( 2 , 3 | () ) = 0.9522547013159683
Test:  CI( 0 , 4 | () ) = 3.3998581727701094e-11
Test:  CI( 1 , 4 | () ) = 5.311116092454604e-05
Test:  CI( 2 , 4 | () ) = 0.0
Test:  CI( 3 , 4 | () ) = 8.000267115448878e-12
Test:  CI( 0 , 5 | () ) = 0.0
Test:  CI( 1 , 5 | () ) = 0.0
Test:  CI( 2 , 5 | () ) = 0.9824321753364273
Test:  CI( 3 , 5 | () ) = 0.0
Test:  CI( 4 , 5 | () ) = 3.8627034903981894e-10
Test:  CI( 0 , 3 | (1,) ) = 0.0
Test:  CI( 1 , 3 | (0,) ) = 6.839860768881323e-07
Test:  CI( 0 , 4 | (1,) ) = 1.6120603496538877e-07
Test:  CI( 0 , 4 | (2,) ) = 0.0
Test:  CI( 0 , 4 | (3,) ) = 1.5235042560846068e-08
Test:  CI( 1 , 4 | (0,) ) = 0.8660151831168135
Test:  CI( 2 , 4 | (0,) ) = 0.0
Test:  CI( 2 , 4 | (3,) ) = 0.0
Test:  CI( 3 , 4 | (0,) ) = 3.5740519432891915e-09
Test:  CI( 3 , 4 | (2,) ) = 0.0
Test:  CI( 0 , 5 | (1,) ) = 0.0
Test:  CI( 0 , 5 | (3,) ) = 0.001069633511617818
Test:  CI( 0 , 5 | (4,) ) = 0.0
Test:  CI( 1 , 5 | (0,) ) = 0.0
Test:  CI( 1 , 5 | (3,) ) = 0.0
Test:  CI( 1 , 5 | (4,) ) = 0.0
Test:  CI( 3 , 5 | (0,) ) = 1.035482810607391e-11
Test:  CI( 3 , 5 | (1,) ) = 0.0
Test:  CI( 3 , 5 | (4,) ) = 0.0
Test:  CI( 4 , 5 | (0,) ) = 0.9111621965483816
Test:  CI( 3 , 4 | (0, 2) ) = 5.7442355811510026e-05
Test:  CI( 3 , 5 | (0, 1) ) = 0.0
Saved adjacency matrix to outputs/experiments/linear_sem_sample_1000_shallow_mlp_align_observable_state/5/learned_graph_adj.npy
Test:  CI( 0 , 1 | () ) = 0.0
Test:  CI( 0 , 2 | () ) = 0.13957356343592986
Test:  CI( 1 , 2 | () ) = 0.25192241097845924
Test:  CI( 0 , 3 | () ) = 0.0
Test:  CI( 1 , 3 | () ) = 0.0
Test:  CI( 2 , 3 | () ) = 0.2886669851536303
Test:  CI( 0 , 4 | () ) = 0.0012231765477668244
Test:  CI( 1 , 4 | () ) = 0.18251729761569768
Test:  CI( 2 , 4 | () ) = 0.0
Test:  CI( 3 , 4 | () ) = 2.8431063622269548e-05
Test:  CI( 0 , 5 | () ) = 0.0
Test:  CI( 1 , 5 | () ) = 0.0
Test:  CI( 2 , 5 | () ) = 0.2510818367821983
Test:  CI( 3 , 5 | () ) = 0.0
Test:  CI( 4 , 5 | () ) = 0.0027048962208116034
Test:  CI( 0 , 3 | (1,) ) = 0.0
Test:  CI( 1 , 3 | (0,) ) = 0.2731500392504316
Test:  CI( 0 , 4 | (2,) ) = 6.66603601207072e-08
Test:  CI( 0 , 4 | (3,) ) = 0.0
Test:  CI( 2 , 4 | (0,) ) = 0.0
Test:  CI( 2 , 4 | (3,) ) = 0.0
Test:  CI( 3 , 4 | (0,) ) = 0.0
Test:  CI( 3 , 4 | (2,) ) = 5.948794690846526e-06
Test:  CI( 0 , 5 | (1,) ) = 0.0
Test:  CI( 0 , 5 | (3,) ) = 2.07422967690718e-11
Test:  CI( 0 , 5 | (4,) ) = 0.0
Test:  CI( 1 , 5 | (0,) ) = 0.0
Test:  CI( 1 , 5 | (3,) ) = 0.0
Test:  CI( 1 , 5 | (4,) ) = 0.0
Test:  CI( 3 , 5 | (0,) ) = 0.0
Test:  CI( 3 , 5 | (1,) ) = 0.0
Test:  CI( 3 , 5 | (4,) ) = 0.0
Test:  CI( 4 , 5 | (0,) ) = 0.0
Test:  CI( 4 , 5 | (1,) ) = 2.76862839321268e-08
Test:  CI( 4 , 5 | (3,) ) = 0.03834502974001719
Test:  CI( 3 , 4 | (0, 2) ) = 0.0
Test:  CI( 3 , 5 | (0, 1) ) = 0.0
Saved metrics to outputs/experiments/linear_sem_sample_1000_shallow_mlp_align_observable_state/5/performance_metrics.json
Saved baseline metrics to outputs/experiments/linear_sem_sample_1000_shallow_mlp_align_observable_state/5/baseline_performance_metrics.json
Saved PAG-vs-PAG metrics to outputs/experiments/linear_sem_sample_1000_shallow_mlp_align_observable_state/5/pag_vs_pag_metrics.json
Found 4 differences:
  1. Extra: 0 --- 5 (PAG: partial_ij)
  2. Extra: 1 --- 3 (PAG: partial_ij)
  3. Wrong orientation: 3 --- 4 (DAG: directed_ij, PAG: bidirected)
  4. Wrong orientation: 3 --- 5 (DAG: directed_ij, PAG: bidirected)
Found 5 partial orientation differences:
  1. Partial orientation: 0 --- 1 (DAG: directed_ij, PAG: partial_ij)
  2. Partial orientation: 0 --- 3 (DAG: directed_ij, PAG: partial_ij)
  3. Partial orientation: 0 --- 4 (DAG: directed_ij, PAG: partial_ij)
  4. Partial orientation: 1 --- 5 (DAG: directed_ij, PAG: partial_ij)
  5. Partial orientation: 2 --- 4 (DAG: directed_ij, PAG: partial_ij)
Saved edge comparison details to outputs/experiments/linear_sem_sample_1000_shallow_mlp_align_observable_state/5/edge_comparison.txt
Found 5 differences:
  1. Wrong orientation: 0 --- 1 (DAG: directed_ij, PAG: bidirected)
  2. Wrong orientation: 0 --- 4 (DAG: directed_ij, PAG: bidirected)
  3. Extra: 0 --- 5 (PAG: bidirected)
  4. Wrong orientation: 3 --- 4 (DAG: directed_ij, PAG: bidirected)
  5. Wrong orientation: 3 --- 5 (DAG: directed_ij, PAG: bidirected)
Found 2 partial orientation differences:
  1. Partial orientation: 1 --- 5 (DAG: directed_ij, PAG: partial_ij)
  2. Partial orientation: 2 --- 4 (DAG: directed_ij, PAG: partial_ij)
Saved baseline edge comparison details to outputs/experiments/linear_sem_sample_1000_shallow_mlp_align_observable_state/5/edge_comparison_baseline.txt
Found 1 differences:
  1. Extra: 1 --- 3 (PAG: partial_ij)
Found 4 partial orientation differences:
  1. Partial orientation: 0 --- 1 (Reference PAG: bidirected, PAG: partial_ij)
  2. Partial orientation: 0 --- 3 (Reference PAG: directed_ij, PAG: partial_ij)
  3. Partial orientation: 0 --- 4 (Reference PAG: bidirected, PAG: partial_ij)
  4. Partial orientation: 0 --- 5 (Reference PAG: bidirected, PAG: partial_ij)
Saved PAG-vs-PAG edge comparison details to outputs/experiments/linear_sem_sample_1000_shallow_mlp_align_observable_state/5/edge_comparison_pag_vs_pag.txt
Saved figure to outputs/experiments/linear_sem_sample_1000_shallow_mlp_align_observable_state/5/pag_vs_dag.png
Saved baseline figure to outputs/experiments/linear_sem_sample_1000_shallow_mlp_align_observable_state/5/baseline_pag_vs_dag.png
Saved combined DAG comparison to outputs/experiments/linear_sem_sample_1000_shallow_mlp_align_observable_state/5/pags_vs_dag.png
Saved PAG-vs-PAG figure to outputs/experiments/linear_sem_sample_1000_shallow_mlp_align_observable_state/5/pag_vs_pag.png
Saved adjacency matrix to outputs/experiments/linear_sem_sample_1000_shallow_mlp_align_observable_state/5/learned_graph_adj.npy
Saved baseline adjacency matrix to outputs/experiments/linear_sem_sample_1000_shallow_mlp_align_observable_state/5/baseline_graph_adj.npy
