=== [Causal Discovery] Fold 5 (5/5) ===
Step: load extraction data
Loading extraction data from: outputs/experiments/electrical_circuit_sample_250_shallow_mlp_align_observable_state/5/alignment_results.csv
Step: prepare ground-truth data
Running sample_250__baseline_250
Saved metadata to outputs/experiments/electrical_circuit_sample_250_shallow_mlp_align_observable_state/5/metadata.json
CI(0, 1 | ()) p=0.473 -> indep=True
CI(0, 2 | ()) p=0.8388 -> indep=True
CI(1, 2 | ()) p=0.5993 -> indep=True
CI(0, 3 | ()) p=0 -> indep=False
CI(1, 3 | ()) p=0 -> indep=False
CI(2, 3 | ()) p=0.8016 -> indep=True
CI(0, 4 | ()) p=0 -> indep=False
CI(1, 4 | ()) p=0 -> indep=False
CI(2, 4 | ()) p=0.7074 -> indep=True
CI(3, 4 | ()) p=0 -> indep=False
CI(0, 5 | ()) p=0 -> indep=False
CI(1, 5 | ()) p=0 -> indep=False
CI(2, 5 | ()) p=3.396e-06 -> indep=False
CI(3, 5 | ()) p=0 -> indep=False
CI(4, 5 | ()) p=0 -> indep=False
CI(0, 3 | (1,)) p=0 -> indep=False
CI(1, 3 | (0,)) p=0 -> indep=False
CI(0, 4 | (1,)) p=0 -> indep=False
CI(0, 4 | (3,)) p=0.02978 -> indep=True
CI(1, 4 | (3,)) p=0.03171 -> indep=True
CI(0, 5 | (1,)) p=0 -> indep=False
CI(0, 5 | (2,)) p=0 -> indep=False
CI(0, 5 | (3,)) p=0.1541 -> indep=True
CI(1, 5 | (2,)) p=0 -> indep=False
CI(1, 5 | (3,)) p=0.7682 -> indep=True
CI(2, 5 | (3,)) p=0 -> indep=False
CI(2, 5 | (4,)) p=0 -> indep=False
CI(3, 5 | (2,)) p=0 -> indep=False
CI(3, 5 | (4,)) p=0.07632 -> indep=True
CI(4, 5 | (2,)) p=0 -> indep=False
Saved adjacency matrix to outputs/experiments/electrical_circuit_sample_250_shallow_mlp_align_observable_state/5/learned_graph_adj.npy
CI(0, 1 | ()) p=0.03184 -> indep=True
CI(0, 2 | ()) p=0.5564 -> indep=True
CI(1, 2 | ()) p=0.6372 -> indep=True
CI(0, 3 | ()) p=0 -> indep=False
CI(1, 3 | ()) p=0 -> indep=False
CI(2, 3 | ()) p=0.8809 -> indep=True
CI(0, 4 | ()) p=0 -> indep=False
CI(1, 4 | ()) p=0 -> indep=False
CI(2, 4 | ()) p=0.4617 -> indep=True
CI(3, 4 | ()) p=0 -> indep=False
CI(0, 5 | ()) p=0 -> indep=False
CI(1, 5 | ()) p=2.22e-16 -> indep=False
CI(2, 5 | ()) p=0.0005137 -> indep=False
CI(3, 5 | ()) p=0 -> indep=False
CI(4, 5 | ()) p=0 -> indep=False
CI(0, 3 | (1,)) p=0 -> indep=False
CI(1, 3 | (0,)) p=0 -> indep=False
CI(0, 4 | (1,)) p=0 -> indep=False
CI(0, 4 | (3,)) p=0.184 -> indep=True
CI(1, 4 | (3,)) p=0.284 -> indep=True
CI(0, 5 | (1,)) p=0 -> indep=False
CI(0, 5 | (2,)) p=0 -> indep=False
CI(0, 5 | (3,)) p=0.2655 -> indep=True
CI(1, 5 | (2,)) p=1.11e-16 -> indep=False
CI(1, 5 | (3,)) p=0.5324 -> indep=True
CI(2, 5 | (3,)) p=4.441e-15 -> indep=False
CI(2, 5 | (4,)) p=0 -> indep=False
CI(3, 5 | (2,)) p=0 -> indep=False
CI(3, 5 | (4,)) p=0.2163 -> indep=True
CI(4, 5 | (2,)) p=0 -> indep=False
Saved metrics to outputs/experiments/electrical_circuit_sample_250_shallow_mlp_align_observable_state/5/performance_metrics.json
Saved baseline metrics to outputs/experiments/electrical_circuit_sample_250_shallow_mlp_align_observable_state/5/baseline_performance_metrics.json
Saved PAG-vs-PAG metrics to outputs/experiments/electrical_circuit_sample_250_shallow_mlp_align_observable_state/5/pag_vs_pag_metrics.json
No differences found - graphs match perfectly!
Found 3 partial orientation differences:
  1. Partial orientation: 0 --- 3 (DAG: directed_ij, PAG: partial_ij)
  2. Partial orientation: 1 --- 3 (DAG: directed_ij, PAG: partial_ij)
  3. Partial orientation: 2 --- 5 (DAG: directed_ij, PAG: partial_ij)
Saved edge comparison details to outputs/experiments/electrical_circuit_sample_250_shallow_mlp_align_observable_state/5/edge_comparison.txt
No differences found - graphs match perfectly!
Found 3 partial orientation differences:
  1. Partial orientation: 0 --- 3 (DAG: directed_ij, PAG: partial_ij)
  2. Partial orientation: 1 --- 3 (DAG: directed_ij, PAG: partial_ij)
  3. Partial orientation: 2 --- 5 (DAG: directed_ij, PAG: partial_ij)
Saved baseline edge comparison details to outputs/experiments/electrical_circuit_sample_250_shallow_mlp_align_observable_state/5/edge_comparison_baseline.txt
No differences found - graphs match perfectly!
Saved PAG-vs-PAG edge comparison details to outputs/experiments/electrical_circuit_sample_250_shallow_mlp_align_observable_state/5/edge_comparison_pag_vs_pag.txt
Saved figure to outputs/experiments/electrical_circuit_sample_250_shallow_mlp_align_observable_state/5/pag_vs_dag.png
Saved baseline figure to outputs/experiments/electrical_circuit_sample_250_shallow_mlp_align_observable_state/5/baseline_pag_vs_dag.png
Saved combined DAG comparison to outputs/experiments/electrical_circuit_sample_250_shallow_mlp_align_observable_state/5/pags_vs_dag.png
Saved PAG-vs-PAG figure to outputs/experiments/electrical_circuit_sample_250_shallow_mlp_align_observable_state/5/pag_vs_pag.png
Saved adjacency matrix to outputs/experiments/electrical_circuit_sample_250_shallow_mlp_align_observable_state/5/learned_graph_adj.npy
Saved baseline adjacency matrix to outputs/experiments/electrical_circuit_sample_250_shallow_mlp_align_observable_state/5/baseline_graph_adj.npy
