=== [Train] Fold 5 (5/5) ===
Step: set random seed (6)
Step: build datasets
Step: initialize model
Step: training setup (model=MLPModel, profile=deep, control_mode=epochs, epochs=60, target_updates=None)
Step: training
TrnLoss=0.364 ValLoss=0.232 ValR2=0.775
TrnLoss=0.175 ValLoss=0.138 ValR2=0.866
TrnLoss=0.162 ValLoss=0.133 ValR2=0.871
TrnLoss=0.158 ValLoss=0.131 ValR2=0.873
TrnLoss=0.157 ValLoss=0.131 ValR2=0.873
TrnLoss=0.154 ValLoss=0.130 ValR2=0.874
TrnLoss=0.153 ValLoss=0.130 ValR2=0.874
TrnLoss=0.152 ValLoss=0.131 ValR2=0.873
TrnLoss=0.151 ValLoss=0.130 ValR2=0.874
TrnLoss=0.150 ValLoss=0.130 ValR2=0.874
TrnLoss=0.150 ValLoss=0.130 ValR2=0.874
TrnLoss=0.148 ValLoss=0.129 ValR2=0.875
TrnLoss=0.148 ValLoss=0.129 ValR2=0.875
TrnLoss=0.148 ValLoss=0.129 ValR2=0.875
TrnLoss=0.148 ValLoss=0.129 ValR2=0.875
TrnLoss=0.148 ValLoss=0.130 ValR2=0.874
TrnLoss=0.146 ValLoss=0.129 ValR2=0.875
TrnLoss=0.147 ValLoss=0.130 ValR2=0.874
TrnLoss=0.146 ValLoss=0.130 ValR2=0.874
TrnLoss=0.147 ValLoss=0.129 ValR2=0.875
TrnLoss=0.145 ValLoss=0.129 ValR2=0.875
TrnLoss=0.146 ValLoss=0.129 ValR2=0.875
TrnLoss=0.146 ValLoss=0.130 ValR2=0.874
TrnLoss=0.146 ValLoss=0.129 ValR2=0.875
TrnLoss=0.147 ValLoss=0.129 ValR2=0.875
TrnLoss=0.146 ValLoss=0.129 ValR2=0.875
TrnLoss=0.145 ValLoss=0.129 ValR2=0.875
TrnLoss=0.144 ValLoss=0.129 ValR2=0.875
TrnLoss=0.144 ValLoss=0.129 ValR2=0.875
TrnLoss=0.145 ValLoss=0.129 ValR2=0.875
Early stopping at epoch 30: no validation improvement for 8 epochs (best epoch=22, best val loss=0.129)
 48%|######2      | 29/60 [00:20<00:21,  1.43ep/s]
Step: evaluate test split
