=== [Causal Discovery] Fold 3 (3/5) ===
Step: load extraction data
Loading extraction data from: outputs/experiments/chain_nonlinear_sem_shallow_mlp_align_observable_state/3/alignment_results.csv
Step: prepare ground-truth data
Running sample_150__baseline_150
Saved metadata to outputs/experiments/chain_nonlinear_sem_shallow_mlp_align_observable_state/3/metadata.json
CI(0, 1 | ()) p=9.456e-12 -> indep=False
CI(0, 2 | ()) p=0.06107 -> indep=True
CI(1, 2 | ()) p=0.0008742 -> indep=False
CI(0, 3 | ()) p=0.008663 -> indep=False
CI(1, 3 | ()) p=2.059e-06 -> indep=False
CI(2, 3 | ()) p=0 -> indep=False
CI(0, 4 | ()) p=0.0002527 -> indep=False
CI(1, 4 | ()) p=2.555e-10 -> indep=False
CI(2, 4 | ()) p=0 -> indep=False
CI(3, 4 | ()) p=0 -> indep=False
CI(0, 5 | ()) p=0.009711 -> indep=False
CI(1, 5 | ()) p=5.633e-11 -> indep=False
CI(2, 5 | ()) p=0 -> indep=False
CI(3, 5 | ()) p=0 -> indep=False
CI(4, 5 | ()) p=0 -> indep=False
CI(0, 3 | (1,)) p=0.4178 -> indep=True
CI(1, 3 | (2,)) p=5.462e-08 -> indep=False
CI(2, 3 | (1,)) p=0 -> indep=False
CI(0, 4 | (1,)) p=0.05878 -> indep=True
CI(1, 4 | (2,)) p=7.232e-09 -> indep=False
CI(1, 4 | (3,)) p=6.699e-07 -> indep=False
CI(2, 4 | (1,)) p=0 -> indep=False
CI(2, 4 | (3,)) p=0.004347 -> indep=False
CI(3, 4 | (1,)) p=0 -> indep=False
CI(3, 4 | (2,)) p=0.0002023 -> indep=False
CI(0, 5 | (1,)) p=0.0005342 -> indep=False
CI(0, 5 | (2,)) p=1.575e-05 -> indep=False
CI(0, 5 | (3,)) p=5.8e-06 -> indep=False
CI(0, 5 | (4,)) p=1.002e-09 -> indep=False
CI(1, 5 | (0,)) p=5.617e-12 -> indep=False
CI(1, 5 | (2,)) p=1.245e-08 -> indep=False
CI(1, 5 | (3,)) p=0.0005087 -> indep=False
CI(1, 5 | (4,)) p=0.04979 -> indep=True
CI(2, 5 | (0,)) p=0 -> indep=False
CI(2, 5 | (3,)) p=0.0003651 -> indep=False
CI(2, 5 | (4,)) p=0.3695 -> indep=True
CI(3, 5 | (0,)) p=0 -> indep=False
CI(3, 5 | (4,)) p=0.551 -> indep=True
CI(4, 5 | (0,)) p=0 -> indep=False
CI(2, 4 | (1, 3)) p=0.2258 -> indep=True
Saved adjacency matrix to outputs/experiments/chain_nonlinear_sem_shallow_mlp_align_observable_state/3/learned_graph_adj.npy
CI(0, 1 | ()) p=0 -> indep=False
CI(0, 2 | ()) p=7.751e-08 -> indep=False
CI(1, 2 | ()) p=5.961e-08 -> indep=False
CI(0, 3 | ()) p=0.1268 -> indep=True
CI(1, 3 | ()) p=0.06279 -> indep=True
CI(2, 3 | ()) p=0.002697 -> indep=False
CI(0, 4 | ()) p=0.4944 -> indep=True
CI(1, 4 | ()) p=0.7039 -> indep=True
CI(2, 4 | ()) p=0.4345 -> indep=True
CI(3, 4 | ()) p=4.98e-07 -> indep=False
CI(0, 5 | ()) p=0.3854 -> indep=True
CI(1, 5 | ()) p=0.5702 -> indep=True
CI(2, 5 | ()) p=0.3853 -> indep=True
CI(3, 5 | ()) p=0.06604 -> indep=True
CI(4, 5 | ()) p=2.109e-15 -> indep=False
CI(0, 2 | (1,)) p=0.1899 -> indep=True
Saved metrics to outputs/experiments/chain_nonlinear_sem_shallow_mlp_align_observable_state/3/performance_metrics.json
Saved baseline metrics to outputs/experiments/chain_nonlinear_sem_shallow_mlp_align_observable_state/3/baseline_performance_metrics.json
Saved PAG-vs-PAG metrics to outputs/experiments/chain_nonlinear_sem_shallow_mlp_align_observable_state/3/pag_vs_pag_metrics.json
Found 6 differences:
  1. Wrong orientation: 0 --- 1 (DAG: directed_ij, PAG: bidirected)
  2. Extra: 0 --- 5 (PAG: bidirected)
  3. Wrong orientation: 1 --- 2 (DAG: directed_ij, PAG: bidirected)
  4. Extra: 1 --- 3 (PAG: directed_ij)
  5. Extra: 1 --- 4 (PAG: directed_ij)
  6. Wrong orientation: 2 --- 3 (DAG: directed_ij, PAG: bidirected)
Saved edge comparison details to outputs/experiments/chain_nonlinear_sem_shallow_mlp_align_observable_state/3/edge_comparison.txt
Found 3 differences:
  1. Wrong orientation: 2 --- 3 (DAG: directed_ij, PAG: bidirected)
  2. Wrong orientation: 3 --- 4 (DAG: directed_ij, PAG: bidirected)
  3. Wrong orientation: 4 --- 5 (DAG: directed_ij, PAG: bidirected)
Found 1 partial orientation differences:
  1. Partial orientation: 0 --- 1 (DAG: directed_ij, PAG: partial_ij)
Saved baseline edge comparison details to outputs/experiments/chain_nonlinear_sem_shallow_mlp_align_observable_state/3/edge_comparison_baseline.txt
Found 6 differences:
  1. Extra: 0 --- 5 (PAG: bidirected)
  2. Wrong orientation: 1 --- 2 (Reference PAG: directed_ij, PAG: bidirected)
  3. Extra: 1 --- 3 (PAG: directed_ij)
  4. Extra: 1 --- 4 (PAG: directed_ij)
  5. Wrong orientation: 3 --- 4 (Reference PAG: bidirected, PAG: directed_ij)
  6. Wrong orientation: 4 --- 5 (Reference PAG: bidirected, PAG: directed_ij)
Found 1 partial orientation differences:
  1. Partial orientation: 0 --- 1 (Reference PAG: partial_ij, PAG: bidirected)
Saved PAG-vs-PAG edge comparison details to outputs/experiments/chain_nonlinear_sem_shallow_mlp_align_observable_state/3/edge_comparison_pag_vs_pag.txt
Saved figure to outputs/experiments/chain_nonlinear_sem_shallow_mlp_align_observable_state/3/pag_vs_dag.png
Saved baseline figure to outputs/experiments/chain_nonlinear_sem_shallow_mlp_align_observable_state/3/baseline_pag_vs_dag.png
Saved combined DAG comparison to outputs/experiments/chain_nonlinear_sem_shallow_mlp_align_observable_state/3/pags_vs_dag.png
Saved PAG-vs-PAG figure to outputs/experiments/chain_nonlinear_sem_shallow_mlp_align_observable_state/3/pag_vs_pag.png
Saved adjacency matrix to outputs/experiments/chain_nonlinear_sem_shallow_mlp_align_observable_state/3/learned_graph_adj.npy
Saved baseline adjacency matrix to outputs/experiments/chain_nonlinear_sem_shallow_mlp_align_observable_state/3/baseline_graph_adj.npy
