=== [Causal Discovery] Fold 4 (4/5) ===
Step: load extraction data
Loading extraction data from: outputs/experiments/linear_sem_sample_1000_shallow_mlp_align_observable_state/4/alignment_results.csv
Step: prepare ground-truth data
Key: (176, 6, 3, 3, 2, 10, 10000, 0.5, 2.0, 0.8, 0.1, 0.1, 1000, 4) - Generating new DAG and data...
Seed: 176, Fold: 4
Running sample_1000__baseline_1000
Saved metadata to outputs/experiments/linear_sem_sample_1000_shallow_mlp_align_observable_state/4/metadata.json
Test:  CI( 0 , 1 | () ) = 0.0
Test:  CI( 0 , 2 | () ) = 0.567316002993496
Test:  CI( 1 , 2 | () ) = 0.36368761334730704
Test:  CI( 0 , 3 | () ) = 0.0
Test:  CI( 1 , 3 | () ) = 0.0
Test:  CI( 2 , 3 | () ) = 0.7152858075047712
Test:  CI( 0 , 4 | () ) = 0.0
Test:  CI( 1 , 4 | () ) = 0.00011011015272521796
Test:  CI( 2 , 4 | () ) = 0.0
Test:  CI( 3 , 4 | () ) = 0.0
Test:  CI( 0 , 5 | () ) = 0.0
Test:  CI( 1 , 5 | () ) = 0.0
Test:  CI( 2 , 5 | () ) = 0.9857329906072398
Test:  CI( 3 , 5 | () ) = 0.0
Test:  CI( 4 , 5 | () ) = 2.220446049250313e-16
Test:  CI( 0 , 3 | (1,) ) = 0.0
Test:  CI( 1 , 3 | (0,) ) = 4.3262607786198615e-05
Test:  CI( 0 , 4 | (1,) ) = 0.0
Test:  CI( 0 , 4 | (2,) ) = 0.0
Test:  CI( 0 , 4 | (3,) ) = 6.803873020544415e-10
Test:  CI( 1 , 4 | (0,) ) = 0.1181417371765896
Test:  CI( 2 , 4 | (0,) ) = 0.0
Test:  CI( 2 , 4 | (3,) ) = 0.0
Test:  CI( 3 , 4 | (0,) ) = 6.339278879607946e-09
Test:  CI( 3 , 4 | (2,) ) = 0.0
Test:  CI( 0 , 5 | (1,) ) = 0.0
Test:  CI( 0 , 5 | (3,) ) = 0.007029941520599214
Test:  CI( 0 , 5 | (4,) ) = 0.0
Test:  CI( 1 , 5 | (0,) ) = 0.0
Test:  CI( 1 , 5 | (3,) ) = 0.0
Test:  CI( 1 , 5 | (4,) ) = 0.0
Test:  CI( 3 , 5 | (0,) ) = 2.747735372565785e-10
Test:  CI( 3 , 5 | (1,) ) = 0.0
Test:  CI( 3 , 5 | (4,) ) = 0.0
Test:  CI( 4 , 5 | (0,) ) = 0.05826764359686187
Test:  CI( 3 , 4 | (0, 2) ) = 5.329070518200751e-15
Test:  CI( 3 , 5 | (0, 1) ) = 0.0
Saved adjacency matrix to outputs/experiments/linear_sem_sample_1000_shallow_mlp_align_observable_state/4/learned_graph_adj.npy
Test:  CI( 0 , 1 | () ) = 0.0
Test:  CI( 0 , 2 | () ) = 0.28957948071023254
Test:  CI( 1 , 2 | () ) = 0.23819176853938218
Test:  CI( 0 , 3 | () ) = 0.0
Test:  CI( 1 , 3 | () ) = 0.0
Test:  CI( 2 , 3 | () ) = 0.32527361231056595
Test:  CI( 0 , 4 | () ) = 7.869240814528666e-10
Test:  CI( 1 , 4 | () ) = 9.788899057561196e-06
Test:  CI( 2 , 4 | () ) = 0.0
Test:  CI( 3 , 4 | () ) = 0.2694503138153892
Test:  CI( 0 , 5 | () ) = 0.0
Test:  CI( 1 , 5 | () ) = 0.0
Test:  CI( 2 , 5 | () ) = 0.08908372520944852
Test:  CI( 3 , 5 | () ) = 0.0
Test:  CI( 4 , 5 | () ) = 0.24571172801362895
Test:  CI( 0 , 3 | (1,) ) = 0.0
Test:  CI( 1 , 3 | (0,) ) = 0.023502585998310677
Test:  CI( 0 , 4 | (1,) ) = 1.2116568372855241e-05
Test:  CI( 0 , 4 | (2,) ) = 1.4663825709249068e-12
Test:  CI( 1 , 4 | (0,) ) = 0.30903439048380177
Test:  CI( 2 , 4 | (0,) ) = 0.0
Test:  CI( 0 , 5 | (1,) ) = 0.0
Test:  CI( 0 , 5 | (3,) ) = 1.7763568394002505e-15
Test:  CI( 1 , 5 | (0,) ) = 0.0
Test:  CI( 1 , 5 | (3,) ) = 0.0
Test:  CI( 3 , 5 | (0,) ) = 0.0
Test:  CI( 3 , 5 | (1,) ) = 0.0
Test:  CI( 1 , 5 | (0, 3) ) = 0.0
Saved metrics to outputs/experiments/linear_sem_sample_1000_shallow_mlp_align_observable_state/4/performance_metrics.json
Saved baseline metrics to outputs/experiments/linear_sem_sample_1000_shallow_mlp_align_observable_state/4/baseline_performance_metrics.json
Saved PAG-vs-PAG metrics to outputs/experiments/linear_sem_sample_1000_shallow_mlp_align_observable_state/4/pag_vs_pag_metrics.json
Found 4 differences:
  1. Extra: 0 --- 5 (PAG: partial_ij)
  2. Extra: 1 --- 3 (PAG: partial_ij)
  3. Wrong orientation: 3 --- 4 (DAG: directed_ij, PAG: bidirected)
  4. Wrong orientation: 3 --- 5 (DAG: directed_ij, PAG: bidirected)
Found 5 partial orientation differences:
  1. Partial orientation: 0 --- 1 (DAG: directed_ij, PAG: partial_ij)
  2. Partial orientation: 0 --- 3 (DAG: directed_ij, PAG: partial_ij)
  3. Partial orientation: 0 --- 4 (DAG: directed_ij, PAG: partial_ij)
  4. Partial orientation: 1 --- 5 (DAG: directed_ij, PAG: partial_ij)
  5. Partial orientation: 2 --- 4 (DAG: directed_ij, PAG: partial_ij)
Saved edge comparison details to outputs/experiments/linear_sem_sample_1000_shallow_mlp_align_observable_state/4/edge_comparison.txt
Found 5 differences:
  1. Wrong orientation: 0 --- 3 (DAG: directed_ij, PAG: bidirected)
  2. Wrong orientation: 0 --- 4 (DAG: directed_ij, PAG: bidirected)
  3. Extra: 0 --- 5 (PAG: bidirected)
  4. Wrong orientation: 1 --- 5 (DAG: directed_ij, PAG: bidirected)
  5. Missing: 3 --- 4 (DAG: directed_ij)
Found 2 partial orientation differences:
  1. Partial orientation: 2 --- 4 (DAG: directed_ij, PAG: partial_ij)
  2. Partial orientation: 3 --- 5 (DAG: directed_ij, PAG: partial_ij)
Saved baseline edge comparison details to outputs/experiments/linear_sem_sample_1000_shallow_mlp_align_observable_state/4/edge_comparison_baseline.txt
Found 2 differences:
  1. Extra: 1 --- 3 (PAG: partial_ij)
  2. Extra: 3 --- 4 (PAG: bidirected)
Found 6 partial orientation differences:
  1. Partial orientation: 0 --- 1 (Reference PAG: directed_ij, PAG: partial_ij)
  2. Partial orientation: 0 --- 3 (Reference PAG: bidirected, PAG: partial_ij)
  3. Partial orientation: 0 --- 4 (Reference PAG: bidirected, PAG: partial_ij)
  4. Partial orientation: 0 --- 5 (Reference PAG: bidirected, PAG: partial_ij)
  5. Partial orientation: 1 --- 5 (Reference PAG: bidirected, PAG: partial_ij)
  6. Partial orientation: 3 --- 5 (Reference PAG: partial_ij, PAG: bidirected)
Saved PAG-vs-PAG edge comparison details to outputs/experiments/linear_sem_sample_1000_shallow_mlp_align_observable_state/4/edge_comparison_pag_vs_pag.txt
Saved figure to outputs/experiments/linear_sem_sample_1000_shallow_mlp_align_observable_state/4/pag_vs_dag.png
Saved baseline figure to outputs/experiments/linear_sem_sample_1000_shallow_mlp_align_observable_state/4/baseline_pag_vs_dag.png
Saved combined DAG comparison to outputs/experiments/linear_sem_sample_1000_shallow_mlp_align_observable_state/4/pags_vs_dag.png
Saved PAG-vs-PAG figure to outputs/experiments/linear_sem_sample_1000_shallow_mlp_align_observable_state/4/pag_vs_pag.png
Saved adjacency matrix to outputs/experiments/linear_sem_sample_1000_shallow_mlp_align_observable_state/4/learned_graph_adj.npy
Saved baseline adjacency matrix to outputs/experiments/linear_sem_sample_1000_shallow_mlp_align_observable_state/4/baseline_graph_adj.npy
