=== [Causal Discovery] Fold 2 (2/5) ===
Step: load extraction data
Loading extraction data from: outputs/experiments/electrical_circuit_input_gradients_gated_mlp_align_observable_state/2/alignment_results.csv
Step: prepare ground-truth data
Running sample_150__baseline_150
Saved metadata to outputs/experiments/electrical_circuit_input_gradients_gated_mlp_align_observable_state/2/metadata.json
CI(0, 1 | ()) p=2.33e-10 -> indep=False
CI(0, 2 | ()) p=1.614e-10 -> indep=False
CI(1, 2 | ()) p=0 -> indep=False
CI(0, 3 | ()) p=0 -> indep=False
CI(1, 3 | ()) p=0 -> indep=False
CI(2, 3 | ()) p=0 -> indep=False
CI(0, 4 | ()) p=0 -> indep=False
CI(1, 4 | ()) p=0 -> indep=False
CI(2, 4 | ()) p=0 -> indep=False
CI(3, 4 | ()) p=0 -> indep=False
CI(0, 5 | ()) p=0 -> indep=False
CI(1, 5 | ()) p=0 -> indep=False
CI(2, 5 | ()) p=0 -> indep=False
CI(3, 5 | ()) p=0 -> indep=False
CI(4, 5 | ()) p=0 -> indep=False
CI(0, 2 | (1,)) p=1.284e-05 -> indep=False
CI(1, 2 | (0,)) p=5.814e-09 -> indep=False
CI(0, 3 | (1,)) p=0 -> indep=False
CI(0, 3 | (2,)) p=0 -> indep=False
CI(1, 3 | (0,)) p=0.0009097 -> indep=False
CI(1, 3 | (2,)) p=1.515e-05 -> indep=False
CI(2, 3 | (0,)) p=0.001166 -> indep=False
CI(2, 3 | (1,)) p=3.693e-05 -> indep=False
CI(0, 4 | (1,)) p=0 -> indep=False
CI(0, 4 | (2,)) p=0 -> indep=False
CI(0, 4 | (3,)) p=0.007014 -> indep=False
CI(1, 4 | (0,)) p=0.0008537 -> indep=False
CI(1, 4 | (2,)) p=1.498e-05 -> indep=False
CI(1, 4 | (3,)) p=6.152e-05 -> indep=False
CI(2, 4 | (0,)) p=0.001108 -> indep=False
CI(2, 4 | (1,)) p=3.766e-05 -> indep=False
CI(2, 4 | (3,)) p=6.498e-05 -> indep=False
CI(3, 4 | (0,)) p=0.0008308 -> indep=False
CI(3, 4 | (1,)) p=0 -> indep=False
CI(3, 4 | (2,)) p=0 -> indep=False
CI(0, 5 | (1,)) p=0 -> indep=False
CI(0, 5 | (2,)) p=0 -> indep=False
CI(0, 5 | (3,)) p=0.002437 -> indep=False
CI(0, 5 | (4,)) p=0.002854 -> indep=False
CI(1, 5 | (0,)) p=0.0008445 -> indep=False
CI(1, 5 | (2,)) p=1.738e-05 -> indep=False
CI(1, 5 | (3,)) p=0.05101 -> indep=True
CI(2, 5 | (0,)) p=0.000965 -> indep=False
CI(2, 5 | (3,)) p=0.06099 -> indep=True
CI(3, 5 | (0,)) p=0.0005943 -> indep=False
CI(3, 5 | (4,)) p=0.1981 -> indep=True
CI(4, 5 | (0,)) p=0.0005784 -> indep=False
CI(0, 3 | (1, 2)) p=9.209e-06 -> indep=False
CI(0, 4 | (1, 2)) p=9.507e-06 -> indep=False
CI(0, 4 | (1, 3)) p=0.1423 -> indep=True
CI(1, 4 | (2, 3)) p=0.1274 -> indep=True
CI(2, 4 | (1, 3)) p=0.1147 -> indep=True
CI(3, 4 | (1, 2)) p=3.651e-09 -> indep=False
Saved adjacency matrix to outputs/experiments/electrical_circuit_input_gradients_gated_mlp_align_observable_state/2/learned_graph_adj.npy
CI(0, 1 | ()) p=0.4961 -> indep=True
CI(0, 2 | ()) p=0.4421 -> indep=True
CI(1, 2 | ()) p=0.2013 -> indep=True
CI(0, 3 | ()) p=0 -> indep=False
CI(1, 3 | ()) p=9.304e-14 -> indep=False
CI(2, 3 | ()) p=0.3906 -> indep=True
CI(0, 4 | ()) p=0 -> indep=False
CI(1, 4 | ()) p=9.412e-10 -> indep=False
CI(2, 4 | ()) p=0.1883 -> indep=True
CI(3, 4 | ()) p=0 -> indep=False
CI(0, 5 | ()) p=0 -> indep=False
CI(1, 5 | ()) p=6.577e-09 -> indep=False
CI(2, 5 | ()) p=0.02212 -> indep=True
CI(3, 5 | ()) p=0 -> indep=False
CI(4, 5 | ()) p=0 -> indep=False
CI(0, 3 | (1,)) p=0 -> indep=False
CI(1, 3 | (0,)) p=0 -> indep=False
CI(0, 4 | (1,)) p=0 -> indep=False
CI(0, 4 | (3,)) p=0.6837 -> indep=True
CI(1, 4 | (3,)) p=0.7266 -> indep=True
CI(0, 5 | (1,)) p=0 -> indep=False
CI(0, 5 | (3,)) p=0.2252 -> indep=True
CI(1, 5 | (3,)) p=0.3948 -> indep=True
CI(3, 5 | (4,)) p=0.2365 -> indep=True
Saved metrics to outputs/experiments/electrical_circuit_input_gradients_gated_mlp_align_observable_state/2/performance_metrics.json
Saved baseline metrics to outputs/experiments/electrical_circuit_input_gradients_gated_mlp_align_observable_state/2/baseline_performance_metrics.json
Saved PAG-vs-PAG metrics to outputs/experiments/electrical_circuit_input_gradients_gated_mlp_align_observable_state/2/pag_vs_pag_metrics.json
Found 7 differences:
  1. Extra: 0 --- 1 (PAG: bidirected)
  2. Extra: 0 --- 2 (PAG: bidirected)
  3. Wrong orientation: 0 --- 3 (DAG: directed_ij, PAG: bidirected)
  4. Extra: 0 --- 5 (PAG: bidirected)
  5. Extra: 1 --- 2 (PAG: partial_ij)
  6. Extra: 2 --- 3 (PAG: partial_ij)
  7. Missing: 2 --- 5 (DAG: directed_ij)
Found 1 partial orientation differences:
  1. Partial orientation: 1 --- 3 (DAG: directed_ij, PAG: partial_ij)
Saved edge comparison details to outputs/experiments/electrical_circuit_input_gradients_gated_mlp_align_observable_state/2/edge_comparison.txt
Found 1 differences:
  1. Missing: 2 --- 5 (DAG: directed_ij)
Found 2 partial orientation differences:
  1. Partial orientation: 0 --- 3 (DAG: directed_ij, PAG: partial_ij)
  2. Partial orientation: 1 --- 3 (DAG: directed_ij, PAG: partial_ij)
Saved baseline edge comparison details to outputs/experiments/electrical_circuit_input_gradients_gated_mlp_align_observable_state/2/edge_comparison_baseline.txt
Found 5 differences:
  1. Extra: 0 --- 1 (PAG: bidirected)
  2. Extra: 0 --- 2 (PAG: bidirected)
  3. Extra: 0 --- 5 (PAG: bidirected)
  4. Extra: 1 --- 2 (PAG: partial_ij)
  5. Extra: 2 --- 3 (PAG: partial_ij)
Found 1 partial orientation differences:
  1. Partial orientation: 0 --- 3 (Reference PAG: partial_ij, PAG: bidirected)
Saved PAG-vs-PAG edge comparison details to outputs/experiments/electrical_circuit_input_gradients_gated_mlp_align_observable_state/2/edge_comparison_pag_vs_pag.txt
Saved figure to outputs/experiments/electrical_circuit_input_gradients_gated_mlp_align_observable_state/2/pag_vs_dag.png
Saved baseline figure to outputs/experiments/electrical_circuit_input_gradients_gated_mlp_align_observable_state/2/baseline_pag_vs_dag.png
Saved combined DAG comparison to outputs/experiments/electrical_circuit_input_gradients_gated_mlp_align_observable_state/2/pags_vs_dag.png
Saved PAG-vs-PAG figure to outputs/experiments/electrical_circuit_input_gradients_gated_mlp_align_observable_state/2/pag_vs_pag.png
Saved adjacency matrix to outputs/experiments/electrical_circuit_input_gradients_gated_mlp_align_observable_state/2/learned_graph_adj.npy
Saved baseline adjacency matrix to outputs/experiments/electrical_circuit_input_gradients_gated_mlp_align_observable_state/2/baseline_graph_adj.npy
