=== [Train] Fold 2 (2/5) ===
Step: set random seed (3)
Step: build datasets
Step: initialize model
Step: training setup (model=MLPModel, profile=deep, control_mode=epochs, epochs=60, target_updates=None)
Step: training
TrnLoss=0.271 ValLoss=0.180 ValR2=0.804
TrnLoss=0.110 ValLoss=0.079 ValR2=0.915
TrnLoss=0.100 ValLoss=0.070 ValR2=0.924
TrnLoss=0.092 ValLoss=0.067 ValR2=0.927
TrnLoss=0.090 ValLoss=0.066 ValR2=0.928
TrnLoss=0.090 ValLoss=0.066 ValR2=0.929
TrnLoss=0.088 ValLoss=0.066 ValR2=0.929
TrnLoss=0.086 ValLoss=0.065 ValR2=0.930
TrnLoss=0.085 ValLoss=0.065 ValR2=0.930
TrnLoss=0.084 ValLoss=0.066 ValR2=0.929
TrnLoss=0.085 ValLoss=0.065 ValR2=0.930
TrnLoss=0.082 ValLoss=0.064 ValR2=0.930
TrnLoss=0.082 ValLoss=0.064 ValR2=0.930
TrnLoss=0.081 ValLoss=0.065 ValR2=0.930
TrnLoss=0.080 ValLoss=0.064 ValR2=0.930
TrnLoss=0.080 ValLoss=0.064 ValR2=0.931
TrnLoss=0.080 ValLoss=0.064 ValR2=0.930
TrnLoss=0.079 ValLoss=0.064 ValR2=0.930
TrnLoss=0.078 ValLoss=0.064 ValR2=0.931
TrnLoss=0.080 ValLoss=0.064 ValR2=0.931
TrnLoss=0.079 ValLoss=0.064 ValR2=0.931
TrnLoss=0.081 ValLoss=0.064 ValR2=0.931
TrnLoss=0.081 ValLoss=0.064 ValR2=0.931
TrnLoss=0.078 ValLoss=0.064 ValR2=0.931
TrnLoss=0.078 ValLoss=0.064 ValR2=0.931
TrnLoss=0.078 ValLoss=0.064 ValR2=0.931
TrnLoss=0.078 ValLoss=0.064 ValR2=0.931
Early stopping at epoch 27: no validation improvement for 8 epochs (best epoch=19, best val loss=0.064)
 43%|#####6       | 26/60 [00:19<00:26,  1.31ep/s]
Step: evaluate test split
