=== [Causal Discovery] Fold 1 (1/5) ===
Step: load extraction data
Loading extraction data from: outputs/experiments/electrical_circuit_pre_activations_shallow_mlp_align_observable_state/1/alignment_results.csv
Step: prepare ground-truth data
Running sample_150__baseline_150
Saved metadata to outputs/experiments/electrical_circuit_pre_activations_shallow_mlp_align_observable_state/1/metadata.json
CI(0, 1 | ()) p=0.7153 -> indep=True
CI(0, 2 | ()) p=0.172 -> indep=True
CI(1, 2 | ()) p=0.2534 -> indep=True
CI(0, 3 | ()) p=0 -> indep=False
CI(1, 3 | ()) p=7.12e-09 -> indep=False
CI(2, 3 | ()) p=0.3867 -> indep=True
CI(0, 4 | ()) p=0 -> indep=False
CI(1, 4 | ()) p=5.951e-09 -> indep=False
CI(2, 4 | ()) p=0.3868 -> indep=True
CI(3, 4 | ()) p=0 -> indep=False
CI(0, 5 | ()) p=0 -> indep=False
CI(1, 5 | ()) p=6.721e-07 -> indep=False
CI(2, 5 | ()) p=0.01383 -> indep=True
CI(3, 5 | ()) p=0 -> indep=False
CI(4, 5 | ()) p=0 -> indep=False
CI(0, 3 | (1,)) p=0 -> indep=False
CI(1, 3 | (0,)) p=3.653e-14 -> indep=False
CI(0, 4 | (1,)) p=0 -> indep=False
CI(0, 4 | (3,)) p=0.1295 -> indep=True
CI(1, 4 | (3,)) p=0.1618 -> indep=True
CI(0, 5 | (1,)) p=0 -> indep=False
CI(0, 5 | (3,)) p=0.3993 -> indep=True
CI(1, 5 | (3,)) p=0.7515 -> indep=True
CI(3, 5 | (4,)) p=6.885e-06 -> indep=False
CI(4, 5 | (3,)) p=1.56e-09 -> indep=False
Saved adjacency matrix to outputs/experiments/electrical_circuit_pre_activations_shallow_mlp_align_observable_state/1/learned_graph_adj.npy
CI(0, 1 | ()) p=0.5235 -> indep=True
CI(0, 2 | ()) p=0.07306 -> indep=True
CI(1, 2 | ()) p=0.5525 -> indep=True
CI(0, 3 | ()) p=0 -> indep=False
CI(1, 3 | ()) p=0 -> indep=False
CI(2, 3 | ()) p=0.3946 -> indep=True
CI(0, 4 | ()) p=0 -> indep=False
CI(1, 4 | ()) p=1.221e-14 -> indep=False
CI(2, 4 | ()) p=0.3665 -> indep=True
CI(3, 4 | ()) p=0 -> indep=False
CI(0, 5 | ()) p=0 -> indep=False
CI(1, 5 | ()) p=1.215e-11 -> indep=False
CI(2, 5 | ()) p=0.05136 -> indep=True
CI(3, 5 | ()) p=0 -> indep=False
CI(4, 5 | ()) p=0 -> indep=False
CI(0, 3 | (1,)) p=0 -> indep=False
CI(1, 3 | (0,)) p=7.772e-16 -> indep=False
CI(0, 4 | (1,)) p=0 -> indep=False
CI(0, 4 | (3,)) p=0.1802 -> indep=True
CI(1, 4 | (3,)) p=0.9389 -> indep=True
CI(0, 5 | (1,)) p=0 -> indep=False
CI(0, 5 | (3,)) p=0.4176 -> indep=True
CI(1, 5 | (3,)) p=0.8942 -> indep=True
CI(3, 5 | (4,)) p=0.2684 -> indep=True
Saved metrics to outputs/experiments/electrical_circuit_pre_activations_shallow_mlp_align_observable_state/1/performance_metrics.json
Saved baseline metrics to outputs/experiments/electrical_circuit_pre_activations_shallow_mlp_align_observable_state/1/baseline_performance_metrics.json
Saved PAG-vs-PAG metrics to outputs/experiments/electrical_circuit_pre_activations_shallow_mlp_align_observable_state/1/pag_vs_pag_metrics.json
Found 2 differences:
  1. Missing: 2 --- 5 (DAG: directed_ij)
  2. Extra: 3 --- 5 (PAG: directed_ij)
Found 3 partial orientation differences:
  1. Partial orientation: 0 --- 3 (DAG: directed_ij, PAG: partial_ij)
  2. Partial orientation: 1 --- 3 (DAG: directed_ij, PAG: partial_ij)
  3. Partial orientation: 4 --- 5 (DAG: directed_ij, PAG: partial_ij)
Saved edge comparison details to outputs/experiments/electrical_circuit_pre_activations_shallow_mlp_align_observable_state/1/edge_comparison.txt
Found 1 differences:
  1. Missing: 2 --- 5 (DAG: directed_ij)
Found 2 partial orientation differences:
  1. Partial orientation: 0 --- 3 (DAG: directed_ij, PAG: partial_ij)
  2. Partial orientation: 1 --- 3 (DAG: directed_ij, PAG: partial_ij)
Saved baseline edge comparison details to outputs/experiments/electrical_circuit_pre_activations_shallow_mlp_align_observable_state/1/edge_comparison_baseline.txt
Found 1 differences:
  1. Extra: 3 --- 5 (PAG: directed_ij)
Found 1 partial orientation differences:
  1. Partial orientation: 4 --- 5 (Reference PAG: directed_ij, PAG: partial_ij)
Saved PAG-vs-PAG edge comparison details to outputs/experiments/electrical_circuit_pre_activations_shallow_mlp_align_observable_state/1/edge_comparison_pag_vs_pag.txt
Saved figure to outputs/experiments/electrical_circuit_pre_activations_shallow_mlp_align_observable_state/1/pag_vs_dag.png
Saved baseline figure to outputs/experiments/electrical_circuit_pre_activations_shallow_mlp_align_observable_state/1/baseline_pag_vs_dag.png
Saved combined DAG comparison to outputs/experiments/electrical_circuit_pre_activations_shallow_mlp_align_observable_state/1/pags_vs_dag.png
Saved PAG-vs-PAG figure to outputs/experiments/electrical_circuit_pre_activations_shallow_mlp_align_observable_state/1/pag_vs_pag.png
Saved adjacency matrix to outputs/experiments/electrical_circuit_pre_activations_shallow_mlp_align_observable_state/1/learned_graph_adj.npy
Saved baseline adjacency matrix to outputs/experiments/electrical_circuit_pre_activations_shallow_mlp_align_observable_state/1/baseline_graph_adj.npy
