=== [Causal Discovery] Fold 3 (3/5) ===
Step: load extraction data
Loading extraction data from: outputs/experiments/electrical_circuit_shallow_mlp_no_align/3/extraction_results.csv
Warning: 2 constant columns detected; added tiny noise for correlation stability.
Step: prepare ground-truth data
Running sample_150__baseline_150
Saved metadata to outputs/experiments/electrical_circuit_shallow_mlp_no_align/3/metadata.json
CI(0, 1 | ()) p=0.07035 -> indep=True
CI(0, 2 | ()) p=0.9317 -> indep=True
CI(1, 2 | ()) p=0.02441 -> indep=True
CI(0, 3 | ()) p=6.42e-05 -> indep=False
CI(1, 3 | ()) p=0.004271 -> indep=False
CI(2, 3 | ()) p=0 -> indep=False
CI(0, 4 | ()) p=2.265e-13 -> indep=False
CI(1, 4 | ()) p=0 -> indep=False
CI(2, 4 | ()) p=6.153e-05 -> indep=False
CI(3, 4 | ()) p=0.6982 -> indep=True
CI(0, 5 | ()) p=0 -> indep=False
CI(1, 5 | ()) p=1.383e-07 -> indep=False
CI(2, 5 | ()) p=1.676e-09 -> indep=False
CI(3, 5 | ()) p=0.3306 -> indep=True
CI(4, 5 | ()) p=0 -> indep=False
CI(0, 3 | (1,)) p=0.000744 -> indep=False
CI(0, 3 | (2,)) p=1.587e-08 -> indep=False
CI(1, 3 | (0,)) p=0.02436 -> indep=True
CI(2, 3 | (0,)) p=5.077e-12 -> indep=False
CI(0, 4 | (1,)) p=9.951e-12 -> indep=False
CI(0, 4 | (2,)) p=2.759e-13 -> indep=False
CI(1, 4 | (0,)) p=0 -> indep=False
CI(1, 4 | (2,)) p=0 -> indep=False
CI(2, 4 | (0,)) p=5.911e-06 -> indep=False
CI(2, 4 | (1,)) p=7.772e-16 -> indep=False
CI(0, 5 | (1,)) p=0 -> indep=False
CI(0, 5 | (2,)) p=0 -> indep=False
CI(0, 5 | (4,)) p=1.554e-15 -> indep=False
CI(1, 5 | (0,)) p=2.068e-08 -> indep=False
CI(1, 5 | (2,)) p=9.881e-15 -> indep=False
CI(1, 5 | (4,)) p=3.324e-08 -> indep=False
CI(2, 5 | (0,)) p=0 -> indep=False
CI(2, 5 | (1,)) p=2.442e-15 -> indep=False
CI(2, 5 | (4,)) p=0.0001012 -> indep=False
CI(4, 5 | (0,)) p=1.11e-15 -> indep=False
CI(4, 5 | (1,)) p=0 -> indep=False
CI(4, 5 | (2,)) p=0 -> indep=False
CI(0, 5 | (1, 4)) p=6.509e-11 -> indep=False
CI(2, 5 | (1, 4)) p=0.01365 -> indep=True
Saved adjacency matrix to outputs/experiments/electrical_circuit_shallow_mlp_no_align/3/learned_graph_adj.npy
CI(0, 1 | ()) p=0.7778 -> indep=True
CI(0, 2 | ()) p=0.8065 -> indep=True
CI(1, 2 | ()) p=0.03819 -> indep=True
CI(0, 3 | ()) p=0 -> indep=False
CI(1, 3 | ()) p=2.22e-16 -> indep=False
CI(2, 3 | ()) p=0.3154 -> indep=True
CI(0, 4 | ()) p=0 -> indep=False
CI(1, 4 | ()) p=1.867e-13 -> indep=False
CI(2, 4 | ()) p=0.2377 -> indep=True
CI(3, 4 | ()) p=0 -> indep=False
CI(0, 5 | ()) p=0 -> indep=False
CI(1, 5 | ()) p=1.021e-09 -> indep=False
CI(2, 5 | ()) p=0.2667 -> indep=True
CI(3, 5 | ()) p=0 -> indep=False
CI(4, 5 | ()) p=0 -> indep=False
CI(0, 3 | (1,)) p=0 -> indep=False
CI(1, 3 | (0,)) p=4.441e-16 -> indep=False
CI(0, 4 | (1,)) p=0 -> indep=False
CI(0, 4 | (3,)) p=0.2725 -> indep=True
CI(1, 4 | (3,)) p=0.6986 -> indep=True
CI(0, 5 | (1,)) p=0 -> indep=False
CI(0, 5 | (3,)) p=0.2748 -> indep=True
CI(1, 5 | (3,)) p=0.8119 -> indep=True
CI(3, 5 | (4,)) p=0.5689 -> indep=True
Saved metrics to outputs/experiments/electrical_circuit_shallow_mlp_no_align/3/performance_metrics.json
Saved baseline metrics to outputs/experiments/electrical_circuit_shallow_mlp_no_align/3/baseline_performance_metrics.json
Saved PAG-vs-PAG metrics to outputs/experiments/electrical_circuit_shallow_mlp_no_align/3/pag_vs_pag_metrics.json
Found 10 differences:
  1. Wrong orientation: 0 --- 3 (DAG: directed_ij, PAG: bidirected)
  2. Extra: 0 --- 4 (PAG: bidirected)
  3. Extra: 0 --- 5 (PAG: bidirected)
  4. Missing: 1 --- 3 (DAG: directed_ij)
  5. Extra: 1 --- 4 (PAG: partial_ij)
  6. Extra: 1 --- 5 (PAG: directed_ij)
  7. Extra: 2 --- 3 (PAG: bidirected)
  8. Extra: 2 --- 4 (PAG: bidirected)
  9. Missing: 2 --- 5 (DAG: directed_ij)
  10. Missing: 3 --- 4 (DAG: directed_ij)
Saved edge comparison details to outputs/experiments/electrical_circuit_shallow_mlp_no_align/3/edge_comparison.txt
Found 1 differences:
  1. Missing: 2 --- 5 (DAG: directed_ij)
Found 2 partial orientation differences:
  1. Partial orientation: 0 --- 3 (DAG: directed_ij, PAG: partial_ij)
  2. Partial orientation: 1 --- 3 (DAG: directed_ij, PAG: partial_ij)
Saved baseline edge comparison details to outputs/experiments/electrical_circuit_shallow_mlp_no_align/3/edge_comparison_baseline.txt
Found 8 differences:
  1. Extra: 0 --- 4 (PAG: bidirected)
  2. Extra: 0 --- 5 (PAG: bidirected)
  3. Missing: 1 --- 3 (Reference PAG: partial_ij)
  4. Extra: 1 --- 4 (PAG: partial_ij)
  5. Extra: 1 --- 5 (PAG: directed_ij)
  6. Extra: 2 --- 3 (PAG: bidirected)
  7. Extra: 2 --- 4 (PAG: bidirected)
  8. Missing: 3 --- 4 (Reference PAG: directed_ij)
Found 1 partial orientation differences:
  1. Partial orientation: 0 --- 3 (Reference PAG: partial_ij, PAG: bidirected)
Saved PAG-vs-PAG edge comparison details to outputs/experiments/electrical_circuit_shallow_mlp_no_align/3/edge_comparison_pag_vs_pag.txt
Saved figure to outputs/experiments/electrical_circuit_shallow_mlp_no_align/3/pag_vs_dag.png
Saved baseline figure to outputs/experiments/electrical_circuit_shallow_mlp_no_align/3/baseline_pag_vs_dag.png
Saved combined DAG comparison to outputs/experiments/electrical_circuit_shallow_mlp_no_align/3/pags_vs_dag.png
Saved PAG-vs-PAG figure to outputs/experiments/electrical_circuit_shallow_mlp_no_align/3/pag_vs_pag.png
Saved adjacency matrix to outputs/experiments/electrical_circuit_shallow_mlp_no_align/3/learned_graph_adj.npy
Saved baseline adjacency matrix to outputs/experiments/electrical_circuit_shallow_mlp_no_align/3/baseline_graph_adj.npy
