=== [Train] Fold 3 (3/5) ===
Step: set random seed (4)
Step: build datasets
Step: initialize model
Step: training setup (model=MLPModel, profile=deep, control_mode=epochs, epochs=60, target_updates=None)
Step: training
TrnLoss=0.341 ValLoss=0.189 ValR2=0.810
TrnLoss=0.116 ValLoss=0.081 ValR2=0.919
TrnLoss=0.102 ValLoss=0.072 ValR2=0.927
TrnLoss=0.097 ValLoss=0.069 ValR2=0.930
TrnLoss=0.091 ValLoss=0.068 ValR2=0.932
TrnLoss=0.090 ValLoss=0.067 ValR2=0.933
TrnLoss=0.088 ValLoss=0.066 ValR2=0.934
TrnLoss=0.085 ValLoss=0.065 ValR2=0.934
TrnLoss=0.085 ValLoss=0.065 ValR2=0.935
TrnLoss=0.085 ValLoss=0.065 ValR2=0.935
TrnLoss=0.083 ValLoss=0.064 ValR2=0.936
TrnLoss=0.082 ValLoss=0.064 ValR2=0.936
TrnLoss=0.083 ValLoss=0.064 ValR2=0.936
TrnLoss=0.082 ValLoss=0.064 ValR2=0.936
TrnLoss=0.081 ValLoss=0.064 ValR2=0.935
TrnLoss=0.083 ValLoss=0.064 ValR2=0.936
TrnLoss=0.082 ValLoss=0.064 ValR2=0.936
TrnLoss=0.080 ValLoss=0.063 ValR2=0.936
TrnLoss=0.079 ValLoss=0.064 ValR2=0.936
TrnLoss=0.081 ValLoss=0.064 ValR2=0.936
TrnLoss=0.080 ValLoss=0.063 ValR2=0.936
TrnLoss=0.078 ValLoss=0.064 ValR2=0.936
TrnLoss=0.080 ValLoss=0.063 ValR2=0.937
TrnLoss=0.079 ValLoss=0.063 ValR2=0.937
TrnLoss=0.079 ValLoss=0.063 ValR2=0.937
TrnLoss=0.078 ValLoss=0.063 ValR2=0.937
TrnLoss=0.078 ValLoss=0.063 ValR2=0.937
TrnLoss=0.077 ValLoss=0.063 ValR2=0.937
TrnLoss=0.078 ValLoss=0.063 ValR2=0.936
TrnLoss=0.077 ValLoss=0.063 ValR2=0.937
TrnLoss=0.076 ValLoss=0.063 ValR2=0.937
TrnLoss=0.076 ValLoss=0.062 ValR2=0.937
TrnLoss=0.077 ValLoss=0.063 ValR2=0.937
TrnLoss=0.077 ValLoss=0.063 ValR2=0.937
TrnLoss=0.075 ValLoss=0.063 ValR2=0.937
TrnLoss=0.076 ValLoss=0.062 ValR2=0.937
TrnLoss=0.076 ValLoss=0.063 ValR2=0.937
TrnLoss=0.077 ValLoss=0.063 ValR2=0.937
TrnLoss=0.077 ValLoss=0.063 ValR2=0.937
TrnLoss=0.076 ValLoss=0.062 ValR2=0.937
Early stopping at epoch 40: no validation improvement for 8 epochs (best epoch=32, best val loss=0.062)
 65%|########4    | 39/60 [00:20<00:11,  1.86ep/s]
Step: evaluate test split
