=== [Causal Discovery] Fold 1 (1/5) ===
Step: load extraction data
Loading extraction data from: outputs/experiments/layered_sparse_linear_sem_shallow_mlp_align_observable_state/1/alignment_results.csv
Step: prepare ground-truth data
Running sample_150__baseline_150
Saved metadata to outputs/experiments/layered_sparse_linear_sem_shallow_mlp_align_observable_state/1/metadata.json
Test:  CI( 0 , 1 | () ) = 0.2859660792971077
Test:  CI( 0 , 2 | () ) = 0.0
Test:  CI( 1 , 2 | () ) = 0.00021937790667481138
Test:  CI( 0 , 3 | () ) = 1.471941782371644e-05
Test:  CI( 1 , 3 | () ) = 8.461586986641123e-11
Test:  CI( 2 , 3 | () ) = 0.0
Test:  CI( 0 , 4 | () ) = 0.0
Test:  CI( 1 , 4 | () ) = 0.01925050073454959
Test:  CI( 2 , 4 | () ) = 0.0
Test:  CI( 3 , 4 | () ) = 0.0
Test:  CI( 0 , 5 | () ) = 1.2745582367301722e-11
Test:  CI( 1 , 5 | () ) = 0.0
Test:  CI( 2 , 5 | () ) = 0.0
Test:  CI( 3 , 5 | () ) = 0.0
Test:  CI( 4 , 5 | () ) = 5.573319583618286e-14
Test:  CI( 0 , 2 | (1,) ) = 0.0
Test:  CI( 1 , 2 | (0,) ) = 1.0835776720341528e-13
Test:  CI( 0 , 3 | (1,) ) = 7.948567803950368e-09
Test:  CI( 0 , 3 | (2,) ) = 0.0
Test:  CI( 1 , 3 | (0,) ) = 3.885780586188048e-14
Test:  CI( 1 , 3 | (2,) ) = 2.2178925362936752e-11
Test:  CI( 2 , 3 | (0,) ) = 0.0
Test:  CI( 2 , 3 | (1,) ) = 0.0
Test:  CI( 0 , 4 | (2,) ) = 3.0726110544776475e-10
Test:  CI( 0 , 4 | (3,) ) = 0.0
Test:  CI( 2 , 4 | (0,) ) = 0.0
Test:  CI( 2 , 4 | (3,) ) = 0.0
Test:  CI( 3 , 4 | (0,) ) = 0.0
Test:  CI( 3 , 4 | (2,) ) = 9.317102644956776e-11
Test:  CI( 0 , 5 | (1,) ) = 0.0
Test:  CI( 0 , 5 | (2,) ) = 1.6588752593804656e-10
Test:  CI( 0 , 5 | (3,) ) = 9.266449829681278e-10
Test:  CI( 0 , 5 | (4,) ) = 0.1331223109743287
Test:  CI( 1 , 5 | (2,) ) = 0.0
Test:  CI( 1 , 5 | (3,) ) = 0.0
Test:  CI( 1 , 5 | (4,) ) = 0.0
Test:  CI( 2 , 5 | (1,) ) = 0.0
Test:  CI( 2 , 5 | (3,) ) = 2.249942676613159e-09
Test:  CI( 2 , 5 | (4,) ) = 0.0
Test:  CI( 3 , 5 | (1,) ) = 0.0
Test:  CI( 3 , 5 | (2,) ) = 2.637356999457552e-11
Test:  CI( 3 , 5 | (4,) ) = 0.0
Test:  CI( 4 , 5 | (1,) ) = 0.0
Test:  CI( 4 , 5 | (2,) ) = 0.0
Test:  CI( 4 , 5 | (3,) ) = 0.20042809092845792
Test:  CI( 0 , 3 | (1, 2) ) = 0.0
Test:  CI( 1 , 3 | (0, 2) ) = 0.019350232653701394
Test:  CI( 2 , 3 | (0, 1) ) = 0.0
Test:  CI( 3 , 4 | (0, 2) ) = 0.05997445281206093
Test:  CI( 3 , 5 | (1, 2) ) = 0.887186565848785
Saved adjacency matrix to outputs/experiments/layered_sparse_linear_sem_shallow_mlp_align_observable_state/1/learned_graph_adj.npy
Test:  CI( 0 , 1 | () ) = 0.15163264160328183
Test:  CI( 0 , 2 | () ) = 0.0
Test:  CI( 1 , 2 | () ) = 1.0757366450953043e-06
Test:  CI( 0 , 3 | () ) = 1.5643258732822574e-07
Test:  CI( 1 , 3 | () ) = 2.200772780458493e-06
Test:  CI( 2 , 3 | () ) = 0.0
Test:  CI( 0 , 4 | () ) = 0.0
Test:  CI( 1 , 4 | () ) = 0.2556375210075166
Test:  CI( 2 , 4 | () ) = 0.0
Test:  CI( 3 , 4 | () ) = 3.4993419273376958e-09
Test:  CI( 0 , 5 | () ) = 0.0
Test:  CI( 1 , 5 | () ) = 0.0
Test:  CI( 2 , 5 | () ) = 0.0
Test:  CI( 3 , 5 | () ) = 0.0
Test:  CI( 4 , 5 | () ) = 2.2866086801798247e-10
Test:  CI( 0 , 2 | (1,) ) = 0.0
Test:  CI( 1 , 2 | (0,) ) = 7.810685431763886e-11
Test:  CI( 0 , 3 | (1,) ) = 4.6385692664685507e-07
Test:  CI( 0 , 3 | (2,) ) = 1.8545969315830746e-07
Test:  CI( 1 , 3 | (0,) ) = 6.393199363463609e-06
Test:  CI( 1 , 3 | (2,) ) = 0.06008668448735177
Test:  CI( 2 , 3 | (0,) ) = 0.0
Test:  CI( 0 , 4 | (2,) ) = 0.0003814606669152454
Test:  CI( 0 , 4 | (3,) ) = 0.0
Test:  CI( 2 , 4 | (0,) ) = 3.1686488988214023e-09
Test:  CI( 2 , 4 | (3,) ) = 0.0
Test:  CI( 3 , 4 | (0,) ) = 0.002350404279562568
Test:  CI( 3 , 4 | (2,) ) = 0.006242194996982864
Test:  CI( 0 , 5 | (1,) ) = 0.0
Test:  CI( 0 , 5 | (2,) ) = 0.004130163570222001
Test:  CI( 0 , 5 | (3,) ) = 1.9649837312840646e-11
Test:  CI( 0 , 5 | (4,) ) = 1.2461901954807786e-08
Test:  CI( 1 , 5 | (0,) ) = 0.0
Test:  CI( 1 , 5 | (2,) ) = 0.0
Test:  CI( 1 , 5 | (3,) ) = 0.0
Test:  CI( 1 , 5 | (4,) ) = 0.0
Test:  CI( 2 , 5 | (0,) ) = 0.0
Test:  CI( 2 , 5 | (1,) ) = 0.0
Test:  CI( 2 , 5 | (3,) ) = 0.0
Test:  CI( 2 , 5 | (4,) ) = 0.0
Test:  CI( 3 , 5 | (0,) ) = 1.1321610315917496e-11
Test:  CI( 3 , 5 | (1,) ) = 3.999023334699814e-13
Test:  CI( 3 , 5 | (2,) ) = 0.6314965152782805
Test:  CI( 4 , 5 | (0,) ) = 0.5041810938036497
Test:  CI( 3 , 4 | (0, 2) ) = 0.14158972625351773
Saved metrics to outputs/experiments/layered_sparse_linear_sem_shallow_mlp_align_observable_state/1/performance_metrics.json
Saved baseline metrics to outputs/experiments/layered_sparse_linear_sem_shallow_mlp_align_observable_state/1/baseline_performance_metrics.json
Saved PAG-vs-PAG metrics to outputs/experiments/layered_sparse_linear_sem_shallow_mlp_align_observable_state/1/pag_vs_pag_metrics.json
Found 4 differences:
  1. Extra: 0 --- 4 (PAG: partial_ij)
  2. Missing: 1 --- 4 (DAG: directed_ij)
  3. Wrong orientation: 2 --- 4 (DAG: directed_ij, PAG: bidirected)
  4. Wrong orientation: 2 --- 5 (DAG: directed_ij, PAG: bidirected)
Found 3 partial orientation differences:
  1. Partial orientation: 0 --- 2 (DAG: directed_ij, PAG: partial_ij)
  2. Partial orientation: 1 --- 2 (DAG: directed_ij, PAG: partial_ij)
  3. Partial orientation: 1 --- 5 (DAG: directed_ij, PAG: partial_ij)
Saved edge comparison details to outputs/experiments/layered_sparse_linear_sem_shallow_mlp_align_observable_state/1/edge_comparison.txt
Found 7 differences:
  1. Wrong orientation: 0 --- 2 (DAG: directed_ij, PAG: bidirected)
  2. Wrong orientation: 0 --- 3 (DAG: directed_ij, PAG: bidirected)
  3. Extra: 0 --- 4 (PAG: directed_ij)
  4. Extra: 0 --- 5 (PAG: bidirected)
  5. Missing: 1 --- 4 (DAG: directed_ij)
  6. Wrong orientation: 2 --- 4 (DAG: directed_ij, PAG: bidirected)
  7. Wrong orientation: 2 --- 5 (DAG: directed_ij, PAG: bidirected)
Found 2 partial orientation differences:
  1. Partial orientation: 1 --- 2 (DAG: directed_ij, PAG: partial_ij)
  2. Partial orientation: 1 --- 5 (DAG: directed_ij, PAG: partial_ij)
Saved baseline edge comparison details to outputs/experiments/layered_sparse_linear_sem_shallow_mlp_align_observable_state/1/edge_comparison_baseline.txt
Found 2 differences:
  1. Wrong orientation: 0 --- 3 (Reference PAG: bidirected, PAG: directed_ij)
  2. Missing: 0 --- 5 (Reference PAG: bidirected)
Found 2 partial orientation differences:
  1. Partial orientation: 0 --- 2 (Reference PAG: bidirected, PAG: partial_ij)
  2. Partial orientation: 0 --- 4 (Reference PAG: directed_ij, PAG: partial_ij)
Saved PAG-vs-PAG edge comparison details to outputs/experiments/layered_sparse_linear_sem_shallow_mlp_align_observable_state/1/edge_comparison_pag_vs_pag.txt
Saved figure to outputs/experiments/layered_sparse_linear_sem_shallow_mlp_align_observable_state/1/pag_vs_dag.png
Saved baseline figure to outputs/experiments/layered_sparse_linear_sem_shallow_mlp_align_observable_state/1/baseline_pag_vs_dag.png
Saved combined DAG comparison to outputs/experiments/layered_sparse_linear_sem_shallow_mlp_align_observable_state/1/pags_vs_dag.png
Saved PAG-vs-PAG figure to outputs/experiments/layered_sparse_linear_sem_shallow_mlp_align_observable_state/1/pag_vs_pag.png
Saved adjacency matrix to outputs/experiments/layered_sparse_linear_sem_shallow_mlp_align_observable_state/1/learned_graph_adj.npy
Saved baseline adjacency matrix to outputs/experiments/layered_sparse_linear_sem_shallow_mlp_align_observable_state/1/baseline_graph_adj.npy
