=== [Train] Fold 3 (3/5) ===
Step: set random seed (4)
Step: build datasets
Key: (176, 6, 3, 3, 2, 10, 10000, 0.5, 2.0, 0.8, 0.1, 0.1, 1000, 3) - Generating new DAG and data...
Seed: 176, Fold: 3
Step: initialize model
Step: training setup (model=MLPModel, profile=deep, control_mode=epochs, epochs=60, target_updates=None)
Step: training
TrnLoss=0.487 ValLoss=0.458 ValR2=0.569
TrnLoss=0.370 ValLoss=0.372 ValR2=0.650
TrnLoss=0.367 ValLoss=0.371 ValR2=0.651
TrnLoss=0.362 ValLoss=0.368 ValR2=0.654
TrnLoss=0.361 ValLoss=0.369 ValR2=0.653
TrnLoss=0.363 ValLoss=0.367 ValR2=0.655
TrnLoss=0.357 ValLoss=0.368 ValR2=0.653
TrnLoss=0.358 ValLoss=0.368 ValR2=0.653
TrnLoss=0.358 ValLoss=0.367 ValR2=0.654
TrnLoss=0.357 ValLoss=0.368 ValR2=0.654
TrnLoss=0.357 ValLoss=0.367 ValR2=0.655
TrnLoss=0.357 ValLoss=0.369 ValR2=0.653
TrnLoss=0.355 ValLoss=0.367 ValR2=0.655
TrnLoss=0.356 ValLoss=0.368 ValR2=0.653
TrnLoss=0.356 ValLoss=0.367 ValR2=0.654
TrnLoss=0.355 ValLoss=0.367 ValR2=0.655
TrnLoss=0.354 ValLoss=0.368 ValR2=0.654
TrnLoss=0.355 ValLoss=0.368 ValR2=0.654
TrnLoss=0.355 ValLoss=0.368 ValR2=0.654
TrnLoss=0.354 ValLoss=0.368 ValR2=0.654
TrnLoss=0.356 ValLoss=0.368 ValR2=0.654
TrnLoss=0.354 ValLoss=0.368 ValR2=0.654
Early stopping at epoch 22: no validation improvement for 8 epochs (best epoch=6, best val loss=0.367)
 35%|####5        | 21/60 [00:19<00:36,  1.07ep/s]
Step: evaluate test split
