=== [Train] Fold 1 (1/5) ===
Step: set random seed (2)
Step: build datasets
Step: initialize model
Step: training setup (model=MLPModel, profile=deep, control_mode=epochs, epochs=60, target_updates=None)
Step: training
TrnLoss=0.891 ValLoss=0.905 ValR2=0.149
TrnLoss=0.811 ValLoss=0.842 ValR2=0.208
TrnLoss=0.809 ValLoss=0.833 ValR2=0.217
TrnLoss=0.794 ValLoss=0.834 ValR2=0.216
TrnLoss=0.794 ValLoss=0.833 ValR2=0.217
TrnLoss=0.792 ValLoss=0.835 ValR2=0.215
TrnLoss=0.790 ValLoss=0.834 ValR2=0.216
TrnLoss=0.788 ValLoss=0.836 ValR2=0.214
TrnLoss=0.785 ValLoss=0.835 ValR2=0.215
TrnLoss=0.785 ValLoss=0.838 ValR2=0.213
TrnLoss=0.781 ValLoss=0.838 ValR2=0.212
TrnLoss=0.783 ValLoss=0.839 ValR2=0.211
TrnLoss=0.777 ValLoss=0.838 ValR2=0.212
TrnLoss=0.782 ValLoss=0.838 ValR2=0.212
TrnLoss=0.777 ValLoss=0.838 ValR2=0.212
TrnLoss=0.777 ValLoss=0.839 ValR2=0.211
TrnLoss=0.776 ValLoss=0.841 ValR2=0.209
TrnLoss=0.776 ValLoss=0.843 ValR2=0.208
TrnLoss=0.775 ValLoss=0.841 ValR2=0.210
TrnLoss=0.774 ValLoss=0.840 ValR2=0.211
TrnLoss=0.774 ValLoss=0.843 ValR2=0.208
TrnLoss=0.774 ValLoss=0.840 ValR2=0.210
Early stopping at epoch 22: no validation improvement for 8 epochs (best epoch=3, best val loss=0.833)
 35%|####5        | 21/60 [00:19<00:36,  1.06ep/s]
Step: evaluate test split
