=== [Train] Fold 2 (2/5) ===
Step: set random seed (3)
Step: build datasets
Step: initialize model
Step: training setup (model=ShallowMLP, profile=shallow, control_mode=epochs, epochs=40, target_updates=None)
Step: training
TrnLoss=0.977 ValLoss=1.091 ValR2=0.092
TrnLoss=0.825 ValLoss=0.933 ValR2=0.225
TrnLoss=0.651 ValLoss=0.759 ValR2=0.371
TrnLoss=0.486 ValLoss=0.610 ValR2=0.495
TrnLoss=0.370 ValLoss=0.537 ValR2=0.556
TrnLoss=0.322 ValLoss=0.514 ValR2=0.576
TrnLoss=0.323 ValLoss=0.507 ValR2=0.582
TrnLoss=0.301 ValLoss=0.502 ValR2=0.586
TrnLoss=0.296 ValLoss=0.499 ValR2=0.588
TrnLoss=0.294 ValLoss=0.497 ValR2=0.590
TrnLoss=0.307 ValLoss=0.496 ValR2=0.591
TrnLoss=0.292 ValLoss=0.495 ValR2=0.591
TrnLoss=0.291 ValLoss=0.494 ValR2=0.592
TrnLoss=0.305 ValLoss=0.494 ValR2=0.593
TrnLoss=0.288 ValLoss=0.494 ValR2=0.593
TrnLoss=0.288 ValLoss=0.493 ValR2=0.593
TrnLoss=0.287 ValLoss=0.493 ValR2=0.593
TrnLoss=0.286 ValLoss=0.493 ValR2=0.594
TrnLoss=0.286 ValLoss=0.492 ValR2=0.594
TrnLoss=0.286 ValLoss=0.492 ValR2=0.594
TrnLoss=0.285 ValLoss=0.492 ValR2=0.594
TrnLoss=0.286 ValLoss=0.492 ValR2=0.594
TrnLoss=0.286 ValLoss=0.492 ValR2=0.594
TrnLoss=0.299 ValLoss=0.492 ValR2=0.594
TrnLoss=0.286 ValLoss=0.492 ValR2=0.594
TrnLoss=0.285 ValLoss=0.492 ValR2=0.595
TrnLoss=0.285 ValLoss=0.492 ValR2=0.595
TrnLoss=0.285 ValLoss=0.491 ValR2=0.595
TrnLoss=0.284 ValLoss=0.492 ValR2=0.595
TrnLoss=0.288 ValLoss=0.491 ValR2=0.595
TrnLoss=0.284 ValLoss=0.492 ValR2=0.595
TrnLoss=0.284 ValLoss=0.491 ValR2=0.595
TrnLoss=0.283 ValLoss=0.491 ValR2=0.595
TrnLoss=0.283 ValLoss=0.491 ValR2=0.595
TrnLoss=0.284 ValLoss=0.491 ValR2=0.595
TrnLoss=0.285 ValLoss=0.491 ValR2=0.595
Early stopping at epoch 36: no validation improvement for 6 epochs (best epoch=30, best val loss=0.491)
 88%|###########3 | 35/40 [00:19<00:02,  1.78ep/s]
Step: evaluate test split
