=== [Causal Discovery] Fold 4 (4/5) ===
Step: load extraction data
Loading extraction data from: outputs/experiments/linear_sem_tabular_mlp_no_align/4/extraction_results.csv
Step: prepare ground-truth data
Running sample_150__baseline_150
Saved metadata to outputs/experiments/linear_sem_tabular_mlp_no_align/4/metadata.json
Test:  CI( 0 , 1 | () ) = 1.8902657217267915e-12
Test:  CI( 0 , 2 | () ) = 0.6502686557403676
Test:  CI( 1 , 2 | () ) = 0.13059563617518877
Test:  CI( 0 , 3 | () ) = 0.0
Test:  CI( 1 , 3 | () ) = 0.0
Test:  CI( 2 , 3 | () ) = 1.0359764157641393e-09
Test:  CI( 0 , 4 | () ) = 0.32549565566749084
Test:  CI( 1 , 4 | () ) = 1.7476267364369136e-06
Test:  CI( 2 , 4 | () ) = 0.0
Test:  CI( 3 , 4 | () ) = 3.6989515894703118e-09
Test:  CI( 0 , 5 | () ) = 9.612310947204605e-13
Test:  CI( 1 , 5 | () ) = 3.646669595180896e-07
Test:  CI( 2 , 5 | () ) = 0.0
Test:  CI( 3 , 5 | () ) = 4.440892098500626e-16
Test:  CI( 4 , 5 | () ) = 0.0
Test:  CI( 0 , 3 | (1,) ) = 1.578576389604791e-07
Test:  CI( 0 , 3 | (2,) ) = 0.0
Test:  CI( 1 , 3 | (0,) ) = 2.0344481654888114e-10
Test:  CI( 1 , 3 | (2,) ) = 0.0
Test:  CI( 2 , 3 | (0,) ) = 0.0
Test:  CI( 2 , 3 | (1,) ) = 0.0
Test:  CI( 1 , 4 | (2,) ) = 0.0
Test:  CI( 1 , 4 | (3,) ) = 0.1325917787541635
Test:  CI( 2 , 4 | (3,) ) = 4.440892098500626e-16
Test:  CI( 3 , 4 | (2,) ) = 0.009330689436190642
Test:  CI( 0 , 5 | (1,) ) = 1.3274370869176266e-07
Test:  CI( 0 , 5 | (2,) ) = 0.0
Test:  CI( 0 , 5 | (3,) ) = 0.0007805527956803449
Test:  CI( 0 , 5 | (4,) ) = 0.0
Test:  CI( 1 , 5 | (0,) ) = 0.04338474368826528
Test:  CI( 2 , 5 | (0,) ) = 0.0
Test:  CI( 2 , 5 | (3,) ) = 7.105427357601002e-15
Test:  CI( 2 , 5 | (4,) ) = 1.2276916594444742e-08
Test:  CI( 3 , 5 | (0,) ) = 4.523942875866993e-07
Test:  CI( 3 , 5 | (2,) ) = 8.491299463564417e-08
Test:  CI( 3 , 5 | (4,) ) = 1.936289861781404e-08
Test:  CI( 4 , 5 | (0,) ) = 0.0
Test:  CI( 4 , 5 | (2,) ) = 2.5570565916455124e-05
Test:  CI( 4 , 5 | (3,) ) = 4.411360166045597e-12
Test:  CI( 0 , 3 | (1, 2) ) = 6.394884621840902e-14
Test:  CI( 1 , 3 | (0, 2) ) = 0.0
Test:  CI( 2 , 3 | (0, 1) ) = 0.0
Test:  CI( 0 , 5 | (2, 4) ) = 0.0
Test:  CI( 2 , 5 | (0, 4) ) = 0.0
Test:  CI( 3 , 5 | (0, 2) ) = 0.002663055101782108
Test:  CI( 3 , 5 | (0, 4) ) = 0.002782989210754039
Test:  CI( 3 , 5 | (2, 4) ) = 2.050158948829761e-06
Test:  CI( 4 , 5 | (0, 2) ) = 0.0
Test:  CI( 3 , 5 | (0, 2, 4) ) = 0.0
Saved adjacency matrix to outputs/experiments/linear_sem_tabular_mlp_no_align/4/learned_graph_adj.npy
Test:  CI( 0 , 1 | () ) = 5.284661597215745e-14
Test:  CI( 0 , 2 | () ) = 0.48254803838416294
Test:  CI( 1 , 2 | () ) = 0.3727229912142844
Test:  CI( 0 , 3 | () ) = 0.0
Test:  CI( 1 , 3 | () ) = 4.083980487123995e-09
Test:  CI( 2 , 3 | () ) = 0.5284952673568628
Test:  CI( 0 , 4 | () ) = 0.0029065372622993912
Test:  CI( 1 , 4 | () ) = 0.022327002264191265
Test:  CI( 2 , 4 | () ) = 0.0
Test:  CI( 3 , 4 | () ) = 0.88277469749512
Test:  CI( 0 , 5 | () ) = 0.0
Test:  CI( 1 , 5 | () ) = 0.0
Test:  CI( 2 , 5 | () ) = 0.38124764998489136
Test:  CI( 3 , 5 | () ) = 0.0
Test:  CI( 4 , 5 | () ) = 0.32695494798309155
Test:  CI( 0 , 3 | (1,) ) = 0.0
Test:  CI( 1 , 3 | (0,) ) = 0.1420539357932109
Test:  CI( 0 , 4 | (2,) ) = 0.001307119839652593
Test:  CI( 2 , 4 | (0,) ) = 0.0
Test:  CI( 0 , 5 | (1,) ) = 0.0
Test:  CI( 0 , 5 | (3,) ) = 0.0013390350669650886
Test:  CI( 1 , 5 | (0,) ) = 2.8858009368804005e-06
Test:  CI( 1 , 5 | (3,) ) = 0.0
Test:  CI( 3 , 5 | (0,) ) = 0.0
Test:  CI( 3 , 5 | (1,) ) = 0.0
Test:  CI( 0 , 5 | (1, 3) ) = 0.6108421917704789
Saved metrics to outputs/experiments/linear_sem_tabular_mlp_no_align/4/performance_metrics.json
Saved baseline metrics to outputs/experiments/linear_sem_tabular_mlp_no_align/4/baseline_performance_metrics.json
Saved PAG-vs-PAG metrics to outputs/experiments/linear_sem_tabular_mlp_no_align/4/pag_vs_pag_metrics.json
Found 9 differences:
  1. Missing: 0 --- 4 (DAG: directed_ij)
  2. Extra: 0 --- 5 (PAG: partial_ij)
  3. Extra: 1 --- 3 (PAG: partial_ij)
  4. Missing: 1 --- 5 (DAG: directed_ij)
  5. Extra: 2 --- 3 (PAG: partial_ij)
  6. Extra: 2 --- 5 (PAG: partial_ij)
  7. Wrong orientation: 3 --- 4 (DAG: directed_ij, PAG: bidirected)
  8. Wrong orientation: 3 --- 5 (DAG: directed_ij, PAG: bidirected)
  9. Extra: 4 --- 5 (PAG: partial_ij)
Found 3 partial orientation differences:
  1. Partial orientation: 0 --- 1 (DAG: directed_ij, PAG: partial_ij)
  2. Partial orientation: 0 --- 3 (DAG: directed_ij, PAG: partial_ij)
  3. Partial orientation: 2 --- 4 (DAG: directed_ij, PAG: partial_ij)
Saved edge comparison details to outputs/experiments/linear_sem_tabular_mlp_no_align/4/edge_comparison.txt
Found 4 differences:
  1. Wrong orientation: 0 --- 1 (DAG: directed_ij, PAG: bidirected)
  2. Wrong orientation: 0 --- 3 (DAG: directed_ij, PAG: bidirected)
  3. Wrong orientation: 0 --- 4 (DAG: directed_ij, PAG: bidirected)
  4. Missing: 3 --- 4 (DAG: directed_ij)
Found 1 partial orientation differences:
  1. Partial orientation: 2 --- 4 (DAG: directed_ij, PAG: partial_ij)
Saved baseline edge comparison details to outputs/experiments/linear_sem_tabular_mlp_no_align/4/edge_comparison_baseline.txt
Found 9 differences:
  1. Missing: 0 --- 4 (Reference PAG: bidirected)
  2. Extra: 0 --- 5 (PAG: partial_ij)
  3. Extra: 1 --- 3 (PAG: partial_ij)
  4. Missing: 1 --- 5 (Reference PAG: directed_ij)
  5. Extra: 2 --- 3 (PAG: partial_ij)
  6. Extra: 2 --- 5 (PAG: partial_ij)
  7. Extra: 3 --- 4 (PAG: bidirected)
  8. Wrong orientation: 3 --- 5 (Reference PAG: directed_ij, PAG: bidirected)
  9. Extra: 4 --- 5 (PAG: partial_ij)
Found 2 partial orientation differences:
  1. Partial orientation: 0 --- 1 (Reference PAG: bidirected, PAG: partial_ij)
  2. Partial orientation: 0 --- 3 (Reference PAG: bidirected, PAG: partial_ij)
Saved PAG-vs-PAG edge comparison details to outputs/experiments/linear_sem_tabular_mlp_no_align/4/edge_comparison_pag_vs_pag.txt
Saved figure to outputs/experiments/linear_sem_tabular_mlp_no_align/4/pag_vs_dag.png
Saved baseline figure to outputs/experiments/linear_sem_tabular_mlp_no_align/4/baseline_pag_vs_dag.png
Saved combined DAG comparison to outputs/experiments/linear_sem_tabular_mlp_no_align/4/pags_vs_dag.png
Saved PAG-vs-PAG figure to outputs/experiments/linear_sem_tabular_mlp_no_align/4/pag_vs_pag.png
Saved adjacency matrix to outputs/experiments/linear_sem_tabular_mlp_no_align/4/learned_graph_adj.npy
Saved baseline adjacency matrix to outputs/experiments/linear_sem_tabular_mlp_no_align/4/baseline_graph_adj.npy
