=== [Train] Fold 2 (2/5) ===
Step: set random seed (3)
Step: build datasets
Step: initialize model
Step: training setup (model=ShallowMLP, profile=shallow, control_mode=epochs, epochs=40, target_updates=None)
Step: training
TrnLoss=0.966 ValLoss=0.919 ValR2=0.086
TrnLoss=0.878 ValLoss=0.851 ValR2=0.153
TrnLoss=0.818 ValLoss=0.804 ValR2=0.200
TrnLoss=0.785 ValLoss=0.783 ValR2=0.220
TrnLoss=0.777 ValLoss=0.776 ValR2=0.227
TrnLoss=0.771 ValLoss=0.772 ValR2=0.231
TrnLoss=0.770 ValLoss=0.772 ValR2=0.232
TrnLoss=0.771 ValLoss=0.771 ValR2=0.232
TrnLoss=0.771 ValLoss=0.771 ValR2=0.232
TrnLoss=0.768 ValLoss=0.769 ValR2=0.234
TrnLoss=0.769 ValLoss=0.771 ValR2=0.233
TrnLoss=0.769 ValLoss=0.770 ValR2=0.234
TrnLoss=0.769 ValLoss=0.769 ValR2=0.234
TrnLoss=0.768 ValLoss=0.770 ValR2=0.233
TrnLoss=0.769 ValLoss=0.770 ValR2=0.233
TrnLoss=0.768 ValLoss=0.769 ValR2=0.235
TrnLoss=0.767 ValLoss=0.769 ValR2=0.234
TrnLoss=0.768 ValLoss=0.769 ValR2=0.235
TrnLoss=0.766 ValLoss=0.768 ValR2=0.235
TrnLoss=0.767 ValLoss=0.769 ValR2=0.234
TrnLoss=0.768 ValLoss=0.769 ValR2=0.235
TrnLoss=0.766 ValLoss=0.768 ValR2=0.235
TrnLoss=0.766 ValLoss=0.769 ValR2=0.234
TrnLoss=0.766 ValLoss=0.768 ValR2=0.235
TrnLoss=0.765 ValLoss=0.768 ValR2=0.235
TrnLoss=0.766 ValLoss=0.768 ValR2=0.235
TrnLoss=0.767 ValLoss=0.768 ValR2=0.235
TrnLoss=0.767 ValLoss=0.768 ValR2=0.235
TrnLoss=0.765 ValLoss=0.769 ValR2=0.235
TrnLoss=0.765 ValLoss=0.769 ValR2=0.235
TrnLoss=0.766 ValLoss=0.768 ValR2=0.235
Early stopping at epoch 31: no validation improvement for 6 epochs (best epoch=25, best val loss=0.768)
 75%|#########7   | 30/40 [00:19<00:06,  1.54ep/s]
Step: evaluate test split
