=== [Causal Discovery] Fold 3 (3/5) ===
Step: load extraction data
Loading extraction data from: outputs/experiments/electrical_circuit_input_gradients_tabular_mlp_align_observable_state/3/alignment_results.csv
Step: prepare ground-truth data
Running sample_150__baseline_150
Saved metadata to outputs/experiments/electrical_circuit_input_gradients_tabular_mlp_align_observable_state/3/metadata.json
CI(0, 1 | ()) p=0.0003363 -> indep=False
CI(0, 2 | ()) p=0 -> indep=False
CI(1, 2 | ()) p=0 -> indep=False
CI(0, 3 | ()) p=0 -> indep=False
CI(1, 3 | ()) p=0 -> indep=False
CI(2, 3 | ()) p=0 -> indep=False
CI(0, 4 | ()) p=0 -> indep=False
CI(1, 4 | ()) p=0 -> indep=False
CI(2, 4 | ()) p=0 -> indep=False
CI(3, 4 | ()) p=0 -> indep=False
CI(0, 5 | ()) p=0 -> indep=False
CI(1, 5 | ()) p=0 -> indep=False
CI(2, 5 | ()) p=0 -> indep=False
CI(3, 5 | ()) p=0 -> indep=False
CI(4, 5 | ()) p=0 -> indep=False
CI(0, 2 | (1,)) p=0 -> indep=False
CI(1, 2 | (0,)) p=3.121e-09 -> indep=False
CI(0, 3 | (1,)) p=0 -> indep=False
CI(0, 3 | (2,)) p=5.06e-08 -> indep=False
CI(1, 3 | (0,)) p=1.049e-06 -> indep=False
CI(1, 3 | (2,)) p=6.452e-05 -> indep=False
CI(2, 3 | (0,)) p=0.004257 -> indep=False
CI(2, 3 | (1,)) p=5.107e-15 -> indep=False
CI(0, 4 | (1,)) p=0 -> indep=False
CI(0, 4 | (2,)) p=5.584e-08 -> indep=False
CI(0, 4 | (3,)) p=0.002243 -> indep=False
CI(1, 4 | (0,)) p=9.048e-07 -> indep=False
CI(1, 4 | (2,)) p=6.855e-05 -> indep=False
CI(1, 4 | (3,)) p=2.501e-06 -> indep=False
CI(2, 4 | (0,)) p=0.004229 -> indep=False
CI(2, 4 | (1,)) p=5.662e-15 -> indep=False
CI(2, 4 | (3,)) p=0.002502 -> indep=False
CI(3, 4 | (0,)) p=9.405e-06 -> indep=False
CI(3, 4 | (1,)) p=0 -> indep=False
CI(3, 4 | (2,)) p=8.818e-09 -> indep=False
CI(0, 5 | (1,)) p=0 -> indep=False
CI(0, 5 | (2,)) p=5.449e-07 -> indep=False
CI(0, 5 | (3,)) p=6.528e-14 -> indep=False
CI(0, 5 | (4,)) p=6.262e-14 -> indep=False
CI(1, 5 | (0,)) p=2.162e-07 -> indep=False
CI(1, 5 | (2,)) p=9.116e-05 -> indep=False
CI(1, 5 | (3,)) p=0.001493 -> indep=False
CI(1, 5 | (4,)) p=0.002351 -> indep=False
CI(2, 5 | (0,)) p=0.00274 -> indep=False
CI(2, 5 | (1,)) p=1.93e-10 -> indep=False
CI(2, 5 | (3,)) p=2.504e-05 -> indep=False
CI(2, 5 | (4,)) p=2.895e-05 -> indep=False
CI(3, 5 | (0,)) p=2.555e-06 -> indep=False
CI(3, 5 | (1,)) p=0 -> indep=False
CI(3, 5 | (2,)) p=1.307e-08 -> indep=False
CI(3, 5 | (4,)) p=0.0001495 -> indep=False
CI(4, 5 | (0,)) p=2.314e-06 -> indep=False
CI(4, 5 | (1,)) p=0 -> indep=False
CI(4, 5 | (2,)) p=1.307e-08 -> indep=False
CI(4, 5 | (3,)) p=0.00011 -> indep=False
CI(0, 3 | (1, 2)) p=2.19e-07 -> indep=False
CI(1, 3 | (0, 2)) p=6.502e-05 -> indep=False
CI(2, 3 | (0, 1)) p=0.001508 -> indep=False
CI(0, 4 | (1, 2)) p=2.208e-07 -> indep=False
CI(0, 4 | (1, 3)) p=0.0213 -> indep=True
CI(1, 4 | (0, 2)) p=6.451e-05 -> indep=False
CI(1, 4 | (0, 3)) p=4.147e-06 -> indep=False
CI(1, 4 | (2, 3)) p=0.0001666 -> indep=False
CI(2, 4 | (0, 1)) p=0.001492 -> indep=False
CI(2, 4 | (0, 3)) p=3.743e-06 -> indep=False
CI(2, 4 | (1, 3)) p=0.1491 -> indep=True
CI(3, 4 | (0, 1)) p=8.496e-06 -> indep=False
CI(3, 4 | (0, 2)) p=1.277e-05 -> indep=False
CI(3, 4 | (1, 2)) p=3.474e-08 -> indep=False
CI(0, 5 | (1, 2)) p=2.655e-07 -> indep=False
CI(0, 5 | (1, 3)) p=1.014e-09 -> indep=False
CI(0, 5 | (1, 4)) p=9.486e-10 -> indep=False
CI(0, 5 | (2, 3)) p=4.277e-05 -> indep=False
CI(0, 5 | (2, 4)) p=4.2e-05 -> indep=False
CI(0, 5 | (3, 4)) p=3.331e-13 -> indep=False
CI(1, 5 | (0, 2)) p=4.558e-05 -> indep=False
CI(1, 5 | (0, 3)) p=2.684e-06 -> indep=False
CI(1, 5 | (0, 4)) p=1.737e-06 -> indep=False
CI(1, 5 | (2, 3)) p=8.606e-05 -> indep=False
CI(1, 5 | (2, 4)) p=8.722e-05 -> indep=False
CI(1, 5 | (3, 4)) p=0.04544 -> indep=True
CI(2, 5 | (0, 1)) p=0.001042 -> indep=False
CI(2, 5 | (0, 3)) p=4.255e-06 -> indep=False
CI(2, 5 | (0, 4)) p=3.066e-06 -> indep=False
CI(2, 5 | (1, 3)) p=1.855e-08 -> indep=False
CI(2, 5 | (1, 4)) p=1.727e-08 -> indep=False
CI(2, 5 | (3, 4)) p=7.888e-06 -> indep=False
CI(3, 5 | (0, 1)) p=3.452e-06 -> indep=False
CI(3, 5 | (0, 2)) p=1.122e-05 -> indep=False
CI(3, 5 | (0, 4)) p=8.885e-07 -> indep=False
CI(3, 5 | (1, 2)) p=3.283e-08 -> indep=False
CI(3, 5 | (1, 4)) p=0.307 -> indep=True
CI(4, 5 | (0, 1)) p=3.414e-06 -> indep=False
CI(4, 5 | (0, 2)) p=1.121e-05 -> indep=False
CI(4, 5 | (0, 3)) p=1.738e-10 -> indep=False
CI(4, 5 | (1, 2)) p=3.281e-08 -> indep=False
CI(4, 5 | (1, 3)) p=0.3134 -> indep=True
Saved adjacency matrix to outputs/experiments/electrical_circuit_input_gradients_tabular_mlp_align_observable_state/3/learned_graph_adj.npy
CI(0, 1 | ()) p=0.7778 -> indep=True
CI(0, 2 | ()) p=0.8065 -> indep=True
CI(1, 2 | ()) p=0.03819 -> indep=True
CI(0, 3 | ()) p=0 -> indep=False
CI(1, 3 | ()) p=2.22e-16 -> indep=False
CI(2, 3 | ()) p=0.3154 -> indep=True
CI(0, 4 | ()) p=0 -> indep=False
CI(1, 4 | ()) p=1.867e-13 -> indep=False
CI(2, 4 | ()) p=0.2377 -> indep=True
CI(3, 4 | ()) p=0 -> indep=False
CI(0, 5 | ()) p=0 -> indep=False
CI(1, 5 | ()) p=1.021e-09 -> indep=False
CI(2, 5 | ()) p=0.2667 -> indep=True
CI(3, 5 | ()) p=0 -> indep=False
CI(4, 5 | ()) p=0 -> indep=False
CI(0, 3 | (1,)) p=0 -> indep=False
CI(1, 3 | (0,)) p=4.441e-16 -> indep=False
CI(0, 4 | (1,)) p=0 -> indep=False
CI(0, 4 | (3,)) p=0.2725 -> indep=True
CI(1, 4 | (3,)) p=0.6986 -> indep=True
CI(0, 5 | (1,)) p=0 -> indep=False
CI(0, 5 | (3,)) p=0.2748 -> indep=True
CI(1, 5 | (3,)) p=0.8119 -> indep=True
CI(3, 5 | (4,)) p=0.5689 -> indep=True
Saved metrics to outputs/experiments/electrical_circuit_input_gradients_tabular_mlp_align_observable_state/3/performance_metrics.json
Saved baseline metrics to outputs/experiments/electrical_circuit_input_gradients_tabular_mlp_align_observable_state/3/baseline_performance_metrics.json
Saved PAG-vs-PAG metrics to outputs/experiments/electrical_circuit_input_gradients_tabular_mlp_align_observable_state/3/pag_vs_pag_metrics.json
Found 9 differences:
  1. Extra: 0 --- 1 (PAG: bidirected)
  2. Extra: 0 --- 2 (PAG: partial_ij)
  3. Wrong orientation: 0 --- 3 (DAG: directed_ij, PAG: bidirected)
  4. Extra: 0 --- 5 (PAG: bidirected)
  5. Extra: 1 --- 2 (PAG: partial_ij)
  6. Extra: 1 --- 4 (PAG: directed_ij)
  7. Extra: 2 --- 3 (PAG: bidirected)
  8. Wrong orientation: 2 --- 5 (DAG: directed_ij, PAG: bidirected)
  9. Missing: 4 --- 5 (DAG: directed_ij)
Found 1 partial orientation differences:
  1. Partial orientation: 1 --- 3 (DAG: directed_ij, PAG: partial_ij)
Saved edge comparison details to outputs/experiments/electrical_circuit_input_gradients_tabular_mlp_align_observable_state/3/edge_comparison.txt
Found 1 differences:
  1. Missing: 2 --- 5 (DAG: directed_ij)
Found 2 partial orientation differences:
  1. Partial orientation: 0 --- 3 (DAG: directed_ij, PAG: partial_ij)
  2. Partial orientation: 1 --- 3 (DAG: directed_ij, PAG: partial_ij)
Saved baseline edge comparison details to outputs/experiments/electrical_circuit_input_gradients_tabular_mlp_align_observable_state/3/edge_comparison_baseline.txt
Found 8 differences:
  1. Extra: 0 --- 1 (PAG: bidirected)
  2. Extra: 0 --- 2 (PAG: partial_ij)
  3. Extra: 0 --- 5 (PAG: bidirected)
  4. Extra: 1 --- 2 (PAG: partial_ij)
  5. Extra: 1 --- 4 (PAG: directed_ij)
  6. Extra: 2 --- 3 (PAG: bidirected)
  7. Extra: 2 --- 5 (PAG: bidirected)
  8. Missing: 4 --- 5 (Reference PAG: directed_ij)
Found 1 partial orientation differences:
  1. Partial orientation: 0 --- 3 (Reference PAG: partial_ij, PAG: bidirected)
Saved PAG-vs-PAG edge comparison details to outputs/experiments/electrical_circuit_input_gradients_tabular_mlp_align_observable_state/3/edge_comparison_pag_vs_pag.txt
Saved figure to outputs/experiments/electrical_circuit_input_gradients_tabular_mlp_align_observable_state/3/pag_vs_dag.png
Saved baseline figure to outputs/experiments/electrical_circuit_input_gradients_tabular_mlp_align_observable_state/3/baseline_pag_vs_dag.png
Saved combined DAG comparison to outputs/experiments/electrical_circuit_input_gradients_tabular_mlp_align_observable_state/3/pags_vs_dag.png
Saved PAG-vs-PAG figure to outputs/experiments/electrical_circuit_input_gradients_tabular_mlp_align_observable_state/3/pag_vs_pag.png
Saved adjacency matrix to outputs/experiments/electrical_circuit_input_gradients_tabular_mlp_align_observable_state/3/learned_graph_adj.npy
Saved baseline adjacency matrix to outputs/experiments/electrical_circuit_input_gradients_tabular_mlp_align_observable_state/3/baseline_graph_adj.npy
